Archive member included because of file (symbol)

.\CortexM0\ARM_GCC_473\Debug\PSoCPioneer+ArduinoShield_SPIM_Example.a(cyfitter_cfg.o)
                              .\CortexM0\ARM_GCC_473\Debug\Cm0Start.o (cyfitter_cfg)
.\CortexM0\ARM_GCC_473\Debug\PSoCPioneer+ArduinoShield_SPIM_Example.a(SPI0.o)
                              .\CortexM0\ARM_GCC_473\Debug\main.o (SPI0_Start)
.\CortexM0\ARM_GCC_473\Debug\PSoCPioneer+ArduinoShield_SPIM_Example.a(ETH0.o)
                              .\CortexM0\ARM_GCC_473\Debug\main.o (ETH0_SocketClose)
.\CortexM0\ARM_GCC_473\Debug\PSoCPioneer+ArduinoShield_SPIM_Example.a(RED.o)
                              .\CortexM0\ARM_GCC_473\Debug\main.o (RED_Write)
.\CortexM0\ARM_GCC_473\Debug\PSoCPioneer+ArduinoShield_SPIM_Example.a(BLUE.o)
                              .\CortexM0\ARM_GCC_473\Debug\main.o (BLUE_Write)
.\CortexM0\ARM_GCC_473\Debug\PSoCPioneer+ArduinoShield_SPIM_Example.a(GREEN.o)
                              .\CortexM0\ARM_GCC_473\Debug\main.o (GREEN_Write)
.\CortexM0\ARM_GCC_473\Debug\PSoCPioneer+ArduinoShield_SPIM_Example.a(SDCS.o)
                              .\CortexM0\ARM_GCC_473\Debug\main.o (SDCS_Write)
.\CortexM0\ARM_GCC_473\Debug\PSoCPioneer+ArduinoShield_SPIM_Example.a(SPI0_IntClock.o)
                              .\CortexM0\ARM_GCC_473\Debug\PSoCPioneer+ArduinoShield_SPIM_Example.a(SPI0.o) (SPI0_IntClock_Start)
.\CortexM0\ARM_GCC_473\Debug\PSoCPioneer+ArduinoShield_SPIM_Example.a(CyBootAsmGnu.o)
                              .\CortexM0\ARM_GCC_473\Debug\PSoCPioneer+ArduinoShield_SPIM_Example.a(cyfitter_cfg.o) (CyDelayCycles)
.\CortexM0\ARM_GCC_473\Debug\PSoCPioneer+ArduinoShield_SPIM_Example.a(CyLib.o)
                              .\CortexM0\ARM_GCC_473\Debug\PSoCPioneer+ArduinoShield_SPIM_Example.a(cyfitter_cfg.o) (CyDelayUs)
c:/program files (x86)/cypress/psoc creator/3.0/psoc creator/import/gnu_cs/arm/4.7.3/bin/../lib/gcc/arm-none-eabi/4.7.3/armv6-m\libgcc.a(_udivsi3.o)
                              .\CortexM0\ARM_GCC_473\Debug\PSoCPioneer+ArduinoShield_SPIM_Example.a(CyLib.o) (__aeabi_uidiv)
c:/program files (x86)/cypress/psoc creator/3.0/psoc creator/import/gnu_cs/arm/4.7.3/bin/../lib/gcc/arm-none-eabi/4.7.3/armv6-m\libgcc.a(_divsi3.o)
                              .\CortexM0\ARM_GCC_473\Debug\Cm0Start.o (__aeabi_idiv)
c:/program files (x86)/cypress/psoc creator/3.0/psoc creator/import/gnu_cs/arm/4.7.3/bin/../lib/gcc/arm-none-eabi/4.7.3/armv6-m\libgcc.a(_dvmd_tls.o)
                              c:/program files (x86)/cypress/psoc creator/3.0/psoc creator/import/gnu_cs/arm/4.7.3/bin/../lib/gcc/arm-none-eabi/4.7.3/armv6-m\libgcc.a(_udivsi3.o) (__aeabi_idiv0)
c:/program files (x86)/cypress/psoc creator/3.0/psoc creator/import/gnu_cs/arm/4.7.3/bin/../lib/gcc/arm-none-eabi/4.7.3/../../../../arm-none-eabi/lib/armv6-m\libc_s.a(lib_a-__atexit2.o)
                              c:/program files (x86)/cypress/psoc creator/3.0/psoc creator/import/gnu_cs/arm/4.7.3/bin/../lib/gcc/arm-none-eabi/4.7.3/../../../../arm-none-eabi/lib/armv6-m/crt0.o (__register_exitproc)
c:/program files (x86)/cypress/psoc creator/3.0/psoc creator/import/gnu_cs/arm/4.7.3/bin/../lib/gcc/arm-none-eabi/4.7.3/../../../../arm-none-eabi/lib/armv6-m\libc_s.a(lib_a-exit.o)
                              c:/program files (x86)/cypress/psoc creator/3.0/psoc creator/import/gnu_cs/arm/4.7.3/bin/../lib/gcc/arm-none-eabi/4.7.3/../../../../arm-none-eabi/lib/armv6-m/crt0.o (exit)
c:/program files (x86)/cypress/psoc creator/3.0/psoc creator/import/gnu_cs/arm/4.7.3/bin/../lib/gcc/arm-none-eabi/4.7.3/../../../../arm-none-eabi/lib/armv6-m\libc_s.a(lib_a-fini.o)
                              c:/program files (x86)/cypress/psoc creator/3.0/psoc creator/import/gnu_cs/arm/4.7.3/bin/../lib/gcc/arm-none-eabi/4.7.3/../../../../arm-none-eabi/lib/armv6-m/crt0.o (__libc_fini_array)
c:/program files (x86)/cypress/psoc creator/3.0/psoc creator/import/gnu_cs/arm/4.7.3/bin/../lib/gcc/arm-none-eabi/4.7.3/../../../../arm-none-eabi/lib/armv6-m\libc_s.a(lib_a-impure.o)
                              c:/program files (x86)/cypress/psoc creator/3.0/psoc creator/import/gnu_cs/arm/4.7.3/bin/../lib/gcc/arm-none-eabi/4.7.3/../../../../arm-none-eabi/lib/armv6-m\libc_s.a(lib_a-exit.o) (_global_impure_ptr)
c:/program files (x86)/cypress/psoc creator/3.0/psoc creator/import/gnu_cs/arm/4.7.3/bin/../lib/gcc/arm-none-eabi/4.7.3/../../../../arm-none-eabi/lib/armv6-m\libc_s.a(lib_a-init.o)
                              c:/program files (x86)/cypress/psoc creator/3.0/psoc creator/import/gnu_cs/arm/4.7.3/bin/../lib/gcc/arm-none-eabi/4.7.3/../../../../arm-none-eabi/lib/armv6-m/crt0.o (__libc_init_array)
c:/program files (x86)/cypress/psoc creator/3.0/psoc creator/import/gnu_cs/arm/4.7.3/bin/../lib/gcc/arm-none-eabi/4.7.3/../../../../arm-none-eabi/lib/armv6-m\libc_s.a(lib_a-memcpy.o)
                              .\CortexM0\ARM_GCC_473\Debug\PSoCPioneer+ArduinoShield_SPIM_Example.a(cyfitter_cfg.o) (memcpy)
[...]
Memory Configuration

Name             Origin             Length             Attributes
rom              0x00000000         0x00008000         xr
ram              0x20000000         0x00001000         xrw
*default*        0x00000000         0xffffffff

Linker script and memory map

LOAD c:/program files (x86)/cypress/psoc creator/3.0/psoc creator/import/gnu_cs/arm/4.7.3/bin/../lib/gcc/arm-none-eabi/4.7.3/armv6-m/crti.o
LOAD c:/program files (x86)/cypress/psoc creator/3.0/psoc creator/import/gnu_cs/arm/4.7.3/bin/../lib/gcc/arm-none-eabi/4.7.3/armv6-m/crtbegin.o
LOAD c:/program files (x86)/cypress/psoc creator/3.0/psoc creator/import/gnu_cs/arm/4.7.3/bin/../lib/gcc/arm-none-eabi/4.7.3/../../../../arm-none-eabi/lib/armv6-m/crt0.o
START GROUP
LOAD .\CortexM0\ARM_GCC_473\Debug\main.o
LOAD .\CortexM0\ARM_GCC_473\Debug\cymetadata.o
LOAD .\CortexM0\ARM_GCC_473\Debug\Cm0Start.o
LOAD .\CortexM0\ARM_GCC_473\Debug\PSoCPioneer+ArduinoShield_SPIM_Example.a
LOAD C:\Program Files (x86)\Cypress\PSoC Creator\3.0\PSoC Creator\psoc\content\cycomponentlibrary\CyComponentLibrary.cylib\CortexM0\ARM_GCC_473\Debug\CyComponentLibrary.a
END GROUP
START GROUP
LOAD c:/program files (x86)/cypress/psoc creator/3.0/psoc creator/import/gnu_cs/arm/4.7.3/bin/../lib/gcc/arm-none-eabi/4.7.3/armv6-m\libgcc.a
LOAD c:/program files (x86)/cypress/psoc creator/3.0/psoc creator/import/gnu_cs/arm/4.7.3/bin/../lib/gcc/arm-none-eabi/4.7.3/../../../../arm-none-eabi/lib/armv6-m\libc_s.a
END GROUP
LOAD c:/program files (x86)/cypress/psoc creator/3.0/psoc creator/import/gnu_cs/arm/4.7.3/bin/../lib/gcc/arm-none-eabi/4.7.3/armv6-m/crtend.o
LOAD c:/program files (x86)/cypress/psoc creator/3.0/psoc creator/import/gnu_cs/arm/4.7.3/bin/../lib/gcc/arm-none-eabi/4.7.3/armv6-m/crtn.o
START GROUP
LOAD c:/program files (x86)/cypress/psoc creator/3.0/psoc creator/import/gnu_cs/arm/4.7.3/bin/../lib/gcc/arm-none-eabi/4.7.3/armv6-m\libgcc.a
LOAD c:/program files (x86)/cypress/psoc creator/3.0/psoc creator/import/gnu_cs/arm/4.7.3/bin/../lib/gcc/arm-none-eabi/4.7.3/../../../../arm-none-eabi/lib/armv6-m\libc.a
LOAD c:/program files (x86)/cypress/psoc creator/3.0/psoc creator/import/gnu_cs/arm/4.7.3/bin/../lib/gcc/arm-none-eabi/4.7.3/../../../../arm-none-eabi/lib/armv6-m\libnosys.a
END GROUP
                0x00000000                CY_APPL_ORIGIN = 0x0
                0x00000080                CY_FLASH_ROW_SIZE = 0x80
                0x00000001                CY_APPL_NUM = 0x1
                0x00000040                CY_METADATA_SIZE = 0x40
                0x20000968                PROVIDE (__cy_heap_start, _end)
                0x00000001                PROVIDE (__cy_region_num, ((__cy_regions_end - __cy_regions) / 0x10))
                0x20001000                PROVIDE (__cy_stack, (ORIGIN (ram) + 0x1000))
                0x20000c00                PROVIDE (__cy_heap_end, (__cy_stack - 0x400))

.cybootloader   0x00000000        0x0
 *(.cybootloader)
                0x00000000                appl1_start = CY_APPL_ORIGIN?CY_APPL_ORIGIN:ALIGN (CY_FLASH_ROW_SIZE)
                0x00003f80                appl2_start = (appl1_start + ALIGN ((((0x8000 - appl1_start) - (0x2 * CY_FLASH_ROW_SIZE)) / 0x2), CY_FLASH_ROW_SIZE))
                0x00000000                appl_start = (CY_APPL_NUM == 0x1)?appl1_start:appl2_start

.text           0x00000000     0x1e08
 CREATE_OBJECT_SYMBOLS
                0x00000000                PROVIDE (__cy_interrupt_vector, RomVectors)
 *(.romvectors)
 .romvectors    0x00000000       0x10 .\CortexM0\ARM_GCC_473\Debug\Cm0Start.o
                0x00000000                RomVectors
                0x00000001                ASSERT ((. != __cy_interrupt_vector), No interrupt vector)
                0x00000001                ASSERT (CY_APPL_ORIGIN?(SIZEOF (.cybootloader) <= CY_APPL_ORIGIN):0x1, Wrong image location)
                0x00000010                PROVIDE (__cy_reset, Reset)
 *(.text.Reset)
 .text.Reset    0x00000010        0x8 .\CortexM0\ARM_GCC_473\Debug\Cm0Start.o
                0x00000010                Reset
                0x00000001                ASSERT ((. != __cy_reset), No reset code)
 *(.psocinit)
 .psocinit      0x00000018      0x308 .\CortexM0\ARM_GCC_473\Debug\PSoCPioneer+ArduinoShield_SPIM_Example.a(cyfitter_cfg.o)
                0x00000150                cyfitter_cfg
                0x00000320                . = MAX (., 0x100)
 *(.text .text.* .gnu.linkonce.t.*)
 .text          0x00000320       0x60 c:/program files (x86)/cypress/psoc creator/3.0/psoc creator/import/gnu_cs/arm/4.7.3/bin/../lib/gcc/arm-none-eabi/4.7.3/armv6-m/crtbegin.o
 .text.main     0x00000380      0x234 .\CortexM0\ARM_GCC_473\Debug\main.o
                0x00000380                main
 .text.IntDefaultHandler
                0x000005b4        0x8 .\CortexM0\ARM_GCC_473\Debug\Cm0Start.o
                0x000005b4                IntDefaultHandler
 .text.Start_c  0x000005bc       0xa4 .\CortexM0\ARM_GCC_473\Debug\Cm0Start.o
                0x000005bc                Start_c
 .text.initialize_psoc
                0x00000660       0x5c .\CortexM0\ARM_GCC_473\Debug\Cm0Start.o
                0x00000660                initialize_psoc
 .text.CYMEMZERO
                0x000006bc       0x20 .\CortexM0\ARM_GCC_473\Debug\PSoCPioneer+ArduinoShield_SPIM_Example.a(cyfitter_cfg.o)
 .text.CYCONFIGCPYCODE
                0x000006dc       0x24 .\CortexM0\ARM_GCC_473\Debug\PSoCPioneer+ArduinoShield_SPIM_Example.a(cyfitter_cfg.o)
 .text.cfg_write_bytes32
                0x00000700       0x80 .\CortexM0\ARM_GCC_473\Debug\PSoCPioneer+ArduinoShield_SPIM_Example.a(cyfitter_cfg.o)
 .text.AnalogSetDefault
                0x00000780        0x8 .\CortexM0\ARM_GCC_473\Debug\PSoCPioneer+ArduinoShield_SPIM_Example.a(cyfitter_cfg.o)
 .text.SPI0_Init
                0x00000788       0x34 .\CortexM0\ARM_GCC_473\Debug\PSoCPioneer+ArduinoShield_SPIM_Example.a(SPI0.o)
                0x00000788                SPI0_Init
 .text.SPI0_Enable
                0x000007bc       0x68 .\CortexM0\ARM_GCC_473\Debug\PSoCPioneer+ArduinoShield_SPIM_Example.a(SPI0.o)
                0x000007bc                SPI0_Enable
 .text.SPI0_Start
                0x00000824       0x24 .\CortexM0\ARM_GCC_473\Debug\PSoCPioneer+ArduinoShield_SPIM_Example.a(SPI0.o)
                0x00000824                SPI0_Start
 .text.SPI0_EnableTxInt
                0x00000848        0x8 .\CortexM0\ARM_GCC_473\Debug\PSoCPioneer+ArduinoShield_SPIM_Example.a(SPI0.o)
                0x00000848                SPI0_EnableTxInt
 .text.SPI0_EnableRxInt
                0x00000850        0x8 .\CortexM0\ARM_GCC_473\Debug\PSoCPioneer+ArduinoShield_SPIM_Example.a(SPI0.o)
                0x00000850                SPI0_EnableRxInt
 .text.SPI0_ReadTxStatus
                0x00000858       0x20 .\CortexM0\ARM_GCC_473\Debug\PSoCPioneer+ArduinoShield_SPIM_Example.a(SPI0.o)
                0x00000858                SPI0_ReadTxStatus
 .text.SPI0_ReadRxStatus
                0x00000878       0x20 .\CortexM0\ARM_GCC_473\Debug\PSoCPioneer+ArduinoShield_SPIM_Example.a(SPI0.o)
                0x00000878                SPI0_ReadRxStatus
 .text.SPI0_WriteTxData
                0x00000898       0x34 .\CortexM0\ARM_GCC_473\Debug\PSoCPioneer+ArduinoShield_SPIM_Example.a(SPI0.o)
                0x00000898                SPI0_WriteTxData
 .text.SPI0_ReadRxData
                0x000008cc       0x20 .\CortexM0\ARM_GCC_473\Debug\PSoCPioneer+ArduinoShield_SPIM_Example.a(SPI0.o)
                0x000008cc                SPI0_ReadRxData
 .text.SPI0_GetRxBufferSize
                0x000008ec       0x30 .\CortexM0\ARM_GCC_473\Debug\PSoCPioneer+ArduinoShield_SPIM_Example.a(SPI0.o)
                0x000008ec                SPI0_GetRxBufferSize
 .text.SPI0_ClearRxBuffer
                0x0000091c       0x24 .\CortexM0\ARM_GCC_473\Debug\PSoCPioneer+ArduinoShield_SPIM_Example.a(SPI0.o)
                0x0000091c                SPI0_ClearRxBuffer
 .text.SPI0_ClearFIFO
                0x00000940       0x60 .\CortexM0\ARM_GCC_473\Debug\PSoCPioneer+ArduinoShield_SPIM_Example.a(SPI0.o)
                0x00000940                SPI0_ClearFIFO
 .text.ETH0_W51_Select
                0x000009a0        0x8 .\CortexM0\ARM_GCC_473\Debug\PSoCPioneer+ArduinoShield_SPIM_Example.a(ETH0.o)
 .text.ETH0_W51_Write
                0x000009a8       0x64 .\CortexM0\ARM_GCC_473\Debug\PSoCPioneer+ArduinoShield_SPIM_Example.a(ETH0.o)
                0x000009a8                ETH0_W51_Write
 .text.ETH0_W51_Read
                0x00000a0c       0x94 .\CortexM0\ARM_GCC_473\Debug\PSoCPioneer+ArduinoShield_SPIM_Example.a(ETH0.o)
                0x00000a0c                ETH0_W51_Read
 .text.ETH0_W51_SetMAC
                0x00000aa0       0x44 .\CortexM0\ARM_GCC_473\Debug\PSoCPioneer+ArduinoShield_SPIM_Example.a(ETH0.o)
 .text.ETH0_W51_SetIP
                0x00000ae4       0x48 .\CortexM0\ARM_GCC_473\Debug\PSoCPioneer+ArduinoShield_SPIM_Example.a(ETH0.o)
 .text.ETH0_W51_Write16
                0x00000b2c       0x44 .\CortexM0\ARM_GCC_473\Debug\PSoCPioneer+ArduinoShield_SPIM_Example.a(ETH0.o)
 .text.ETH0_W51_Read16
                0x00000b70       0x5c .\CortexM0\ARM_GCC_473\Debug\PSoCPioneer+ArduinoShield_SPIM_Example.a(ETH0.o)
 .text.ETH0_W51_WriteBlock
                0x00000bcc       0x4c .\CortexM0\ARM_GCC_473\Debug\PSoCPioneer+ArduinoShield_SPIM_Example.a(ETH0.o)
 .text.ETH0_W51_ReadBlock
                0x00000c18       0x4c .\CortexM0\ARM_GCC_473\Debug\PSoCPioneer+ArduinoShield_SPIM_Example.a(ETH0.o)
 .text.ETH0_SetSourceMAC
                0x00000c64       0x18 .\CortexM0\ARM_GCC_473\Debug\PSoCPioneer+ArduinoShield_SPIM_Example.a(ETH0.o)
 .text.ETH0_SetGatewayAddress
                0x00000c7c       0x18 .\CortexM0\ARM_GCC_473\Debug\PSoCPioneer+ArduinoShield_SPIM_Example.a(ETH0.o)
 .text.ETH0_SetSubnetMask
                0x00000c94       0x18 .\CortexM0\ARM_GCC_473\Debug\PSoCPioneer+ArduinoShield_SPIM_Example.a(ETH0.o)
 .text.ETH0_SetSourceIP
                0x00000cac       0x18 .\CortexM0\ARM_GCC_473\Debug\PSoCPioneer+ArduinoShield_SPIM_Example.a(ETH0.o)
 .text.ETH0_SetMode
                0x00000cc4       0x20 .\CortexM0\ARM_GCC_473\Debug\PSoCPioneer+ArduinoShield_SPIM_Example.a(ETH0.o)
 .text.ETH0_SetIR
                0x00000ce4       0x20 .\CortexM0\ARM_GCC_473\Debug\PSoCPioneer+ArduinoShield_SPIM_Example.a(ETH0.o)
 .text.ETH0_SetRxMemSize
                0x00000d04       0x20 .\CortexM0\ARM_GCC_473\Debug\PSoCPioneer+ArduinoShield_SPIM_Example.a(ETH0.o)
 .text.ETH0_SetTxMemSize
                0x00000d24       0x20 .\CortexM0\ARM_GCC_473\Debug\PSoCPioneer+ArduinoShield_SPIM_Example.a(ETH0.o)
 .text.ETH0_SetSocketMode
                0x00000d44       0x38 .\CortexM0\ARM_GCC_473\Debug\PSoCPioneer+ArduinoShield_SPIM_Example.a(ETH0.o)
 .text.ETH0_SetSocketCommand
                0x00000d7c       0x38 .\CortexM0\ARM_GCC_473\Debug\PSoCPioneer+ArduinoShield_SPIM_Example.a(ETH0.o)
 .text.ETH0_GetSocketCommand
                0x00000db4       0x30 .\CortexM0\ARM_GCC_473\Debug\PSoCPioneer+ArduinoShield_SPIM_Example.a(ETH0.o)
 .text.ETH0_SetSocketIR
                0x00000de4       0x38 .\CortexM0\ARM_GCC_473\Debug\PSoCPioneer+ArduinoShield_SPIM_Example.a(ETH0.o)
 .text.ETH0_GetSocketIR
                0x00000e1c       0x30 .\CortexM0\ARM_GCC_473\Debug\PSoCPioneer+ArduinoShield_SPIM_Example.a(ETH0.o)
 .text.ETH0_GetSocketStatus
                0x00000e4c       0x30 .\CortexM0\ARM_GCC_473\Debug\PSoCPioneer+ArduinoShield_SPIM_Example.a(ETH0.o)
 .text.ETH0_SetSocketSourcePort
                0x00000e7c       0x38 .\CortexM0\ARM_GCC_473\Debug\PSoCPioneer+ArduinoShield_SPIM_Example.a(ETH0.o)
 .text.ETH0_GetSocketTxFree
                0x00000eb4       0x30 .\CortexM0\ARM_GCC_473\Debug\PSoCPioneer+ArduinoShield_SPIM_Example.a(ETH0.o)
 .text.ETH0_SetSocketTxWritePtr
                0x00000ee4       0x38 .\CortexM0\ARM_GCC_473\Debug\PSoCPioneer+ArduinoShield_SPIM_Example.a(ETH0.o)
 .text.ETH0_GetSocketTxWritePtr
                0x00000f1c       0x30 .\CortexM0\ARM_GCC_473\Debug\PSoCPioneer+ArduinoShield_SPIM_Example.a(ETH0.o)
 .text.ETH0_GetSocketRxSize
                0x00000f4c       0x30 .\CortexM0\ARM_GCC_473\Debug\PSoCPioneer+ArduinoShield_SPIM_Example.a(ETH0.o)
 .text.ETH0_SetSocketRxReadPtr
                0x00000f7c       0x38 .\CortexM0\ARM_GCC_473\Debug\PSoCPioneer+ArduinoShield_SPIM_Example.a(ETH0.o)
 .text.ETH0_GetSocketRxReadPtr
                0x00000fb4       0x30 .\CortexM0\ARM_GCC_473\Debug\PSoCPioneer+ArduinoShield_SPIM_Example.a(ETH0.o)
 .text.ETH0_ExecuteSocketCommand
                0x00000fe4       0x50 .\CortexM0\ARM_GCC_473\Debug\PSoCPioneer+ArduinoShield_SPIM_Example.a(ETH0.o)
 .text.ETH0_GetTxFreeSize
                0x00001034       0x68 .\CortexM0\ARM_GCC_473\Debug\PSoCPioneer+ArduinoShield_SPIM_Example.a(ETH0.o)
 .text.ETH0_GetRxSize
                0x0000109c       0x68 .\CortexM0\ARM_GCC_473\Debug\PSoCPioneer+ArduinoShield_SPIM_Example.a(ETH0.o)
 .text.ETH0_ProcessTxData
                0x00001104      0x11c .\CortexM0\ARM_GCC_473\Debug\PSoCPioneer+ArduinoShield_SPIM_Example.a(ETH0.o)
 .text.ETH0_ProcessRxData
                0x00001220      0x128 .\CortexM0\ARM_GCC_473\Debug\PSoCPioneer+ArduinoShield_SPIM_Example.a(ETH0.o)
 .text.ETH0_Init
                0x00001348       0x84 .\CortexM0\ARM_GCC_473\Debug\PSoCPioneer+ArduinoShield_SPIM_Example.a(ETH0.o)
                0x00001348                ETH0_Init
 .text.ETH0_Start
                0x000013cc       0x64 .\CortexM0\ARM_GCC_473\Debug\PSoCPioneer+ArduinoShield_SPIM_Example.a(ETH0.o)
                0x000013cc                ETH0_Start
 .text.ETH0_ParseIP
                0x00001430      0x13c .\CortexM0\ARM_GCC_473\Debug\PSoCPioneer+ArduinoShield_SPIM_Example.a(ETH0.o)
                0x00001430                ETH0_ParseIP
 .text.ETH0_SocketOpen
                0x0000156c      0x110 .\CortexM0\ARM_GCC_473\Debug\PSoCPioneer+ArduinoShield_SPIM_Example.a(ETH0.o)
                0x0000156c                ETH0_SocketOpen
 .text.ETH0_SocketClose
                0x0000167c       0x5c .\CortexM0\ARM_GCC_473\Debug\PSoCPioneer+ArduinoShield_SPIM_Example.a(ETH0.o)
                0x0000167c                ETH0_SocketClose
 .text.ETH0_SocketEstablished
                0x000016d8       0x28 .\CortexM0\ARM_GCC_473\Debug\PSoCPioneer+ArduinoShield_SPIM_Example.a(ETH0.o)
                0x000016d8                ETH0_SocketEstablished
 .text.ETH0_SocketSend
                0x00001700       0x84 .\CortexM0\ARM_GCC_473\Debug\PSoCPioneer+ArduinoShield_SPIM_Example.a(ETH0.o)
 .text.ETH0_SocketRxDataWaiting
                0x00001784       0x20 .\CortexM0\ARM_GCC_473\Debug\PSoCPioneer+ArduinoShield_SPIM_Example.a(ETH0.o)
                0x00001784                ETH0_SocketRxDataWaiting
 .text.ETH0_TcpOpen
                0x000017a4       0x24 .\CortexM0\ARM_GCC_473\Debug\PSoCPioneer+ArduinoShield_SPIM_Example.a(ETH0.o)
                0x000017a4                ETH0_TcpOpen
 .text.ETH0_TcpStartServer
                0x000017c8       0x28 .\CortexM0\ARM_GCC_473\Debug\PSoCPioneer+ArduinoShield_SPIM_Example.a(ETH0.o)
                0x000017c8                ETH0_TcpStartServer
 .text.ETH0_TcpConnected
                0x000017f0       0x20 .\CortexM0\ARM_GCC_473\Debug\PSoCPioneer+ArduinoShield_SPIM_Example.a(ETH0.o)
                0x000017f0                ETH0_TcpConnected
 .text.ETH0_TcpDisconnect
                0x00001810       0x20 .\CortexM0\ARM_GCC_473\Debug\PSoCPioneer+ArduinoShield_SPIM_Example.a(ETH0.o)
                0x00001810                ETH0_TcpDisconnect
 .text.ETH0_TcpSend
                0x00001830       0xf0 .\CortexM0\ARM_GCC_473\Debug\PSoCPioneer+ArduinoShield_SPIM_Example.a(ETH0.o)
                0x00001830                ETH0_TcpSend
 .text.ETH0_TcpReceive
                0x00001920       0x94 .\CortexM0\ARM_GCC_473\Debug\PSoCPioneer+ArduinoShield_SPIM_Example.a(ETH0.o)
                0x00001920                ETH0_TcpReceive
 .text.ETH0_TcpPrint
                0x000019b4       0x30 .\CortexM0\ARM_GCC_473\Debug\PSoCPioneer+ArduinoShield_SPIM_Example.a(ETH0.o)
                0x000019b4                ETH0_TcpPrint
 .text.RED_Write
                0x000019e4       0x4c .\CortexM0\ARM_GCC_473\Debug\PSoCPioneer+ArduinoShield_SPIM_Example.a(RED.o)
                0x000019e4                RED_Write
 .text.BLUE_Write
                0x00001a30       0x4c .\CortexM0\ARM_GCC_473\Debug\PSoCPioneer+ArduinoShield_SPIM_Example.a(BLUE.o)
                0x00001a30                BLUE_Write
 .text.GREEN_Write
                0x00001a7c       0x4c .\CortexM0\ARM_GCC_473\Debug\PSoCPioneer+ArduinoShield_SPIM_Example.a(GREEN.o)
                0x00001a7c                GREEN_Write
 .text.SDCS_Write
                0x00001ac8       0x48 .\CortexM0\ARM_GCC_473\Debug\PSoCPioneer+ArduinoShield_SPIM_Example.a(SDCS.o)
                0x00001ac8                SDCS_Write
 .text.SPI0_IntClock_Start
                0x00001b10       0x1c .\CortexM0\ARM_GCC_473\Debug\PSoCPioneer+ArduinoShield_SPIM_Example.a(SPI0_IntClock.o)
                0x00001b10                SPI0_IntClock_Start
 *fill*         0x00001b2c        0x4 00
 .text          0x00001b30       0x20 .\CortexM0\ARM_GCC_473\Debug\PSoCPioneer+ArduinoShield_SPIM_Example.a(CyBootAsmGnu.o)
                0x00001b30                CyDelayCycles
                0x00001b42                CyEnterCriticalSection
                0x00001b4a                CyExitCriticalSection
 .text.CyDelay  0x00001b50       0x48 .\CortexM0\ARM_GCC_473\Debug\PSoCPioneer+ArduinoShield_SPIM_Example.a(CyLib.o)
                0x00001b50                CyDelay
 .text.CyDelayUs
                0x00001b98       0x28 .\CortexM0\ARM_GCC_473\Debug\PSoCPioneer+ArduinoShield_SPIM_Example.a(CyLib.o)
                0x00001b98                CyDelayUs
 .text.__libc_init_array
                0x00001bc0       0x4c c:/program files (x86)/cypress/psoc creator/3.0/psoc creator/import/gnu_cs/arm/4.7.3/bin/../lib/gcc/arm-none-eabi/4.7.3/../../../../arm-none-eabi/lib/armv6-m\libc_s.a(lib_a-init.o)
                0x00001bc0                __libc_init_array
 .text.memcpy   0x00001c0c       0x12 c:/program files (x86)/cypress/psoc creator/3.0/psoc creator/import/gnu_cs/arm/4.7.3/bin/../lib/gcc/arm-none-eabi/4.7.3/../../../../arm-none-eabi/lib/armv6-m\libc_s.a(lib_a-memcpy.o)
                0x00001c0c                memcpy
 .text.memset   0x00001c1e       0x12 c:/program files (x86)/cypress/psoc creator/3.0/psoc creator/import/gnu_cs/arm/4.7.3/bin/../lib/gcc/arm-none-eabi/4.7.3/../../../../arm-none-eabi/lib/armv6-m\libc_s.a(lib_a-memset.o)
                0x00001c1e                memset
 .text.rand     0x00001c30       0x80 c:/program files (x86)/cypress/psoc creator/3.0/psoc creator/import/gnu_cs/arm/4.7.3/bin/../lib/gcc/arm-none-eabi/4.7.3/../../../../arm-none-eabi/lib/armv6-m\libc_s.a(lib_a-rand.o)
                0x00001c30                rand
 .text.strlen   0x00001cb0        0xe c:/program files (x86)/cypress/psoc creator/3.0/psoc creator/import/gnu_cs/arm/4.7.3/bin/../lib/gcc/arm-none-eabi/4.7.3/../../../../arm-none-eabi/lib/armv6-m\libc_s.a(lib_a-strlen.o)
                0x00001cb0                strlen
 *fill*         0x00001cbe        0x2 00
 .text.malloc   0x00001cc0       0x14 c:/program files (x86)/cypress/psoc creator/3.0/psoc creator/import/gnu_cs/arm/4.7.3/bin/../lib/gcc/arm-none-eabi/4.7.3/../../../../arm-none-eabi/lib/armv6-m\libc_s.a(lib_a-malloc.o)
                0x00001cc0                malloc
 .text._malloc_r
                0x00001cd4       0x94 c:/program files (x86)/cypress/psoc creator/3.0/psoc creator/import/gnu_cs/arm/4.7.3/bin/../lib/gcc/arm-none-eabi/4.7.3/../../../../arm-none-eabi/lib/armv6-m\libc_s.a(lib_a-mallocr.o)
                0x00001cd4                _malloc_r
 .text._sbrk_r  0x00001d68       0x24 c:/program files (x86)/cypress/psoc creator/3.0/psoc creator/import/gnu_cs/arm/4.7.3/bin/../lib/gcc/arm-none-eabi/4.7.3/../../../../arm-none-eabi/lib/armv6-m\libc_s.a(lib_a-sbrkr.o)
                0x00001d68                _sbrk_r
 .text          0x00001d8c       0x44 c:/program files (x86)/cypress/psoc creator/3.0/psoc creator/import/gnu_cs/arm/4.7.3/bin/../lib/gcc/arm-none-eabi/4.7.3/armv6-m\libgcc.a(_muldi3.o)
                0x00001d8c                __muldi3
                0x00001d8c                __aeabi_lmul
 .text._sbrk    0x00001dd0       0x38 c:/program files (x86)/cypress/psoc creator/3.0/psoc creator/import/gnu_cs/arm/4.7.3/bin/../lib/gcc/arm-none-eabi/4.7.3/../../../../arm-none-eabi/lib/armv6-m\libnosys.a(sbrk.o)
                0x00001dd0                _sbrk
 *(.plt)
 *(.gnu.warning)
 *(.glue_7t)
 .glue_7t       0x00000000        0x0 linker stubs
 *(.glue_7)
 .glue_7        0x00000000        0x0 linker stubs
 *(.vfp11_veneer)
 .vfp11_veneer  0x00000000        0x0 linker stubs
 *(.bootloader)
 *(.ARM.extab* .gnu.linkonce.armextab.*)
 *(.gcc_except_table)

.v4_bx          0x00001e08        0x0
 .v4_bx         0x00000000        0x0 linker stubs

.iplt           0x00001e08        0x0
 .iplt          0x00000000        0x0 c:/program files (x86)/cypress/psoc creator/3.0/psoc creator/import/gnu_cs/arm/4.7.3/bin/../lib/gcc/arm-none-eabi/4.7.3/armv6-m/crtbegin.o

.eh_frame_hdr
 *(.eh_frame_hdr)

.eh_frame       0x00001e08        0x4
 *(.eh_frame)
 .eh_frame      0x00001e08        0x0 c:/program files (x86)/cypress/psoc creator/3.0/psoc creator/import/gnu_cs/arm/4.7.3/bin/../lib/gcc/arm-none-eabi/4.7.3/armv6-m/crtbegin.o
 .eh_frame      0x00001e08        0x4 c:/program files (x86)/cypress/psoc creator/3.0/psoc creator/import/gnu_cs/arm/4.7.3/bin/../lib/gcc/arm-none-eabi/4.7.3/armv6-m/crtend.o
                0x00001e0c                PROVIDE (__exidx_start, .)

.ARM.exidx
 *(.ARM.exidx* .gnu.linkonce.armexidx.*)
                0x00001e0c                __exidx_end = .

.rodata         0x00001e0c      0x34c
 *(.rodata .rodata.* .gnu.linkonce.r.*)
 .rodata        0x00001e0c       0xb8 .\CortexM0\ARM_GCC_473\Debug\main.o
 .rodata        0x00001ec4      0x22c .\CortexM0\ARM_GCC_473\Debug\PSoCPioneer+ArduinoShield_SPIM_Example.a(cyfitter_cfg.o)
 .rodata        0x000020f0       0x2c .\CortexM0\ARM_GCC_473\Debug\PSoCPioneer+ArduinoShield_SPIM_Example.a(ETH0.o)
 .rodata.str1.1
                0x0000211c        0x2 c:/program files (x86)/cypress/psoc creator/3.0/psoc creator/import/gnu_cs/arm/4.7.3/bin/../lib/gcc/arm-none-eabi/4.7.3/../../../../arm-none-eabi/lib/armv6-m\libc_s.a(lib_a-impure.o)
                0x00002120                . = ALIGN (0x4)
 *fill*         0x0000211e        0x2 00
 *(.init)
 .init          0x00002120        0x4 c:/program files (x86)/cypress/psoc creator/3.0/psoc creator/import/gnu_cs/arm/4.7.3/bin/../lib/gcc/arm-none-eabi/4.7.3/armv6-m/crti.o
                0x00002120                _init
 .init          0x00002124        0x8 c:/program files (x86)/cypress/psoc creator/3.0/psoc creator/import/gnu_cs/arm/4.7.3/bin/../lib/gcc/arm-none-eabi/4.7.3/armv6-m/crtn.o
                0x0000212c                . = ALIGN (0x4)
                0x0000212c                __preinit_array_start = .
 *(.preinit_array)
                0x0000212c                __preinit_array_end = .
                0x0000212c                . = ALIGN (0x4)
                0x0000212c                __init_array_start = .
 *(SORT(.init_array.*))
 *(.init_array)
 .init_array    0x0000212c        0x4 c:/program files (x86)/cypress/psoc creator/3.0/psoc creator/import/gnu_cs/arm/4.7.3/bin/../lib/gcc/arm-none-eabi/4.7.3/armv6-m/crtbegin.o
 .init_array    0x00002130        0x4 .\CortexM0\ARM_GCC_473\Debug\Cm0Start.o
                0x00002134                __init_array_end = .
                0x00002134                . = ALIGN (0x4)
 *(.fini)
 .fini          0x00002134        0x4 c:/program files (x86)/cypress/psoc creator/3.0/psoc creator/import/gnu_cs/arm/4.7.3/bin/../lib/gcc/arm-none-eabi/4.7.3/armv6-m/crti.o
                0x00002134                _fini
 .fini          0x00002138        0x8 c:/program files (x86)/cypress/psoc creator/3.0/psoc creator/import/gnu_cs/arm/4.7.3/bin/../lib/gcc/arm-none-eabi/4.7.3/armv6-m/crtn.o
                0x00002140                . = ALIGN (0x4)
                0x00002140                __fini_array_start = .
 *(.fini_array)
 .fini_array    0x00002140        0x4 c:/program files (x86)/cypress/psoc creator/3.0/psoc creator/import/gnu_cs/arm/4.7.3/bin/../lib/gcc/arm-none-eabi/4.7.3/armv6-m/crtbegin.o
 *(SORT(.fini_array.*))
                0x00002144                __fini_array_end = .
                0x00002144                . = ALIGN (0x4)
 *crtbegin.o(.ctors)
 *(EXCLUDE_FILE(*crtend.o) .ctors)
 *(SORT(.ctors.*))
 *crtend.o(.ctors)
                0x00002144                . = ALIGN (0x4)
 *crtbegin.o(.dtors)
 *(EXCLUDE_FILE(*crtend.o) .dtors)
 *(SORT(.dtors.*))
 *crtend.o(.dtors)
                0x00002144                . = ALIGN (0x4)
                0x00002144                __cy_regions = .
                0x00002144        0x4 LONG 0x2158 __cy_region_init_ram
                0x00002148        0x4 LONG 0x200000c8 __cy_region_start_data
                0x0000214c        0x4 LONG 0x88 __cy_region_init_size_ram
                0x00002150        0x4 LONG 0x818 __cy_region_zero_size_ram
                0x00002154                __cy_regions_end = .
                0x00002158                . = ALIGN (0x8)
 *fill*         0x00002154        0x4 00
                0x00002158                _etext = .

.ramvectors     0x20000000       0xc0
                0x20000000                __cy_region_start_ram = .
 *(.ramvectors)
 .ramvectors    0x20000000       0xc0 .\CortexM0\ARM_GCC_473\Debug\Cm0Start.o
                0x20000000                CyRamVectors

.noinit         0x200000c0        0x4
 *(.noinit)
 .noinit        0x200000c0        0x4 .\CortexM0\ARM_GCC_473\Debug\Cm0Start.o

.data           0x200000c8       0x88 load address 0x00002158
                0x200000c8                __cy_region_start_data = .
 *(.jcr)
 .jcr           0x200000c8        0x0 c:/program files (x86)/cypress/psoc creator/3.0/psoc creator/import/gnu_cs/arm/4.7.3/bin/../lib/gcc/arm-none-eabi/4.7.3/armv6-m/crtbegin.o
 .jcr           0x200000c8        0x4 c:/program files (x86)/cypress/psoc creator/3.0/psoc creator/import/gnu_cs/arm/4.7.3/bin/../lib/gcc/arm-none-eabi/4.7.3/armv6-m/crtend.o
 *(.got.plt)
 *(.got)
 *(.shdata)
 *(.data .data.* .gnu.linkonce.d.*)
 .data          0x200000cc        0x4 .\CortexM0\ARM_GCC_473\Debug\PSoCPioneer+ArduinoShield_SPIM_Example.a(cyfitter_cfg.o)
 .data          0x200000d0        0x8 .\CortexM0\ARM_GCC_473\Debug\PSoCPioneer+ArduinoShield_SPIM_Example.a(ETH0.o)
 .data          0x200000d8       0x10 .\CortexM0\ARM_GCC_473\Debug\PSoCPioneer+ArduinoShield_SPIM_Example.a(CyLib.o)
                0x200000d8                cydelayFreqHz
                0x200000dc                cydelayFreqKhz
                0x200000e0                cydelayFreqMhz
                0x200000e4                cydelay32kMs
 .data.impure_data
                0x200000e8       0x64 c:/program files (x86)/cypress/psoc creator/3.0/psoc creator/import/gnu_cs/arm/4.7.3/bin/../lib/gcc/arm-none-eabi/4.7.3/../../../../arm-none-eabi/lib/armv6-m\libc_s.a(lib_a-impure.o)
 .data._impure_ptr
                0x2000014c        0x4 c:/program files (x86)/cypress/psoc creator/3.0/psoc creator/import/gnu_cs/arm/4.7.3/bin/../lib/gcc/arm-none-eabi/4.7.3/../../../../arm-none-eabi/lib/armv6-m\libc_s.a(lib_a-impure.o)
                0x2000014c                _impure_ptr
                0x20000150                . = ALIGN (0x8)
 *(.ram)
                0x20000150                _edata = .

.igot.plt       0x20000150        0x0 load address 0x000021e0
 .igot.plt      0x00000000        0x0 c:/program files (x86)/cypress/psoc creator/3.0/psoc creator/import/gnu_cs/arm/4.7.3/bin/../lib/gcc/arm-none-eabi/4.7.3/armv6-m/crtbegin.o

.bss            0x20000150      0x818 load address 0x000021e0
                0x20000150                PROVIDE (__bss_start__, .)
 *(.shbss)
 *(.bss .bss.* .gnu.linkonce.b.*)
 .bss           0x20000150       0x1c c:/program files (x86)/cypress/psoc creator/3.0/psoc creator/import/gnu_cs/arm/4.7.3/bin/../lib/gcc/arm-none-eabi/4.7.3/armv6-m/crtbegin.o
 .bss           0x2000016c        0x1 .\CortexM0\ARM_GCC_473\Debug\PSoCPioneer+ArduinoShield_SPIM_Example.a(SPI0.o)
                0x2000016c                SPI0_initVar
 *fill*         0x2000016d        0x3 00
 .bss           0x20000170       0x1c .\CortexM0\ARM_GCC_473\Debug\PSoCPioneer+ArduinoShield_SPIM_Example.a(ETH0.o)
 .bss.__malloc_free_list
                0x2000018c        0x4 c:/program files (x86)/cypress/psoc creator/3.0/psoc creator/import/gnu_cs/arm/4.7.3/bin/../lib/gcc/arm-none-eabi/4.7.3/../../../../arm-none-eabi/lib/armv6-m\libc_s.a(lib_a-mallocr.o)
                0x2000018c                __malloc_free_list
 .bss.heap_end.4231
                0x20000190        0x4 c:/program files (x86)/cypress/psoc creator/3.0/psoc creator/import/gnu_cs/arm/4.7.3/bin/../lib/gcc/arm-none-eabi/4.7.3/../../../../arm-none-eabi/lib/armv6-m\libnosys.a(sbrk.o)
 *(COMMON)
 COMMON         0x20000194      0x7d0 .\CortexM0\ARM_GCC_473\Debug\main.o
                0x20000194                randomData
 COMMON         0x20000964        0x4 c:/program files (x86)/cypress/psoc creator/3.0/psoc creator/import/gnu_cs/arm/4.7.3/bin/../lib/gcc/arm-none-eabi/4.7.3/../../../../arm-none-eabi/lib/armv6-m\libc_s.a(lib_a-reent.o)
                0x20000964                errno
                0x20000968                . = ALIGN (0x8)
 *(.ram.b)
                0x20000968                _end = .
                0x20000968                __end = .
                0x20000968                PROVIDE (end, .)
                0x20000968                PROVIDE (__bss_end__, .)
                0x00002158                __cy_region_init_ram = LOADADDR (.data)
                0x00000088                __cy_region_init_size_ram = (_edata - ADDR (.data))
                0x00000818                __cy_region_zero_size_ram = (_end - _edata)

.heap           0x20000968      0x100 load address 0x000021e0
                0x20000968                . = _end
                0x20000a68                . = (. + 0x100)
 *fill*         0x20000968      0x100 00
                0x20000a68                __cy_heap_limit = .

.stack          0x20000c00      0x400
                0x20000c00                __cy_stack_limit = .
                0x20001000                . = (. + 0x400)
 *fill*         0x20000c00      0x400 00
                0x00000001                ASSERT ((__cy_stack_limit >= __cy_heap_limit), region RAM overflowed with stack)

.cyloadermeta
 *(.cyloadermeta)

.cyloadablemeta
 *(.cyloadablemeta)

.cyflashprotect
                0x90400000       0x20
 *(.cyflashprotect)
 .cyflashprotect
                0x90400000       0x20 .\CortexM0\ARM_GCC_473\Debug\cymetadata.o
                0x90400000                cy_meta_flashprotect

.cymeta         0x90500000        0xc
 *(.cymeta)
 .cymeta        0x90500000        0xc .\CortexM0\ARM_GCC_473\Debug\cymetadata.o
                0x90500000                cy_metadata

.cychipprotect  0x90600000        0x4
 *(.cychipprotect)
 .cychipprotect
                0x90600000        0x4 .\CortexM0\ARM_GCC_473\Debug\cymetadata.o
                0x90600000                cy_meta_chipprotect

.rel.dyn        0x000021e0        0x0 load address 0x90600004
 .rel.iplt      0x00000000        0x0 c:/program files (x86)/cypress/psoc creator/3.0/psoc creator/import/gnu_cs/arm/4.7.3/bin/../lib/gcc/arm-none-eabi/4.7.3/armv6-m/crtbegin.o

.stab
 *(.stab)

.stabstr
 *(.stabstr)

.debug
 *(.debug)

.line
 *(.line)

.debug_srcinfo
 *(.debug_srcinfo)

.debug_sfnames
 *(.debug_sfnames)

.debug_aranges  0x00000000      0x7d8
 *(.debug_aranges)
 .debug_aranges
                0x00000000       0x20 .\CortexM0\ARM_GCC_473\Debug\main.o
 .debug_aranges
                0x00000020       0x18 .\CortexM0\ARM_GCC_473\Debug\cymetadata.o
 .debug_aranges
                0x00000038       0x40 .\CortexM0\ARM_GCC_473\Debug\Cm0Start.o
 .debug_aranges
                0x00000078       0x58 .\CortexM0\ARM_GCC_473\Debug\PSoCPioneer+ArduinoShield_SPIM_Example.a(cyfitter_cfg.o)
 .debug_aranges
                0x000000d0       0xd8 .\CortexM0\ARM_GCC_473\Debug\PSoCPioneer+ArduinoShield_SPIM_Example.a(SPI0.o)
 .debug_aranges
                0x000001a8      0x338 .\CortexM0\ARM_GCC_473\Debug\PSoCPioneer+ArduinoShield_SPIM_Example.a(ETH0.o)
 .debug_aranges
                0x000004e0       0x40 .\CortexM0\ARM_GCC_473\Debug\PSoCPioneer+ArduinoShield_SPIM_Example.a(RED.o)
 .debug_aranges
                0x00000520       0x40 .\CortexM0\ARM_GCC_473\Debug\PSoCPioneer+ArduinoShield_SPIM_Example.a(BLUE.o)
 .debug_aranges
                0x00000560       0x40 .\CortexM0\ARM_GCC_473\Debug\PSoCPioneer+ArduinoShield_SPIM_Example.a(GREEN.o)
 .debug_aranges
                0x000005a0       0x40 .\CortexM0\ARM_GCC_473\Debug\PSoCPioneer+ArduinoShield_SPIM_Example.a(SDCS.o)
 .debug_aranges
                0x000005e0       0x40 .\CortexM0\ARM_GCC_473\Debug\PSoCPioneer+ArduinoShield_SPIM_Example.a(SPI0_IntClock.o)
 .debug_aranges
                0x00000620       0x20 .\CortexM0\ARM_GCC_473\Debug\PSoCPioneer+ArduinoShield_SPIM_Example.a(CyBootAsmGnu.o)
 .debug_aranges
                0x00000640      0x198 .\CortexM0\ARM_GCC_473\Debug\PSoCPioneer+ArduinoShield_SPIM_Example.a(CyLib.o)

.debug_pubnames
 *(.debug_pubnames)

.debug_info     0x00000000     0x38bd
 *(.debug_info .gnu.linkonce.wi.*)
 .debug_info    0x00000000      0x162 .\CortexM0\ARM_GCC_473\Debug\main.o
 .debug_info    0x00000162      0x100 .\CortexM0\ARM_GCC_473\Debug\cymetadata.o
 .debug_info    0x00000262      0x2be .\CortexM0\ARM_GCC_473\Debug\Cm0Start.o
 .debug_info    0x00000520      0x55a .\CortexM0\ARM_GCC_473\Debug\PSoCPioneer+ArduinoShield_SPIM_Example.a(cyfitter_cfg.o)
 .debug_info    0x00000a7a      0x46a .\CortexM0\ARM_GCC_473\Debug\PSoCPioneer+ArduinoShield_SPIM_Example.a(SPI0.o)
 .debug_info    0x00000ee4     0x17ae .\CortexM0\ARM_GCC_473\Debug\PSoCPioneer+ArduinoShield_SPIM_Example.a(ETH0.o)
 .debug_info    0x00002692      0x168 .\CortexM0\ARM_GCC_473\Debug\PSoCPioneer+ArduinoShield_SPIM_Example.a(RED.o)
 .debug_info    0x000027fa      0x168 .\CortexM0\ARM_GCC_473\Debug\PSoCPioneer+ArduinoShield_SPIM_Example.a(BLUE.o)
 .debug_info    0x00002962      0x168 .\CortexM0\ARM_GCC_473\Debug\PSoCPioneer+ArduinoShield_SPIM_Example.a(GREEN.o)
 .debug_info    0x00002aca      0x168 .\CortexM0\ARM_GCC_473\Debug\PSoCPioneer+ArduinoShield_SPIM_Example.a(SDCS.o)
 .debug_info    0x00002c32      0x169 .\CortexM0\ARM_GCC_473\Debug\PSoCPioneer+ArduinoShield_SPIM_Example.a(SPI0_IntClock.o)
 .debug_info    0x00002d9b       0xb7 .\CortexM0\ARM_GCC_473\Debug\PSoCPioneer+ArduinoShield_SPIM_Example.a(CyBootAsmGnu.o)
 .debug_info    0x00002e52      0xa6b .\CortexM0\ARM_GCC_473\Debug\PSoCPioneer+ArduinoShield_SPIM_Example.a(CyLib.o)

.debug_abbrev   0x00000000      0xc87
 *(.debug_abbrev)
 .debug_abbrev  0x00000000       0xb8 .\CortexM0\ARM_GCC_473\Debug\main.o
 .debug_abbrev  0x000000b8       0x5d .\CortexM0\ARM_GCC_473\Debug\cymetadata.o
 .debug_abbrev  0x00000115      0x164 .\CortexM0\ARM_GCC_473\Debug\Cm0Start.o
 .debug_abbrev  0x00000279      0x1a6 .\CortexM0\ARM_GCC_473\Debug\PSoCPioneer+ArduinoShield_SPIM_Example.a(cyfitter_cfg.o)
 .debug_abbrev  0x0000041f      0x158 .\CortexM0\ARM_GCC_473\Debug\PSoCPioneer+ArduinoShield_SPIM_Example.a(SPI0.o)
 .debug_abbrev  0x00000577      0x1e6 .\CortexM0\ARM_GCC_473\Debug\PSoCPioneer+ArduinoShield_SPIM_Example.a(ETH0.o)
 .debug_abbrev  0x0000075d       0xac .\CortexM0\ARM_GCC_473\Debug\PSoCPioneer+ArduinoShield_SPIM_Example.a(RED.o)
 .debug_abbrev  0x00000809       0xac .\CortexM0\ARM_GCC_473\Debug\PSoCPioneer+ArduinoShield_SPIM_Example.a(BLUE.o)
 .debug_abbrev  0x000008b5       0xac .\CortexM0\ARM_GCC_473\Debug\PSoCPioneer+ArduinoShield_SPIM_Example.a(GREEN.o)
 .debug_abbrev  0x00000961       0xac .\CortexM0\ARM_GCC_473\Debug\PSoCPioneer+ArduinoShield_SPIM_Example.a(SDCS.o)
 .debug_abbrev  0x00000a0d       0xaa .\CortexM0\ARM_GCC_473\Debug\PSoCPioneer+ArduinoShield_SPIM_Example.a(SPI0_IntClock.o)
 .debug_abbrev  0x00000ab7       0x14 .\CortexM0\ARM_GCC_473\Debug\PSoCPioneer+ArduinoShield_SPIM_Example.a(CyBootAsmGnu.o)
 .debug_abbrev  0x00000acb      0x1bc .\CortexM0\ARM_GCC_473\Debug\PSoCPioneer+ArduinoShield_SPIM_Example.a(CyLib.o)

.debug_line     0x00000000     0x18fc
 *(.debug_line)
 .debug_line    0x00000000       0xa7 .\CortexM0\ARM_GCC_473\Debug\main.o
 .debug_line    0x000000a7       0x53 .\CortexM0\ARM_GCC_473\Debug\cymetadata.o
 .debug_line    0x000000fa      0x199 .\CortexM0\ARM_GCC_473\Debug\Cm0Start.o
 .debug_line    0x00000293      0x1dc .\CortexM0\ARM_GCC_473\Debug\PSoCPioneer+ArduinoShield_SPIM_Example.a(cyfitter_cfg.o)
 .debug_line    0x0000046f      0x270 .\CortexM0\ARM_GCC_473\Debug\PSoCPioneer+ArduinoShield_SPIM_Example.a(SPI0.o)
 .debug_line    0x000006df      0x934 .\CortexM0\ARM_GCC_473\Debug\PSoCPioneer+ArduinoShield_SPIM_Example.a(ETH0.o)
 .debug_line    0x00001013       0xa9 .\CortexM0\ARM_GCC_473\Debug\PSoCPioneer+ArduinoShield_SPIM_Example.a(RED.o)
 .debug_line    0x000010bc       0xaa .\CortexM0\ARM_GCC_473\Debug\PSoCPioneer+ArduinoShield_SPIM_Example.a(BLUE.o)
 .debug_line    0x00001166       0xab .\CortexM0\ARM_GCC_473\Debug\PSoCPioneer+ArduinoShield_SPIM_Example.a(GREEN.o)
 .debug_line    0x00001211       0xaa .\CortexM0\ARM_GCC_473\Debug\PSoCPioneer+ArduinoShield_SPIM_Example.a(SDCS.o)
 .debug_line    0x000012bb       0xb2 .\CortexM0\ARM_GCC_473\Debug\PSoCPioneer+ArduinoShield_SPIM_Example.a(SPI0_IntClock.o)
 .debug_line    0x0000136d       0x68 .\CortexM0\ARM_GCC_473\Debug\PSoCPioneer+ArduinoShield_SPIM_Example.a(CyBootAsmGnu.o)
 .debug_line    0x000013d5      0x527 .\CortexM0\ARM_GCC_473\Debug\PSoCPioneer+ArduinoShield_SPIM_Example.a(CyLib.o)

.debug_frame    0x00000000     0x1dc8
 *(.debug_frame)
 .debug_frame   0x00000000       0x34 .\CortexM0\ARM_GCC_473\Debug\main.o
 .debug_frame   0x00000034       0xa8 .\CortexM0\ARM_GCC_473\Debug\Cm0Start.o
 .debug_frame   0x000000dc      0x108 .\CortexM0\ARM_GCC_473\Debug\PSoCPioneer+ArduinoShield_SPIM_Example.a(cyfitter_cfg.o)
 .debug_frame   0x000001e4      0x2fc .\CortexM0\ARM_GCC_473\Debug\PSoCPioneer+ArduinoShield_SPIM_Example.a(SPI0.o)
 .debug_frame   0x000004e0      0xc88 .\CortexM0\ARM_GCC_473\Debug\PSoCPioneer+ArduinoShield_SPIM_Example.a(ETH0.o)
 .debug_frame   0x00001168       0xa8 .\CortexM0\ARM_GCC_473\Debug\PSoCPioneer+ArduinoShield_SPIM_Example.a(RED.o)
 .debug_frame   0x00001210       0xa8 .\CortexM0\ARM_GCC_473\Debug\PSoCPioneer+ArduinoShield_SPIM_Example.a(BLUE.o)
 .debug_frame   0x000012b8       0xa8 .\CortexM0\ARM_GCC_473\Debug\PSoCPioneer+ArduinoShield_SPIM_Example.a(GREEN.o)
 .debug_frame   0x00001360       0xa8 .\CortexM0\ARM_GCC_473\Debug\PSoCPioneer+ArduinoShield_SPIM_Example.a(SDCS.o)
 .debug_frame   0x00001408       0xa0 .\CortexM0\ARM_GCC_473\Debug\PSoCPioneer+ArduinoShield_SPIM_Example.a(SPI0_IntClock.o)
 .debug_frame   0x000014a8      0x600 .\CortexM0\ARM_GCC_473\Debug\PSoCPioneer+ArduinoShield_SPIM_Example.a(CyLib.o)
 .debug_frame   0x00001aa8       0x20 c:/program files (x86)/cypress/psoc creator/3.0/psoc creator/import/gnu_cs/arm/4.7.3/bin/../lib/gcc/arm-none-eabi/4.7.3/armv6-m\libgcc.a(_udivsi3.o)
 .debug_frame   0x00001ac8       0x20 c:/program files (x86)/cypress/psoc creator/3.0/psoc creator/import/gnu_cs/arm/4.7.3/bin/../lib/gcc/arm-none-eabi/4.7.3/armv6-m\libgcc.a(_divsi3.o)
 .debug_frame   0x00001ae8       0x28 c:/program files (x86)/cypress/psoc creator/3.0/psoc creator/import/gnu_cs/arm/4.7.3/bin/../lib/gcc/arm-none-eabi/4.7.3/../../../../arm-none-eabi/lib/armv6-m\libc_s.a(lib_a-__atexit2.o)
 .debug_frame   0x00001b10       0x28 c:/program files (x86)/cypress/psoc creator/3.0/psoc creator/import/gnu_cs/arm/4.7.3/bin/../lib/gcc/arm-none-eabi/4.7.3/../../../../arm-none-eabi/lib/armv6-m\libc_s.a(lib_a-exit.o)
 .debug_frame   0x00001b38       0x2c c:/program files (x86)/cypress/psoc creator/3.0/psoc creator/import/gnu_cs/arm/4.7.3/bin/../lib/gcc/arm-none-eabi/4.7.3/../../../../arm-none-eabi/lib/armv6-m\libc_s.a(lib_a-fini.o)
 .debug_frame   0x00001b64       0x2c c:/program files (x86)/cypress/psoc creator/3.0/psoc creator/import/gnu_cs/arm/4.7.3/bin/../lib/gcc/arm-none-eabi/4.7.3/../../../../arm-none-eabi/lib/armv6-m\libc_s.a(lib_a-init.o)
 .debug_frame   0x00001b90       0x28 c:/program files (x86)/cypress/psoc creator/3.0/psoc creator/import/gnu_cs/arm/4.7.3/bin/../lib/gcc/arm-none-eabi/4.7.3/../../../../arm-none-eabi/lib/armv6-m\libc_s.a(lib_a-memcpy.o)
 .debug_frame   0x00001bb8       0x28 c:/program files (x86)/cypress/psoc creator/3.0/psoc creator/import/gnu_cs/arm/4.7.3/bin/../lib/gcc/arm-none-eabi/4.7.3/../../../../arm-none-eabi/lib/armv6-m\libc_s.a(lib_a-memset.o)
 .debug_frame   0x00001be0       0x48 c:/program files (x86)/cypress/psoc creator/3.0/psoc creator/import/gnu_cs/arm/4.7.3/bin/../lib/gcc/arm-none-eabi/4.7.3/../../../../arm-none-eabi/lib/armv6-m\libc_s.a(lib_a-rand.o)
 .debug_frame   0x00001c28       0x20 c:/program files (x86)/cypress/psoc creator/3.0/psoc creator/import/gnu_cs/arm/4.7.3/bin/../lib/gcc/arm-none-eabi/4.7.3/../../../../arm-none-eabi/lib/armv6-m\libc_s.a(lib_a-strlen.o)
 .debug_frame   0x00001c48       0x40 c:/program files (x86)/cypress/psoc creator/3.0/psoc creator/import/gnu_cs/arm/4.7.3/bin/../lib/gcc/arm-none-eabi/4.7.3/../../../../arm-none-eabi/lib/armv6-m\libc_s.a(lib_a-malloc.o)
 .debug_frame   0x00001c88       0x2c c:/program files (x86)/cypress/psoc creator/3.0/psoc creator/import/gnu_cs/arm/4.7.3/bin/../lib/gcc/arm-none-eabi/4.7.3/../../../../arm-none-eabi/lib/armv6-m\libc_s.a(lib_a-mallocr.o)
 .debug_frame   0x00001cb4       0x2c c:/program files (x86)/cypress/psoc creator/3.0/psoc creator/import/gnu_cs/arm/4.7.3/bin/../lib/gcc/arm-none-eabi/4.7.3/../../../../arm-none-eabi/lib/armv6-m\libc_s.a(lib_a-sbrkr.o)
 .debug_frame   0x00001ce0       0x2c c:/program files (x86)/cypress/psoc creator/3.0/psoc creator/import/gnu_cs/arm/4.7.3/bin/../lib/gcc/arm-none-eabi/4.7.3/../../../../arm-none-eabi/lib/armv6-m\libc_s.a(lib_a-freer.o)
 .debug_frame   0x00001d0c       0x64 c:/program files (x86)/cypress/psoc creator/3.0/psoc creator/import/gnu_cs/arm/4.7.3/bin/../lib/gcc/arm-none-eabi/4.7.3/../../../../arm-none-eabi/lib/armv6-m\libc_s.a(lib_a-reent.o)
 .debug_frame   0x00001d70       0x30 c:/program files (x86)/cypress/psoc creator/3.0/psoc creator/import/gnu_cs/arm/4.7.3/bin/../lib/gcc/arm-none-eabi/4.7.3/armv6-m\libgcc.a(_muldi3.o)
 .debug_frame   0x00001da0       0x28 c:/program files (x86)/cypress/psoc creator/3.0/psoc creator/import/gnu_cs/arm/4.7.3/bin/../lib/gcc/arm-none-eabi/4.7.3/../../../../arm-none-eabi/lib/armv6-m\libnosys.a(sbrk.o)

.debug_str      0x00000000     0x16b7
 *(.debug_str)
 .debug_str     0x00000000      0x15b .\CortexM0\ARM_GCC_473\Debug\main.o
                                0x194 (size before relaxing)
 .debug_str     0x0000015b       0x5b .\CortexM0\ARM_GCC_473\Debug\cymetadata.o
                                0x1b0 (size before relaxing)
 .debug_str     0x000001b6      0x117 .\CortexM0\ARM_GCC_473\Debug\Cm0Start.o
                                0x279 (size before relaxing)
 .debug_str     0x000002cd      0x1e6 .\CortexM0\ARM_GCC_473\Debug\PSoCPioneer+ArduinoShield_SPIM_Example.a(cyfitter_cfg.o)
                                0x385 (size before relaxing)
 .debug_str     0x000004b3      0x228 .\CortexM0\ARM_GCC_473\Debug\PSoCPioneer+ArduinoShield_SPIM_Example.a(SPI0.o)
                                0x38e (size before relaxing)
 .debug_str     0x000006db      0x84c .\CortexM0\ARM_GCC_473\Debug\PSoCPioneer+ArduinoShield_SPIM_Example.a(ETH0.o)
                                0xa02 (size before relaxing)
 .debug_str     0x00000f27       0x79 .\CortexM0\ARM_GCC_473\Debug\PSoCPioneer+ArduinoShield_SPIM_Example.a(RED.o)
                                0x1dd (size before relaxing)
 .debug_str     0x00000fa0       0x6c .\CortexM0\ARM_GCC_473\Debug\PSoCPioneer+ArduinoShield_SPIM_Example.a(BLUE.o)
                                0x1e3 (size before relaxing)
 .debug_str     0x0000100c       0x72 .\CortexM0\ARM_GCC_473\Debug\PSoCPioneer+ArduinoShield_SPIM_Example.a(GREEN.o)
                                0x1e9 (size before relaxing)
 .debug_str     0x0000107e       0x6c .\CortexM0\ARM_GCC_473\Debug\PSoCPioneer+ArduinoShield_SPIM_Example.a(SDCS.o)
                                0x1e3 (size before relaxing)
 .debug_str     0x000010ea       0xef .\CortexM0\ARM_GCC_473\Debug\PSoCPioneer+ArduinoShield_SPIM_Example.a(SPI0_IntClock.o)
                                0x24f (size before relaxing)
 .debug_str     0x000011d9      0x4de .\CortexM0\ARM_GCC_473\Debug\PSoCPioneer+ArduinoShield_SPIM_Example.a(CyLib.o)
                                0x671 (size before relaxing)

.debug_loc      0x00000000     0x2bd2
 *(.debug_loc)
 .debug_loc     0x00000000       0x3a .\CortexM0\ARM_GCC_473\Debug\main.o
 .debug_loc     0x0000003a      0x100 .\CortexM0\ARM_GCC_473\Debug\Cm0Start.o
 .debug_loc     0x0000013a      0x1a8 .\CortexM0\ARM_GCC_473\Debug\PSoCPioneer+ArduinoShield_SPIM_Example.a(cyfitter_cfg.o)
 .debug_loc     0x000002e2      0x4d4 .\CortexM0\ARM_GCC_473\Debug\PSoCPioneer+ArduinoShield_SPIM_Example.a(SPI0.o)
 .debug_loc     0x000007b6     0x1538 .\CortexM0\ARM_GCC_473\Debug\PSoCPioneer+ArduinoShield_SPIM_Example.a(ETH0.o)
 .debug_loc     0x00001cee      0x100 .\CortexM0\ARM_GCC_473\Debug\PSoCPioneer+ArduinoShield_SPIM_Example.a(RED.o)
 .debug_loc     0x00001dee      0x100 .\CortexM0\ARM_GCC_473\Debug\PSoCPioneer+ArduinoShield_SPIM_Example.a(BLUE.o)
 .debug_loc     0x00001eee      0x100 .\CortexM0\ARM_GCC_473\Debug\PSoCPioneer+ArduinoShield_SPIM_Example.a(GREEN.o)
 .debug_loc     0x00001fee      0x100 .\CortexM0\ARM_GCC_473\Debug\PSoCPioneer+ArduinoShield_SPIM_Example.a(SDCS.o)
 .debug_loc     0x000020ee       0xe8 .\CortexM0\ARM_GCC_473\Debug\PSoCPioneer+ArduinoShield_SPIM_Example.a(SPI0_IntClock.o)
 .debug_loc     0x000021d6      0x9fc .\CortexM0\ARM_GCC_473\Debug\PSoCPioneer+ArduinoShield_SPIM_Example.a(CyLib.o)

.debug_macinfo
 *(.debug_macinfo)

.debug_ranges   0x00000000      0x6f0
 *(.debug_ranges)
 .debug_ranges  0x00000000       0x10 .\CortexM0\ARM_GCC_473\Debug\main.o
 .debug_ranges  0x00000010       0x30 .\CortexM0\ARM_GCC_473\Debug\Cm0Start.o
 .debug_ranges  0x00000040       0x48 .\CortexM0\ARM_GCC_473\Debug\PSoCPioneer+ArduinoShield_SPIM_Example.a(cyfitter_cfg.o)
 .debug_ranges  0x00000088       0xc8 .\CortexM0\ARM_GCC_473\Debug\PSoCPioneer+ArduinoShield_SPIM_Example.a(SPI0.o)
 .debug_ranges  0x00000150      0x328 .\CortexM0\ARM_GCC_473\Debug\PSoCPioneer+ArduinoShield_SPIM_Example.a(ETH0.o)
 .debug_ranges  0x00000478       0x30 .\CortexM0\ARM_GCC_473\Debug\PSoCPioneer+ArduinoShield_SPIM_Example.a(RED.o)
 .debug_ranges  0x000004a8       0x30 .\CortexM0\ARM_GCC_473\Debug\PSoCPioneer+ArduinoShield_SPIM_Example.a(BLUE.o)
 .debug_ranges  0x000004d8       0x30 .\CortexM0\ARM_GCC_473\Debug\PSoCPioneer+ArduinoShield_SPIM_Example.a(GREEN.o)
 .debug_ranges  0x00000508       0x30 .\CortexM0\ARM_GCC_473\Debug\PSoCPioneer+ArduinoShield_SPIM_Example.a(SDCS.o)
 .debug_ranges  0x00000538       0x30 .\CortexM0\ARM_GCC_473\Debug\PSoCPioneer+ArduinoShield_SPIM_Example.a(SPI0_IntClock.o)
 .debug_ranges  0x00000568      0x188 .\CortexM0\ARM_GCC_473\Debug\PSoCPioneer+ArduinoShield_SPIM_Example.a(CyLib.o)

.comment        0x00000000       0x70
 .comment       0x00000000       0x70 .\CortexM0\ARM_GCC_473\Debug\main.o
                                 0x71 (size before relaxing)
 .comment       0x00000000       0x71 .\CortexM0\ARM_GCC_473\Debug\cymetadata.o
 .comment       0x00000000       0x71 .\CortexM0\ARM_GCC_473\Debug\Cm0Start.o
 .comment       0x00000000       0x71 .\CortexM0\ARM_GCC_473\Debug\PSoCPioneer+ArduinoShield_SPIM_Example.a(cyfitter_cfg.o)
 .comment       0x00000000       0x71 .\CortexM0\ARM_GCC_473\Debug\PSoCPioneer+ArduinoShield_SPIM_Example.a(SPI0.o)
 .comment       0x00000000       0x71 .\CortexM0\ARM_GCC_473\Debug\PSoCPioneer+ArduinoShield_SPIM_Example.a(ETH0.o)
 .comment       0x00000000       0x71 .\CortexM0\ARM_GCC_473\Debug\PSoCPioneer+ArduinoShield_SPIM_Example.a(RED.o)
 .comment       0x00000000       0x71 .\CortexM0\ARM_GCC_473\Debug\PSoCPioneer+ArduinoShield_SPIM_Example.a(BLUE.o)
 .comment       0x00000000       0x71 .\CortexM0\ARM_GCC_473\Debug\PSoCPioneer+ArduinoShield_SPIM_Example.a(GREEN.o)
 .comment       0x00000000       0x71 .\CortexM0\ARM_GCC_473\Debug\PSoCPioneer+ArduinoShield_SPIM_Example.a(SDCS.o)
 .comment       0x00000000       0x71 .\CortexM0\ARM_GCC_473\Debug\PSoCPioneer+ArduinoShield_SPIM_Example.a(SPI0_IntClock.o)
 .comment       0x00000000       0x71 .\CortexM0\ARM_GCC_473\Debug\PSoCPioneer+ArduinoShield_SPIM_Example.a(CyLib.o)

.debug_weaknames
 *(.debug_weaknames)

.debug_funcnames
 *(.debug_funcnames)

.debug_typenames
 *(.debug_typenames)

.debug_varnames
 *(.debug_varnames)

.note.gnu.arm.ident
 *(.note.gnu.arm.ident)

.ARM.attributes
                0x00000000       0x28
 *(.ARM.attributes)
 .ARM.attributes
                0x00000000       0x1e c:/program files (x86)/cypress/psoc creator/3.0/psoc creator/import/gnu_cs/arm/4.7.3/bin/../lib/gcc/arm-none-eabi/4.7.3/armv6-m/crti.o
 .ARM.attributes
                0x0000001e       0x2c c:/program files (x86)/cypress/psoc creator/3.0/psoc creator/import/gnu_cs/arm/4.7.3/bin/../lib/gcc/arm-none-eabi/4.7.3/armv6-m/crtbegin.o
 .ARM.attributes
                0x0000004a       0x1c c:/program files (x86)/cypress/psoc creator/3.0/psoc creator/import/gnu_cs/arm/4.7.3/bin/../lib/gcc/arm-none-eabi/4.7.3/../../../../arm-none-eabi/lib/armv6-m/crt0.o
 .ARM.attributes
                0x00000066       0x31 .\CortexM0\ARM_GCC_473\Debug\main.o
 .ARM.attributes
                0x00000097       0x31 .\CortexM0\ARM_GCC_473\Debug\cymetadata.o
 .ARM.attributes
                0x000000c8       0x31 .\CortexM0\ARM_GCC_473\Debug\Cm0Start.o
 .ARM.attributes
                0x000000f9       0x31 .\CortexM0\ARM_GCC_473\Debug\PSoCPioneer+ArduinoShield_SPIM_Example.a(cyfitter_cfg.o)
 .ARM.attributes
                0x0000012a       0x31 .\CortexM0\ARM_GCC_473\Debug\PSoCPioneer+ArduinoShield_SPIM_Example.a(SPI0.o)
 .ARM.attributes
                0x0000015b       0x31 .\CortexM0\ARM_GCC_473\Debug\PSoCPioneer+ArduinoShield_SPIM_Example.a(ETH0.o)
 .ARM.attributes
                0x0000018c       0x31 .\CortexM0\ARM_GCC_473\Debug\PSoCPioneer+ArduinoShield_SPIM_Example.a(RED.o)
 .ARM.attributes
                0x000001bd       0x31 .\CortexM0\ARM_GCC_473\Debug\PSoCPioneer+ArduinoShield_SPIM_Example.a(BLUE.o)
 .ARM.attributes
                0x000001ee       0x31 .\CortexM0\ARM_GCC_473\Debug\PSoCPioneer+ArduinoShield_SPIM_Example.a(GREEN.o)
 .ARM.attributes
                0x0000021f       0x31 .\CortexM0\ARM_GCC_473\Debug\PSoCPioneer+ArduinoShield_SPIM_Example.a(SDCS.o)
 .ARM.attributes
                0x00000250       0x31 .\CortexM0\ARM_GCC_473\Debug\PSoCPioneer+ArduinoShield_SPIM_Example.a(SPI0_IntClock.o)
 .ARM.attributes
                0x00000281       0x21 .\CortexM0\ARM_GCC_473\Debug\PSoCPioneer+ArduinoShield_SPIM_Example.a(CyBootAsmGnu.o)
 .ARM.attributes
                0x000002a2       0x31 .\CortexM0\ARM_GCC_473\Debug\PSoCPioneer+ArduinoShield_SPIM_Example.a(CyLib.o)
 .ARM.attributes
                0x000002d3       0x1e c:/program files (x86)/cypress/psoc creator/3.0/psoc creator/import/gnu_cs/arm/4.7.3/bin/../lib/gcc/arm-none-eabi/4.7.3/armv6-m\libgcc.a(_udivsi3.o)
 .ARM.attributes
                0x000002f1       0x1e c:/program files (x86)/cypress/psoc creator/3.0/psoc creator/import/gnu_cs/arm/4.7.3/bin/../lib/gcc/arm-none-eabi/4.7.3/armv6-m\libgcc.a(_divsi3.o)
 .ARM.attributes
                0x0000030f       0x1e c:/program files (x86)/cypress/psoc creator/3.0/psoc creator/import/gnu_cs/arm/4.7.3/bin/../lib/gcc/arm-none-eabi/4.7.3/armv6-m\libgcc.a(_dvmd_tls.o)
 .ARM.attributes
                0x0000032d       0x2c c:/program files (x86)/cypress/psoc creator/3.0/psoc creator/import/gnu_cs/arm/4.7.3/bin/../lib/gcc/arm-none-eabi/4.7.3/../../../../arm-none-eabi/lib/armv6-m\libc_s.a(lib_a-__atexit2.o)
 .ARM.attributes
                0x00000359       0x2c c:/program files (x86)/cypress/psoc creator/3.0/psoc creator/import/gnu_cs/arm/4.7.3/bin/../lib/gcc/arm-none-eabi/4.7.3/../../../../arm-none-eabi/lib/armv6-m\libc_s.a(lib_a-exit.o)
 .ARM.attributes
                0x00000385       0x2c c:/program files (x86)/cypress/psoc creator/3.0/psoc creator/import/gnu_cs/arm/4.7.3/bin/../lib/gcc/arm-none-eabi/4.7.3/../../../../arm-none-eabi/lib/armv6-m\libc_s.a(lib_a-fini.o)
 .ARM.attributes
                0x000003b1       0x2c c:/program files (x86)/cypress/psoc creator/3.0/psoc creator/import/gnu_cs/arm/4.7.3/bin/../lib/gcc/arm-none-eabi/4.7.3/../../../../arm-none-eabi/lib/armv6-m\libc_s.a(lib_a-impure.o)
 .ARM.attributes
                0x000003dd       0x2c c:/program files (x86)/cypress/psoc creator/3.0/psoc creator/import/gnu_cs/arm/4.7.3/bin/../lib/gcc/arm-none-eabi/4.7.3/../../../../arm-none-eabi/lib/armv6-m\libc_s.a(lib_a-init.o)
 .ARM.attributes
                0x00000409       0x2c c:/program files (x86)/cypress/psoc creator/3.0/psoc creator/import/gnu_cs/arm/4.7.3/bin/../lib/gcc/arm-none-eabi/4.7.3/../../../../arm-none-eabi/lib/armv6-m\libc_s.a(lib_a-memcpy.o)
 .ARM.attributes
                0x00000435       0x2c c:/program files (x86)/cypress/psoc creator/3.0/psoc creator/import/gnu_cs/arm/4.7.3/bin/../lib/gcc/arm-none-eabi/4.7.3/../../../../arm-none-eabi/lib/armv6-m\libc_s.a(lib_a-memset.o)
 .ARM.attributes
                0x00000461       0x2c c:/program files (x86)/cypress/psoc creator/3.0/psoc creator/import/gnu_cs/arm/4.7.3/bin/../lib/gcc/arm-none-eabi/4.7.3/../../../../arm-none-eabi/lib/armv6-m\libc_s.a(lib_a-rand.o)
 .ARM.attributes
                0x0000048d       0x2c c:/program files (x86)/cypress/psoc creator/3.0/psoc creator/import/gnu_cs/arm/4.7.3/bin/../lib/gcc/arm-none-eabi/4.7.3/../../../../arm-none-eabi/lib/armv6-m\libc_s.a(lib_a-strlen.o)
 .ARM.attributes
                0x000004b9       0x2c c:/program files (x86)/cypress/psoc creator/3.0/psoc creator/import/gnu_cs/arm/4.7.3/bin/../lib/gcc/arm-none-eabi/4.7.3/../../../../arm-none-eabi/lib/armv6-m\libc_s.a(lib_a-malloc.o)
 .ARM.attributes
                0x000004e5       0x2c c:/program files (x86)/cypress/psoc creator/3.0/psoc creator/import/gnu_cs/arm/4.7.3/bin/../lib/gcc/arm-none-eabi/4.7.3/../../../../arm-none-eabi/lib/armv6-m\libc_s.a(lib_a-mallocr.o)
 .ARM.attributes
                0x00000511       0x2c c:/program files (x86)/cypress/psoc creator/3.0/psoc creator/import/gnu_cs/arm/4.7.3/bin/../lib/gcc/arm-none-eabi/4.7.3/../../../../arm-none-eabi/lib/armv6-m\libc_s.a(lib_a-sbrkr.o)
 .ARM.attributes
                0x0000053d       0x2c c:/program files (x86)/cypress/psoc creator/3.0/psoc creator/import/gnu_cs/arm/4.7.3/bin/../lib/gcc/arm-none-eabi/4.7.3/../../../../arm-none-eabi/lib/armv6-m\libc_s.a(lib_a-freer.o)
 .ARM.attributes
                0x00000569       0x2c c:/program files (x86)/cypress/psoc creator/3.0/psoc creator/import/gnu_cs/arm/4.7.3/bin/../lib/gcc/arm-none-eabi/4.7.3/../../../../arm-none-eabi/lib/armv6-m\libc_s.a(lib_a-reent.o)
 .ARM.attributes
                0x00000595       0x2c c:/program files (x86)/cypress/psoc creator/3.0/psoc creator/import/gnu_cs/arm/4.7.3/bin/../lib/gcc/arm-none-eabi/4.7.3/armv6-m\libgcc.a(_muldi3.o)
 .ARM.attributes
                0x000005c1       0x2c c:/program files (x86)/cypress/psoc creator/3.0/psoc creator/import/gnu_cs/arm/4.7.3/bin/../lib/gcc/arm-none-eabi/4.7.3/armv6-m/crtend.o
 .ARM.attributes
                0x000005ed       0x1e c:/program files (x86)/cypress/psoc creator/3.0/psoc creator/import/gnu_cs/arm/4.7.3/bin/../lib/gcc/arm-none-eabi/4.7.3/armv6-m/crtn.o
 .ARM.attributes
                0x0000060b       0x2c c:/program files (x86)/cypress/psoc creator/3.0/psoc creator/import/gnu_cs/arm/4.7.3/bin/../lib/gcc/arm-none-eabi/4.7.3/../../../../arm-none-eabi/lib/armv6-m\libnosys.a(sbrk.o)

/DISCARD/
 *(.note.GNU-stack)
OUTPUT(.\CortexM0\ARM_GCC_473\Debug\PSoCPioneer+ArduinoShield_SPIM_Example.elf elf32-littlearm)
