Archive member included because of file (symbol)

.\CortexM3\ARM_GCC_473\Debug\freeSoCExplorer+ArduinoSheld_Example.a(cyfitter_cfg.o)
                              .\CortexM3\ARM_GCC_473\Debug\Cm3Start.o (cyfitter_cfg)
.\CortexM3\ARM_GCC_473\Debug\freeSoCExplorer+ArduinoSheld_Example.a(SPI0.o)
                              .\CortexM3\ARM_GCC_473\Debug\main.o (SPI0_Start)
.\CortexM3\ARM_GCC_473\Debug\freeSoCExplorer+ArduinoSheld_Example.a(ETH0.o)
                              .\CortexM3\ARM_GCC_473\Debug\main.o (ETH0_SocketClose)
.\CortexM3\ARM_GCC_473\Debug\freeSoCExplorer+ArduinoSheld_Example.a(SPI0_IntClock.o)
                              .\CortexM3\ARM_GCC_473\Debug\freeSoCExplorer+ArduinoSheld_Example.a(SPI0.o) (SPI0_IntClock_Start)
.\CortexM3\ARM_GCC_473\Debug\freeSoCExplorer+ArduinoSheld_Example.a(CyBootAsmGnu.o)
                              .\CortexM3\ARM_GCC_473\Debug\freeSoCExplorer+ArduinoSheld_Example.a(cyfitter_cfg.o) (CyDelayCycles)
.\CortexM3\ARM_GCC_473\Debug\freeSoCExplorer+ArduinoSheld_Example.a(CyLib.o)
                              .\CortexM3\ARM_GCC_473\Debug\Cm3Start.o (CyResetStatus)
.\CortexM3\ARM_GCC_473\Debug\freeSoCExplorer+ArduinoSheld_Example.a(cyPm.o)
                              .\CortexM3\ARM_GCC_473\Debug\freeSoCExplorer+ArduinoSheld_Example.a(CyLib.o) (CyPmReadStatus)
.\CortexM3\ARM_GCC_473\Debug\freeSoCExplorer+ArduinoSheld_Example.a(CyFlash.o)
                              .\CortexM3\ARM_GCC_473\Debug\freeSoCExplorer+ArduinoSheld_Example.a(cyPm.o) (CyFlash_SetWaitCycles)
.\CortexM3\ARM_GCC_473\Debug\freeSoCExplorer+ArduinoSheld_Example.a(CySpc.o)
                              .\CortexM3\ARM_GCC_473\Debug\freeSoCExplorer+ArduinoSheld_Example.a(CyFlash.o) (CySpcStart)
c:/program files (x86)/cypress/psoc creator/3.0/psoc creator/import/gnu_cs/arm/4.7.3/bin/../lib/gcc/arm-none-eabi/4.7.3/../../../../arm-none-eabi/lib/armv7-m\libc_s.a(lib_a-__atexit2.o)
                              c:/program files (x86)/cypress/psoc creator/3.0/psoc creator/import/gnu_cs/arm/4.7.3/bin/../lib/gcc/arm-none-eabi/4.7.3/../../../../arm-none-eabi/lib/armv7-m/crt0.o (__register_exitproc)
c:/program files (x86)/cypress/psoc creator/3.0/psoc creator/import/gnu_cs/arm/4.7.3/bin/../lib/gcc/arm-none-eabi/4.7.3/../../../../arm-none-eabi/lib/armv7-m\libc_s.a(lib_a-exit.o)
                              c:/program files (x86)/cypress/psoc creator/3.0/psoc creator/import/gnu_cs/arm/4.7.3/bin/../lib/gcc/arm-none-eabi/4.7.3/../../../../arm-none-eabi/lib/armv7-m/crt0.o (exit)
c:/program files (x86)/cypress/psoc creator/3.0/psoc creator/import/gnu_cs/arm/4.7.3/bin/../lib/gcc/arm-none-eabi/4.7.3/../../../../arm-none-eabi/lib/armv7-m\libc_s.a(lib_a-fini.o)
                              c:/program files (x86)/cypress/psoc creator/3.0/psoc creator/import/gnu_cs/arm/4.7.3/bin/../lib/gcc/arm-none-eabi/4.7.3/../../../../arm-none-eabi/lib/armv7-m/crt0.o (__libc_fini_array)
c:/program files (x86)/cypress/psoc creator/3.0/psoc creator/import/gnu_cs/arm/4.7.3/bin/../lib/gcc/arm-none-eabi/4.7.3/../../../../arm-none-eabi/lib/armv7-m\libc_s.a(lib_a-impure.o)
                              c:/program files (x86)/cypress/psoc creator/3.0/psoc creator/import/gnu_cs/arm/4.7.3/bin/../lib/gcc/arm-none-eabi/4.7.3/../../../../arm-none-eabi/lib/armv7-m\libc_s.a(lib_a-exit.o) (_global_impure_ptr)
c:/program files (x86)/cypress/psoc creator/3.0/psoc creator/import/gnu_cs/arm/4.7.3/bin/../lib/gcc/arm-none-eabi/4.7.3/../../../../arm-none-eabi/lib/armv7-m\libc_s.a(lib_a-init.o)
                              c:/program files (x86)/cypress/psoc creator/3.0/psoc creator/import/gnu_cs/arm/4.7.3/bin/../lib/gcc/arm-none-eabi/4.7.3/../../../../arm-none-eabi/lib/armv7-m/crt0.o (__libc_init_array)
c:/program files (x86)/cypress/psoc creator/3.0/psoc creator/import/gnu_cs/arm/4.7.3/bin/../lib/gcc/arm-none-eabi/4.7.3/../../../../arm-none-eabi/lib/armv7-m\libc_s.a(lib_a-memcpy.o)
                              .\CortexM3\ARM_GCC_473\Debug\freeSoCExplorer+ArduinoSheld_Example.a(cyfitter_cfg.o) (memcpy)
c:/program files (x86)/cypress/psoc creator/3.0/psoc creator/import/gnu_cs/arm/4.7.3/bin/../lib/gcc/arm-none-eabi/4.7.3/../../../../arm-none-eabi/lib/armv7-m\libc_s.a(lib_a-memset.o)
                              c:/program files (x86)/cypress/psoc creator/3.0/psoc creator/import/gnu_cs/arm/4.7.3/bin/../lib/gcc/arm-none-eabi/4.7.3/../../../../arm-none-eabi/lib/armv7-m/crt0.o (memset)
c:/program files (x86)/cypress/psoc creator/3.0/psoc creator/import/gnu_cs/arm/4.7.3/bin/../lib/gcc/arm-none-eabi/4.7.3/../../../../arm-none-eabi/lib/armv7-m\libc_s.a(lib_a-strlen.o)
                              .\CortexM3\ARM_GCC_473\Debug\freeSoCExplorer+ArduinoSheld_Example.a(ETH0.o) (strlen)

Allocating common symbols
Common symbol       size              file

SPI0_swStatusRx     0x1               .\CortexM3\ARM_GCC_473\Debug\freeSoCExplorer+ArduinoSheld_Example.a(SPI0.o)
SPI0_swStatusTx     0x1               .\CortexM3\ARM_GCC_473\Debug\freeSoCExplorer+ArduinoSheld_Example.a(SPI0.o)
dieTemperature      0x2               .\CortexM3\ARM_GCC_473\Debug\freeSoCExplorer+ArduinoSheld_Example.a(CyFlash.o)

Discarded input sections

 .text          0x00000000        0x0 c:/program files (x86)/cypress/psoc creator/3.0/psoc creator/import/gnu_cs/arm/4.7.3/bin/../lib/gcc/arm-none-eabi/4.7.3/armv7-m/crti.o
 .data          0x00000000        0x0 c:/program files (x86)/cypress/psoc creator/3.0/psoc creator/import/gnu_cs/arm/4.7.3/bin/../lib/gcc/arm-none-eabi/4.7.3/armv7-m/crti.o
 .bss           0x00000000        0x0 c:/program files (x86)/cypress/psoc creator/3.0/psoc creator/import/gnu_cs/arm/4.7.3/bin/../lib/gcc/arm-none-eabi/4.7.3/armv7-m/crti.o
 .data          0x00000000        0x4 c:/program files (x86)/cypress/psoc creator/3.0/psoc creator/import/gnu_cs/arm/4.7.3/bin/../lib/gcc/arm-none-eabi/4.7.3/armv7-m/crtbegin.o
 .text          0x00000000       0x70 c:/program files (x86)/cypress/psoc creator/3.0/psoc creator/import/gnu_cs/arm/4.7.3/bin/../lib/gcc/arm-none-eabi/4.7.3/../../../../arm-none-eabi/lib/armv7-m/crt0.o
 .data          0x00000000        0x0 c:/program files (x86)/cypress/psoc creator/3.0/psoc creator/import/gnu_cs/arm/4.7.3/bin/../lib/gcc/arm-none-eabi/4.7.3/../../../../arm-none-eabi/lib/armv7-m/crt0.o
 .bss           0x00000000        0x0 c:/program files (x86)/cypress/psoc creator/3.0/psoc creator/import/gnu_cs/arm/4.7.3/bin/../lib/gcc/arm-none-eabi/4.7.3/../../../../arm-none-eabi/lib/armv7-m/crt0.o
 .ARM.extab     0x00000000        0x0 c:/program files (x86)/cypress/psoc creator/3.0/psoc creator/import/gnu_cs/arm/4.7.3/bin/../lib/gcc/arm-none-eabi/4.7.3/../../../../arm-none-eabi/lib/armv7-m/crt0.o
 .ARM.exidx     0x00000000        0x8 c:/program files (x86)/cypress/psoc creator/3.0/psoc creator/import/gnu_cs/arm/4.7.3/bin/../lib/gcc/arm-none-eabi/4.7.3/../../../../arm-none-eabi/lib/armv7-m/crt0.o
 .text          0x00000000        0x0 .\CortexM3\ARM_GCC_473\Debug\main.o
 .data          0x00000000        0x0 .\CortexM3\ARM_GCC_473\Debug\main.o
 .bss           0x00000000        0x0 .\CortexM3\ARM_GCC_473\Debug\main.o
 .text          0x00000000        0x0 .\CortexM3\ARM_GCC_473\Debug\cymetadata.o
 .data          0x00000000        0x0 .\CortexM3\ARM_GCC_473\Debug\cymetadata.o
 .bss           0x00000000        0x0 .\CortexM3\ARM_GCC_473\Debug\cymetadata.o
 .text          0x00000000        0x0 .\CortexM3\ARM_GCC_473\Debug\Cm3Start.o
 .data          0x00000000        0x0 .\CortexM3\ARM_GCC_473\Debug\Cm3Start.o
 .bss           0x00000000        0x0 .\CortexM3\ARM_GCC_473\Debug\Cm3Start.o
 .text._exit    0x00000000       0x30 .\CortexM3\ARM_GCC_473\Debug\Cm3Start.o
 .text          0x00000000        0x0 .\CortexM3\ARM_GCC_473\Debug\freeSoCExplorer+ArduinoSheld_Example.a(cyfitter_cfg.o)
 .data          0x00000000        0x0 .\CortexM3\ARM_GCC_473\Debug\freeSoCExplorer+ArduinoSheld_Example.a(cyfitter_cfg.o)
 .bss           0x00000000        0x0 .\CortexM3\ARM_GCC_473\Debug\freeSoCExplorer+ArduinoSheld_Example.a(cyfitter_cfg.o)
 .text.CYCONFIGCPYCODE
                0x00000000       0x20 .\CortexM3\ARM_GCC_473\Debug\freeSoCExplorer+ArduinoSheld_Example.a(cyfitter_cfg.o)
 .text.SetAnalogRoutingPumps
                0x00000000       0x34 .\CortexM3\ARM_GCC_473\Debug\freeSoCExplorer+ArduinoSheld_Example.a(cyfitter_cfg.o)
 .text          0x00000000        0x0 .\CortexM3\ARM_GCC_473\Debug\freeSoCExplorer+ArduinoSheld_Example.a(SPI0.o)
 .data          0x00000000        0x0 .\CortexM3\ARM_GCC_473\Debug\freeSoCExplorer+ArduinoSheld_Example.a(SPI0.o)
 .text.SPI0_Stop
                0x00000000       0x64 .\CortexM3\ARM_GCC_473\Debug\freeSoCExplorer+ArduinoSheld_Example.a(SPI0.o)
 .text.SPI0_DisableTxInt
                0x00000000        0xc .\CortexM3\ARM_GCC_473\Debug\freeSoCExplorer+ArduinoSheld_Example.a(SPI0.o)
 .text.SPI0_DisableRxInt
                0x00000000        0xc .\CortexM3\ARM_GCC_473\Debug\freeSoCExplorer+ArduinoSheld_Example.a(SPI0.o)
 .text.SPI0_SetTxInterruptMode
                0x00000000       0x20 .\CortexM3\ARM_GCC_473\Debug\freeSoCExplorer+ArduinoSheld_Example.a(SPI0.o)
 .text.SPI0_SetRxInterruptMode
                0x00000000       0x20 .\CortexM3\ARM_GCC_473\Debug\freeSoCExplorer+ArduinoSheld_Example.a(SPI0.o)
 .text.SPI0_GetTxBufferSize
                0x00000000       0x4c .\CortexM3\ARM_GCC_473\Debug\freeSoCExplorer+ArduinoSheld_Example.a(SPI0.o)
 .text.SPI0_ClearTxBuffer
                0x00000000       0x58 .\CortexM3\ARM_GCC_473\Debug\freeSoCExplorer+ArduinoSheld_Example.a(SPI0.o)
 .text.SPI0_PutArray
                0x00000000       0x40 .\CortexM3\ARM_GCC_473\Debug\freeSoCExplorer+ArduinoSheld_Example.a(SPI0.o)
 .text.SPI0_EnableInt
                0x00000000       0x10 .\CortexM3\ARM_GCC_473\Debug\freeSoCExplorer+ArduinoSheld_Example.a(SPI0.o)
 .text.SPI0_DisableInt
                0x00000000       0x10 .\CortexM3\ARM_GCC_473\Debug\freeSoCExplorer+ArduinoSheld_Example.a(SPI0.o)
 .text.SPI0_SetInterruptMode
                0x00000000       0x34 .\CortexM3\ARM_GCC_473\Debug\freeSoCExplorer+ArduinoSheld_Example.a(SPI0.o)
 .text.SPI0_ReadStatus
                0x00000000       0x3c .\CortexM3\ARM_GCC_473\Debug\freeSoCExplorer+ArduinoSheld_Example.a(SPI0.o)
 COMMON         0x00000000        0x2 .\CortexM3\ARM_GCC_473\Debug\freeSoCExplorer+ArduinoSheld_Example.a(SPI0.o)
 .text          0x00000000        0x0 .\CortexM3\ARM_GCC_473\Debug\freeSoCExplorer+ArduinoSheld_Example.a(ETH0.o)
 .text.ETH0_W51_GetMAC
                0x00000000       0x44 .\CortexM3\ARM_GCC_473\Debug\freeSoCExplorer+ArduinoSheld_Example.a(ETH0.o)
 .text.ETH0_W51_GetIP
                0x00000000       0x5c .\CortexM3\ARM_GCC_473\Debug\freeSoCExplorer+ArduinoSheld_Example.a(ETH0.o)
 .text.ETH0_GetSourceMAC
                0x00000000       0x1c .\CortexM3\ARM_GCC_473\Debug\freeSoCExplorer+ArduinoSheld_Example.a(ETH0.o)
 .text.ETH0_GetSourceIP
                0x00000000       0x14 .\CortexM3\ARM_GCC_473\Debug\freeSoCExplorer+ArduinoSheld_Example.a(ETH0.o)
 .text.ETH0_SetSocketDestIP
                0x00000000       0x2c .\CortexM3\ARM_GCC_473\Debug\freeSoCExplorer+ArduinoSheld_Example.a(ETH0.o)
 .text.ETH0_SetSocketDestPort
                0x00000000       0x30 .\CortexM3\ARM_GCC_473\Debug\freeSoCExplorer+ArduinoSheld_Example.a(ETH0.o)
 .text.ETH0_SetIP
                0x00000000       0x34 .\CortexM3\ARM_GCC_473\Debug\freeSoCExplorer+ArduinoSheld_Example.a(ETH0.o)
 .text.ETH0_GetIP
                0x00000000       0x10 .\CortexM3\ARM_GCC_473\Debug\freeSoCExplorer+ArduinoSheld_Example.a(ETH0.o)
 .text.ETH0_SetMAC
                0x00000000       0x18 .\CortexM3\ARM_GCC_473\Debug\freeSoCExplorer+ArduinoSheld_Example.a(ETH0.o)
 .text.ETH0_GetMAC
                0x00000000       0x18 .\CortexM3\ARM_GCC_473\Debug\freeSoCExplorer+ArduinoSheld_Example.a(ETH0.o)
 .text.ETH0_SocketProcessConnections
                0x00000000       0x44 .\CortexM3\ARM_GCC_473\Debug\freeSoCExplorer+ArduinoSheld_Example.a(ETH0.o)
 .text.ETH0_TcpStartServerWait
                0x00000000       0x34 .\CortexM3\ARM_GCC_473\Debug\freeSoCExplorer+ArduinoSheld_Example.a(ETH0.o)
 .text.ETH0_TcpConnect
                0x00000000       0xa8 .\CortexM3\ARM_GCC_473\Debug\freeSoCExplorer+ArduinoSheld_Example.a(ETH0.o)
 .text.ETH0_UdpOpen
                0x00000000       0x28 .\CortexM3\ARM_GCC_473\Debug\freeSoCExplorer+ArduinoSheld_Example.a(ETH0.o)
 .text.ETH0_UdpSend
                0x00000000       0x80 .\CortexM3\ARM_GCC_473\Debug\freeSoCExplorer+ArduinoSheld_Example.a(ETH0.o)
 .text.ETH0_UdpReceive
                0x00000000      0x108 .\CortexM3\ARM_GCC_473\Debug\freeSoCExplorer+ArduinoSheld_Example.a(ETH0.o)
 .text          0x00000000        0x0 .\CortexM3\ARM_GCC_473\Debug\freeSoCExplorer+ArduinoSheld_Example.a(SPI0_IntClock.o)
 .data          0x00000000        0x0 .\CortexM3\ARM_GCC_473\Debug\freeSoCExplorer+ArduinoSheld_Example.a(SPI0_IntClock.o)
 .bss           0x00000000        0x0 .\CortexM3\ARM_GCC_473\Debug\freeSoCExplorer+ArduinoSheld_Example.a(SPI0_IntClock.o)
 .text.SPI0_IntClock_Stop
                0x00000000       0x44 .\CortexM3\ARM_GCC_473\Debug\freeSoCExplorer+ArduinoSheld_Example.a(SPI0_IntClock.o)
 .text.SPI0_IntClock_StopBlock
                0x00000000       0xf8 .\CortexM3\ARM_GCC_473\Debug\freeSoCExplorer+ArduinoSheld_Example.a(SPI0_IntClock.o)
 .text.SPI0_IntClock_StandbyPower
                0x00000000       0x54 .\CortexM3\ARM_GCC_473\Debug\freeSoCExplorer+ArduinoSheld_Example.a(SPI0_IntClock.o)
 .text.SPI0_IntClock_SetDividerRegister
                0x00000000      0x1e8 .\CortexM3\ARM_GCC_473\Debug\freeSoCExplorer+ArduinoSheld_Example.a(SPI0_IntClock.o)
 .text.SPI0_IntClock_GetDividerRegister
                0x00000000       0x18 .\CortexM3\ARM_GCC_473\Debug\freeSoCExplorer+ArduinoSheld_Example.a(SPI0_IntClock.o)
 .text.SPI0_IntClock_SetModeRegister
                0x00000000       0x3c .\CortexM3\ARM_GCC_473\Debug\freeSoCExplorer+ArduinoSheld_Example.a(SPI0_IntClock.o)
 .text.SPI0_IntClock_ClearModeRegister
                0x00000000       0x3c .\CortexM3\ARM_GCC_473\Debug\freeSoCExplorer+ArduinoSheld_Example.a(SPI0_IntClock.o)
 .text.SPI0_IntClock_GetModeRegister
                0x00000000       0x20 .\CortexM3\ARM_GCC_473\Debug\freeSoCExplorer+ArduinoSheld_Example.a(SPI0_IntClock.o)
 .text.SPI0_IntClock_SetSourceRegister
                0x00000000       0xf4 .\CortexM3\ARM_GCC_473\Debug\freeSoCExplorer+ArduinoSheld_Example.a(SPI0_IntClock.o)
 .text.SPI0_IntClock_GetSourceRegister
                0x00000000       0x20 .\CortexM3\ARM_GCC_473\Debug\freeSoCExplorer+ArduinoSheld_Example.a(SPI0_IntClock.o)
 .data          0x00000000        0x0 .\CortexM3\ARM_GCC_473\Debug\freeSoCExplorer+ArduinoSheld_Example.a(CyBootAsmGnu.o)
 .bss           0x00000000        0x0 .\CortexM3\ARM_GCC_473\Debug\freeSoCExplorer+ArduinoSheld_Example.a(CyBootAsmGnu.o)
 .text          0x00000000        0x0 .\CortexM3\ARM_GCC_473\Debug\freeSoCExplorer+ArduinoSheld_Example.a(CyLib.o)
 .bss           0x00000000        0x0 .\CortexM3\ARM_GCC_473\Debug\freeSoCExplorer+ArduinoSheld_Example.a(CyLib.o)
 .text.CyPLL_OUT_Start
                0x00000000       0xe0 .\CortexM3\ARM_GCC_473\Debug\freeSoCExplorer+ArduinoSheld_Example.a(CyLib.o)
 .text.CyPLL_OUT_Stop
                0x00000000       0x28 .\CortexM3\ARM_GCC_473\Debug\freeSoCExplorer+ArduinoSheld_Example.a(CyLib.o)
 .text.CyPLL_OUT_SetPQ
                0x00000000       0xac .\CortexM3\ARM_GCC_473\Debug\freeSoCExplorer+ArduinoSheld_Example.a(CyLib.o)
 .text.CyPLL_OUT_SetSource
                0x00000000       0x60 .\CortexM3\ARM_GCC_473\Debug\freeSoCExplorer+ArduinoSheld_Example.a(CyLib.o)
 .text.CyIMO_Start
                0x00000000       0xbc .\CortexM3\ARM_GCC_473\Debug\freeSoCExplorer+ArduinoSheld_Example.a(CyLib.o)
 .text.CyIMO_Stop
                0x00000000       0x44 .\CortexM3\ARM_GCC_473\Debug\freeSoCExplorer+ArduinoSheld_Example.a(CyLib.o)
 .text.CyUSB_PowerOnCheck
                0x00000000       0x70 .\CortexM3\ARM_GCC_473\Debug\freeSoCExplorer+ArduinoSheld_Example.a(CyLib.o)
 .text.CyIMO_SetTrimValue
                0x00000000      0x160 .\CortexM3\ARM_GCC_473\Debug\freeSoCExplorer+ArduinoSheld_Example.a(CyLib.o)
 .text.CyIMO_SetFreq
                0x00000000      0x224 .\CortexM3\ARM_GCC_473\Debug\freeSoCExplorer+ArduinoSheld_Example.a(CyLib.o)
 .text.CyIMO_SetSource
                0x00000000       0xb0 .\CortexM3\ARM_GCC_473\Debug\freeSoCExplorer+ArduinoSheld_Example.a(CyLib.o)
 .text.CyIMO_EnableDoubler
                0x00000000       0x28 .\CortexM3\ARM_GCC_473\Debug\freeSoCExplorer+ArduinoSheld_Example.a(CyLib.o)
 .text.CyIMO_DisableDoubler
                0x00000000       0x28 .\CortexM3\ARM_GCC_473\Debug\freeSoCExplorer+ArduinoSheld_Example.a(CyLib.o)
 .text.CyMasterClk_SetSource
                0x00000000       0x3c .\CortexM3\ARM_GCC_473\Debug\freeSoCExplorer+ArduinoSheld_Example.a(CyLib.o)
 .text.CyMasterClk_SetDivider
                0x00000000       0x20 .\CortexM3\ARM_GCC_473\Debug\freeSoCExplorer+ArduinoSheld_Example.a(CyLib.o)
 .text.CyBusClk_Internal_SetDivider
                0x00000000       0x98 .\CortexM3\ARM_GCC_473\Debug\freeSoCExplorer+ArduinoSheld_Example.a(CyLib.o)
 .text.CyBusClk_SetDivider
                0x00000000       0xd0 .\CortexM3\ARM_GCC_473\Debug\freeSoCExplorer+ArduinoSheld_Example.a(CyLib.o)
 .text.CyUsbClk_SetSource
                0x00000000       0x3c .\CortexM3\ARM_GCC_473\Debug\freeSoCExplorer+ArduinoSheld_Example.a(CyLib.o)
 .text.CyILO_Start1K
                0x00000000       0x28 .\CortexM3\ARM_GCC_473\Debug\freeSoCExplorer+ArduinoSheld_Example.a(CyLib.o)
 .text.CyILO_Stop1K
                0x00000000       0x28 .\CortexM3\ARM_GCC_473\Debug\freeSoCExplorer+ArduinoSheld_Example.a(CyLib.o)
 .text.CyILO_Start100K
                0x00000000       0x28 .\CortexM3\ARM_GCC_473\Debug\freeSoCExplorer+ArduinoSheld_Example.a(CyLib.o)
 .text.CyILO_Stop100K
                0x00000000       0x28 .\CortexM3\ARM_GCC_473\Debug\freeSoCExplorer+ArduinoSheld_Example.a(CyLib.o)
 .text.CyILO_Enable33K
                0x00000000       0x28 .\CortexM3\ARM_GCC_473\Debug\freeSoCExplorer+ArduinoSheld_Example.a(CyLib.o)
 .text.CyILO_Disable33K
                0x00000000       0x28 .\CortexM3\ARM_GCC_473\Debug\freeSoCExplorer+ArduinoSheld_Example.a(CyLib.o)
 .text.CyILO_SetSource
                0x00000000       0x3c .\CortexM3\ARM_GCC_473\Debug\freeSoCExplorer+ArduinoSheld_Example.a(CyLib.o)
 .text.CyILO_SetPowerMode
                0x00000000       0x5c .\CortexM3\ARM_GCC_473\Debug\freeSoCExplorer+ArduinoSheld_Example.a(CyLib.o)
 .text.CyXTAL_32KHZ_Start
                0x00000000       0xa4 .\CortexM3\ARM_GCC_473\Debug\freeSoCExplorer+ArduinoSheld_Example.a(CyLib.o)
 .text.CyXTAL_32KHZ_Stop
                0x00000000       0x64 .\CortexM3\ARM_GCC_473\Debug\freeSoCExplorer+ArduinoSheld_Example.a(CyLib.o)
 .text.CyXTAL_32KHZ_ReadStatus
                0x00000000       0x20 .\CortexM3\ARM_GCC_473\Debug\freeSoCExplorer+ArduinoSheld_Example.a(CyLib.o)
 .text.CyXTAL_32KHZ_SetPowerMode
                0x00000000       0xfc .\CortexM3\ARM_GCC_473\Debug\freeSoCExplorer+ArduinoSheld_Example.a(CyLib.o)
 .text.CyXTAL_Start
                0x00000000      0x108 .\CortexM3\ARM_GCC_473\Debug\freeSoCExplorer+ArduinoSheld_Example.a(CyLib.o)
 .text.CyXTAL_Stop
                0x00000000       0x28 .\CortexM3\ARM_GCC_473\Debug\freeSoCExplorer+ArduinoSheld_Example.a(CyLib.o)
 .text.CyXTAL_EnableErrStatus
                0x00000000       0x28 .\CortexM3\ARM_GCC_473\Debug\freeSoCExplorer+ArduinoSheld_Example.a(CyLib.o)
 .text.CyXTAL_DisableErrStatus
                0x00000000       0x28 .\CortexM3\ARM_GCC_473\Debug\freeSoCExplorer+ArduinoSheld_Example.a(CyLib.o)
 .text.CyXTAL_ReadStatus
                0x00000000       0x2c .\CortexM3\ARM_GCC_473\Debug\freeSoCExplorer+ArduinoSheld_Example.a(CyLib.o)
 .text.CyXTAL_EnableFaultRecovery
                0x00000000       0x28 .\CortexM3\ARM_GCC_473\Debug\freeSoCExplorer+ArduinoSheld_Example.a(CyLib.o)
 .text.CyXTAL_DisableFaultRecovery
                0x00000000       0x28 .\CortexM3\ARM_GCC_473\Debug\freeSoCExplorer+ArduinoSheld_Example.a(CyLib.o)
 .text.CyXTAL_SetStartup
                0x00000000       0x3c .\CortexM3\ARM_GCC_473\Debug\freeSoCExplorer+ArduinoSheld_Example.a(CyLib.o)
 .text.CyXTAL_SetFbVoltage
                0x00000000       0x3c .\CortexM3\ARM_GCC_473\Debug\freeSoCExplorer+ArduinoSheld_Example.a(CyLib.o)
 .text.CyXTAL_SetWdVoltage
                0x00000000       0x44 .\CortexM3\ARM_GCC_473\Debug\freeSoCExplorer+ArduinoSheld_Example.a(CyLib.o)
 .text.CyHalt   0x00000000       0x18 .\CortexM3\ARM_GCC_473\Debug\freeSoCExplorer+ArduinoSheld_Example.a(CyLib.o)
 .text.CySoftwareReset
                0x00000000       0x28 .\CortexM3\ARM_GCC_473\Debug\freeSoCExplorer+ArduinoSheld_Example.a(CyLib.o)
 .text.CyDelayFreq
                0x00000000       0xa8 .\CortexM3\ARM_GCC_473\Debug\freeSoCExplorer+ArduinoSheld_Example.a(CyLib.o)
 .text.CyWdtStart
                0x00000000       0xc4 .\CortexM3\ARM_GCC_473\Debug\freeSoCExplorer+ArduinoSheld_Example.a(CyLib.o)
 .text.CyWdtClear
                0x00000000       0x18 .\CortexM3\ARM_GCC_473\Debug\freeSoCExplorer+ArduinoSheld_Example.a(CyLib.o)
 .text.CyVdLvDigitEnable
                0x00000000       0xf4 .\CortexM3\ARM_GCC_473\Debug\freeSoCExplorer+ArduinoSheld_Example.a(CyLib.o)
 .text.CyVdLvAnalogEnable
                0x00000000       0xf4 .\CortexM3\ARM_GCC_473\Debug\freeSoCExplorer+ArduinoSheld_Example.a(CyLib.o)
 .text.CyVdLvDigitDisable
                0x00000000       0x58 .\CortexM3\ARM_GCC_473\Debug\freeSoCExplorer+ArduinoSheld_Example.a(CyLib.o)
 .text.CyVdLvAnalogDisable
                0x00000000       0x58 .\CortexM3\ARM_GCC_473\Debug\freeSoCExplorer+ArduinoSheld_Example.a(CyLib.o)
 .text.CyVdHvAnalogEnable
                0x00000000       0x7c .\CortexM3\ARM_GCC_473\Debug\freeSoCExplorer+ArduinoSheld_Example.a(CyLib.o)
 .text.CyVdHvAnalogDisable
                0x00000000       0x28 .\CortexM3\ARM_GCC_473\Debug\freeSoCExplorer+ArduinoSheld_Example.a(CyLib.o)
 .text.CyVdStickyStatus
                0x00000000       0x48 .\CortexM3\ARM_GCC_473\Debug\freeSoCExplorer+ArduinoSheld_Example.a(CyLib.o)
 .text.CyVdRealTimeStatus
                0x00000000       0x30 .\CortexM3\ARM_GCC_473\Debug\freeSoCExplorer+ArduinoSheld_Example.a(CyLib.o)
 .text.CyDisableInts
                0x00000000       0x3c .\CortexM3\ARM_GCC_473\Debug\freeSoCExplorer+ArduinoSheld_Example.a(CyLib.o)
 .text.CyEnableInts
                0x00000000       0x2c .\CortexM3\ARM_GCC_473\Debug\freeSoCExplorer+ArduinoSheld_Example.a(CyLib.o)
 .text.CyFlushCache
                0x00000000       0x7c .\CortexM3\ARM_GCC_473\Debug\freeSoCExplorer+ArduinoSheld_Example.a(CyLib.o)
 .text.CyIntSetSysVector
                0x00000000       0x58 .\CortexM3\ARM_GCC_473\Debug\freeSoCExplorer+ArduinoSheld_Example.a(CyLib.o)
 .text.CyIntGetSysVector
                0x00000000       0x40 .\CortexM3\ARM_GCC_473\Debug\freeSoCExplorer+ArduinoSheld_Example.a(CyLib.o)
 .text.CyIntSetVector
                0x00000000       0x60 .\CortexM3\ARM_GCC_473\Debug\freeSoCExplorer+ArduinoSheld_Example.a(CyLib.o)
 .text.CyIntGetVector
                0x00000000       0x44 .\CortexM3\ARM_GCC_473\Debug\freeSoCExplorer+ArduinoSheld_Example.a(CyLib.o)
 .text.CyIntSetPriority
                0x00000000       0x4c .\CortexM3\ARM_GCC_473\Debug\freeSoCExplorer+ArduinoSheld_Example.a(CyLib.o)
 .text.CyIntGetPriority
                0x00000000       0x3c .\CortexM3\ARM_GCC_473\Debug\freeSoCExplorer+ArduinoSheld_Example.a(CyLib.o)
 .text.CyIntGetState
                0x00000000       0x48 .\CortexM3\ARM_GCC_473\Debug\freeSoCExplorer+ArduinoSheld_Example.a(CyLib.o)
 .text          0x00000000        0x0 .\CortexM3\ARM_GCC_473\Debug\freeSoCExplorer+ArduinoSheld_Example.a(cyPm.o)
 .data          0x00000000        0x0 .\CortexM3\ARM_GCC_473\Debug\freeSoCExplorer+ArduinoSheld_Example.a(cyPm.o)
 .bss           0x00000000       0x44 .\CortexM3\ARM_GCC_473\Debug\freeSoCExplorer+ArduinoSheld_Example.a(cyPm.o)
 .rodata        0x00000000       0x10 .\CortexM3\ARM_GCC_473\Debug\freeSoCExplorer+ArduinoSheld_Example.a(cyPm.o)
 .text.CyPmSaveClocks
                0x00000000      0x354 .\CortexM3\ARM_GCC_473\Debug\freeSoCExplorer+ArduinoSheld_Example.a(cyPm.o)
 .text.CyPmRestoreClocks
                0x00000000      0x3e4 .\CortexM3\ARM_GCC_473\Debug\freeSoCExplorer+ArduinoSheld_Example.a(cyPm.o)
 .text.CyPmAltAct
                0x00000000      0x118 .\CortexM3\ARM_GCC_473\Debug\freeSoCExplorer+ArduinoSheld_Example.a(cyPm.o)
 .text.CyPmSleep
                0x00000000      0x21c .\CortexM3\ARM_GCC_473\Debug\freeSoCExplorer+ArduinoSheld_Example.a(cyPm.o)
 .text.CyPmHibernate
                0x00000000      0x1f0 .\CortexM3\ARM_GCC_473\Debug\freeSoCExplorer+ArduinoSheld_Example.a(cyPm.o)
 .text.CyPmReadStatus
                0x00000000       0x78 .\CortexM3\ARM_GCC_473\Debug\freeSoCExplorer+ArduinoSheld_Example.a(cyPm.o)
 .text.CyPmHibSaveSet
                0x00000000      0x138 .\CortexM3\ARM_GCC_473\Debug\freeSoCExplorer+ArduinoSheld_Example.a(cyPm.o)
 .text.CyPmHibRestore
                0x00000000       0x94 .\CortexM3\ARM_GCC_473\Debug\freeSoCExplorer+ArduinoSheld_Example.a(cyPm.o)
 .text.CyPmCtwSetInterval
                0x00000000       0xd8 .\CortexM3\ARM_GCC_473\Debug\freeSoCExplorer+ArduinoSheld_Example.a(cyPm.o)
 .text.CyPmOppsSet
                0x00000000       0x58 .\CortexM3\ARM_GCC_473\Debug\freeSoCExplorer+ArduinoSheld_Example.a(cyPm.o)
 .text.CyPmFtwSetInterval
                0x00000000       0xd8 .\CortexM3\ARM_GCC_473\Debug\freeSoCExplorer+ArduinoSheld_Example.a(cyPm.o)
 .text.CyPmHibSlpSaveSet
                0x00000000      0x458 .\CortexM3\ARM_GCC_473\Debug\freeSoCExplorer+ArduinoSheld_Example.a(cyPm.o)
 .text.CyPmHibSlpRestore
                0x00000000      0x270 .\CortexM3\ARM_GCC_473\Debug\freeSoCExplorer+ArduinoSheld_Example.a(cyPm.o)
 .text.CyPmHviLviSaveDisable
                0x00000000      0x13c .\CortexM3\ARM_GCC_473\Debug\freeSoCExplorer+ArduinoSheld_Example.a(cyPm.o)
 .text.CyPmHviLviRestore
                0x00000000       0x7c .\CortexM3\ARM_GCC_473\Debug\freeSoCExplorer+ArduinoSheld_Example.a(cyPm.o)
 .text          0x00000000        0x0 .\CortexM3\ARM_GCC_473\Debug\freeSoCExplorer+ArduinoSheld_Example.a(CyFlash.o)
 .data          0x00000000        0x0 .\CortexM3\ARM_GCC_473\Debug\freeSoCExplorer+ArduinoSheld_Example.a(CyFlash.o)
 .bss           0x00000000        0x4 .\CortexM3\ARM_GCC_473\Debug\freeSoCExplorer+ArduinoSheld_Example.a(CyFlash.o)
 .text.CyFlash_Start
                0x00000000       0x48 .\CortexM3\ARM_GCC_473\Debug\freeSoCExplorer+ArduinoSheld_Example.a(CyFlash.o)
 .text.CyFlash_Stop
                0x00000000       0x44 .\CortexM3\ARM_GCC_473\Debug\freeSoCExplorer+ArduinoSheld_Example.a(CyFlash.o)
 .text.CySetTempInt
                0x00000000       0x90 .\CortexM3\ARM_GCC_473\Debug\freeSoCExplorer+ArduinoSheld_Example.a(CyFlash.o)
 .text.CySetTemp
                0x00000000       0x24 .\CortexM3\ARM_GCC_473\Debug\freeSoCExplorer+ArduinoSheld_Example.a(CyFlash.o)
 .text.CySetFlashEEBuffer
                0x00000000       0x50 .\CortexM3\ARM_GCC_473\Debug\freeSoCExplorer+ArduinoSheld_Example.a(CyFlash.o)
 .text.CyWriteRowData
                0x00000000       0xbc .\CortexM3\ARM_GCC_473\Debug\freeSoCExplorer+ArduinoSheld_Example.a(CyFlash.o)
 .text.CyWriteRowFull
                0x00000000      0x120 .\CortexM3\ARM_GCC_473\Debug\freeSoCExplorer+ArduinoSheld_Example.a(CyFlash.o)
 .text.CyFlash_SetWaitCycles
                0x00000000       0xc0 .\CortexM3\ARM_GCC_473\Debug\freeSoCExplorer+ArduinoSheld_Example.a(CyFlash.o)
 .text.CyEEPROM_Start
                0x00000000       0x44 .\CortexM3\ARM_GCC_473\Debug\freeSoCExplorer+ArduinoSheld_Example.a(CyFlash.o)
 .text.CyEEPROM_Stop
                0x00000000       0x44 .\CortexM3\ARM_GCC_473\Debug\freeSoCExplorer+ArduinoSheld_Example.a(CyFlash.o)
 .text.CyEEPROM_ReadReserve
                0x00000000       0x3c .\CortexM3\ARM_GCC_473\Debug\freeSoCExplorer+ArduinoSheld_Example.a(CyFlash.o)
 .text.CyEEPROM_ReadRelease
                0x00000000       0x20 .\CortexM3\ARM_GCC_473\Debug\freeSoCExplorer+ArduinoSheld_Example.a(CyFlash.o)
 COMMON         0x00000000        0x2 .\CortexM3\ARM_GCC_473\Debug\freeSoCExplorer+ArduinoSheld_Example.a(CyFlash.o)
 .text          0x00000000        0x0 .\CortexM3\ARM_GCC_473\Debug\freeSoCExplorer+ArduinoSheld_Example.a(CySpc.o)
 .data          0x00000000        0x0 .\CortexM3\ARM_GCC_473\Debug\freeSoCExplorer+ArduinoSheld_Example.a(CySpc.o)
 .bss           0x00000000        0x8 .\CortexM3\ARM_GCC_473\Debug\freeSoCExplorer+ArduinoSheld_Example.a(CySpc.o)
 .text.CySpcStart
                0x00000000       0x58 .\CortexM3\ARM_GCC_473\Debug\freeSoCExplorer+ArduinoSheld_Example.a(CySpc.o)
 .text.CySpcStop
                0x00000000       0x58 .\CortexM3\ARM_GCC_473\Debug\freeSoCExplorer+ArduinoSheld_Example.a(CySpc.o)
 .text.CySpcReadData
                0x00000000       0x64 .\CortexM3\ARM_GCC_473\Debug\freeSoCExplorer+ArduinoSheld_Example.a(CySpc.o)
 .text.CySpcLoadMultiByte
                0x00000000      0x11c .\CortexM3\ARM_GCC_473\Debug\freeSoCExplorer+ArduinoSheld_Example.a(CySpc.o)
 .text.CySpcLoadRow
                0x00000000       0xbc .\CortexM3\ARM_GCC_473\Debug\freeSoCExplorer+ArduinoSheld_Example.a(CySpc.o)
 .text.CySpcWriteRow
                0x00000000       0xcc .\CortexM3\ARM_GCC_473\Debug\freeSoCExplorer+ArduinoSheld_Example.a(CySpc.o)
 .text.CySpcEraseSector
                0x00000000       0x9c .\CortexM3\ARM_GCC_473\Debug\freeSoCExplorer+ArduinoSheld_Example.a(CySpc.o)
 .text.CySpcGetTemp
                0x00000000       0x8c .\CortexM3\ARM_GCC_473\Debug\freeSoCExplorer+ArduinoSheld_Example.a(CySpc.o)
 .text.CySpcLock
                0x00000000       0x88 .\CortexM3\ARM_GCC_473\Debug\freeSoCExplorer+ArduinoSheld_Example.a(CySpc.o)
 .text.CySpcUnlock
                0x00000000       0x68 .\CortexM3\ARM_GCC_473\Debug\freeSoCExplorer+ArduinoSheld_Example.a(CySpc.o)
 .text          0x00000000        0x0 c:/program files (x86)/cypress/psoc creator/3.0/psoc creator/import/gnu_cs/arm/4.7.3/bin/../lib/gcc/arm-none-eabi/4.7.3/../../../../arm-none-eabi/lib/armv7-m\libc_s.a(lib_a-__atexit2.o)
 .data          0x00000000        0x0 c:/program files (x86)/cypress/psoc creator/3.0/psoc creator/import/gnu_cs/arm/4.7.3/bin/../lib/gcc/arm-none-eabi/4.7.3/../../../../arm-none-eabi/lib/armv7-m\libc_s.a(lib_a-__atexit2.o)
 .bss           0x00000000        0x0 c:/program files (x86)/cypress/psoc creator/3.0/psoc creator/import/gnu_cs/arm/4.7.3/bin/../lib/gcc/arm-none-eabi/4.7.3/../../../../arm-none-eabi/lib/armv7-m\libc_s.a(lib_a-__atexit2.o)
 .text.__register_exitproc
                0x00000000       0x14 c:/program files (x86)/cypress/psoc creator/3.0/psoc creator/import/gnu_cs/arm/4.7.3/bin/../lib/gcc/arm-none-eabi/4.7.3/../../../../arm-none-eabi/lib/armv7-m\libc_s.a(lib_a-__atexit2.o)
 .text          0x00000000        0x0 c:/program files (x86)/cypress/psoc creator/3.0/psoc creator/import/gnu_cs/arm/4.7.3/bin/../lib/gcc/arm-none-eabi/4.7.3/../../../../arm-none-eabi/lib/armv7-m\libc_s.a(lib_a-exit.o)
 .data          0x00000000        0x0 c:/program files (x86)/cypress/psoc creator/3.0/psoc creator/import/gnu_cs/arm/4.7.3/bin/../lib/gcc/arm-none-eabi/4.7.3/../../../../arm-none-eabi/lib/armv7-m\libc_s.a(lib_a-exit.o)
 .bss           0x00000000        0x0 c:/program files (x86)/cypress/psoc creator/3.0/psoc creator/import/gnu_cs/arm/4.7.3/bin/../lib/gcc/arm-none-eabi/4.7.3/../../../../arm-none-eabi/lib/armv7-m\libc_s.a(lib_a-exit.o)
 .text.exit     0x00000000       0x2c c:/program files (x86)/cypress/psoc creator/3.0/psoc creator/import/gnu_cs/arm/4.7.3/bin/../lib/gcc/arm-none-eabi/4.7.3/../../../../arm-none-eabi/lib/armv7-m\libc_s.a(lib_a-exit.o)
 .text          0x00000000        0x0 c:/program files (x86)/cypress/psoc creator/3.0/psoc creator/import/gnu_cs/arm/4.7.3/bin/../lib/gcc/arm-none-eabi/4.7.3/../../../../arm-none-eabi/lib/armv7-m\libc_s.a(lib_a-fini.o)
 .data          0x00000000        0x0 c:/program files (x86)/cypress/psoc creator/3.0/psoc creator/import/gnu_cs/arm/4.7.3/bin/../lib/gcc/arm-none-eabi/4.7.3/../../../../arm-none-eabi/lib/armv7-m\libc_s.a(lib_a-fini.o)
 .bss           0x00000000        0x0 c:/program files (x86)/cypress/psoc creator/3.0/psoc creator/import/gnu_cs/arm/4.7.3/bin/../lib/gcc/arm-none-eabi/4.7.3/../../../../arm-none-eabi/lib/armv7-m\libc_s.a(lib_a-fini.o)
 .text.__libc_fini_array
                0x00000000       0x2c c:/program files (x86)/cypress/psoc creator/3.0/psoc creator/import/gnu_cs/arm/4.7.3/bin/../lib/gcc/arm-none-eabi/4.7.3/../../../../arm-none-eabi/lib/armv7-m\libc_s.a(lib_a-fini.o)
 .text          0x00000000        0x0 c:/program files (x86)/cypress/psoc creator/3.0/psoc creator/import/gnu_cs/arm/4.7.3/bin/../lib/gcc/arm-none-eabi/4.7.3/../../../../arm-none-eabi/lib/armv7-m\libc_s.a(lib_a-impure.o)
 .data          0x00000000        0x0 c:/program files (x86)/cypress/psoc creator/3.0/psoc creator/import/gnu_cs/arm/4.7.3/bin/../lib/gcc/arm-none-eabi/4.7.3/../../../../arm-none-eabi/lib/armv7-m\libc_s.a(lib_a-impure.o)
 .bss           0x00000000        0x0 c:/program files (x86)/cypress/psoc creator/3.0/psoc creator/import/gnu_cs/arm/4.7.3/bin/../lib/gcc/arm-none-eabi/4.7.3/../../../../arm-none-eabi/lib/armv7-m\libc_s.a(lib_a-impure.o)
 .data.impure_data
                0x00000000       0x64 c:/program files (x86)/cypress/psoc creator/3.0/psoc creator/import/gnu_cs/arm/4.7.3/bin/../lib/gcc/arm-none-eabi/4.7.3/../../../../arm-none-eabi/lib/armv7-m\libc_s.a(lib_a-impure.o)
 .data._impure_ptr
                0x00000000        0x4 c:/program files (x86)/cypress/psoc creator/3.0/psoc creator/import/gnu_cs/arm/4.7.3/bin/../lib/gcc/arm-none-eabi/4.7.3/../../../../arm-none-eabi/lib/armv7-m\libc_s.a(lib_a-impure.o)
 .rodata.str1.1
                0x00000000        0x2 c:/program files (x86)/cypress/psoc creator/3.0/psoc creator/import/gnu_cs/arm/4.7.3/bin/../lib/gcc/arm-none-eabi/4.7.3/../../../../arm-none-eabi/lib/armv7-m\libc_s.a(lib_a-impure.o)
 .rodata._global_impure_ptr
                0x00000000        0x4 c:/program files (x86)/cypress/psoc creator/3.0/psoc creator/import/gnu_cs/arm/4.7.3/bin/../lib/gcc/arm-none-eabi/4.7.3/../../../../arm-none-eabi/lib/armv7-m\libc_s.a(lib_a-impure.o)
 .text          0x00000000        0x0 c:/program files (x86)/cypress/psoc creator/3.0/psoc creator/import/gnu_cs/arm/4.7.3/bin/../lib/gcc/arm-none-eabi/4.7.3/../../../../arm-none-eabi/lib/armv7-m\libc_s.a(lib_a-init.o)
 .data          0x00000000        0x0 c:/program files (x86)/cypress/psoc creator/3.0/psoc creator/import/gnu_cs/arm/4.7.3/bin/../lib/gcc/arm-none-eabi/4.7.3/../../../../arm-none-eabi/lib/armv7-m\libc_s.a(lib_a-init.o)
 .bss           0x00000000        0x0 c:/program files (x86)/cypress/psoc creator/3.0/psoc creator/import/gnu_cs/arm/4.7.3/bin/../lib/gcc/arm-none-eabi/4.7.3/../../../../arm-none-eabi/lib/armv7-m\libc_s.a(lib_a-init.o)
 .text          0x00000000        0x0 c:/program files (x86)/cypress/psoc creator/3.0/psoc creator/import/gnu_cs/arm/4.7.3/bin/../lib/gcc/arm-none-eabi/4.7.3/../../../../arm-none-eabi/lib/armv7-m\libc_s.a(lib_a-memcpy.o)
 .data          0x00000000        0x0 c:/program files (x86)/cypress/psoc creator/3.0/psoc creator/import/gnu_cs/arm/4.7.3/bin/../lib/gcc/arm-none-eabi/4.7.3/../../../../arm-none-eabi/lib/armv7-m\libc_s.a(lib_a-memcpy.o)
 .bss           0x00000000        0x0 c:/program files (x86)/cypress/psoc creator/3.0/psoc creator/import/gnu_cs/arm/4.7.3/bin/../lib/gcc/arm-none-eabi/4.7.3/../../../../arm-none-eabi/lib/armv7-m\libc_s.a(lib_a-memcpy.o)
 .text          0x00000000        0x0 c:/program files (x86)/cypress/psoc creator/3.0/psoc creator/import/gnu_cs/arm/4.7.3/bin/../lib/gcc/arm-none-eabi/4.7.3/../../../../arm-none-eabi/lib/armv7-m\libc_s.a(lib_a-memset.o)
 .data          0x00000000        0x0 c:/program files (x86)/cypress/psoc creator/3.0/psoc creator/import/gnu_cs/arm/4.7.3/bin/../lib/gcc/arm-none-eabi/4.7.3/../../../../arm-none-eabi/lib/armv7-m\libc_s.a(lib_a-memset.o)
 .bss           0x00000000        0x0 c:/program files (x86)/cypress/psoc creator/3.0/psoc creator/import/gnu_cs/arm/4.7.3/bin/../lib/gcc/arm-none-eabi/4.7.3/../../../../arm-none-eabi/lib/armv7-m\libc_s.a(lib_a-memset.o)
 .text          0x00000000        0x0 c:/program files (x86)/cypress/psoc creator/3.0/psoc creator/import/gnu_cs/arm/4.7.3/bin/../lib/gcc/arm-none-eabi/4.7.3/../../../../arm-none-eabi/lib/armv7-m\libc_s.a(lib_a-strlen.o)
 .data          0x00000000        0x0 c:/program files (x86)/cypress/psoc creator/3.0/psoc creator/import/gnu_cs/arm/4.7.3/bin/../lib/gcc/arm-none-eabi/4.7.3/../../../../arm-none-eabi/lib/armv7-m\libc_s.a(lib_a-strlen.o)
 .bss           0x00000000        0x0 c:/program files (x86)/cypress/psoc creator/3.0/psoc creator/import/gnu_cs/arm/4.7.3/bin/../lib/gcc/arm-none-eabi/4.7.3/../../../../arm-none-eabi/lib/armv7-m\libc_s.a(lib_a-strlen.o)
 .text          0x00000000        0x0 c:/program files (x86)/cypress/psoc creator/3.0/psoc creator/import/gnu_cs/arm/4.7.3/bin/../lib/gcc/arm-none-eabi/4.7.3/armv7-m/crtend.o
 .data          0x00000000        0x0 c:/program files (x86)/cypress/psoc creator/3.0/psoc creator/import/gnu_cs/arm/4.7.3/bin/../lib/gcc/arm-none-eabi/4.7.3/armv7-m/crtend.o
 .bss           0x00000000        0x0 c:/program files (x86)/cypress/psoc creator/3.0/psoc creator/import/gnu_cs/arm/4.7.3/bin/../lib/gcc/arm-none-eabi/4.7.3/armv7-m/crtend.o
 .text          0x00000000        0x0 c:/program files (x86)/cypress/psoc creator/3.0/psoc creator/import/gnu_cs/arm/4.7.3/bin/../lib/gcc/arm-none-eabi/4.7.3/armv7-m/crtn.o
 .data          0x00000000        0x0 c:/program files (x86)/cypress/psoc creator/3.0/psoc creator/import/gnu_cs/arm/4.7.3/bin/../lib/gcc/arm-none-eabi/4.7.3/armv7-m/crtn.o
 .bss           0x00000000        0x0 c:/program files (x86)/cypress/psoc creator/3.0/psoc creator/import/gnu_cs/arm/4.7.3/bin/../lib/gcc/arm-none-eabi/4.7.3/armv7-m/crtn.o

Memory Configuration

Name             Origin             Length             Attributes
rom              0x00000000         0x00040000         xr
ram              0x1fff8000         0x00010000         xrw
*default*        0x00000000         0xffffffff

Linker script and memory map

LOAD c:/program files (x86)/cypress/psoc creator/3.0/psoc creator/import/gnu_cs/arm/4.7.3/bin/../lib/gcc/arm-none-eabi/4.7.3/armv7-m/crti.o
LOAD c:/program files (x86)/cypress/psoc creator/3.0/psoc creator/import/gnu_cs/arm/4.7.3/bin/../lib/gcc/arm-none-eabi/4.7.3/armv7-m/crtbegin.o
LOAD c:/program files (x86)/cypress/psoc creator/3.0/psoc creator/import/gnu_cs/arm/4.7.3/bin/../lib/gcc/arm-none-eabi/4.7.3/../../../../arm-none-eabi/lib/armv7-m/crt0.o
START GROUP
LOAD .\CortexM3\ARM_GCC_473\Debug\main.o
LOAD .\CortexM3\ARM_GCC_473\Debug\cymetadata.o
LOAD .\CortexM3\ARM_GCC_473\Debug\Cm3Start.o
LOAD .\CortexM3\ARM_GCC_473\Debug\freeSoCExplorer+ArduinoSheld_Example.a
LOAD C:\Program Files (x86)\Cypress\PSoC Creator\3.0\PSoC Creator\psoc\content\cycomponentlibrary\CyComponentLibrary.cylib\CortexM3\ARM_GCC_473\Debug\CyComponentLibrary.a
END GROUP
START GROUP
LOAD c:/program files (x86)/cypress/psoc creator/3.0/psoc creator/import/gnu_cs/arm/4.7.3/bin/../lib/gcc/arm-none-eabi/4.7.3/armv7-m\libgcc.a
LOAD c:/program files (x86)/cypress/psoc creator/3.0/psoc creator/import/gnu_cs/arm/4.7.3/bin/../lib/gcc/arm-none-eabi/4.7.3/../../../../arm-none-eabi/lib/armv7-m\libc_s.a
END GROUP
LOAD c:/program files (x86)/cypress/psoc creator/3.0/psoc creator/import/gnu_cs/arm/4.7.3/bin/../lib/gcc/arm-none-eabi/4.7.3/armv7-m/crtend.o
LOAD c:/program files (x86)/cypress/psoc creator/3.0/psoc creator/import/gnu_cs/arm/4.7.3/bin/../lib/gcc/arm-none-eabi/4.7.3/armv7-m/crtn.o
START GROUP
LOAD c:/program files (x86)/cypress/psoc creator/3.0/psoc creator/import/gnu_cs/arm/4.7.3/bin/../lib/gcc/arm-none-eabi/4.7.3/armv7-m\libgcc.a
LOAD c:/program files (x86)/cypress/psoc creator/3.0/psoc creator/import/gnu_cs/arm/4.7.3/bin/../lib/gcc/arm-none-eabi/4.7.3/../../../../arm-none-eabi/lib/armv7-m\libc.a
LOAD c:/program files (x86)/cypress/psoc creator/3.0/psoc creator/import/gnu_cs/arm/4.7.3/bin/../lib/gcc/arm-none-eabi/4.7.3/../../../../arm-none-eabi/lib/armv7-m\libnosys.a
END GROUP
                0x00000000                CY_APPL_ORIGIN = 0x0
                0x00000100                CY_FLASH_ROW_SIZE = 0x100
                0x00000020                CY_ECC_ROW_SIZE = 0x20
                0x00000000                CY_EE_IN_BTLDR = 0x0
                0x00000000                CY_APPL_LOADABLE = 0x0
                0x00000800                CY_EE_SIZE = 0x800
                0x00000001                CY_APPL_NUM = 0x1
                0x00000001                CY_APPL_MAX = 0x1
                0x00000040                CY_METADATA_SIZE = 0x40
                0x1fff8168                PROVIDE (__cy_heap_start, _end)
                0x00000001                PROVIDE (__cy_region_num, ((__cy_regions_end - __cy_regions) / 0x10))
                0x20008000                PROVIDE (__cy_stack, (ORIGIN (ram) + 0x10000))
                0x20004000                PROVIDE (__cy_heap_end, (__cy_stack - 0x4000))

.cybootloader   0x00000000        0x0
 *(.cybootloader)
                0x00000000                appl1_start = CY_APPL_ORIGIN?CY_APPL_ORIGIN:ALIGN (CY_FLASH_ROW_SIZE)
                0x0001ff00                appl2_start = (appl1_start + ALIGN ((((0x40000 - appl1_start) - (0x2 * CY_FLASH_ROW_SIZE)) / 0x2), CY_FLASH_ROW_SIZE))
                0x00000000                appl_start = (CY_APPL_NUM == 0x1)?appl1_start:appl2_start
                0x00000000                ecc_offset = ((appl_start / CY_FLASH_ROW_SIZE) * CY_ECC_ROW_SIZE)
                0x00000000                ee_offset = (CY_APPL_LOADABLE && ! (CY_EE_IN_BTLDR))?((CY_EE_SIZE / CY_APPL_MAX) * (CY_APPL_NUM - 0x1)):0x0
                0x00000800                ee_size = (CY_APPL_LOADABLE && ! (CY_EE_IN_BTLDR))?(CY_EE_SIZE / CY_APPL_MAX):CY_EE_SIZE
                0x00000000                PROVIDE (CY_ECC_OFFSET, ecc_offset)

.text           0x00000000     0x1a0e
 CREATE_OBJECT_SYMBOLS
                0x00000000                PROVIDE (__cy_interrupt_vector, RomVectors)
 *(.romvectors)
 .romvectors    0x00000000       0x10 .\CortexM3\ARM_GCC_473\Debug\Cm3Start.o
                0x00000000                RomVectors
                0x00000001                ASSERT ((. != __cy_interrupt_vector), No interrupt vector)
                0x00000001                ASSERT (CY_APPL_ORIGIN?(SIZEOF (.cybootloader) <= CY_APPL_ORIGIN):0x1, Wrong image location)
                0x00000010                PROVIDE (__cy_reset, Reset)
 *(.text.Reset)
 .text.Reset    0x00000010       0x1c .\CortexM3\ARM_GCC_473\Debug\Cm3Start.o
                0x00000010                Reset
                0x00000001                ASSERT ((. != __cy_reset), No reset code)
 *(.dma_init)
                0x00000001                ASSERT ((((appl_start + .) <= 0x10000) || 0x1), DMA Init must be within the first 64k of flash)
 *(.text .text.* .gnu.linkonce.t.*)
 .text          0x0000002c       0x54 c:/program files (x86)/cypress/psoc creator/3.0/psoc creator/import/gnu_cs/arm/4.7.3/bin/../lib/gcc/arm-none-eabi/4.7.3/armv7-m/crtbegin.o
 .text.main     0x00000080      0x174 .\CortexM3\ARM_GCC_473\Debug\main.o
                0x00000080                main
 .text.IntDefaultHandler
                0x000001f4        0x8 .\CortexM3\ARM_GCC_473\Debug\Cm3Start.o
                0x000001f4                IntDefaultHandler
 .text.Start_c  0x000001fc       0xcc .\CortexM3\ARM_GCC_473\Debug\Cm3Start.o
                0x000001fc                Start_c
 .text.initialize_psoc
                0x000002c8       0xb4 .\CortexM3\ARM_GCC_473\Debug\Cm3Start.o
                0x000002c8                initialize_psoc
 .text.CYMEMZERO
                0x0000037c       0x20 .\CortexM3\ARM_GCC_473\Debug\freeSoCExplorer+ArduinoSheld_Example.a(cyfitter_cfg.o)
 .text.CYCONFIGCPY
                0x0000039c       0x20 .\CortexM3\ARM_GCC_473\Debug\freeSoCExplorer+ArduinoSheld_Example.a(cyfitter_cfg.o)
 .text.CyClockStartupError
                0x000003bc        0xc .\CortexM3\ARM_GCC_473\Debug\freeSoCExplorer+ArduinoSheld_Example.a(cyfitter_cfg.o)
 .text.cfg_write_bytes32
                0x000003c8       0x84 .\CortexM3\ARM_GCC_473\Debug\freeSoCExplorer+ArduinoSheld_Example.a(cyfitter_cfg.o)
 .text.ClockSetup
                0x0000044c      0x150 .\CortexM3\ARM_GCC_473\Debug\freeSoCExplorer+ArduinoSheld_Example.a(cyfitter_cfg.o)
 .text.AnalogSetDefault
                0x0000059c       0x50 .\CortexM3\ARM_GCC_473\Debug\freeSoCExplorer+ArduinoSheld_Example.a(cyfitter_cfg.o)
 .text.cyfitter_cfg
                0x000005ec      0x1dc .\CortexM3\ARM_GCC_473\Debug\freeSoCExplorer+ArduinoSheld_Example.a(cyfitter_cfg.o)
                0x000005ec                cyfitter_cfg
 .text.SPI0_Init
                0x000007c8       0x3c .\CortexM3\ARM_GCC_473\Debug\freeSoCExplorer+ArduinoSheld_Example.a(SPI0.o)
                0x000007c8                SPI0_Init
 .text.SPI0_Enable
                0x00000804       0x80 .\CortexM3\ARM_GCC_473\Debug\freeSoCExplorer+ArduinoSheld_Example.a(SPI0.o)
                0x00000804                SPI0_Enable
 .text.SPI0_Start
                0x00000884       0x2c .\CortexM3\ARM_GCC_473\Debug\freeSoCExplorer+ArduinoSheld_Example.a(SPI0.o)
                0x00000884                SPI0_Start
 .text.SPI0_EnableTxInt
                0x000008b0        0xc .\CortexM3\ARM_GCC_473\Debug\freeSoCExplorer+ArduinoSheld_Example.a(SPI0.o)
                0x000008b0                SPI0_EnableTxInt
 .text.SPI0_EnableRxInt
                0x000008bc        0xc .\CortexM3\ARM_GCC_473\Debug\freeSoCExplorer+ArduinoSheld_Example.a(SPI0.o)
                0x000008bc                SPI0_EnableRxInt
 .text.SPI0_ReadTxStatus
                0x000008c8       0x20 .\CortexM3\ARM_GCC_473\Debug\freeSoCExplorer+ArduinoSheld_Example.a(SPI0.o)
                0x000008c8                SPI0_ReadTxStatus
 .text.SPI0_ReadRxStatus
                0x000008e8       0x20 .\CortexM3\ARM_GCC_473\Debug\freeSoCExplorer+ArduinoSheld_Example.a(SPI0.o)
                0x000008e8                SPI0_ReadRxStatus
 .text.SPI0_WriteTxData
                0x00000908       0x38 .\CortexM3\ARM_GCC_473\Debug\freeSoCExplorer+ArduinoSheld_Example.a(SPI0.o)
                0x00000908                SPI0_WriteTxData
 .text.SPI0_ReadRxData
                0x00000940       0x20 .\CortexM3\ARM_GCC_473\Debug\freeSoCExplorer+ArduinoSheld_Example.a(SPI0.o)
                0x00000940                SPI0_ReadRxData
 .text.SPI0_GetRxBufferSize
                0x00000960       0x34 .\CortexM3\ARM_GCC_473\Debug\freeSoCExplorer+ArduinoSheld_Example.a(SPI0.o)
                0x00000960                SPI0_GetRxBufferSize
 .text.SPI0_ClearRxBuffer
                0x00000994       0x2c .\CortexM3\ARM_GCC_473\Debug\freeSoCExplorer+ArduinoSheld_Example.a(SPI0.o)
                0x00000994                SPI0_ClearRxBuffer
 .text.SPI0_ClearFIFO
                0x000009c0       0x78 .\CortexM3\ARM_GCC_473\Debug\freeSoCExplorer+ArduinoSheld_Example.a(SPI0.o)
                0x000009c0                SPI0_ClearFIFO
 .text.ETH0_W51_Select
                0x00000a38        0xc .\CortexM3\ARM_GCC_473\Debug\freeSoCExplorer+ArduinoSheld_Example.a(ETH0.o)
 .text.ETH0_W51_Write
                0x00000a44       0x50 .\CortexM3\ARM_GCC_473\Debug\freeSoCExplorer+ArduinoSheld_Example.a(ETH0.o)
                0x00000a44                ETH0_W51_Write
 .text.ETH0_W51_Read
                0x00000a94       0x74 .\CortexM3\ARM_GCC_473\Debug\freeSoCExplorer+ArduinoSheld_Example.a(ETH0.o)
                0x00000a94                ETH0_W51_Read
 .text.ETH0_W51_SetMAC
                0x00000b08       0x44 .\CortexM3\ARM_GCC_473\Debug\freeSoCExplorer+ArduinoSheld_Example.a(ETH0.o)
 .text.ETH0_W51_SetIP
                0x00000b4c       0x48 .\CortexM3\ARM_GCC_473\Debug\freeSoCExplorer+ArduinoSheld_Example.a(ETH0.o)
 .text.ETH0_W51_Write16
                0x00000b94       0x40 .\CortexM3\ARM_GCC_473\Debug\freeSoCExplorer+ArduinoSheld_Example.a(ETH0.o)
 .text.ETH0_W51_Read16
                0x00000bd4       0x44 .\CortexM3\ARM_GCC_473\Debug\freeSoCExplorer+ArduinoSheld_Example.a(ETH0.o)
 .text.ETH0_W51_WriteBlock
                0x00000c18       0x4c .\CortexM3\ARM_GCC_473\Debug\freeSoCExplorer+ArduinoSheld_Example.a(ETH0.o)
 .text.ETH0_W51_ReadBlock
                0x00000c64       0x4c .\CortexM3\ARM_GCC_473\Debug\freeSoCExplorer+ArduinoSheld_Example.a(ETH0.o)
 .text.ETH0_SetSourceMAC
                0x00000cb0       0x1c .\CortexM3\ARM_GCC_473\Debug\freeSoCExplorer+ArduinoSheld_Example.a(ETH0.o)
 .text.ETH0_SetGatewayAddress
                0x00000ccc       0x1c .\CortexM3\ARM_GCC_473\Debug\freeSoCExplorer+ArduinoSheld_Example.a(ETH0.o)
 .text.ETH0_SetSubnetMask
                0x00000ce8       0x1c .\CortexM3\ARM_GCC_473\Debug\freeSoCExplorer+ArduinoSheld_Example.a(ETH0.o)
 .text.ETH0_SetSourceIP
                0x00000d04       0x1c .\CortexM3\ARM_GCC_473\Debug\freeSoCExplorer+ArduinoSheld_Example.a(ETH0.o)
 .text.ETH0_SetMode
                0x00000d20       0x20 .\CortexM3\ARM_GCC_473\Debug\freeSoCExplorer+ArduinoSheld_Example.a(ETH0.o)
 .text.ETH0_SetIR
                0x00000d40       0x20 .\CortexM3\ARM_GCC_473\Debug\freeSoCExplorer+ArduinoSheld_Example.a(ETH0.o)
 .text.ETH0_SetRxMemSize
                0x00000d60       0x20 .\CortexM3\ARM_GCC_473\Debug\freeSoCExplorer+ArduinoSheld_Example.a(ETH0.o)
 .text.ETH0_SetTxMemSize
                0x00000d80       0x20 .\CortexM3\ARM_GCC_473\Debug\freeSoCExplorer+ArduinoSheld_Example.a(ETH0.o)
 .text.ETH0_SetSocketMode
                0x00000da0       0x30 .\CortexM3\ARM_GCC_473\Debug\freeSoCExplorer+ArduinoSheld_Example.a(ETH0.o)
 .text.ETH0_SetSocketCommand
                0x00000dd0       0x30 .\CortexM3\ARM_GCC_473\Debug\freeSoCExplorer+ArduinoSheld_Example.a(ETH0.o)
 .text.ETH0_GetSocketCommand
                0x00000e00       0x2c .\CortexM3\ARM_GCC_473\Debug\freeSoCExplorer+ArduinoSheld_Example.a(ETH0.o)
 .text.ETH0_SetSocketIR
                0x00000e2c       0x30 .\CortexM3\ARM_GCC_473\Debug\freeSoCExplorer+ArduinoSheld_Example.a(ETH0.o)
 .text.ETH0_GetSocketIR
                0x00000e5c       0x2c .\CortexM3\ARM_GCC_473\Debug\freeSoCExplorer+ArduinoSheld_Example.a(ETH0.o)
 .text.ETH0_GetSocketStatus
                0x00000e88       0x2c .\CortexM3\ARM_GCC_473\Debug\freeSoCExplorer+ArduinoSheld_Example.a(ETH0.o)
 .text.ETH0_SetSocketSourcePort
                0x00000eb4       0x30 .\CortexM3\ARM_GCC_473\Debug\freeSoCExplorer+ArduinoSheld_Example.a(ETH0.o)
 .text.ETH0_GetSocketTxFree
                0x00000ee4       0x2c .\CortexM3\ARM_GCC_473\Debug\freeSoCExplorer+ArduinoSheld_Example.a(ETH0.o)
 .text.ETH0_SetSocketTxWritePtr
                0x00000f10       0x30 .\CortexM3\ARM_GCC_473\Debug\freeSoCExplorer+ArduinoSheld_Example.a(ETH0.o)
 .text.ETH0_GetSocketTxWritePtr
                0x00000f40       0x2c .\CortexM3\ARM_GCC_473\Debug\freeSoCExplorer+ArduinoSheld_Example.a(ETH0.o)
 .text.ETH0_GetSocketRxSize
                0x00000f6c       0x2c .\CortexM3\ARM_GCC_473\Debug\freeSoCExplorer+ArduinoSheld_Example.a(ETH0.o)
 .text.ETH0_SetSocketRxReadPtr
                0x00000f98       0x30 .\CortexM3\ARM_GCC_473\Debug\freeSoCExplorer+ArduinoSheld_Example.a(ETH0.o)
 .text.ETH0_GetSocketRxReadPtr
                0x00000fc8       0x2c .\CortexM3\ARM_GCC_473\Debug\freeSoCExplorer+ArduinoSheld_Example.a(ETH0.o)
 .text.ETH0_ExecuteSocketCommand
                0x00000ff4       0x54 .\CortexM3\ARM_GCC_473\Debug\freeSoCExplorer+ArduinoSheld_Example.a(ETH0.o)
 .text.ETH0_GetTxFreeSize
                0x00001048       0x48 .\CortexM3\ARM_GCC_473\Debug\freeSoCExplorer+ArduinoSheld_Example.a(ETH0.o)
 .text.ETH0_GetRxSize
                0x00001090       0x48 .\CortexM3\ARM_GCC_473\Debug\freeSoCExplorer+ArduinoSheld_Example.a(ETH0.o)
 .text.ETH0_ProcessTxData
                0x000010d8       0xb8 .\CortexM3\ARM_GCC_473\Debug\freeSoCExplorer+ArduinoSheld_Example.a(ETH0.o)
 .text.ETH0_ProcessRxData
                0x00001190       0xc4 .\CortexM3\ARM_GCC_473\Debug\freeSoCExplorer+ArduinoSheld_Example.a(ETH0.o)
 .text.ETH0_Init
                0x00001254       0x94 .\CortexM3\ARM_GCC_473\Debug\freeSoCExplorer+ArduinoSheld_Example.a(ETH0.o)
                0x00001254                ETH0_Init
 .text.ETH0_Start
                0x000012e8       0x64 .\CortexM3\ARM_GCC_473\Debug\freeSoCExplorer+ArduinoSheld_Example.a(ETH0.o)
                0x000012e8                ETH0_Start
 .text.ETH0_ParseIP
                0x0000134c      0x150 .\CortexM3\ARM_GCC_473\Debug\freeSoCExplorer+ArduinoSheld_Example.a(ETH0.o)
                0x0000134c                ETH0_ParseIP
 .text.ETH0_SocketOpen
                0x0000149c      0x110 .\CortexM3\ARM_GCC_473\Debug\freeSoCExplorer+ArduinoSheld_Example.a(ETH0.o)
                0x0000149c                ETH0_SocketOpen
 .text.ETH0_SocketClose
                0x000015ac       0x6c .\CortexM3\ARM_GCC_473\Debug\freeSoCExplorer+ArduinoSheld_Example.a(ETH0.o)
                0x000015ac                ETH0_SocketClose
 .text.ETH0_SocketEstablished
                0x00001618       0x28 .\CortexM3\ARM_GCC_473\Debug\freeSoCExplorer+ArduinoSheld_Example.a(ETH0.o)
                0x00001618                ETH0_SocketEstablished
 .text.ETH0_SocketSend
                0x00001640       0x78 .\CortexM3\ARM_GCC_473\Debug\freeSoCExplorer+ArduinoSheld_Example.a(ETH0.o)
 .text.ETH0_SocketRxDataWaiting
                0x000016b8       0x20 .\CortexM3\ARM_GCC_473\Debug\freeSoCExplorer+ArduinoSheld_Example.a(ETH0.o)
                0x000016b8                ETH0_SocketRxDataWaiting
 .text.ETH0_TcpOpen
                0x000016d8       0x28 .\CortexM3\ARM_GCC_473\Debug\freeSoCExplorer+ArduinoSheld_Example.a(ETH0.o)
                0x000016d8                ETH0_TcpOpen
 .text.ETH0_TcpStartServer
                0x00001700       0x24 .\CortexM3\ARM_GCC_473\Debug\freeSoCExplorer+ArduinoSheld_Example.a(ETH0.o)
                0x00001700                ETH0_TcpStartServer
 .text.ETH0_TcpConnected
                0x00001724       0x20 .\CortexM3\ARM_GCC_473\Debug\freeSoCExplorer+ArduinoSheld_Example.a(ETH0.o)
                0x00001724                ETH0_TcpConnected
 .text.ETH0_TcpDisconnect
                0x00001744       0x20 .\CortexM3\ARM_GCC_473\Debug\freeSoCExplorer+ArduinoSheld_Example.a(ETH0.o)
                0x00001744                ETH0_TcpDisconnect
 .text.ETH0_TcpSend
                0x00001764       0xb4 .\CortexM3\ARM_GCC_473\Debug\freeSoCExplorer+ArduinoSheld_Example.a(ETH0.o)
                0x00001764                ETH0_TcpSend
 .text.ETH0_TcpReceive
                0x00001818       0x70 .\CortexM3\ARM_GCC_473\Debug\freeSoCExplorer+ArduinoSheld_Example.a(ETH0.o)
                0x00001818                ETH0_TcpReceive
 .text.ETH0_TcpPrint
                0x00001888       0x2c .\CortexM3\ARM_GCC_473\Debug\freeSoCExplorer+ArduinoSheld_Example.a(ETH0.o)
                0x00001888                ETH0_TcpPrint
 .text.SPI0_IntClock_Start
                0x000018b4       0x44 .\CortexM3\ARM_GCC_473\Debug\freeSoCExplorer+ArduinoSheld_Example.a(SPI0_IntClock.o)
                0x000018b4                SPI0_IntClock_Start
 .text          0x000018f8       0x28 .\CortexM3\ARM_GCC_473\Debug\freeSoCExplorer+ArduinoSheld_Example.a(CyBootAsmGnu.o)
                0x000018f8                CyDelayCycles
                0x0000190c                CyEnterCriticalSection
                0x00001914                CyExitCriticalSection
 .text.CyDelay  0x00001920       0x48 .\CortexM3\ARM_GCC_473\Debug\freeSoCExplorer+ArduinoSheld_Example.a(CyLib.o)
                0x00001920                CyDelay
 .text.CyDelayUs
                0x00001968       0x28 .\CortexM3\ARM_GCC_473\Debug\freeSoCExplorer+ArduinoSheld_Example.a(CyLib.o)
                0x00001968                CyDelayUs
 .text.__libc_init_array
                0x00001990       0x4c c:/program files (x86)/cypress/psoc creator/3.0/psoc creator/import/gnu_cs/arm/4.7.3/bin/../lib/gcc/arm-none-eabi/4.7.3/../../../../arm-none-eabi/lib/armv7-m\libc_s.a(lib_a-init.o)
                0x00001990                __libc_init_array
 .text.memcpy   0x000019dc       0x12 c:/program files (x86)/cypress/psoc creator/3.0/psoc creator/import/gnu_cs/arm/4.7.3/bin/../lib/gcc/arm-none-eabi/4.7.3/../../../../arm-none-eabi/lib/armv7-m\libc_s.a(lib_a-memcpy.o)
                0x000019dc                memcpy
 .text.memset   0x000019ee       0x10 c:/program files (x86)/cypress/psoc creator/3.0/psoc creator/import/gnu_cs/arm/4.7.3/bin/../lib/gcc/arm-none-eabi/4.7.3/../../../../arm-none-eabi/lib/armv7-m\libc_s.a(lib_a-memset.o)
                0x000019ee                memset
 .text.strlen   0x000019fe       0x10 c:/program files (x86)/cypress/psoc creator/3.0/psoc creator/import/gnu_cs/arm/4.7.3/bin/../lib/gcc/arm-none-eabi/4.7.3/../../../../arm-none-eabi/lib/armv7-m\libc_s.a(lib_a-strlen.o)
                0x000019fe                strlen
 *(.plt)
 *(.gnu.warning)
 *(.glue_7t)
 .glue_7t       0x00000000        0x0 linker stubs
 *(.glue_7)
 .glue_7        0x00000000        0x0 linker stubs
 *(.vfp11_veneer)
 .vfp11_veneer  0x00000000        0x0 linker stubs
 *(.bootloader)
 *(.ARM.extab* .gnu.linkonce.armextab.*)
 *(.gcc_except_table)

.v4_bx          0x00001a10        0x0
 .v4_bx         0x00000000        0x0 linker stubs

.iplt           0x00001a10        0x0
 .iplt          0x00000000        0x0 c:/program files (x86)/cypress/psoc creator/3.0/psoc creator/import/gnu_cs/arm/4.7.3/bin/../lib/gcc/arm-none-eabi/4.7.3/armv7-m/crtbegin.o

.eh_frame_hdr
 *(.eh_frame_hdr)

.eh_frame       0x00001a10        0x4
 *(.eh_frame)
 .eh_frame      0x00001a10        0x0 c:/program files (x86)/cypress/psoc creator/3.0/psoc creator/import/gnu_cs/arm/4.7.3/bin/../lib/gcc/arm-none-eabi/4.7.3/armv7-m/crtbegin.o
 .eh_frame      0x00001a10        0x4 c:/program files (x86)/cypress/psoc creator/3.0/psoc creator/import/gnu_cs/arm/4.7.3/bin/../lib/gcc/arm-none-eabi/4.7.3/armv7-m/crtend.o
                0x00001a14                PROVIDE (__exidx_start, .)

.ARM.exidx
 *(.ARM.exidx* .gnu.linkonce.armexidx.*)
                0x00001a14                __exidx_end = .

.rodata         0x00001a14      0x164
 *(.rodata .rodata.* .gnu.linkonce.r.*)
 .rodata        0x00001a14       0xbc .\CortexM3\ARM_GCC_473\Debug\main.o
 .rodata        0x00001ad0       0x48 .\CortexM3\ARM_GCC_473\Debug\freeSoCExplorer+ArduinoSheld_Example.a(cyfitter_cfg.o)
 .rodata        0x00001b18       0x2c .\CortexM3\ARM_GCC_473\Debug\freeSoCExplorer+ArduinoSheld_Example.a(ETH0.o)
                0x00001b44                . = ALIGN (0x4)
 *(.init)
 .init          0x00001b44        0x4 c:/program files (x86)/cypress/psoc creator/3.0/psoc creator/import/gnu_cs/arm/4.7.3/bin/../lib/gcc/arm-none-eabi/4.7.3/armv7-m/crti.o
                0x00001b44                _init
 .init          0x00001b48        0x8 c:/program files (x86)/cypress/psoc creator/3.0/psoc creator/import/gnu_cs/arm/4.7.3/bin/../lib/gcc/arm-none-eabi/4.7.3/armv7-m/crtn.o
                0x00001b50                . = ALIGN (0x4)
                0x00001b50                __preinit_array_start = .
 *(.preinit_array)
                0x00001b50                __preinit_array_end = .
                0x00001b50                . = ALIGN (0x4)
                0x00001b50                __init_array_start = .
 *(SORT(.init_array.*))
 *(.init_array)
 .init_array    0x00001b50        0x4 c:/program files (x86)/cypress/psoc creator/3.0/psoc creator/import/gnu_cs/arm/4.7.3/bin/../lib/gcc/arm-none-eabi/4.7.3/armv7-m/crtbegin.o
 .init_array    0x00001b54        0x4 .\CortexM3\ARM_GCC_473\Debug\Cm3Start.o
                0x00001b58                __init_array_end = .
                0x00001b58                . = ALIGN (0x4)
 *(.fini)
 .fini          0x00001b58        0x4 c:/program files (x86)/cypress/psoc creator/3.0/psoc creator/import/gnu_cs/arm/4.7.3/bin/../lib/gcc/arm-none-eabi/4.7.3/armv7-m/crti.o
                0x00001b58                _fini
 .fini          0x00001b5c        0x8 c:/program files (x86)/cypress/psoc creator/3.0/psoc creator/import/gnu_cs/arm/4.7.3/bin/../lib/gcc/arm-none-eabi/4.7.3/armv7-m/crtn.o
                0x00001b64                . = ALIGN (0x4)
                0x00001b64                __fini_array_start = .
 *(.fini_array)
 .fini_array    0x00001b64        0x4 c:/program files (x86)/cypress/psoc creator/3.0/psoc creator/import/gnu_cs/arm/4.7.3/bin/../lib/gcc/arm-none-eabi/4.7.3/armv7-m/crtbegin.o
 *(SORT(.fini_array.*))
                0x00001b68                __fini_array_end = .
                0x00001b68                . = ALIGN (0x4)
 *crtbegin.o(.ctors)
 *(EXCLUDE_FILE(*crtend.o) .ctors)
 *(SORT(.ctors.*))
 *crtend.o(.ctors)
                0x00001b68                . = ALIGN (0x4)
 *crtbegin.o(.dtors)
 *(EXCLUDE_FILE(*crtend.o) .dtors)
 *(SORT(.dtors.*))
 *crtend.o(.dtors)
                0x00001b68                . = ALIGN (0x4)
                0x00001b68                __cy_regions = .
                0x00001b68        0x4 LONG 0x1b78 __cy_region_init_ram
                0x00001b6c        0x4 LONG 0x1fff8108 __cy_region_start_data
                0x00001b70        0x4 LONG 0x20 __cy_region_init_size_ram
                0x00001b74        0x4 LONG 0x40 __cy_region_zero_size_ram
                0x00001b78                __cy_regions_end = .
                0x00001b78                . = ALIGN (0x8)
                0x00001b78                _etext = .

.ramvectors     0x1fff8000      0x100
                0x1fff8000                __cy_region_start_ram = .
 *(.ramvectors)
 .ramvectors    0x1fff8000      0x100 .\CortexM3\ARM_GCC_473\Debug\Cm3Start.o
                0x1fff8000                CyRamVectors

.noinit         0x1fff8100        0x5
 *(.noinit)
 .noinit        0x1fff8100        0x4 .\CortexM3\ARM_GCC_473\Debug\Cm3Start.o
 .noinit        0x1fff8104        0x1 .\CortexM3\ARM_GCC_473\Debug\freeSoCExplorer+ArduinoSheld_Example.a(CyLib.o)
                0x1fff8104                CyResetStatus

.data           0x1fff8108       0x20 load address 0x00001b78
                0x1fff8108                __cy_region_start_data = .
 *(.jcr)
 .jcr           0x1fff8108        0x0 c:/program files (x86)/cypress/psoc creator/3.0/psoc creator/import/gnu_cs/arm/4.7.3/bin/../lib/gcc/arm-none-eabi/4.7.3/armv7-m/crtbegin.o
 .jcr           0x1fff8108        0x4 c:/program files (x86)/cypress/psoc creator/3.0/psoc creator/import/gnu_cs/arm/4.7.3/bin/../lib/gcc/arm-none-eabi/4.7.3/armv7-m/crtend.o
 *(.got.plt)
 *(.got)
 *(.shdata)
 *(.data .data.* .gnu.linkonce.d.*)
 .data          0x1fff810c        0x8 .\CortexM3\ARM_GCC_473\Debug\freeSoCExplorer+ArduinoSheld_Example.a(ETH0.o)
 .data          0x1fff8114       0x10 .\CortexM3\ARM_GCC_473\Debug\freeSoCExplorer+ArduinoSheld_Example.a(CyLib.o)
                0x1fff8114                cydelay_freq_hz
                0x1fff8118                cydelay_freq_khz
                0x1fff811c                cydelay_freq_mhz
                0x1fff8120                cydelay_32k_ms
                0x1fff8128                . = ALIGN (0x8)
 *fill*         0x1fff8124        0x4 00
 *(.ram)
                0x1fff8128                _edata = .

.igot.plt       0x1fff8128        0x0 load address 0x00001b98
 .igot.plt      0x00000000        0x0 c:/program files (x86)/cypress/psoc creator/3.0/psoc creator/import/gnu_cs/arm/4.7.3/bin/../lib/gcc/arm-none-eabi/4.7.3/armv7-m/crtbegin.o

.bss            0x1fff8128       0x40 load address 0x00001b98
                0x1fff8128                PROVIDE (__bss_start__, .)
 *(.shbss)
 *(.bss .bss.* .gnu.linkonce.b.*)
 .bss           0x1fff8128       0x1c c:/program files (x86)/cypress/psoc creator/3.0/psoc creator/import/gnu_cs/arm/4.7.3/bin/../lib/gcc/arm-none-eabi/4.7.3/armv7-m/crtbegin.o
 .bss           0x1fff8144        0x1 .\CortexM3\ARM_GCC_473\Debug\freeSoCExplorer+ArduinoSheld_Example.a(SPI0.o)
                0x1fff8144                SPI0_initVar
 *fill*         0x1fff8145        0x3 00
 .bss           0x1fff8148       0x1c .\CortexM3\ARM_GCC_473\Debug\freeSoCExplorer+ArduinoSheld_Example.a(ETH0.o)
 *(COMMON)
                0x1fff8168                . = ALIGN (0x8)
 *fill*         0x1fff8164        0x4 00
 *(.ram.b)
                0x1fff8168                _end = .
                0x1fff8168                __end = .
                0x1fff8168                PROVIDE (end, .)
                0x1fff8168                PROVIDE (__bss_end__, .)
                0x00001b78                __cy_region_init_ram = LOADADDR (.data)
                0x00000020                __cy_region_init_size_ram = (_edata - ADDR (.data))
                0x00000040                __cy_region_zero_size_ram = (_end - _edata)

.heap           0x1fff8168     0x1000 load address 0x00001b98
                0x1fff8168                . = _end
                0x1fff9168                . = (. + 0x1000)
 *fill*         0x1fff8168     0x1000 00
                0x1fff9168                __cy_heap_limit = .

.stack          0x20004000     0x4000
                0x20004000                __cy_stack_limit = .
                0x20008000                . = (. + 0x4000)
 *fill*         0x20004000     0x4000 00
                0x00000001                ASSERT ((__cy_stack_limit >= __cy_heap_limit), region RAM overflowed with stack)

.cyloadermeta
 *(.cyloadermeta)

.cyloadablemeta
 *(.cyloadablemeta)

.cyconfigecc    0x80000000      0x208
 *(.cyconfigecc)
 .cyconfigecc   0x80000000      0x208 .\CortexM3\ARM_GCC_473\Debug\cymetadata.o
                0x80000000                cy_meta_configecc

.cycustnvl      0x90000000        0x4
 *(.cycustnvl)
 .cycustnvl     0x90000000        0x4 .\CortexM3\ARM_GCC_473\Debug\cymetadata.o
                0x90000000                cy_meta_custnvl

.cywolatch      0x90100000        0x4
 *(.cywolatch)
 .cywolatch     0x90100000        0x4 .\CortexM3\ARM_GCC_473\Debug\cymetadata.o
                0x90100000                cy_meta_wonvl

.cyeeprom       0x90200000        0x0
 *(.cyeeprom)
                0x00000001                ASSERT ((. <= ((0x90200000 + ee_offset) + ee_size)), .cyeeprom data will not fit in EEPROM)

.cyflashprotect
                0x90400000      0x100
 *(.cyflashprotect)
 .cyflashprotect
                0x90400000      0x100 .\CortexM3\ARM_GCC_473\Debug\cymetadata.o
                0x90400000                cy_meta_flashprotect

.cymeta         0x90500000        0xc
 *(.cymeta)
 .cymeta        0x90500000        0xc .\CortexM3\ARM_GCC_473\Debug\cymetadata.o
                0x90500000                cy_metadata

.rel.dyn        0x00001b98        0x0 load address 0x9050000c
 .rel.iplt      0x00000000        0x0 c:/program files (x86)/cypress/psoc creator/3.0/psoc creator/import/gnu_cs/arm/4.7.3/bin/../lib/gcc/arm-none-eabi/4.7.3/armv7-m/crtbegin.o

.stab
 *(.stab)

.stabstr
 *(.stabstr)

.debug
 *(.debug)

.line
 *(.line)

.debug_srcinfo
 *(.debug_srcinfo)

.debug_sfnames
 *(.debug_sfnames)

.debug_aranges  0x00000000      0x7f0
 *(.debug_aranges)
 .debug_aranges
                0x00000000       0x20 .\CortexM3\ARM_GCC_473\Debug\main.o
 .debug_aranges
                0x00000020       0x18 .\CortexM3\ARM_GCC_473\Debug\cymetadata.o
 .debug_aranges
                0x00000038       0x40 .\CortexM3\ARM_GCC_473\Debug\Cm3Start.o
 .debug_aranges
                0x00000078       0x60 .\CortexM3\ARM_GCC_473\Debug\freeSoCExplorer+ArduinoSheld_Example.a(cyfitter_cfg.o)
 .debug_aranges
                0x000000d8       0xd8 .\CortexM3\ARM_GCC_473\Debug\freeSoCExplorer+ArduinoSheld_Example.a(SPI0.o)
 .debug_aranges
                0x000001b0      0x228 .\CortexM3\ARM_GCC_473\Debug\freeSoCExplorer+ArduinoSheld_Example.a(ETH0.o)
 .debug_aranges
                0x000003d8       0x70 .\CortexM3\ARM_GCC_473\Debug\freeSoCExplorer+ArduinoSheld_Example.a(SPI0_IntClock.o)
 .debug_aranges
                0x00000448       0x20 .\CortexM3\ARM_GCC_473\Debug\freeSoCExplorer+ArduinoSheld_Example.a(CyBootAsmGnu.o)
 .debug_aranges
                0x00000468      0x218 .\CortexM3\ARM_GCC_473\Debug\freeSoCExplorer+ArduinoSheld_Example.a(CyLib.o)
 .debug_aranges
                0x00000680       0x90 .\CortexM3\ARM_GCC_473\Debug\freeSoCExplorer+ArduinoSheld_Example.a(cyPm.o)
 .debug_aranges
                0x00000710       0x78 .\CortexM3\ARM_GCC_473\Debug\freeSoCExplorer+ArduinoSheld_Example.a(CyFlash.o)
 .debug_aranges
                0x00000788       0x68 .\CortexM3\ARM_GCC_473\Debug\freeSoCExplorer+ArduinoSheld_Example.a(CySpc.o)

.debug_pubnames
 *(.debug_pubnames)

.debug_info     0x00000000     0x3d63
 *(.debug_info .gnu.linkonce.wi.*)
 .debug_info    0x00000000      0x127 .\CortexM3\ARM_GCC_473\Debug\main.o
 .debug_info    0x00000127      0x13f .\CortexM3\ARM_GCC_473\Debug\cymetadata.o
 .debug_info    0x00000266      0x2ea .\CortexM3\ARM_GCC_473\Debug\Cm3Start.o
 .debug_info    0x00000550      0x47e .\CortexM3\ARM_GCC_473\Debug\freeSoCExplorer+ArduinoSheld_Example.a(cyfitter_cfg.o)
 .debug_info    0x000009ce      0x46a .\CortexM3\ARM_GCC_473\Debug\freeSoCExplorer+ArduinoSheld_Example.a(SPI0.o)
 .debug_info    0x00000e38     0x121d .\CortexM3\ARM_GCC_473\Debug\freeSoCExplorer+ArduinoSheld_Example.a(ETH0.o)
 .debug_info    0x00002055      0x294 .\CortexM3\ARM_GCC_473\Debug\freeSoCExplorer+ArduinoSheld_Example.a(SPI0_IntClock.o)
 .debug_info    0x000022e9       0xb3 .\CortexM3\ARM_GCC_473\Debug\freeSoCExplorer+ArduinoSheld_Example.a(CyBootAsmGnu.o)
 .debug_info    0x0000239c      0xcd7 .\CortexM3\ARM_GCC_473\Debug\freeSoCExplorer+ArduinoSheld_Example.a(CyLib.o)
 .debug_info    0x00003073      0x5c3 .\CortexM3\ARM_GCC_473\Debug\freeSoCExplorer+ArduinoSheld_Example.a(cyPm.o)
 .debug_info    0x00003636      0x354 .\CortexM3\ARM_GCC_473\Debug\freeSoCExplorer+ArduinoSheld_Example.a(CyFlash.o)
 .debug_info    0x0000398a      0x3d9 .\CortexM3\ARM_GCC_473\Debug\freeSoCExplorer+ArduinoSheld_Example.a(CySpc.o)

.debug_abbrev   0x00000000      0xef1
 *(.debug_abbrev)
 .debug_abbrev  0x00000000       0x8c .\CortexM3\ARM_GCC_473\Debug\main.o
 .debug_abbrev  0x0000008c       0x66 .\CortexM3\ARM_GCC_473\Debug\cymetadata.o
 .debug_abbrev  0x000000f2      0x175 .\CortexM3\ARM_GCC_473\Debug\Cm3Start.o
 .debug_abbrev  0x00000267      0x1b9 .\CortexM3\ARM_GCC_473\Debug\freeSoCExplorer+ArduinoSheld_Example.a(cyfitter_cfg.o)
 .debug_abbrev  0x00000420      0x158 .\CortexM3\ARM_GCC_473\Debug\freeSoCExplorer+ArduinoSheld_Example.a(SPI0.o)
 .debug_abbrev  0x00000578      0x1fe .\CortexM3\ARM_GCC_473\Debug\freeSoCExplorer+ArduinoSheld_Example.a(ETH0.o)
 .debug_abbrev  0x00000776      0x11f .\CortexM3\ARM_GCC_473\Debug\freeSoCExplorer+ArduinoSheld_Example.a(SPI0_IntClock.o)
 .debug_abbrev  0x00000895       0x14 .\CortexM3\ARM_GCC_473\Debug\freeSoCExplorer+ArduinoSheld_Example.a(CyBootAsmGnu.o)
 .debug_abbrev  0x000008a9      0x207 .\CortexM3\ARM_GCC_473\Debug\freeSoCExplorer+ArduinoSheld_Example.a(CyLib.o)
 .debug_abbrev  0x00000ab0      0x170 .\CortexM3\ARM_GCC_473\Debug\freeSoCExplorer+ArduinoSheld_Example.a(cyPm.o)
 .debug_abbrev  0x00000c20      0x172 .\CortexM3\ARM_GCC_473\Debug\freeSoCExplorer+ArduinoSheld_Example.a(CyFlash.o)
 .debug_abbrev  0x00000d92      0x15f .\CortexM3\ARM_GCC_473\Debug\freeSoCExplorer+ArduinoSheld_Example.a(CySpc.o)

.debug_line     0x00000000     0x1e6d
 *(.debug_line)
 .debug_line    0x00000000      0x141 .\CortexM3\ARM_GCC_473\Debug\main.o
 .debug_line    0x00000141       0x53 .\CortexM3\ARM_GCC_473\Debug\cymetadata.o
 .debug_line    0x00000194      0x1b0 .\CortexM3\ARM_GCC_473\Debug\Cm3Start.o
 .debug_line    0x00000344      0x21f .\CortexM3\ARM_GCC_473\Debug\freeSoCExplorer+ArduinoSheld_Example.a(cyfitter_cfg.o)
 .debug_line    0x00000563      0x270 .\CortexM3\ARM_GCC_473\Debug\freeSoCExplorer+ArduinoSheld_Example.a(SPI0.o)
 .debug_line    0x000007d3      0x6be .\CortexM3\ARM_GCC_473\Debug\freeSoCExplorer+ArduinoSheld_Example.a(ETH0.o)
 .debug_line    0x00000e91      0x1a4 .\CortexM3\ARM_GCC_473\Debug\freeSoCExplorer+ArduinoSheld_Example.a(SPI0_IntClock.o)
 .debug_line    0x00001035       0x68 .\CortexM3\ARM_GCC_473\Debug\freeSoCExplorer+ArduinoSheld_Example.a(CyBootAsmGnu.o)
 .debug_line    0x0000109d      0x73b .\CortexM3\ARM_GCC_473\Debug\freeSoCExplorer+ArduinoSheld_Example.a(CyLib.o)
 .debug_line    0x000017d8      0x347 .\CortexM3\ARM_GCC_473\Debug\freeSoCExplorer+ArduinoSheld_Example.a(cyPm.o)
 .debug_line    0x00001b1f      0x1a7 .\CortexM3\ARM_GCC_473\Debug\freeSoCExplorer+ArduinoSheld_Example.a(CyFlash.o)
 .debug_line    0x00001cc6      0x1a7 .\CortexM3\ARM_GCC_473\Debug\freeSoCExplorer+ArduinoSheld_Example.a(CySpc.o)

.debug_frame    0x00000000     0x1b60
 *(.debug_frame)
 .debug_frame   0x00000000       0x30 .\CortexM3\ARM_GCC_473\Debug\main.o
 .debug_frame   0x00000030       0xa4 .\CortexM3\ARM_GCC_473\Debug\Cm3Start.o
 .debug_frame   0x000000d4      0x120 .\CortexM3\ARM_GCC_473\Debug\freeSoCExplorer+ArduinoSheld_Example.a(cyfitter_cfg.o)
 .debug_frame   0x000001f4      0x2c4 .\CortexM3\ARM_GCC_473\Debug\freeSoCExplorer+ArduinoSheld_Example.a(SPI0.o)
 .debug_frame   0x000004b8      0x850 .\CortexM3\ARM_GCC_473\Debug\freeSoCExplorer+ArduinoSheld_Example.a(ETH0.o)
 .debug_frame   0x00000d08      0x14c .\CortexM3\ARM_GCC_473\Debug\freeSoCExplorer+ArduinoSheld_Example.a(SPI0_IntClock.o)
 .debug_frame   0x00000e54      0x778 .\CortexM3\ARM_GCC_473\Debug\freeSoCExplorer+ArduinoSheld_Example.a(CyLib.o)
 .debug_frame   0x000015cc      0x1d0 .\CortexM3\ARM_GCC_473\Debug\freeSoCExplorer+ArduinoSheld_Example.a(cyPm.o)
 .debug_frame   0x0000179c      0x178 .\CortexM3\ARM_GCC_473\Debug\freeSoCExplorer+ArduinoSheld_Example.a(CyFlash.o)
 .debug_frame   0x00001914      0x13c .\CortexM3\ARM_GCC_473\Debug\freeSoCExplorer+ArduinoSheld_Example.a(CySpc.o)
 .debug_frame   0x00001a50       0x28 c:/program files (x86)/cypress/psoc creator/3.0/psoc creator/import/gnu_cs/arm/4.7.3/bin/../lib/gcc/arm-none-eabi/4.7.3/../../../../arm-none-eabi/lib/armv7-m\libc_s.a(lib_a-__atexit2.o)
 .debug_frame   0x00001a78       0x28 c:/program files (x86)/cypress/psoc creator/3.0/psoc creator/import/gnu_cs/arm/4.7.3/bin/../lib/gcc/arm-none-eabi/4.7.3/../../../../arm-none-eabi/lib/armv7-m\libc_s.a(lib_a-exit.o)
 .debug_frame   0x00001aa0       0x2c c:/program files (x86)/cypress/psoc creator/3.0/psoc creator/import/gnu_cs/arm/4.7.3/bin/../lib/gcc/arm-none-eabi/4.7.3/../../../../arm-none-eabi/lib/armv7-m\libc_s.a(lib_a-fini.o)
 .debug_frame   0x00001acc       0x2c c:/program files (x86)/cypress/psoc creator/3.0/psoc creator/import/gnu_cs/arm/4.7.3/bin/../lib/gcc/arm-none-eabi/4.7.3/../../../../arm-none-eabi/lib/armv7-m\libc_s.a(lib_a-init.o)
 .debug_frame   0x00001af8       0x28 c:/program files (x86)/cypress/psoc creator/3.0/psoc creator/import/gnu_cs/arm/4.7.3/bin/../lib/gcc/arm-none-eabi/4.7.3/../../../../arm-none-eabi/lib/armv7-m\libc_s.a(lib_a-memcpy.o)
 .debug_frame   0x00001b20       0x20 c:/program files (x86)/cypress/psoc creator/3.0/psoc creator/import/gnu_cs/arm/4.7.3/bin/../lib/gcc/arm-none-eabi/4.7.3/../../../../arm-none-eabi/lib/armv7-m\libc_s.a(lib_a-memset.o)
 .debug_frame   0x00001b40       0x20 c:/program files (x86)/cypress/psoc creator/3.0/psoc creator/import/gnu_cs/arm/4.7.3/bin/../lib/gcc/arm-none-eabi/4.7.3/../../../../arm-none-eabi/lib/armv7-m\libc_s.a(lib_a-strlen.o)

.debug_str      0x00000000     0x19b3
 *(.debug_str)
 .debug_str     0x00000000      0x15c .\CortexM3\ARM_GCC_473\Debug\main.o
                                0x195 (size before relaxing)
 .debug_str     0x0000015c       0x77 .\CortexM3\ARM_GCC_473\Debug\cymetadata.o
                                0x1c8 (size before relaxing)
 .debug_str     0x000001d3      0x119 .\CortexM3\ARM_GCC_473\Debug\Cm3Start.o
                                0x284 (size before relaxing)
 .debug_str     0x000002ec      0x18c .\CortexM3\ARM_GCC_473\Debug\freeSoCExplorer+ArduinoSheld_Example.a(cyfitter_cfg.o)
                                0x30a (size before relaxing)
 .debug_str     0x00000478      0x228 .\CortexM3\ARM_GCC_473\Debug\freeSoCExplorer+ArduinoSheld_Example.a(SPI0.o)
                                0x38a (size before relaxing)
 .debug_str     0x000006a0      0x59c .\CortexM3\ARM_GCC_473\Debug\freeSoCExplorer+ArduinoSheld_Example.a(ETH0.o)
                                0x756 (size before relaxing)
 .debug_str     0x00000c3c      0x1b2 .\CortexM3\ARM_GCC_473\Debug\freeSoCExplorer+ArduinoSheld_Example.a(SPI0_IntClock.o)
                                0x314 (size before relaxing)
 .debug_str     0x00000dee      0x637 .\CortexM3\ARM_GCC_473\Debug\freeSoCExplorer+ArduinoSheld_Example.a(CyLib.o)
                                0x7ea (size before relaxing)
 .debug_str     0x00001425      0x367 .\CortexM3\ARM_GCC_473\Debug\freeSoCExplorer+ArduinoSheld_Example.a(cyPm.o)
                                0x4f9 (size before relaxing)
 .debug_str     0x0000178c      0x129 .\CortexM3\ARM_GCC_473\Debug\freeSoCExplorer+ArduinoSheld_Example.a(CyFlash.o)
                                0x2bf (size before relaxing)
 .debug_str     0x000018b5       0xfe .\CortexM3\ARM_GCC_473\Debug\freeSoCExplorer+ArduinoSheld_Example.a(CySpc.o)
                                0x29b (size before relaxing)

.debug_loc      0x00000000     0x2cce
 *(.debug_loc)
 .debug_loc     0x00000000       0x3a .\CortexM3\ARM_GCC_473\Debug\main.o
 .debug_loc     0x0000003a      0x100 .\CortexM3\ARM_GCC_473\Debug\Cm3Start.o
 .debug_loc     0x0000013a      0x1f8 .\CortexM3\ARM_GCC_473\Debug\freeSoCExplorer+ArduinoSheld_Example.a(cyfitter_cfg.o)
 .debug_loc     0x00000332      0x4d4 .\CortexM3\ARM_GCC_473\Debug\freeSoCExplorer+ArduinoSheld_Example.a(SPI0.o)
 .debug_loc     0x00000806      0xe4c .\CortexM3\ARM_GCC_473\Debug\freeSoCExplorer+ArduinoSheld_Example.a(ETH0.o)
 .debug_loc     0x00001652      0x22c .\CortexM3\ARM_GCC_473\Debug\freeSoCExplorer+ArduinoSheld_Example.a(SPI0_IntClock.o)
 .debug_loc     0x0000187e      0xce0 .\CortexM3\ARM_GCC_473\Debug\freeSoCExplorer+ArduinoSheld_Example.a(CyLib.o)
 .debug_loc     0x0000255e      0x2e8 .\CortexM3\ARM_GCC_473\Debug\freeSoCExplorer+ArduinoSheld_Example.a(cyPm.o)
 .debug_loc     0x00002846      0x258 .\CortexM3\ARM_GCC_473\Debug\freeSoCExplorer+ArduinoSheld_Example.a(CyFlash.o)
 .debug_loc     0x00002a9e      0x230 .\CortexM3\ARM_GCC_473\Debug\freeSoCExplorer+ArduinoSheld_Example.a(CySpc.o)

.debug_macinfo
 *(.debug_macinfo)

.debug_ranges   0x00000000      0x718
 *(.debug_ranges)
 .debug_ranges  0x00000000       0x10 .\CortexM3\ARM_GCC_473\Debug\main.o
 .debug_ranges  0x00000010       0x30 .\CortexM3\ARM_GCC_473\Debug\Cm3Start.o
 .debug_ranges  0x00000040       0x50 .\CortexM3\ARM_GCC_473\Debug\freeSoCExplorer+ArduinoSheld_Example.a(cyfitter_cfg.o)
 .debug_ranges  0x00000090       0xc8 .\CortexM3\ARM_GCC_473\Debug\freeSoCExplorer+ArduinoSheld_Example.a(SPI0.o)
 .debug_ranges  0x00000158      0x218 .\CortexM3\ARM_GCC_473\Debug\freeSoCExplorer+ArduinoSheld_Example.a(ETH0.o)
 .debug_ranges  0x00000370       0x60 .\CortexM3\ARM_GCC_473\Debug\freeSoCExplorer+ArduinoSheld_Example.a(SPI0_IntClock.o)
 .debug_ranges  0x000003d0      0x208 .\CortexM3\ARM_GCC_473\Debug\freeSoCExplorer+ArduinoSheld_Example.a(CyLib.o)
 .debug_ranges  0x000005d8       0x80 .\CortexM3\ARM_GCC_473\Debug\freeSoCExplorer+ArduinoSheld_Example.a(cyPm.o)
 .debug_ranges  0x00000658       0x68 .\CortexM3\ARM_GCC_473\Debug\freeSoCExplorer+ArduinoSheld_Example.a(CyFlash.o)
 .debug_ranges  0x000006c0       0x58 .\CortexM3\ARM_GCC_473\Debug\freeSoCExplorer+ArduinoSheld_Example.a(CySpc.o)

.comment        0x00000000       0x70
 .comment       0x00000000       0x70 .\CortexM3\ARM_GCC_473\Debug\main.o
                                 0x71 (size before relaxing)
 .comment       0x00000000       0x71 .\CortexM3\ARM_GCC_473\Debug\cymetadata.o
 .comment       0x00000000       0x71 .\CortexM3\ARM_GCC_473\Debug\Cm3Start.o
 .comment       0x00000000       0x71 .\CortexM3\ARM_GCC_473\Debug\freeSoCExplorer+ArduinoSheld_Example.a(cyfitter_cfg.o)
 .comment       0x00000000       0x71 .\CortexM3\ARM_GCC_473\Debug\freeSoCExplorer+ArduinoSheld_Example.a(SPI0.o)
 .comment       0x00000000       0x71 .\CortexM3\ARM_GCC_473\Debug\freeSoCExplorer+ArduinoSheld_Example.a(ETH0.o)
 .comment       0x00000000       0x71 .\CortexM3\ARM_GCC_473\Debug\freeSoCExplorer+ArduinoSheld_Example.a(SPI0_IntClock.o)
 .comment       0x00000000       0x71 .\CortexM3\ARM_GCC_473\Debug\freeSoCExplorer+ArduinoSheld_Example.a(CyLib.o)
 .comment       0x00000000       0x71 .\CortexM3\ARM_GCC_473\Debug\freeSoCExplorer+ArduinoSheld_Example.a(cyPm.o)
 .comment       0x00000000       0x71 .\CortexM3\ARM_GCC_473\Debug\freeSoCExplorer+ArduinoSheld_Example.a(CyFlash.o)
 .comment       0x00000000       0x71 .\CortexM3\ARM_GCC_473\Debug\freeSoCExplorer+ArduinoSheld_Example.a(CySpc.o)

.debug_weaknames
 *(.debug_weaknames)

.debug_funcnames
 *(.debug_funcnames)

.debug_typenames
 *(.debug_typenames)

.debug_varnames
 *(.debug_varnames)

.note.gnu.arm.ident
 *(.note.gnu.arm.ident)

.ARM.attributes
                0x00000000       0x29
 *(.ARM.attributes)
 .ARM.attributes
                0x00000000       0x1d c:/program files (x86)/cypress/psoc creator/3.0/psoc creator/import/gnu_cs/arm/4.7.3/bin/../lib/gcc/arm-none-eabi/4.7.3/armv7-m/crti.o
 .ARM.attributes
                0x0000001d       0x2d c:/program files (x86)/cypress/psoc creator/3.0/psoc creator/import/gnu_cs/arm/4.7.3/bin/../lib/gcc/arm-none-eabi/4.7.3/armv7-m/crtbegin.o
 .ARM.attributes
                0x0000004a       0x1b c:/program files (x86)/cypress/psoc creator/3.0/psoc creator/import/gnu_cs/arm/4.7.3/bin/../lib/gcc/arm-none-eabi/4.7.3/../../../../arm-none-eabi/lib/armv7-m/crt0.o
 .ARM.attributes
                0x00000065       0x33 .\CortexM3\ARM_GCC_473\Debug\main.o
 .ARM.attributes
                0x00000098       0x33 .\CortexM3\ARM_GCC_473\Debug\cymetadata.o
 .ARM.attributes
                0x000000cb       0x33 .\CortexM3\ARM_GCC_473\Debug\Cm3Start.o
 .ARM.attributes
                0x000000fe       0x33 .\CortexM3\ARM_GCC_473\Debug\freeSoCExplorer+ArduinoSheld_Example.a(cyfitter_cfg.o)
 .ARM.attributes
                0x00000131       0x33 .\CortexM3\ARM_GCC_473\Debug\freeSoCExplorer+ArduinoSheld_Example.a(SPI0.o)
 .ARM.attributes
                0x00000164       0x33 .\CortexM3\ARM_GCC_473\Debug\freeSoCExplorer+ArduinoSheld_Example.a(ETH0.o)
 .ARM.attributes
                0x00000197       0x33 .\CortexM3\ARM_GCC_473\Debug\freeSoCExplorer+ArduinoSheld_Example.a(SPI0_IntClock.o)
 .ARM.attributes
                0x000001ca       0x21 .\CortexM3\ARM_GCC_473\Debug\freeSoCExplorer+ArduinoSheld_Example.a(CyBootAsmGnu.o)
 .ARM.attributes
                0x000001eb       0x33 .\CortexM3\ARM_GCC_473\Debug\freeSoCExplorer+ArduinoSheld_Example.a(CyLib.o)
 .ARM.attributes
                0x0000021e       0x33 .\CortexM3\ARM_GCC_473\Debug\freeSoCExplorer+ArduinoSheld_Example.a(cyPm.o)
 .ARM.attributes
                0x00000251       0x33 .\CortexM3\ARM_GCC_473\Debug\freeSoCExplorer+ArduinoSheld_Example.a(CyFlash.o)
 .ARM.attributes
                0x00000284       0x33 .\CortexM3\ARM_GCC_473\Debug\freeSoCExplorer+ArduinoSheld_Example.a(CySpc.o)
 .ARM.attributes
                0x000002b7       0x2d c:/program files (x86)/cypress/psoc creator/3.0/psoc creator/import/gnu_cs/arm/4.7.3/bin/../lib/gcc/arm-none-eabi/4.7.3/../../../../arm-none-eabi/lib/armv7-m\libc_s.a(lib_a-__atexit2.o)
 .ARM.attributes
                0x000002e4       0x2d c:/program files (x86)/cypress/psoc creator/3.0/psoc creator/import/gnu_cs/arm/4.7.3/bin/../lib/gcc/arm-none-eabi/4.7.3/../../../../arm-none-eabi/lib/armv7-m\libc_s.a(lib_a-exit.o)
 .ARM.attributes
                0x00000311       0x2d c:/program files (x86)/cypress/psoc creator/3.0/psoc creator/import/gnu_cs/arm/4.7.3/bin/../lib/gcc/arm-none-eabi/4.7.3/../../../../arm-none-eabi/lib/armv7-m\libc_s.a(lib_a-fini.o)
 .ARM.attributes
                0x0000033e       0x2d c:/program files (x86)/cypress/psoc creator/3.0/psoc creator/import/gnu_cs/arm/4.7.3/bin/../lib/gcc/arm-none-eabi/4.7.3/../../../../arm-none-eabi/lib/armv7-m\libc_s.a(lib_a-impure.o)
 .ARM.attributes
                0x0000036b       0x2d c:/program files (x86)/cypress/psoc creator/3.0/psoc creator/import/gnu_cs/arm/4.7.3/bin/../lib/gcc/arm-none-eabi/4.7.3/../../../../arm-none-eabi/lib/armv7-m\libc_s.a(lib_a-init.o)
 .ARM.attributes
                0x00000398       0x2d c:/program files (x86)/cypress/psoc creator/3.0/psoc creator/import/gnu_cs/arm/4.7.3/bin/../lib/gcc/arm-none-eabi/4.7.3/../../../../arm-none-eabi/lib/armv7-m\libc_s.a(lib_a-memcpy.o)
 .ARM.attributes
                0x000003c5       0x2d c:/program files (x86)/cypress/psoc creator/3.0/psoc creator/import/gnu_cs/arm/4.7.3/bin/../lib/gcc/arm-none-eabi/4.7.3/../../../../arm-none-eabi/lib/armv7-m\libc_s.a(lib_a-memset.o)
 .ARM.attributes
                0x000003f2       0x2d c:/program files (x86)/cypress/psoc creator/3.0/psoc creator/import/gnu_cs/arm/4.7.3/bin/../lib/gcc/arm-none-eabi/4.7.3/../../../../arm-none-eabi/lib/armv7-m\libc_s.a(lib_a-strlen.o)
 .ARM.attributes
                0x0000041f       0x2d c:/program files (x86)/cypress/psoc creator/3.0/psoc creator/import/gnu_cs/arm/4.7.3/bin/../lib/gcc/arm-none-eabi/4.7.3/armv7-m/crtend.o
 .ARM.attributes
                0x0000044c       0x1d c:/program files (x86)/cypress/psoc creator/3.0/psoc creator/import/gnu_cs/arm/4.7.3/bin/../lib/gcc/arm-none-eabi/4.7.3/armv7-m/crtn.o

/DISCARD/
 *(.note.GNU-stack)
OUTPUT(.\CortexM3\ARM_GCC_473\Debug\freeSoCExplorer+ArduinoSheld_Example.elf elf32-littlearm)
