ARM GAS  C:\Users\CHUCK~1.ERH\AppData\Local\Temp\ccKRzUTW.s 			page 1


   1              		.cpu cortex-m0
   2              		.fpu softvfp
   3              		.eabi_attribute 20, 1
   4              		.eabi_attribute 21, 1
   5              		.eabi_attribute 23, 3
   6              		.eabi_attribute 24, 1
   7              		.eabi_attribute 25, 1
   8              		.eabi_attribute 26, 1
   9              		.eabi_attribute 30, 6
  10              		.eabi_attribute 34, 0
  11              		.eabi_attribute 18, 4
  12              		.code	16
  13              		.file	"LED1_PM.c"
  14              		.text
  15              	.Ltext0:
  16              		.cfi_sections	.debug_frame
  17              		.data
  18              		.align	2
  19              		.type	LED1_backup, %object
  20              		.size	LED1_backup, 5
  21              	LED1_backup:
  22 0000 00       		.byte	0
  23 0001 00       		.byte	0
  24 0002 FF       		.byte	-1
  25 0003 FF       		.byte	-1
  26 0004 B8       		.byte	-72
  27 0005 000000   		.section	.text.LED1_SaveConfig,"ax",%progbits
  28              		.align	2
  29              		.global	LED1_SaveConfig
  30              		.code	16
  31              		.thumb_func
  32              		.type	LED1_SaveConfig, %function
  33              	LED1_SaveConfig:
  34              	.LFB0:
  35              		.file 1 ".\\Generated_Source\\PSoC4\\LED1_PM.c"
   1:.\Generated_Source\PSoC4/LED1_PM.c **** /*******************************************************************************
   2:.\Generated_Source\PSoC4/LED1_PM.c **** * File Name: LED1_PM.c
   3:.\Generated_Source\PSoC4/LED1_PM.c **** * Version 2.20
   4:.\Generated_Source\PSoC4/LED1_PM.c **** *
   5:.\Generated_Source\PSoC4/LED1_PM.c **** * Description:
   6:.\Generated_Source\PSoC4/LED1_PM.c **** *  This file provides Sleep/WakeUp APIs functionality of the PrISM component
   7:.\Generated_Source\PSoC4/LED1_PM.c **** *
   8:.\Generated_Source\PSoC4/LED1_PM.c **** * Note:
   9:.\Generated_Source\PSoC4/LED1_PM.c **** *
  10:.\Generated_Source\PSoC4/LED1_PM.c **** ********************************************************************************
  11:.\Generated_Source\PSoC4/LED1_PM.c **** * Copyright 2008-2012, Cypress Semiconductor Corporation.  All rights reserved.
  12:.\Generated_Source\PSoC4/LED1_PM.c **** * You may use this file only in accordance with the license, terms, conditions, 
  13:.\Generated_Source\PSoC4/LED1_PM.c **** * disclaimers, and limitations in the end user license agreement accompanying 
  14:.\Generated_Source\PSoC4/LED1_PM.c **** * the software package with which this file was provided.
  15:.\Generated_Source\PSoC4/LED1_PM.c **** *******************************************************************************/
  16:.\Generated_Source\PSoC4/LED1_PM.c **** 
  17:.\Generated_Source\PSoC4/LED1_PM.c **** #include "LED1.h"
  18:.\Generated_Source\PSoC4/LED1_PM.c **** 
  19:.\Generated_Source\PSoC4/LED1_PM.c **** 
  20:.\Generated_Source\PSoC4/LED1_PM.c **** /***************************************
  21:.\Generated_Source\PSoC4/LED1_PM.c **** * Local data allocation
  22:.\Generated_Source\PSoC4/LED1_PM.c **** ***************************************/
ARM GAS  C:\Users\CHUCK~1.ERH\AppData\Local\Temp\ccKRzUTW.s 			page 2


  23:.\Generated_Source\PSoC4/LED1_PM.c **** static LED1_BACKUP_STRUCT  LED1_backup = 
  24:.\Generated_Source\PSoC4/LED1_PM.c **** {
  25:.\Generated_Source\PSoC4/LED1_PM.c ****     /* enableState */
  26:.\Generated_Source\PSoC4/LED1_PM.c ****     0u,
  27:.\Generated_Source\PSoC4/LED1_PM.c ****     /* cr */
  28:.\Generated_Source\PSoC4/LED1_PM.c ****     #if(!LED1_PULSE_TYPE_HARDCODED)
  29:.\Generated_Source\PSoC4/LED1_PM.c ****        (((LED1_GREATERTHAN_OR_EQUAL == LED1_COMPARE0) ? \
  30:.\Generated_Source\PSoC4/LED1_PM.c ****                                                 LED1_CTRL_COMPARE_TYPE0_GREATER_THAN_OR_EQUAL : 0u)
  31:.\Generated_Source\PSoC4/LED1_PM.c ****         ((LED1_GREATERTHAN_OR_EQUAL == LED1_COMPARE1) ? \
  32:.\Generated_Source\PSoC4/LED1_PM.c ****                                                 LED1_CTRL_COMPARE_TYPE1_GREATER_THAN_OR_EQUAL : 0u)
  33:.\Generated_Source\PSoC4/LED1_PM.c ****     #endif /* End LED1_PULSE_TYPE_HARDCODED */
  34:.\Generated_Source\PSoC4/LED1_PM.c ****     /* seed */    
  35:.\Generated_Source\PSoC4/LED1_PM.c ****     LED1_SEED,
  36:.\Generated_Source\PSoC4/LED1_PM.c ****     /* seed_copy */    
  37:.\Generated_Source\PSoC4/LED1_PM.c ****     LED1_SEED,
  38:.\Generated_Source\PSoC4/LED1_PM.c ****     /* polynom */
  39:.\Generated_Source\PSoC4/LED1_PM.c ****     LED1_POLYNOM,
  40:.\Generated_Source\PSoC4/LED1_PM.c ****     #if(CY_UDB_V0)
  41:.\Generated_Source\PSoC4/LED1_PM.c ****         /* density0 */
  42:.\Generated_Source\PSoC4/LED1_PM.c ****         LED1_DENSITY0,
  43:.\Generated_Source\PSoC4/LED1_PM.c ****         /* density1 */
  44:.\Generated_Source\PSoC4/LED1_PM.c ****         LED1_DENSITY1,
  45:.\Generated_Source\PSoC4/LED1_PM.c ****     #endif /*End CY_UDB_V0*/
  46:.\Generated_Source\PSoC4/LED1_PM.c **** };
  47:.\Generated_Source\PSoC4/LED1_PM.c **** 
  48:.\Generated_Source\PSoC4/LED1_PM.c **** 
  49:.\Generated_Source\PSoC4/LED1_PM.c **** /*******************************************************************************
  50:.\Generated_Source\PSoC4/LED1_PM.c **** * Function Name: LED1_SaveConfig
  51:.\Generated_Source\PSoC4/LED1_PM.c **** ********************************************************************************
  52:.\Generated_Source\PSoC4/LED1_PM.c **** *
  53:.\Generated_Source\PSoC4/LED1_PM.c **** * Summary:
  54:.\Generated_Source\PSoC4/LED1_PM.c **** *  Saves the current user configuration.
  55:.\Generated_Source\PSoC4/LED1_PM.c **** *  
  56:.\Generated_Source\PSoC4/LED1_PM.c **** * Parameters:  
  57:.\Generated_Source\PSoC4/LED1_PM.c **** *  None.
  58:.\Generated_Source\PSoC4/LED1_PM.c **** *
  59:.\Generated_Source\PSoC4/LED1_PM.c **** * Return: 
  60:.\Generated_Source\PSoC4/LED1_PM.c **** *  None.
  61:.\Generated_Source\PSoC4/LED1_PM.c **** *
  62:.\Generated_Source\PSoC4/LED1_PM.c **** * Global Variables:
  63:.\Generated_Source\PSoC4/LED1_PM.c **** *  LED1_backup - modified when non-retention registers are saved.
  64:.\Generated_Source\PSoC4/LED1_PM.c **** *
  65:.\Generated_Source\PSoC4/LED1_PM.c **** * Reentrant:
  66:.\Generated_Source\PSoC4/LED1_PM.c **** *  No.
  67:.\Generated_Source\PSoC4/LED1_PM.c **** *
  68:.\Generated_Source\PSoC4/LED1_PM.c **** *******************************************************************************/
  69:.\Generated_Source\PSoC4/LED1_PM.c **** void LED1_SaveConfig(void) 
  70:.\Generated_Source\PSoC4/LED1_PM.c **** {
  36              		.loc 1 70 0
  37              		.cfi_startproc
  38 0000 80B5     		push	{r7, lr}
  39              	.LCFI0:
  40              		.cfi_def_cfa_offset 8
  41              		.cfi_offset 7, -8
  42              		.cfi_offset 14, -4
  43 0002 00AF     		add	r7, sp, #0
  44              	.LCFI1:
ARM GAS  C:\Users\CHUCK~1.ERH\AppData\Local\Temp\ccKRzUTW.s 			page 3


  45              		.cfi_def_cfa_register 7
  71:.\Generated_Source\PSoC4/LED1_PM.c ****     #if (CY_UDB_V0)
  72:.\Generated_Source\PSoC4/LED1_PM.c ****         #if(!LED1_PULSE_TYPE_HARDCODED)
  73:.\Generated_Source\PSoC4/LED1_PM.c ****             LED1_backup.cr = LED1_CONTROL_REG;
  74:.\Generated_Source\PSoC4/LED1_PM.c ****         #endif /* End LED1_PULSE_TYPE_HARDCODED */
  75:.\Generated_Source\PSoC4/LED1_PM.c ****         LED1_backup.seed = LED1_ReadSeed();
  76:.\Generated_Source\PSoC4/LED1_PM.c ****         LED1_backup.seed_copy = CY_GET_REG8(LED1_SEED_COPY_PTR);
  77:.\Generated_Source\PSoC4/LED1_PM.c ****         LED1_backup.polynom = LED1_ReadPolynomial();
  78:.\Generated_Source\PSoC4/LED1_PM.c ****         LED1_backup.density0 = LED1_ReadPulse0();
  79:.\Generated_Source\PSoC4/LED1_PM.c ****         LED1_backup.density1 = LED1_ReadPulse1();
  80:.\Generated_Source\PSoC4/LED1_PM.c ****     #else /* CY_UDB_V1 */
  81:.\Generated_Source\PSoC4/LED1_PM.c ****         #if(!LED1_PULSE_TYPE_HARDCODED)
  82:.\Generated_Source\PSoC4/LED1_PM.c ****             LED1_backup.cr = LED1_CONTROL_REG;
  46              		.loc 1 82 0
  47 0004 0B4B     		ldr	r3, .L2
  48 0006 1B78     		ldrb	r3, [r3]
  49 0008 DAB2     		uxtb	r2, r3
  50 000a 0B4B     		ldr	r3, .L2+4
  51 000c 5A70     		strb	r2, [r3, #1]
  83:.\Generated_Source\PSoC4/LED1_PM.c ****         #endif /* End LED1_PULSE_TYPE_HARDCODED */
  84:.\Generated_Source\PSoC4/LED1_PM.c ****         LED1_backup.seed = LED1_ReadSeed();
  52              		.loc 1 84 0
  53 000e FFF7FEFF 		bl	LED1_ReadSeed
  54 0012 031C     		mov	r3, r0
  55 0014 1A1C     		mov	r2, r3
  56 0016 084B     		ldr	r3, .L2+4
  57 0018 9A70     		strb	r2, [r3, #2]
  85:.\Generated_Source\PSoC4/LED1_PM.c ****         LED1_backup.seed_copy = CY_GET_REG8(LED1_SEED_COPY_PTR);
  58              		.loc 1 85 0
  59 001a 084B     		ldr	r3, .L2+8
  60 001c 1B78     		ldrb	r3, [r3]
  61 001e DAB2     		uxtb	r2, r3
  62 0020 054B     		ldr	r3, .L2+4
  63 0022 DA70     		strb	r2, [r3, #3]
  86:.\Generated_Source\PSoC4/LED1_PM.c ****         LED1_backup.polynom = LED1_ReadPolynomial();
  64              		.loc 1 86 0
  65 0024 FFF7FEFF 		bl	LED1_ReadPolynomial
  66 0028 031C     		mov	r3, r0
  67 002a 1A1C     		mov	r2, r3
  68 002c 024B     		ldr	r3, .L2+4
  69 002e 1A71     		strb	r2, [r3, #4]
  87:.\Generated_Source\PSoC4/LED1_PM.c ****     #endif  /* CY_UDB_V0 */
  88:.\Generated_Source\PSoC4/LED1_PM.c **** }
  70              		.loc 1 88 0
  71 0030 BD46     		mov	sp, r7
  72              		@ sp needed for prologue
  73 0032 80BD     		pop	{r7, pc}
  74              	.L3:
  75              		.align	2
  76              	.L2:
  77 0034 72000F40 		.word	1074724978
  78 0038 00000000 		.word	LED1_backup
  79 003c 42000F40 		.word	1074724930
  80              		.cfi_endproc
  81              	.LFE0:
  82              		.size	LED1_SaveConfig, .-LED1_SaveConfig
  83              		.section	.text.LED1_RestoreConfig,"ax",%progbits
ARM GAS  C:\Users\CHUCK~1.ERH\AppData\Local\Temp\ccKRzUTW.s 			page 4


  84              		.align	2
  85              		.global	LED1_RestoreConfig
  86              		.code	16
  87              		.thumb_func
  88              		.type	LED1_RestoreConfig, %function
  89              	LED1_RestoreConfig:
  90              	.LFB1:
  89:.\Generated_Source\PSoC4/LED1_PM.c **** 
  90:.\Generated_Source\PSoC4/LED1_PM.c **** 
  91:.\Generated_Source\PSoC4/LED1_PM.c **** /*******************************************************************************
  92:.\Generated_Source\PSoC4/LED1_PM.c **** * Function Name: LED1_RestoreConfig
  93:.\Generated_Source\PSoC4/LED1_PM.c **** ********************************************************************************
  94:.\Generated_Source\PSoC4/LED1_PM.c **** *
  95:.\Generated_Source\PSoC4/LED1_PM.c **** * Summary:
  96:.\Generated_Source\PSoC4/LED1_PM.c **** *  Restores the current user configuration.
  97:.\Generated_Source\PSoC4/LED1_PM.c **** *
  98:.\Generated_Source\PSoC4/LED1_PM.c **** * Parameters:  
  99:.\Generated_Source\PSoC4/LED1_PM.c **** *  None.
 100:.\Generated_Source\PSoC4/LED1_PM.c **** *
 101:.\Generated_Source\PSoC4/LED1_PM.c **** * Return: 
 102:.\Generated_Source\PSoC4/LED1_PM.c **** *  None.
 103:.\Generated_Source\PSoC4/LED1_PM.c **** *
 104:.\Generated_Source\PSoC4/LED1_PM.c **** * Global Variables:
 105:.\Generated_Source\PSoC4/LED1_PM.c **** *  LED1_backup - used when non-retention registers are restored.
 106:.\Generated_Source\PSoC4/LED1_PM.c **** *
 107:.\Generated_Source\PSoC4/LED1_PM.c **** *******************************************************************************/
 108:.\Generated_Source\PSoC4/LED1_PM.c **** void LED1_RestoreConfig(void) 
 109:.\Generated_Source\PSoC4/LED1_PM.c **** {
  91              		.loc 1 109 0
  92              		.cfi_startproc
  93 0000 80B5     		push	{r7, lr}
  94              	.LCFI2:
  95              		.cfi_def_cfa_offset 8
  96              		.cfi_offset 7, -8
  97              		.cfi_offset 14, -4
  98 0002 00AF     		add	r7, sp, #0
  99              	.LCFI3:
 100              		.cfi_def_cfa_register 7
 110:.\Generated_Source\PSoC4/LED1_PM.c ****     #if (CY_UDB_V0)
 111:.\Generated_Source\PSoC4/LED1_PM.c ****     
 112:.\Generated_Source\PSoC4/LED1_PM.c ****         uint8 enableInterrupts;
 113:.\Generated_Source\PSoC4/LED1_PM.c ****         
 114:.\Generated_Source\PSoC4/LED1_PM.c ****         #if(!LED1_PULSE_TYPE_HARDCODED)
 115:.\Generated_Source\PSoC4/LED1_PM.c ****             LED1_CONTROL_REG = LED1_backup.cr;
 116:.\Generated_Source\PSoC4/LED1_PM.c ****         #endif /* End LED1_PULSE_TYPE_HARDCODED */
 117:.\Generated_Source\PSoC4/LED1_PM.c **** 
 118:.\Generated_Source\PSoC4/LED1_PM.c ****         CY_SET_REG8(LED1_SEED_COPY_PTR, LED1_backup.seed_copy);
 119:.\Generated_Source\PSoC4/LED1_PM.c ****         CY_SET_REG8(LED1_SEED_PTR, LED1_backup.seed);
 120:.\Generated_Source\PSoC4/LED1_PM.c ****         LED1_WritePolynomial(LED1_backup.polynom);
 121:.\Generated_Source\PSoC4/LED1_PM.c ****         LED1_WritePulse0(LED1_backup.density0);
 122:.\Generated_Source\PSoC4/LED1_PM.c ****         LED1_WritePulse1(LED1_backup.density1);
 123:.\Generated_Source\PSoC4/LED1_PM.c ****         
 124:.\Generated_Source\PSoC4/LED1_PM.c ****         enableInterrupts = CyEnterCriticalSection();
 125:.\Generated_Source\PSoC4/LED1_PM.c ****         /* Set FIFO0_CLR bit to use FIFO0 as a simple one-byte buffer*/
 126:.\Generated_Source\PSoC4/LED1_PM.c ****         CY_SET_REG8(LED1_AUX_CONTROL_PTR, 
 127:.\Generated_Source\PSoC4/LED1_PM.c ****                         CY_GET_REG8(LED1_AUX_CONTROL_PTR) | LED1_FIFO0_CLR);
 128:.\Generated_Source\PSoC4/LED1_PM.c ****         CyExitCriticalSection(enableInterrupts);
ARM GAS  C:\Users\CHUCK~1.ERH\AppData\Local\Temp\ccKRzUTW.s 			page 5


 129:.\Generated_Source\PSoC4/LED1_PM.c **** 
 130:.\Generated_Source\PSoC4/LED1_PM.c ****     #else   /* CY_UDB_V1 */
 131:.\Generated_Source\PSoC4/LED1_PM.c **** 
 132:.\Generated_Source\PSoC4/LED1_PM.c ****         #if(!LED1_PULSE_TYPE_HARDCODED)
 133:.\Generated_Source\PSoC4/LED1_PM.c ****             LED1_CONTROL_REG = LED1_backup.cr;
 101              		.loc 1 133 0
 102 0004 094B     		ldr	r3, .L5
 103 0006 0A4A     		ldr	r2, .L5+4
 104 0008 5278     		ldrb	r2, [r2, #1]
 105 000a 1A70     		strb	r2, [r3]
 134:.\Generated_Source\PSoC4/LED1_PM.c ****         #endif /* End LED1_PULSE_TYPE_HARDCODED */
 135:.\Generated_Source\PSoC4/LED1_PM.c **** 
 136:.\Generated_Source\PSoC4/LED1_PM.c ****         CY_SET_REG8(LED1_SEED_COPY_PTR, LED1_backup.seed_copy);
 106              		.loc 1 136 0
 107 000c 094B     		ldr	r3, .L5+8
 108 000e 084A     		ldr	r2, .L5+4
 109 0010 D278     		ldrb	r2, [r2, #3]
 110 0012 1A70     		strb	r2, [r3]
 137:.\Generated_Source\PSoC4/LED1_PM.c ****         CY_SET_REG8(LED1_SEED_PTR, LED1_backup.seed);
 111              		.loc 1 137 0
 112 0014 084B     		ldr	r3, .L5+12
 113 0016 064A     		ldr	r2, .L5+4
 114 0018 9278     		ldrb	r2, [r2, #2]
 115 001a 1A70     		strb	r2, [r3]
 138:.\Generated_Source\PSoC4/LED1_PM.c ****         LED1_WritePolynomial(LED1_backup.polynom);
 116              		.loc 1 138 0
 117 001c 044B     		ldr	r3, .L5+4
 118 001e 1B79     		ldrb	r3, [r3, #4]
 119 0020 181C     		mov	r0, r3
 120 0022 FFF7FEFF 		bl	LED1_WritePolynomial
 139:.\Generated_Source\PSoC4/LED1_PM.c ****     
 140:.\Generated_Source\PSoC4/LED1_PM.c ****     #endif  /* End CY_UDB_V0 */
 141:.\Generated_Source\PSoC4/LED1_PM.c **** }
 121              		.loc 1 141 0
 122 0026 BD46     		mov	sp, r7
 123              		@ sp needed for prologue
 124 0028 80BD     		pop	{r7, pc}
 125              	.L6:
 126 002a C046     		.align	2
 127              	.L5:
 128 002c 72000F40 		.word	1074724978
 129 0030 00000000 		.word	LED1_backup
 130 0034 42000F40 		.word	1074724930
 131 0038 02000F40 		.word	1074724866
 132              		.cfi_endproc
 133              	.LFE1:
 134              		.size	LED1_RestoreConfig, .-LED1_RestoreConfig
 135              		.section	.text.LED1_Sleep,"ax",%progbits
 136              		.align	2
 137              		.global	LED1_Sleep
 138              		.code	16
 139              		.thumb_func
 140              		.type	LED1_Sleep, %function
 141              	LED1_Sleep:
 142              	.LFB2:
 142:.\Generated_Source\PSoC4/LED1_PM.c **** 
 143:.\Generated_Source\PSoC4/LED1_PM.c **** 
ARM GAS  C:\Users\CHUCK~1.ERH\AppData\Local\Temp\ccKRzUTW.s 			page 6


 144:.\Generated_Source\PSoC4/LED1_PM.c **** /*******************************************************************************
 145:.\Generated_Source\PSoC4/LED1_PM.c **** * Function Name: LED1_Sleep
 146:.\Generated_Source\PSoC4/LED1_PM.c **** ********************************************************************************
 147:.\Generated_Source\PSoC4/LED1_PM.c **** *
 148:.\Generated_Source\PSoC4/LED1_PM.c **** * Summary:
 149:.\Generated_Source\PSoC4/LED1_PM.c **** *  Stops and saves the user configuration
 150:.\Generated_Source\PSoC4/LED1_PM.c **** *  
 151:.\Generated_Source\PSoC4/LED1_PM.c **** * Parameters:  
 152:.\Generated_Source\PSoC4/LED1_PM.c **** *  None.
 153:.\Generated_Source\PSoC4/LED1_PM.c **** *
 154:.\Generated_Source\PSoC4/LED1_PM.c **** * Return: 
 155:.\Generated_Source\PSoC4/LED1_PM.c **** *  None.
 156:.\Generated_Source\PSoC4/LED1_PM.c **** *
 157:.\Generated_Source\PSoC4/LED1_PM.c **** * Global Variables:
 158:.\Generated_Source\PSoC4/LED1_PM.c **** *  LED1_backup - modified when non-retention registers are saved.
 159:.\Generated_Source\PSoC4/LED1_PM.c **** *
 160:.\Generated_Source\PSoC4/LED1_PM.c **** * Reentrant:
 161:.\Generated_Source\PSoC4/LED1_PM.c **** *  No.
 162:.\Generated_Source\PSoC4/LED1_PM.c **** *
 163:.\Generated_Source\PSoC4/LED1_PM.c **** *******************************************************************************/
 164:.\Generated_Source\PSoC4/LED1_PM.c **** void LED1_Sleep(void) 
 165:.\Generated_Source\PSoC4/LED1_PM.c **** {
 143              		.loc 1 165 0
 144              		.cfi_startproc
 145 0000 80B5     		push	{r7, lr}
 146              	.LCFI4:
 147              		.cfi_def_cfa_offset 8
 148              		.cfi_offset 7, -8
 149              		.cfi_offset 14, -4
 150 0002 00AF     		add	r7, sp, #0
 151              	.LCFI5:
 152              		.cfi_def_cfa_register 7
 166:.\Generated_Source\PSoC4/LED1_PM.c ****     #if(!LED1_PULSE_TYPE_HARDCODED)
 167:.\Generated_Source\PSoC4/LED1_PM.c ****         if((LED1_CONTROL_REG & LED1_CTRL_ENABLE) != 0u) 
 153              		.loc 1 167 0
 154 0004 094B     		ldr	r3, .L10
 155 0006 1B78     		ldrb	r3, [r3]
 156 0008 DBB2     		uxtb	r3, r3
 157 000a 1A1C     		mov	r2, r3
 158 000c 0123     		mov	r3, #1
 159 000e 1340     		and	r3, r2
 160 0010 03D0     		beq	.L8
 168:.\Generated_Source\PSoC4/LED1_PM.c ****         {
 169:.\Generated_Source\PSoC4/LED1_PM.c ****             LED1_backup.enableState = 1u;
 161              		.loc 1 169 0
 162 0012 074B     		ldr	r3, .L10+4
 163 0014 0122     		mov	r2, #1
 164 0016 1A70     		strb	r2, [r3]
 165 0018 02E0     		b	.L9
 166              	.L8:
 170:.\Generated_Source\PSoC4/LED1_PM.c ****         }
 171:.\Generated_Source\PSoC4/LED1_PM.c ****         else
 172:.\Generated_Source\PSoC4/LED1_PM.c ****         {
 173:.\Generated_Source\PSoC4/LED1_PM.c ****             LED1_backup.enableState = 0u;
 167              		.loc 1 173 0
 168 001a 054B     		ldr	r3, .L10+4
 169 001c 0022     		mov	r2, #0
ARM GAS  C:\Users\CHUCK~1.ERH\AppData\Local\Temp\ccKRzUTW.s 			page 7


 170 001e 1A70     		strb	r2, [r3]
 171              	.L9:
 174:.\Generated_Source\PSoC4/LED1_PM.c ****         }
 175:.\Generated_Source\PSoC4/LED1_PM.c ****     #endif /* End LED1_PULSE_TYPE_HARDCODED */
 176:.\Generated_Source\PSoC4/LED1_PM.c ****     LED1_Stop();
 172              		.loc 1 176 0
 173 0020 FFF7FEFF 		bl	LED1_Stop
 177:.\Generated_Source\PSoC4/LED1_PM.c ****     LED1_SaveConfig();
 174              		.loc 1 177 0
 175 0024 FFF7FEFF 		bl	LED1_SaveConfig
 178:.\Generated_Source\PSoC4/LED1_PM.c **** }
 176              		.loc 1 178 0
 177 0028 BD46     		mov	sp, r7
 178              		@ sp needed for prologue
 179 002a 80BD     		pop	{r7, pc}
 180              	.L11:
 181              		.align	2
 182              	.L10:
 183 002c 72000F40 		.word	1074724978
 184 0030 00000000 		.word	LED1_backup
 185              		.cfi_endproc
 186              	.LFE2:
 187              		.size	LED1_Sleep, .-LED1_Sleep
 188              		.section	.text.LED1_Wakeup,"ax",%progbits
 189              		.align	2
 190              		.global	LED1_Wakeup
 191              		.code	16
 192              		.thumb_func
 193              		.type	LED1_Wakeup, %function
 194              	LED1_Wakeup:
 195              	.LFB3:
 179:.\Generated_Source\PSoC4/LED1_PM.c **** 
 180:.\Generated_Source\PSoC4/LED1_PM.c **** 
 181:.\Generated_Source\PSoC4/LED1_PM.c **** /*******************************************************************************
 182:.\Generated_Source\PSoC4/LED1_PM.c **** * Function Name: LED1_Wakeup
 183:.\Generated_Source\PSoC4/LED1_PM.c **** ********************************************************************************
 184:.\Generated_Source\PSoC4/LED1_PM.c **** *
 185:.\Generated_Source\PSoC4/LED1_PM.c **** * Summary:
 186:.\Generated_Source\PSoC4/LED1_PM.c **** *  Restores and enables the user configuration
 187:.\Generated_Source\PSoC4/LED1_PM.c **** *  
 188:.\Generated_Source\PSoC4/LED1_PM.c **** * Parameters:  
 189:.\Generated_Source\PSoC4/LED1_PM.c **** *  None.
 190:.\Generated_Source\PSoC4/LED1_PM.c **** *
 191:.\Generated_Source\PSoC4/LED1_PM.c **** * Return: 
 192:.\Generated_Source\PSoC4/LED1_PM.c **** *  None.
 193:.\Generated_Source\PSoC4/LED1_PM.c **** *
 194:.\Generated_Source\PSoC4/LED1_PM.c **** * Global Variables:
 195:.\Generated_Source\PSoC4/LED1_PM.c **** *  LED1_backup - used when non-retention registers are restored.
 196:.\Generated_Source\PSoC4/LED1_PM.c **** *
 197:.\Generated_Source\PSoC4/LED1_PM.c **** *******************************************************************************/
 198:.\Generated_Source\PSoC4/LED1_PM.c **** void LED1_Wakeup(void) 
 199:.\Generated_Source\PSoC4/LED1_PM.c **** {
 196              		.loc 1 199 0
 197              		.cfi_startproc
 198 0000 80B5     		push	{r7, lr}
 199              	.LCFI6:
 200              		.cfi_def_cfa_offset 8
ARM GAS  C:\Users\CHUCK~1.ERH\AppData\Local\Temp\ccKRzUTW.s 			page 8


 201              		.cfi_offset 7, -8
 202              		.cfi_offset 14, -4
 203 0002 00AF     		add	r7, sp, #0
 204              	.LCFI7:
 205              		.cfi_def_cfa_register 7
 200:.\Generated_Source\PSoC4/LED1_PM.c ****     LED1_RestoreConfig();
 206              		.loc 1 200 0
 207 0004 FFF7FEFF 		bl	LED1_RestoreConfig
 201:.\Generated_Source\PSoC4/LED1_PM.c ****     if(LED1_backup.enableState != 0u)
 208              		.loc 1 201 0
 209 0008 034B     		ldr	r3, .L14
 210 000a 1B78     		ldrb	r3, [r3]
 211 000c 002B     		cmp	r3, #0
 212 000e 01D0     		beq	.L12
 202:.\Generated_Source\PSoC4/LED1_PM.c ****     {
 203:.\Generated_Source\PSoC4/LED1_PM.c ****         LED1_Enable();
 213              		.loc 1 203 0
 214 0010 FFF7FEFF 		bl	LED1_Enable
 215              	.L12:
 204:.\Generated_Source\PSoC4/LED1_PM.c ****     } 
 205:.\Generated_Source\PSoC4/LED1_PM.c **** }
 216              		.loc 1 205 0
 217 0014 BD46     		mov	sp, r7
 218              		@ sp needed for prologue
 219 0016 80BD     		pop	{r7, pc}
 220              	.L15:
 221              		.align	2
 222              	.L14:
 223 0018 00000000 		.word	LED1_backup
 224              		.cfi_endproc
 225              	.LFE3:
 226              		.size	LED1_Wakeup, .-LED1_Wakeup
 227              		.text
 228              	.Letext0:
 229              		.file 2 ".\\Generated_Source\\PSoC4\\cytypes.h"
 230              		.file 3 ".\\Generated_Source\\PSoC4\\LED1.h"
 231              		.section	.debug_info,"",%progbits
 232              	.Ldebug_info0:
 233 0000 65010000 		.4byte	0x165
 234 0004 0200     		.2byte	0x2
 235 0006 00000000 		.4byte	.Ldebug_abbrev0
 236 000a 04       		.byte	0x4
 237 000b 01       		.uleb128 0x1
 238 000c 27000000 		.4byte	.LASF24
 239 0010 01       		.byte	0x1
 240 0011 CF010000 		.4byte	.LASF25
 241 0015 B1000000 		.4byte	.LASF26
 242 0019 00000000 		.4byte	.Ldebug_ranges0+0
 243 001d 00000000 		.4byte	0
 244 0021 00000000 		.4byte	0
 245 0025 00000000 		.4byte	.Ldebug_line0
 246 0029 02       		.uleb128 0x2
 247 002a 01       		.byte	0x1
 248 002b 06       		.byte	0x6
 249 002c 69010000 		.4byte	.LASF0
 250 0030 02       		.uleb128 0x2
 251 0031 01       		.byte	0x1
ARM GAS  C:\Users\CHUCK~1.ERH\AppData\Local\Temp\ccKRzUTW.s 			page 9


 252 0032 08       		.byte	0x8
 253 0033 11010000 		.4byte	.LASF1
 254 0037 02       		.uleb128 0x2
 255 0038 02       		.byte	0x2
 256 0039 05       		.byte	0x5
 257 003a 99010000 		.4byte	.LASF2
 258 003e 02       		.uleb128 0x2
 259 003f 02       		.byte	0x2
 260 0040 07       		.byte	0x7
 261 0041 56010000 		.4byte	.LASF3
 262 0045 02       		.uleb128 0x2
 263 0046 04       		.byte	0x4
 264 0047 05       		.byte	0x5
 265 0048 2E010000 		.4byte	.LASF4
 266 004c 02       		.uleb128 0x2
 267 004d 04       		.byte	0x4
 268 004e 07       		.byte	0x7
 269 004f 76000000 		.4byte	.LASF5
 270 0053 02       		.uleb128 0x2
 271 0054 08       		.byte	0x8
 272 0055 05       		.byte	0x5
 273 0056 00000000 		.4byte	.LASF6
 274 005a 02       		.uleb128 0x2
 275 005b 08       		.byte	0x8
 276 005c 07       		.byte	0x7
 277 005d 88000000 		.4byte	.LASF7
 278 0061 03       		.uleb128 0x3
 279 0062 04       		.byte	0x4
 280 0063 05       		.byte	0x5
 281 0064 696E7400 		.ascii	"int\000"
 282 0068 02       		.uleb128 0x2
 283 0069 04       		.byte	0x4
 284 006a 07       		.byte	0x7
 285 006b 1A000000 		.4byte	.LASF8
 286 006f 04       		.uleb128 0x4
 287 0070 70000000 		.4byte	.LASF12
 288 0074 02       		.byte	0x2
 289 0075 5B       		.byte	0x5b
 290 0076 30000000 		.4byte	0x30
 291 007a 02       		.uleb128 0x2
 292 007b 04       		.byte	0x4
 293 007c 04       		.byte	0x4
 294 007d 9F000000 		.4byte	.LASF9
 295 0081 02       		.uleb128 0x2
 296 0082 08       		.byte	0x8
 297 0083 04       		.byte	0x4
 298 0084 4F010000 		.4byte	.LASF10
 299 0088 02       		.uleb128 0x2
 300 0089 01       		.byte	0x1
 301 008a 08       		.byte	0x8
 302 008b 1F010000 		.4byte	.LASF11
 303 008f 04       		.uleb128 0x4
 304 0090 A3010000 		.4byte	.LASF13
 305 0094 02       		.byte	0x2
 306 0095 F0       		.byte	0xf0
 307 0096 9A000000 		.4byte	0x9a
 308 009a 05       		.uleb128 0x5
ARM GAS  C:\Users\CHUCK~1.ERH\AppData\Local\Temp\ccKRzUTW.s 			page 10


 309 009b 6F000000 		.4byte	0x6f
 310 009f 02       		.uleb128 0x2
 311 00a0 04       		.byte	0x4
 312 00a1 07       		.byte	0x7
 313 00a2 C6010000 		.4byte	.LASF14
 314 00a6 06       		.uleb128 0x6
 315 00a7 05       		.byte	0x5
 316 00a8 03       		.byte	0x3
 317 00a9 33       		.byte	0x33
 318 00aa F4000000 		.4byte	0xf4
 319 00ae 07       		.uleb128 0x7
 320 00af 0E000000 		.4byte	.LASF15
 321 00b3 03       		.byte	0x3
 322 00b4 35       		.byte	0x35
 323 00b5 6F000000 		.4byte	0x6f
 324 00b9 02       		.byte	0x2
 325 00ba 23       		.byte	0x23
 326 00bb 00       		.uleb128 0
 327 00bc 08       		.uleb128 0x8
 328 00bd 637200   		.ascii	"cr\000"
 329 00c0 03       		.byte	0x3
 330 00c1 37       		.byte	0x37
 331 00c2 6F000000 		.4byte	0x6f
 332 00c6 02       		.byte	0x2
 333 00c7 23       		.byte	0x23
 334 00c8 01       		.uleb128 0x1
 335 00c9 07       		.uleb128 0x7
 336 00ca 4A010000 		.4byte	.LASF16
 337 00ce 03       		.byte	0x3
 338 00cf 39       		.byte	0x39
 339 00d0 6F000000 		.4byte	0x6f
 340 00d4 02       		.byte	0x2
 341 00d5 23       		.byte	0x23
 342 00d6 02       		.uleb128 0x2
 343 00d7 07       		.uleb128 0x7
 344 00d8 24010000 		.4byte	.LASF17
 345 00dc 03       		.byte	0x3
 346 00dd 3A       		.byte	0x3a
 347 00de 6F000000 		.4byte	0x6f
 348 00e2 02       		.byte	0x2
 349 00e3 23       		.byte	0x23
 350 00e4 03       		.uleb128 0x3
 351 00e5 07       		.uleb128 0x7
 352 00e6 81010000 		.4byte	.LASF18
 353 00ea 03       		.byte	0x3
 354 00eb 3B       		.byte	0x3b
 355 00ec 6F000000 		.4byte	0x6f
 356 00f0 02       		.byte	0x2
 357 00f1 23       		.byte	0x23
 358 00f2 04       		.uleb128 0x4
 359 00f3 00       		.byte	0
 360 00f4 04       		.uleb128 0x4
 361 00f5 37010000 		.4byte	.LASF19
 362 00f9 03       		.byte	0x3
 363 00fa 40       		.byte	0x40
 364 00fb A6000000 		.4byte	0xa6
 365 00ff 09       		.uleb128 0x9
ARM GAS  C:\Users\CHUCK~1.ERH\AppData\Local\Temp\ccKRzUTW.s 			page 11


 366 0100 01       		.byte	0x1
 367 0101 89010000 		.4byte	.LASF20
 368 0105 01       		.byte	0x1
 369 0106 45       		.byte	0x45
 370 0107 01       		.byte	0x1
 371 0108 00000000 		.4byte	.LFB0
 372 010c 40000000 		.4byte	.LFE0
 373 0110 00000000 		.4byte	.LLST0
 374 0114 01       		.byte	0x1
 375 0115 09       		.uleb128 0x9
 376 0116 01       		.byte	0x1
 377 0117 B3010000 		.4byte	.LASF21
 378 011b 01       		.byte	0x1
 379 011c 6C       		.byte	0x6c
 380 011d 01       		.byte	0x1
 381 011e 00000000 		.4byte	.LFB1
 382 0122 3C000000 		.4byte	.LFE1
 383 0126 2C000000 		.4byte	.LLST1
 384 012a 01       		.byte	0x1
 385 012b 09       		.uleb128 0x9
 386 012c 01       		.byte	0x1
 387 012d A8010000 		.4byte	.LASF22
 388 0131 01       		.byte	0x1
 389 0132 A4       		.byte	0xa4
 390 0133 01       		.byte	0x1
 391 0134 00000000 		.4byte	.LFB2
 392 0138 34000000 		.4byte	.LFE2
 393 013c 58000000 		.4byte	.LLST2
 394 0140 01       		.byte	0x1
 395 0141 09       		.uleb128 0x9
 396 0142 01       		.byte	0x1
 397 0143 75010000 		.4byte	.LASF23
 398 0147 01       		.byte	0x1
 399 0148 C6       		.byte	0xc6
 400 0149 01       		.byte	0x1
 401 014a 00000000 		.4byte	.LFB3
 402 014e 1C000000 		.4byte	.LFE3
 403 0152 84000000 		.4byte	.LLST3
 404 0156 01       		.byte	0x1
 405 0157 0A       		.uleb128 0xa
 406 0158 A5000000 		.4byte	.LASF27
 407 015c 01       		.byte	0x1
 408 015d 17       		.byte	0x17
 409 015e F4000000 		.4byte	0xf4
 410 0162 05       		.byte	0x5
 411 0163 03       		.byte	0x3
 412 0164 00000000 		.4byte	LED1_backup
 413 0168 00       		.byte	0
 414              		.section	.debug_abbrev,"",%progbits
 415              	.Ldebug_abbrev0:
 416 0000 01       		.uleb128 0x1
 417 0001 11       		.uleb128 0x11
 418 0002 01       		.byte	0x1
 419 0003 25       		.uleb128 0x25
 420 0004 0E       		.uleb128 0xe
 421 0005 13       		.uleb128 0x13
 422 0006 0B       		.uleb128 0xb
ARM GAS  C:\Users\CHUCK~1.ERH\AppData\Local\Temp\ccKRzUTW.s 			page 12


 423 0007 03       		.uleb128 0x3
 424 0008 0E       		.uleb128 0xe
 425 0009 1B       		.uleb128 0x1b
 426 000a 0E       		.uleb128 0xe
 427 000b 55       		.uleb128 0x55
 428 000c 06       		.uleb128 0x6
 429 000d 11       		.uleb128 0x11
 430 000e 01       		.uleb128 0x1
 431 000f 52       		.uleb128 0x52
 432 0010 01       		.uleb128 0x1
 433 0011 10       		.uleb128 0x10
 434 0012 06       		.uleb128 0x6
 435 0013 00       		.byte	0
 436 0014 00       		.byte	0
 437 0015 02       		.uleb128 0x2
 438 0016 24       		.uleb128 0x24
 439 0017 00       		.byte	0
 440 0018 0B       		.uleb128 0xb
 441 0019 0B       		.uleb128 0xb
 442 001a 3E       		.uleb128 0x3e
 443 001b 0B       		.uleb128 0xb
 444 001c 03       		.uleb128 0x3
 445 001d 0E       		.uleb128 0xe
 446 001e 00       		.byte	0
 447 001f 00       		.byte	0
 448 0020 03       		.uleb128 0x3
 449 0021 24       		.uleb128 0x24
 450 0022 00       		.byte	0
 451 0023 0B       		.uleb128 0xb
 452 0024 0B       		.uleb128 0xb
 453 0025 3E       		.uleb128 0x3e
 454 0026 0B       		.uleb128 0xb
 455 0027 03       		.uleb128 0x3
 456 0028 08       		.uleb128 0x8
 457 0029 00       		.byte	0
 458 002a 00       		.byte	0
 459 002b 04       		.uleb128 0x4
 460 002c 16       		.uleb128 0x16
 461 002d 00       		.byte	0
 462 002e 03       		.uleb128 0x3
 463 002f 0E       		.uleb128 0xe
 464 0030 3A       		.uleb128 0x3a
 465 0031 0B       		.uleb128 0xb
 466 0032 3B       		.uleb128 0x3b
 467 0033 0B       		.uleb128 0xb
 468 0034 49       		.uleb128 0x49
 469 0035 13       		.uleb128 0x13
 470 0036 00       		.byte	0
 471 0037 00       		.byte	0
 472 0038 05       		.uleb128 0x5
 473 0039 35       		.uleb128 0x35
 474 003a 00       		.byte	0
 475 003b 49       		.uleb128 0x49
 476 003c 13       		.uleb128 0x13
 477 003d 00       		.byte	0
 478 003e 00       		.byte	0
 479 003f 06       		.uleb128 0x6
ARM GAS  C:\Users\CHUCK~1.ERH\AppData\Local\Temp\ccKRzUTW.s 			page 13


 480 0040 13       		.uleb128 0x13
 481 0041 01       		.byte	0x1
 482 0042 0B       		.uleb128 0xb
 483 0043 0B       		.uleb128 0xb
 484 0044 3A       		.uleb128 0x3a
 485 0045 0B       		.uleb128 0xb
 486 0046 3B       		.uleb128 0x3b
 487 0047 0B       		.uleb128 0xb
 488 0048 01       		.uleb128 0x1
 489 0049 13       		.uleb128 0x13
 490 004a 00       		.byte	0
 491 004b 00       		.byte	0
 492 004c 07       		.uleb128 0x7
 493 004d 0D       		.uleb128 0xd
 494 004e 00       		.byte	0
 495 004f 03       		.uleb128 0x3
 496 0050 0E       		.uleb128 0xe
 497 0051 3A       		.uleb128 0x3a
 498 0052 0B       		.uleb128 0xb
 499 0053 3B       		.uleb128 0x3b
 500 0054 0B       		.uleb128 0xb
 501 0055 49       		.uleb128 0x49
 502 0056 13       		.uleb128 0x13
 503 0057 38       		.uleb128 0x38
 504 0058 0A       		.uleb128 0xa
 505 0059 00       		.byte	0
 506 005a 00       		.byte	0
 507 005b 08       		.uleb128 0x8
 508 005c 0D       		.uleb128 0xd
 509 005d 00       		.byte	0
 510 005e 03       		.uleb128 0x3
 511 005f 08       		.uleb128 0x8
 512 0060 3A       		.uleb128 0x3a
 513 0061 0B       		.uleb128 0xb
 514 0062 3B       		.uleb128 0x3b
 515 0063 0B       		.uleb128 0xb
 516 0064 49       		.uleb128 0x49
 517 0065 13       		.uleb128 0x13
 518 0066 38       		.uleb128 0x38
 519 0067 0A       		.uleb128 0xa
 520 0068 00       		.byte	0
 521 0069 00       		.byte	0
 522 006a 09       		.uleb128 0x9
 523 006b 2E       		.uleb128 0x2e
 524 006c 00       		.byte	0
 525 006d 3F       		.uleb128 0x3f
 526 006e 0C       		.uleb128 0xc
 527 006f 03       		.uleb128 0x3
 528 0070 0E       		.uleb128 0xe
 529 0071 3A       		.uleb128 0x3a
 530 0072 0B       		.uleb128 0xb
 531 0073 3B       		.uleb128 0x3b
 532 0074 0B       		.uleb128 0xb
 533 0075 27       		.uleb128 0x27
 534 0076 0C       		.uleb128 0xc
 535 0077 11       		.uleb128 0x11
 536 0078 01       		.uleb128 0x1
ARM GAS  C:\Users\CHUCK~1.ERH\AppData\Local\Temp\ccKRzUTW.s 			page 14


 537 0079 12       		.uleb128 0x12
 538 007a 01       		.uleb128 0x1
 539 007b 40       		.uleb128 0x40
 540 007c 06       		.uleb128 0x6
 541 007d 9642     		.uleb128 0x2116
 542 007f 0C       		.uleb128 0xc
 543 0080 00       		.byte	0
 544 0081 00       		.byte	0
 545 0082 0A       		.uleb128 0xa
 546 0083 34       		.uleb128 0x34
 547 0084 00       		.byte	0
 548 0085 03       		.uleb128 0x3
 549 0086 0E       		.uleb128 0xe
 550 0087 3A       		.uleb128 0x3a
 551 0088 0B       		.uleb128 0xb
 552 0089 3B       		.uleb128 0x3b
 553 008a 0B       		.uleb128 0xb
 554 008b 49       		.uleb128 0x49
 555 008c 13       		.uleb128 0x13
 556 008d 02       		.uleb128 0x2
 557 008e 0A       		.uleb128 0xa
 558 008f 00       		.byte	0
 559 0090 00       		.byte	0
 560 0091 00       		.byte	0
 561              		.section	.debug_loc,"",%progbits
 562              	.Ldebug_loc0:
 563              	.LLST0:
 564 0000 00000000 		.4byte	.LFB0
 565 0004 02000000 		.4byte	.LCFI0
 566 0008 0200     		.2byte	0x2
 567 000a 7D       		.byte	0x7d
 568 000b 00       		.sleb128 0
 569 000c 02000000 		.4byte	.LCFI0
 570 0010 04000000 		.4byte	.LCFI1
 571 0014 0200     		.2byte	0x2
 572 0016 7D       		.byte	0x7d
 573 0017 08       		.sleb128 8
 574 0018 04000000 		.4byte	.LCFI1
 575 001c 40000000 		.4byte	.LFE0
 576 0020 0200     		.2byte	0x2
 577 0022 77       		.byte	0x77
 578 0023 08       		.sleb128 8
 579 0024 00000000 		.4byte	0
 580 0028 00000000 		.4byte	0
 581              	.LLST1:
 582 002c 00000000 		.4byte	.LFB1
 583 0030 02000000 		.4byte	.LCFI2
 584 0034 0200     		.2byte	0x2
 585 0036 7D       		.byte	0x7d
 586 0037 00       		.sleb128 0
 587 0038 02000000 		.4byte	.LCFI2
 588 003c 04000000 		.4byte	.LCFI3
 589 0040 0200     		.2byte	0x2
 590 0042 7D       		.byte	0x7d
 591 0043 08       		.sleb128 8
 592 0044 04000000 		.4byte	.LCFI3
 593 0048 3C000000 		.4byte	.LFE1
ARM GAS  C:\Users\CHUCK~1.ERH\AppData\Local\Temp\ccKRzUTW.s 			page 15


 594 004c 0200     		.2byte	0x2
 595 004e 77       		.byte	0x77
 596 004f 08       		.sleb128 8
 597 0050 00000000 		.4byte	0
 598 0054 00000000 		.4byte	0
 599              	.LLST2:
 600 0058 00000000 		.4byte	.LFB2
 601 005c 02000000 		.4byte	.LCFI4
 602 0060 0200     		.2byte	0x2
 603 0062 7D       		.byte	0x7d
 604 0063 00       		.sleb128 0
 605 0064 02000000 		.4byte	.LCFI4
 606 0068 04000000 		.4byte	.LCFI5
 607 006c 0200     		.2byte	0x2
 608 006e 7D       		.byte	0x7d
 609 006f 08       		.sleb128 8
 610 0070 04000000 		.4byte	.LCFI5
 611 0074 34000000 		.4byte	.LFE2
 612 0078 0200     		.2byte	0x2
 613 007a 77       		.byte	0x77
 614 007b 08       		.sleb128 8
 615 007c 00000000 		.4byte	0
 616 0080 00000000 		.4byte	0
 617              	.LLST3:
 618 0084 00000000 		.4byte	.LFB3
 619 0088 02000000 		.4byte	.LCFI6
 620 008c 0200     		.2byte	0x2
 621 008e 7D       		.byte	0x7d
 622 008f 00       		.sleb128 0
 623 0090 02000000 		.4byte	.LCFI6
 624 0094 04000000 		.4byte	.LCFI7
 625 0098 0200     		.2byte	0x2
 626 009a 7D       		.byte	0x7d
 627 009b 08       		.sleb128 8
 628 009c 04000000 		.4byte	.LCFI7
 629 00a0 1C000000 		.4byte	.LFE3
 630 00a4 0200     		.2byte	0x2
 631 00a6 77       		.byte	0x77
 632 00a7 08       		.sleb128 8
 633 00a8 00000000 		.4byte	0
 634 00ac 00000000 		.4byte	0
 635              		.section	.debug_aranges,"",%progbits
 636 0000 34000000 		.4byte	0x34
 637 0004 0200     		.2byte	0x2
 638 0006 00000000 		.4byte	.Ldebug_info0
 639 000a 04       		.byte	0x4
 640 000b 00       		.byte	0
 641 000c 0000     		.2byte	0
 642 000e 0000     		.2byte	0
 643 0010 00000000 		.4byte	.LFB0
 644 0014 40000000 		.4byte	.LFE0-.LFB0
 645 0018 00000000 		.4byte	.LFB1
 646 001c 3C000000 		.4byte	.LFE1-.LFB1
 647 0020 00000000 		.4byte	.LFB2
 648 0024 34000000 		.4byte	.LFE2-.LFB2
 649 0028 00000000 		.4byte	.LFB3
 650 002c 1C000000 		.4byte	.LFE3-.LFB3
ARM GAS  C:\Users\CHUCK~1.ERH\AppData\Local\Temp\ccKRzUTW.s 			page 16


 651 0030 00000000 		.4byte	0
 652 0034 00000000 		.4byte	0
 653              		.section	.debug_ranges,"",%progbits
 654              	.Ldebug_ranges0:
 655 0000 00000000 		.4byte	.LFB0
 656 0004 40000000 		.4byte	.LFE0
 657 0008 00000000 		.4byte	.LFB1
 658 000c 3C000000 		.4byte	.LFE1
 659 0010 00000000 		.4byte	.LFB2
 660 0014 34000000 		.4byte	.LFE2
 661 0018 00000000 		.4byte	.LFB3
 662 001c 1C000000 		.4byte	.LFE3
 663 0020 00000000 		.4byte	0
 664 0024 00000000 		.4byte	0
 665              		.section	.debug_line,"",%progbits
 666              	.Ldebug_line0:
 667 0000 AE000000 		.section	.debug_str,"MS",%progbits,1
 667      02005000 
 667      00000201 
 667      FB0E0D00 
 667      01010101 
 668              	.LASF6:
 669 0000 6C6F6E67 		.ascii	"long long int\000"
 669      206C6F6E 
 669      6720696E 
 669      7400
 670              	.LASF15:
 671 000e 656E6162 		.ascii	"enableState\000"
 671      6C655374 
 671      61746500 
 672              	.LASF8:
 673 001a 756E7369 		.ascii	"unsigned int\000"
 673      676E6564 
 673      20696E74 
 673      00
 674              	.LASF24:
 675 0027 474E5520 		.ascii	"GNU C 4.7.3 20130312 (release) [ARM/embedded-4_7-br"
 675      4320342E 
 675      372E3320 
 675      32303133 
 675      30333132 
 676 005a 616E6368 		.ascii	"anch revision 196615]\000"
 676      20726576 
 676      6973696F 
 676      6E203139 
 676      36363135 
 677              	.LASF12:
 678 0070 75696E74 		.ascii	"uint8\000"
 678      3800
 679              	.LASF5:
 680 0076 6C6F6E67 		.ascii	"long unsigned int\000"
 680      20756E73 
 680      69676E65 
 680      6420696E 
 680      7400
 681              	.LASF7:
 682 0088 6C6F6E67 		.ascii	"long long unsigned int\000"
ARM GAS  C:\Users\CHUCK~1.ERH\AppData\Local\Temp\ccKRzUTW.s 			page 17


 682      206C6F6E 
 682      6720756E 
 682      7369676E 
 682      65642069 
 683              	.LASF9:
 684 009f 666C6F61 		.ascii	"float\000"
 684      7400
 685              	.LASF27:
 686 00a5 4C454431 		.ascii	"LED1_backup\000"
 686      5F626163 
 686      6B757000 
 687              	.LASF26:
 688 00b1 433A5C55 		.ascii	"C:\\Users\\chuck.erhardt\\Documents\\PSoC Creator\\"
 688      73657273 
 688      5C636875 
 688      636B2E65 
 688      72686172 
 689 00df 4532466F 		.ascii	"E2ForLife\\PSoCPioneer+ArduinoShield_Example.cydsn\000"
 689      724C6966 
 689      655C5053 
 689      6F435069 
 689      6F6E6565 
 690              	.LASF1:
 691 0111 756E7369 		.ascii	"unsigned char\000"
 691      676E6564 
 691      20636861 
 691      7200
 692              	.LASF11:
 693 011f 63686172 		.ascii	"char\000"
 693      00
 694              	.LASF17:
 695 0124 73656564 		.ascii	"seed_copy\000"
 695      5F636F70 
 695      7900
 696              	.LASF4:
 697 012e 6C6F6E67 		.ascii	"long int\000"
 697      20696E74 
 697      00
 698              	.LASF19:
 699 0137 4C454431 		.ascii	"LED1_BACKUP_STRUCT\000"
 699      5F424143 
 699      4B55505F 
 699      53545255 
 699      435400
 700              	.LASF16:
 701 014a 73656564 		.ascii	"seed\000"
 701      00
 702              	.LASF10:
 703 014f 646F7562 		.ascii	"double\000"
 703      6C6500
 704              	.LASF3:
 705 0156 73686F72 		.ascii	"short unsigned int\000"
 705      7420756E 
 705      7369676E 
 705      65642069 
 705      6E7400
 706              	.LASF0:
ARM GAS  C:\Users\CHUCK~1.ERH\AppData\Local\Temp\ccKRzUTW.s 			page 18


 707 0169 7369676E 		.ascii	"signed char\000"
 707      65642063 
 707      68617200 
 708              	.LASF23:
 709 0175 4C454431 		.ascii	"LED1_Wakeup\000"
 709      5F57616B 
 709      65757000 
 710              	.LASF18:
 711 0181 706F6C79 		.ascii	"polynom\000"
 711      6E6F6D00 
 712              	.LASF20:
 713 0189 4C454431 		.ascii	"LED1_SaveConfig\000"
 713      5F536176 
 713      65436F6E 
 713      66696700 
 714              	.LASF2:
 715 0199 73686F72 		.ascii	"short int\000"
 715      7420696E 
 715      7400
 716              	.LASF13:
 717 01a3 72656738 		.ascii	"reg8\000"
 717      00
 718              	.LASF22:
 719 01a8 4C454431 		.ascii	"LED1_Sleep\000"
 719      5F536C65 
 719      657000
 720              	.LASF21:
 721 01b3 4C454431 		.ascii	"LED1_RestoreConfig\000"
 721      5F526573 
 721      746F7265 
 721      436F6E66 
 721      696700
 722              	.LASF14:
 723 01c6 73697A65 		.ascii	"sizetype\000"
 723      74797065 
 723      00
 724              	.LASF25:
 725 01cf 2E5C4765 		.ascii	".\\Generated_Source\\PSoC4\\LED1_PM.c\000"
 725      6E657261 
 725      7465645F 
 725      536F7572 
 725      63655C50 
 726              		.ident	"GCC: (GNU Tools for ARM Embedded Processors) 4.7.3 20130312 (release) [ARM/embedded-4_7-br
