Archive member included because of file (symbol)

.\CortexM0\ARM_GCC_473\Debug\PSoCPioneer+ArduinoShield_Example.a(cyfitter_cfg.o)
                              .\CortexM0\ARM_GCC_473\Debug\Cm0Start.o (cyfitter_cfg)
.\CortexM0\ARM_GCC_473\Debug\PSoCPioneer+ArduinoShield_Example.a(ETH0.o)
                              .\CortexM0\ARM_GCC_473\Debug\main.o (ETH0_SocketClose)
.\CortexM0\ARM_GCC_473\Debug\PSoCPioneer+ArduinoShield_Example.a(SDCS.o)
                              .\CortexM0\ARM_GCC_473\Debug\main.o (SDCS_Write)
.\CortexM0\ARM_GCC_473\Debug\PSoCPioneer+ArduinoShield_Example.a(CyLib.o)
                              .\CortexM0\ARM_GCC_473\Debug\PSoCPioneer+ArduinoShield_Example.a(cyfitter_cfg.o) (CyDelayUs)
.\CortexM0\ARM_GCC_473\Debug\PSoCPioneer+ArduinoShield_Example.a(SPI0.o)
                              .\CortexM0\ARM_GCC_473\Debug\PSoCPioneer+ArduinoShield_Example.a(ETH0.o) (SPI0_initVar)
.\CortexM0\ARM_GCC_473\Debug\PSoCPioneer+ArduinoShield_Example.a(SPI0_SPI_UART.o)
                              .\CortexM0\ARM_GCC_473\Debug\PSoCPioneer+ArduinoShield_Example.a(ETH0.o) (SPI0_SpiUartReadRxData)
.\CortexM0\ARM_GCC_473\Debug\PSoCPioneer+ArduinoShield_Example.a(SPI0_SPI.o)
                              .\CortexM0\ARM_GCC_473\Debug\PSoCPioneer+ArduinoShield_Example.a(SPI0.o) (SPI0_SpiInit)
.\CortexM0\ARM_GCC_473\Debug\PSoCPioneer+ArduinoShield_Example.a(SPI0_ss1_m.o)
                              .\CortexM0\ARM_GCC_473\Debug\PSoCPioneer+ArduinoShield_Example.a(ETH0.o) (SPI0_ss1_m_Read)
.\CortexM0\ARM_GCC_473\Debug\PSoCPioneer+ArduinoShield_Example.a(LED1.o)
                              .\CortexM0\ARM_GCC_473\Debug\main.o (LED1_Start)
.\CortexM0\ARM_GCC_473\Debug\PSoCPioneer+ArduinoShield_Example.a(LED0.o)
                              .\CortexM0\ARM_GCC_473\Debug\main.o (LED0_Start)
.\CortexM0\ARM_GCC_473\Debug\PSoCPioneer+ArduinoShield_Example.a(CyBootAsmGnu.o)
                              .\CortexM0\ARM_GCC_473\Debug\PSoCPioneer+ArduinoShield_Example.a(CyLib.o) (CyDelayCycles)
c:/program files (x86)/cypress/psoc creator/3.0/psoc creator/import/gnu_cs/arm/4.7.3/bin/../lib/gcc/arm-none-eabi/4.7.3/armv6-m\libgcc.a(_udivsi3.o)
                              .\CortexM0\ARM_GCC_473\Debug\PSoCPioneer+ArduinoShield_Example.a(CyLib.o) (__aeabi_uidiv)
c:/program files (x86)/cypress/psoc creator/3.0/psoc creator/import/gnu_cs/arm/4.7.3/bin/../lib/gcc/arm-none-eabi/4.7.3/armv6-m\libgcc.a(_divsi3.o)
                              .\CortexM0\ARM_GCC_473\Debug\Cm0Start.o (__aeabi_idiv)
c:/program files (x86)/cypress/psoc creator/3.0/psoc creator/import/gnu_cs/arm/4.7.3/bin/../lib/gcc/arm-none-eabi/4.7.3/armv6-m\libgcc.a(_dvmd_tls.o)
                              c:/program files (x86)/cypress/psoc creator/3.0/psoc creator/import/gnu_cs/arm/4.7.3/bin/../lib/gcc/arm-none-eabi/4.7.3/armv6-m\libgcc.a(_udivsi3.o) (__aeabi_idiv0)
c:/program files (x86)/cypress/psoc creator/3.0/psoc creator/import/gnu_cs/arm/4.7.3/bin/../lib/gcc/arm-none-eabi/4.7.3/../../../../arm-none-eabi/lib/armv6-m\libc_s.a(lib_a-__atexit2.o)
                              c:/program files (x86)/cypress/psoc creator/3.0/psoc creator/import/gnu_cs/arm/4.7.3/bin/../lib/gcc/arm-none-eabi/4.7.3/../../../../arm-none-eabi/lib/armv6-m/crt0.o (__register_exitproc)
c:/program files (x86)/cypress/psoc creator/3.0/psoc creator/import/gnu_cs/arm/4.7.3/bin/../lib/gcc/arm-none-eabi/4.7.3/../../../../arm-none-eabi/lib/armv6-m\libc_s.a(lib_a-exit.o)
                              c:/program files (x86)/cypress/psoc creator/3.0/psoc creator/import/gnu_cs/arm/4.7.3/bin/../lib/gcc/arm-none-eabi/4.7.3/../../../../arm-none-eabi/lib/armv6-m/crt0.o (exit)
c:/program files (x86)/cypress/psoc creator/3.0/psoc creator/import/gnu_cs/arm/4.7.3/bin/../lib/gcc/arm-none-eabi/4.7.3/../../../../arm-none-eabi/lib/armv6-m\libc_s.a(lib_a-fini.o)
                              c:/program files (x86)/cypress/psoc creator/3.0/psoc creator/import/gnu_cs/arm/4.7.3/bin/../lib/gcc/arm-none-eabi/4.7.3/../../../../arm-none-eabi/lib/armv6-m/crt0.o (__libc_fini_array)
c:/program files (x86)/cypress/psoc creator/3.0/psoc creator/import/gnu_cs/arm/4.7.3/bin/../lib/gcc/arm-none-eabi/4.7.3/../../../../arm-none-eabi/lib/armv6-m\libc_s.a(lib_a-impure.o)
                              c:/program files (x86)/cypress/psoc creator/3.0/psoc creator/import/gnu_cs/arm/4.7.3/bin/../lib/gcc/arm-none-eabi/4.7.3/../../../../arm-none-eabi/lib/armv6-m\libc_s.a(lib_a-exit.o) (_global_impure_ptr)
c:/program files (x86)/cypress/psoc creator/3.0/psoc creator/import/gnu_cs/arm/4.7.3/bin/../lib/gcc/arm-none-eabi/4.7.3/../../../../arm-none-eabi/lib/armv6-m\libc_s.a(lib_a-init.o)
                              c:/program files (x86)/cypress/psoc creator/3.0/psoc creator/import/gnu_cs/arm/4.7.3/bin/../lib/gcc/arm-none-eabi/4.7.3/../../../../arm-none-eabi/lib/armv6-m/crt0.o (__libc_init_array)
[...]
Memory Configuration

Name             Origin             Length             Attributes
rom              0x00000000         0x00008000         xr
ram              0x20000000         0x00001000         xrw
*default*        0x00000000         0xffffffff

Linker script and memory map

LOAD c:/program files (x86)/cypress/psoc creator/3.0/psoc creator/import/gnu_cs/arm/4.7.3/bin/../lib/gcc/arm-none-eabi/4.7.3/armv6-m/crti.o
LOAD c:/program files (x86)/cypress/psoc creator/3.0/psoc creator/import/gnu_cs/arm/4.7.3/bin/../lib/gcc/arm-none-eabi/4.7.3/armv6-m/crtbegin.o
LOAD c:/program files (x86)/cypress/psoc creator/3.0/psoc creator/import/gnu_cs/arm/4.7.3/bin/../lib/gcc/arm-none-eabi/4.7.3/../../../../arm-none-eabi/lib/armv6-m/crt0.o
START GROUP
LOAD .\CortexM0\ARM_GCC_473\Debug\main.o
LOAD .\CortexM0\ARM_GCC_473\Debug\cymetadata.o
LOAD .\CortexM0\ARM_GCC_473\Debug\Cm0Start.o
LOAD .\CortexM0\ARM_GCC_473\Debug\PSoCPioneer+ArduinoShield_Example.a
LOAD C:\Program Files (x86)\Cypress\PSoC Creator\3.0\PSoC Creator\psoc\content\cycomponentlibrary\CyComponentLibrary.cylib\CortexM0\ARM_GCC_473\Debug\CyComponentLibrary.a
END GROUP
START GROUP
LOAD c:/program files (x86)/cypress/psoc creator/3.0/psoc creator/import/gnu_cs/arm/4.7.3/bin/../lib/gcc/arm-none-eabi/4.7.3/armv6-m\libgcc.a
LOAD c:/program files (x86)/cypress/psoc creator/3.0/psoc creator/import/gnu_cs/arm/4.7.3/bin/../lib/gcc/arm-none-eabi/4.7.3/../../../../arm-none-eabi/lib/armv6-m\libc_s.a
END GROUP
LOAD c:/program files (x86)/cypress/psoc creator/3.0/psoc creator/import/gnu_cs/arm/4.7.3/bin/../lib/gcc/arm-none-eabi/4.7.3/armv6-m/crtend.o
LOAD c:/program files (x86)/cypress/psoc creator/3.0/psoc creator/import/gnu_cs/arm/4.7.3/bin/../lib/gcc/arm-none-eabi/4.7.3/armv6-m/crtn.o
START GROUP
LOAD c:/program files (x86)/cypress/psoc creator/3.0/psoc creator/import/gnu_cs/arm/4.7.3/bin/../lib/gcc/arm-none-eabi/4.7.3/armv6-m\libgcc.a
LOAD c:/program files (x86)/cypress/psoc creator/3.0/psoc creator/import/gnu_cs/arm/4.7.3/bin/../lib/gcc/arm-none-eabi/4.7.3/../../../../arm-none-eabi/lib/armv6-m\libc.a
LOAD c:/program files (x86)/cypress/psoc creator/3.0/psoc creator/import/gnu_cs/arm/4.7.3/bin/../lib/gcc/arm-none-eabi/4.7.3/../../../../arm-none-eabi/lib/armv6-m\libnosys.a
END GROUP
                0x00000000                CY_APPL_ORIGIN = 0x0
                0x00000080                CY_FLASH_ROW_SIZE = 0x80
                0x00000001                CY_APPL_NUM = 0x1
                0x00000040                CY_METADATA_SIZE = 0x40
                0x20000a70                PROVIDE (__cy_heap_start, _end)
                0x00000001                PROVIDE (__cy_region_num, ((__cy_regions_end - __cy_regions) / 0x10))
                0x20001000                PROVIDE (__cy_stack, (ORIGIN (ram) + 0x1000))
                0x20000c00                PROVIDE (__cy_heap_end, (__cy_stack - 0x400))

.cybootloader   0x00000000        0x0
 *(.cybootloader)
                0x00000000                appl1_start = CY_APPL_ORIGIN?CY_APPL_ORIGIN:ALIGN (CY_FLASH_ROW_SIZE)
                0x00003f80                appl2_start = (appl1_start + ALIGN ((((0x8000 - appl1_start) - (0x2 * CY_FLASH_ROW_SIZE)) / 0x2), CY_FLASH_ROW_SIZE))
                0x00000000                appl_start = (CY_APPL_NUM == 0x1)?appl1_start:appl2_start

.text           0x00000000     0x28a8
 CREATE_OBJECT_SYMBOLS
                0x00000000                PROVIDE (__cy_interrupt_vector, RomVectors)
 *(.romvectors)
 .romvectors    0x00000000       0x10 .\CortexM0\ARM_GCC_473\Debug\Cm0Start.o
                0x00000000                RomVectors
                0x00000001                ASSERT ((. != __cy_interrupt_vector), No interrupt vector)
                0x00000001                ASSERT (CY_APPL_ORIGIN?(SIZEOF (.cybootloader) <= CY_APPL_ORIGIN):0x1, Wrong image location)
                0x00000010                PROVIDE (__cy_reset, Reset)
 *(.text.Reset)
 .text.Reset    0x00000010        0x8 .\CortexM0\ARM_GCC_473\Debug\Cm0Start.o
                0x00000010                Reset
                0x00000001                ASSERT ((. != __cy_reset), No reset code)
 *(.psocinit)
 .psocinit      0x00000018      0x288 .\CortexM0\ARM_GCC_473\Debug\PSoCPioneer+ArduinoShield_Example.a(cyfitter_cfg.o)
                0x0000014c                cyfitter_cfg
                0x000002a0                . = MAX (., 0x100)
 *(.text .text.* .gnu.linkonce.t.*)
 .text          0x000002a0       0x60 c:/program files (x86)/cypress/psoc creator/3.0/psoc creator/import/gnu_cs/arm/4.7.3/bin/../lib/gcc/arm-none-eabi/4.7.3/armv6-m/crtbegin.o
 .text.pavloven_test
                0x00000300       0xf8 .\CortexM0\ARM_GCC_473\Debug\main.o
                0x00000300                pavloven_test
 .text.main     0x000003f8      0x2d8 .\CortexM0\ARM_GCC_473\Debug\main.o
                0x000003f8                main
 .text.IntDefaultHandler
                0x000006d0        0x8 .\CortexM0\ARM_GCC_473\Debug\Cm0Start.o
                0x000006d0                IntDefaultHandler
 .text.Start_c  0x000006d8       0xa4 .\CortexM0\ARM_GCC_473\Debug\Cm0Start.o
                0x000006d8                Start_c
 .text.initialize_psoc
                0x0000077c       0x5c .\CortexM0\ARM_GCC_473\Debug\Cm0Start.o
                0x0000077c                initialize_psoc
 .text.CYMEMZERO
                0x000007d8       0x20 .\CortexM0\ARM_GCC_473\Debug\PSoCPioneer+ArduinoShield_Example.a(cyfitter_cfg.o)
 .text.cfg_write_bytes32
                0x000007f8       0x80 .\CortexM0\ARM_GCC_473\Debug\PSoCPioneer+ArduinoShield_Example.a(cyfitter_cfg.o)
 .text.AnalogSetDefault
                0x00000878        0x8 .\CortexM0\ARM_GCC_473\Debug\PSoCPioneer+ArduinoShield_Example.a(cyfitter_cfg.o)
 .text.ETH0_W51_Select
                0x00000880       0x10 .\CortexM0\ARM_GCC_473\Debug\PSoCPioneer+ArduinoShield_Example.a(ETH0.o)
 .text.ETH0_W51_Write
                0x00000890       0x64 .\CortexM0\ARM_GCC_473\Debug\PSoCPioneer+ArduinoShield_Example.a(ETH0.o)
                0x00000890                ETH0_W51_Write
 .text.ETH0_W51_Read
                0x000008f4       0x8c .\CortexM0\ARM_GCC_473\Debug\PSoCPioneer+ArduinoShield_Example.a(ETH0.o)
                0x000008f4                ETH0_W51_Read
 .text.ETH0_W51_SetMAC
                0x00000980       0x44 .\CortexM0\ARM_GCC_473\Debug\PSoCPioneer+ArduinoShield_Example.a(ETH0.o)
 .text.ETH0_W51_SetIP
                0x000009c4       0x48 .\CortexM0\ARM_GCC_473\Debug\PSoCPioneer+ArduinoShield_Example.a(ETH0.o)
 .text.ETH0_W51_Write16
                0x00000a0c       0x44 .\CortexM0\ARM_GCC_473\Debug\PSoCPioneer+ArduinoShield_Example.a(ETH0.o)
 .text.ETH0_W51_Read16
                0x00000a50       0x5c .\CortexM0\ARM_GCC_473\Debug\PSoCPioneer+ArduinoShield_Example.a(ETH0.o)
 .text.ETH0_W51_WriteBlock
                0x00000aac       0x4c .\CortexM0\ARM_GCC_473\Debug\PSoCPioneer+ArduinoShield_Example.a(ETH0.o)
 .text.ETH0_W51_ReadBlock
                0x00000af8       0x4c .\CortexM0\ARM_GCC_473\Debug\PSoCPioneer+ArduinoShield_Example.a(ETH0.o)
 .text.ETH0_SetSourceMAC
                0x00000b44       0x18 .\CortexM0\ARM_GCC_473\Debug\PSoCPioneer+ArduinoShield_Example.a(ETH0.o)
 .text.ETH0_SetGatewayAddress
                0x00000b5c       0x18 .\CortexM0\ARM_GCC_473\Debug\PSoCPioneer+ArduinoShield_Example.a(ETH0.o)
 .text.ETH0_SetSubnetMask
                0x00000b74       0x18 .\CortexM0\ARM_GCC_473\Debug\PSoCPioneer+ArduinoShield_Example.a(ETH0.o)
 .text.ETH0_SetSourceIP
                0x00000b8c       0x18 .\CortexM0\ARM_GCC_473\Debug\PSoCPioneer+ArduinoShield_Example.a(ETH0.o)
 .text.ETH0_SetMode
                0x00000ba4       0x20 .\CortexM0\ARM_GCC_473\Debug\PSoCPioneer+ArduinoShield_Example.a(ETH0.o)
 .text.ETH0_SetIR
                0x00000bc4       0x20 .\CortexM0\ARM_GCC_473\Debug\PSoCPioneer+ArduinoShield_Example.a(ETH0.o)
 .text.ETH0_SetRxMemSize
                0x00000be4       0x20 .\CortexM0\ARM_GCC_473\Debug\PSoCPioneer+ArduinoShield_Example.a(ETH0.o)
 .text.ETH0_SetTxMemSize
                0x00000c04       0x20 .\CortexM0\ARM_GCC_473\Debug\PSoCPioneer+ArduinoShield_Example.a(ETH0.o)
 .text.ETH0_SetSocketMode
                0x00000c24       0x38 .\CortexM0\ARM_GCC_473\Debug\PSoCPioneer+ArduinoShield_Example.a(ETH0.o)
 .text.ETH0_SetSocketCommand
                0x00000c5c       0x38 .\CortexM0\ARM_GCC_473\Debug\PSoCPioneer+ArduinoShield_Example.a(ETH0.o)
 .text.ETH0_GetSocketCommand
                0x00000c94       0x30 .\CortexM0\ARM_GCC_473\Debug\PSoCPioneer+ArduinoShield_Example.a(ETH0.o)
 .text.ETH0_SetSocketIR
                0x00000cc4       0x38 .\CortexM0\ARM_GCC_473\Debug\PSoCPioneer+ArduinoShield_Example.a(ETH0.o)
 .text.ETH0_GetSocketIR
                0x00000cfc       0x30 .\CortexM0\ARM_GCC_473\Debug\PSoCPioneer+ArduinoShield_Example.a(ETH0.o)
 .text.ETH0_GetSocketStatus
                0x00000d2c       0x30 .\CortexM0\ARM_GCC_473\Debug\PSoCPioneer+ArduinoShield_Example.a(ETH0.o)
 .text.ETH0_SetSocketSourcePort
                0x00000d5c       0x38 .\CortexM0\ARM_GCC_473\Debug\PSoCPioneer+ArduinoShield_Example.a(ETH0.o)
 .text.ETH0_GetSocketTxFree
                0x00000d94       0x30 .\CortexM0\ARM_GCC_473\Debug\PSoCPioneer+ArduinoShield_Example.a(ETH0.o)
 .text.ETH0_SetSocketTxWritePtr
                0x00000dc4       0x38 .\CortexM0\ARM_GCC_473\Debug\PSoCPioneer+ArduinoShield_Example.a(ETH0.o)
 .text.ETH0_GetSocketTxWritePtr
                0x00000dfc       0x30 .\CortexM0\ARM_GCC_473\Debug\PSoCPioneer+ArduinoShield_Example.a(ETH0.o)
 .text.ETH0_GetSocketRxSize
                0x00000e2c       0x30 .\CortexM0\ARM_GCC_473\Debug\PSoCPioneer+ArduinoShield_Example.a(ETH0.o)
 .text.ETH0_SetSocketRxReadPtr
                0x00000e5c       0x38 .\CortexM0\ARM_GCC_473\Debug\PSoCPioneer+ArduinoShield_Example.a(ETH0.o)
 .text.ETH0_GetSocketRxReadPtr
                0x00000e94       0x30 .\CortexM0\ARM_GCC_473\Debug\PSoCPioneer+ArduinoShield_Example.a(ETH0.o)
 .text.ETH0_ExecuteSocketCommand
                0x00000ec4       0x50 .\CortexM0\ARM_GCC_473\Debug\PSoCPioneer+ArduinoShield_Example.a(ETH0.o)
 .text.ETH0_GetTxFreeSize
                0x00000f14       0x68 .\CortexM0\ARM_GCC_473\Debug\PSoCPioneer+ArduinoShield_Example.a(ETH0.o)
 .text.ETH0_GetRxSize
                0x00000f7c       0x68 .\CortexM0\ARM_GCC_473\Debug\PSoCPioneer+ArduinoShield_Example.a(ETH0.o)
 .text.ETH0_ProcessTxData
                0x00000fe4      0x11c .\CortexM0\ARM_GCC_473\Debug\PSoCPioneer+ArduinoShield_Example.a(ETH0.o)
 .text.ETH0_ProcessRxData
                0x00001100      0x128 .\CortexM0\ARM_GCC_473\Debug\PSoCPioneer+ArduinoShield_Example.a(ETH0.o)
 .text.ETH0_Init
                0x00001228       0x84 .\CortexM0\ARM_GCC_473\Debug\PSoCPioneer+ArduinoShield_Example.a(ETH0.o)
                0x00001228                ETH0_Init
 .text.ETH0_Start
                0x000012ac       0x64 .\CortexM0\ARM_GCC_473\Debug\PSoCPioneer+ArduinoShield_Example.a(ETH0.o)
                0x000012ac                ETH0_Start
 .text.ETH0_ParseIP
                0x00001310      0x13c .\CortexM0\ARM_GCC_473\Debug\PSoCPioneer+ArduinoShield_Example.a(ETH0.o)
                0x00001310                ETH0_ParseIP
 .text.ETH0_SocketOpen
                0x0000144c      0x110 .\CortexM0\ARM_GCC_473\Debug\PSoCPioneer+ArduinoShield_Example.a(ETH0.o)
                0x0000144c                ETH0_SocketOpen
 .text.ETH0_SocketClose
                0x0000155c       0x5c .\CortexM0\ARM_GCC_473\Debug\PSoCPioneer+ArduinoShield_Example.a(ETH0.o)
                0x0000155c                ETH0_SocketClose
 .text.ETH0_SocketEstablished
                0x000015b8       0x28 .\CortexM0\ARM_GCC_473\Debug\PSoCPioneer+ArduinoShield_Example.a(ETH0.o)
                0x000015b8                ETH0_SocketEstablished
 .text.ETH0_SocketSend
                0x000015e0       0x84 .\CortexM0\ARM_GCC_473\Debug\PSoCPioneer+ArduinoShield_Example.a(ETH0.o)
 .text.ETH0_SocketRxDataWaiting
                0x00001664       0x20 .\CortexM0\ARM_GCC_473\Debug\PSoCPioneer+ArduinoShield_Example.a(ETH0.o)
                0x00001664                ETH0_SocketRxDataWaiting
 .text.ETH0_TcpOpen
                0x00001684       0x24 .\CortexM0\ARM_GCC_473\Debug\PSoCPioneer+ArduinoShield_Example.a(ETH0.o)
                0x00001684                ETH0_TcpOpen
 .text.ETH0_TcpStartServer
                0x000016a8       0x28 .\CortexM0\ARM_GCC_473\Debug\PSoCPioneer+ArduinoShield_Example.a(ETH0.o)
                0x000016a8                ETH0_TcpStartServer
 .text.ETH0_TcpConnected
                0x000016d0       0x20 .\CortexM0\ARM_GCC_473\Debug\PSoCPioneer+ArduinoShield_Example.a(ETH0.o)
                0x000016d0                ETH0_TcpConnected
 .text.ETH0_TcpDisconnect
                0x000016f0       0x20 .\CortexM0\ARM_GCC_473\Debug\PSoCPioneer+ArduinoShield_Example.a(ETH0.o)
                0x000016f0                ETH0_TcpDisconnect
 .text.ETH0_TcpSend
                0x00001710       0xf0 .\CortexM0\ARM_GCC_473\Debug\PSoCPioneer+ArduinoShield_Example.a(ETH0.o)
                0x00001710                ETH0_TcpSend
 .text.ETH0_TcpReceive
                0x00001800       0x94 .\CortexM0\ARM_GCC_473\Debug\PSoCPioneer+ArduinoShield_Example.a(ETH0.o)
                0x00001800                ETH0_TcpReceive
 .text.ETH0_TcpPrint
                0x00001894       0x30 .\CortexM0\ARM_GCC_473\Debug\PSoCPioneer+ArduinoShield_Example.a(ETH0.o)
                0x00001894                ETH0_TcpPrint
 .text.SDCS_Write
                0x000018c4       0x48 .\CortexM0\ARM_GCC_473\Debug\PSoCPioneer+ArduinoShield_Example.a(SDCS.o)
                0x000018c4                SDCS_Write
 .text.CyDelay  0x0000190c       0x48 .\CortexM0\ARM_GCC_473\Debug\PSoCPioneer+ArduinoShield_Example.a(CyLib.o)
                0x0000190c                CyDelay
 .text.CyDelayUs
                0x00001954       0x28 .\CortexM0\ARM_GCC_473\Debug\PSoCPioneer+ArduinoShield_Example.a(CyLib.o)
                0x00001954                CyDelayUs
 .text.SPI0_Init
                0x0000197c        0xc .\CortexM0\ARM_GCC_473\Debug\PSoCPioneer+ArduinoShield_Example.a(SPI0.o)
                0x0000197c                SPI0_Init
 .text.SPI0_Enable
                0x00001988       0x20 .\CortexM0\ARM_GCC_473\Debug\PSoCPioneer+ArduinoShield_Example.a(SPI0.o)
                0x00001988                SPI0_Enable
 .text.SPI0_Start
                0x000019a8       0x24 .\CortexM0\ARM_GCC_473\Debug\PSoCPioneer+ArduinoShield_Example.a(SPI0.o)
                0x000019a8                SPI0_Start
 .text.SPI0_ScbEnableIntr
                0x000019cc        0x8 .\CortexM0\ARM_GCC_473\Debug\PSoCPioneer+ArduinoShield_Example.a(SPI0.o)
 .text.SPI0_SpiUartReadRxData
                0x000019d4       0x20 .\CortexM0\ARM_GCC_473\Debug\PSoCPioneer+ArduinoShield_Example.a(SPI0_SPI_UART.o)
                0x000019d4                SPI0_SpiUartReadRxData
 .text.SPI0_SpiUartGetRxBufferSize
                0x000019f4       0x20 .\CortexM0\ARM_GCC_473\Debug\PSoCPioneer+ArduinoShield_Example.a(SPI0_SPI_UART.o)
                0x000019f4                SPI0_SpiUartGetRxBufferSize
 .text.SPI0_SpiUartClearRxBuffer
                0x00001a14       0x2c .\CortexM0\ARM_GCC_473\Debug\PSoCPioneer+ArduinoShield_Example.a(SPI0_SPI_UART.o)
                0x00001a14                SPI0_SpiUartClearRxBuffer
 .text.SPI0_SpiUartWriteTxData
                0x00001a40       0x2c .\CortexM0\ARM_GCC_473\Debug\PSoCPioneer+ArduinoShield_Example.a(SPI0_SPI_UART.o)
                0x00001a40                SPI0_SpiUartWriteTxData
 .text.SPI0_SpiInit
                0x00001a6c       0x8c .\CortexM0\ARM_GCC_473\Debug\PSoCPioneer+ArduinoShield_Example.a(SPI0_SPI.o)
                0x00001a6c                SPI0_SpiInit
 .text.SPI0_SpiSetActiveSlaveSelect
                0x00001af8       0x3c .\CortexM0\ARM_GCC_473\Debug\PSoCPioneer+ArduinoShield_Example.a(SPI0_SPI.o)
                0x00001af8                SPI0_SpiSetActiveSlaveSelect
 .text.SPI0_ss1_m_Read
                0x00001b34       0x1c .\CortexM0\ARM_GCC_473\Debug\PSoCPioneer+ArduinoShield_Example.a(SPI0_ss1_m.o)
                0x00001b34                SPI0_ss1_m_Read
 .text.LED1_Start
                0x00001b50       0x24 .\CortexM0\ARM_GCC_473\Debug\PSoCPioneer+ArduinoShield_Example.a(LED1.o)
                0x00001b50                LED1_Start
 .text.LED1_Init
                0x00001b74       0x70 .\CortexM0\ARM_GCC_473\Debug\PSoCPioneer+ArduinoShield_Example.a(LED1.o)
                0x00001b74                LED1_Init
 .text.LED1_Enable
                0x00001be4       0x1c .\CortexM0\ARM_GCC_473\Debug\PSoCPioneer+ArduinoShield_Example.a(LED1.o)
                0x00001be4                LED1_Enable
 .text.LED1_WriteSeed
                0x00001c00       0x34 .\CortexM0\ARM_GCC_473\Debug\PSoCPioneer+ArduinoShield_Example.a(LED1.o)
                0x00001c00                LED1_WriteSeed
 .text.LED1_WritePolynomial
                0x00001c34       0x20 .\CortexM0\ARM_GCC_473\Debug\PSoCPioneer+ArduinoShield_Example.a(LED1.o)
                0x00001c34                LED1_WritePolynomial
 .text.LED1_WritePulse0
                0x00001c54       0x20 .\CortexM0\ARM_GCC_473\Debug\PSoCPioneer+ArduinoShield_Example.a(LED1.o)
                0x00001c54                LED1_WritePulse0
 .text.LED1_WritePulse1
                0x00001c74       0x20 .\CortexM0\ARM_GCC_473\Debug\PSoCPioneer+ArduinoShield_Example.a(LED1.o)
                0x00001c74                LED1_WritePulse1
 .text.LED0_Start
                0x00001c94       0x24 .\CortexM0\ARM_GCC_473\Debug\PSoCPioneer+ArduinoShield_Example.a(LED0.o)
                0x00001c94                LED0_Start
 .text.LED0_Init
                0x00001cb8       0x70 .\CortexM0\ARM_GCC_473\Debug\PSoCPioneer+ArduinoShield_Example.a(LED0.o)
                0x00001cb8                LED0_Init
 .text.LED0_Enable
                0x00001d28       0x1c .\CortexM0\ARM_GCC_473\Debug\PSoCPioneer+ArduinoShield_Example.a(LED0.o)
                0x00001d28                LED0_Enable
 .text.LED0_WriteSeed
                0x00001d44       0x34 .\CortexM0\ARM_GCC_473\Debug\PSoCPioneer+ArduinoShield_Example.a(LED0.o)
                0x00001d44                LED0_WriteSeed
 .text.LED0_WritePolynomial
                0x00001d78       0x20 .\CortexM0\ARM_GCC_473\Debug\PSoCPioneer+ArduinoShield_Example.a(LED0.o)
                0x00001d78                LED0_WritePolynomial
 .text.LED0_WritePulse0
                0x00001d98       0x20 .\CortexM0\ARM_GCC_473\Debug\PSoCPioneer+ArduinoShield_Example.a(LED0.o)
                0x00001d98                LED0_WritePulse0
 .text.LED0_WritePulse1
                0x00001db8       0x20 .\CortexM0\ARM_GCC_473\Debug\PSoCPioneer+ArduinoShield_Example.a(LED0.o)
                0x00001db8                LED0_WritePulse1
 .text          0x00001dd8       0x20 .\CortexM0\ARM_GCC_473\Debug\PSoCPioneer+ArduinoShield_Example.a(CyBootAsmGnu.o)
                0x00001dd8                CyDelayCycles
                0x00001dea                CyEnterCriticalSection
                0x00001df2                CyExitCriticalSection
 .text          0x00001df8       0x9c c:/program files (x86)/cypress/psoc creator/3.0/psoc creator/import/gnu_cs/arm/4.7.3/bin/../lib/gcc/arm-none-eabi/4.7.3/armv6-m\libgcc.a(_udivsi3.o)
                0x00001df8                __aeabi_uidiv
                0x00001df8                __udivsi3
                0x00001e80                __aeabi_uidivmod
 .text          0x00001e94       0xc0 c:/program files (x86)/cypress/psoc creator/3.0/psoc creator/import/gnu_cs/arm/4.7.3/bin/../lib/gcc/arm-none-eabi/4.7.3/armv6-m\libgcc.a(_divsi3.o)
                0x00001e94                __divsi3
                0x00001e94                __aeabi_idiv
                0x00001f40                __aeabi_idivmod
 .text          0x00001f54        0x4 c:/program files (x86)/cypress/psoc creator/3.0/psoc creator/import/gnu_cs/arm/4.7.3/bin/../lib/gcc/arm-none-eabi/4.7.3/armv6-m\libgcc.a(_dvmd_tls.o)
                0x00001f54                __aeabi_idiv0
                0x00001f54                __aeabi_ldiv0
 .text.__libc_init_array
                0x00001f58       0x4c c:/program files (x86)/cypress/psoc creator/3.0/psoc creator/import/gnu_cs/arm/4.7.3/bin/../lib/gcc/arm-none-eabi/4.7.3/../../../../arm-none-eabi/lib/armv6-m\libc_s.a(lib_a-init.o)
                0x00001f58                __libc_init_array
 .text.memcpy   0x00001fa4       0x12 c:/program files (x86)/cypress/psoc creator/3.0/psoc creator/import/gnu_cs/arm/4.7.3/bin/../lib/gcc/arm-none-eabi/4.7.3/../../../../arm-none-eabi/lib/armv6-m\libc_s.a(lib_a-memcpy.o)
                0x00001fa4                memcpy
 .text.memset   0x00001fb6       0x12 c:/program files (x86)/cypress/psoc creator/3.0/psoc creator/import/gnu_cs/arm/4.7.3/bin/../lib/gcc/arm-none-eabi/4.7.3/../../../../arm-none-eabi/lib/armv6-m\libc_s.a(lib_a-memset.o)
                0x00001fb6                memset
 .text.rand     0x00001fc8       0x80 c:/program files (x86)/cypress/psoc creator/3.0/psoc creator/import/gnu_cs/arm/4.7.3/bin/../lib/gcc/arm-none-eabi/4.7.3/../../../../arm-none-eabi/lib/armv6-m\libc_s.a(lib_a-rand.o)
                0x00001fc8                rand
 .text.sprintf  0x00002048       0x44 c:/program files (x86)/cypress/psoc creator/3.0/psoc creator/import/gnu_cs/arm/4.7.3/bin/../lib/gcc/arm-none-eabi/4.7.3/../../../../arm-none-eabi/lib/armv6-m\libc_s.a(lib_a-sprintf.o)
                0x00002048                siprintf
                0x00002048                sprintf
 .text.strlen   0x0000208c        0xe c:/program files (x86)/cypress/psoc creator/3.0/psoc creator/import/gnu_cs/arm/4.7.3/bin/../lib/gcc/arm-none-eabi/4.7.3/../../../../arm-none-eabi/lib/armv6-m\libc_s.a(lib_a-strlen.o)
                0x0000208c                strlen
 *fill*         0x0000209a        0x2 00
 .text.__ssputc_r
                0x0000209c       0xb0 c:/program files (x86)/cypress/psoc creator/3.0/psoc creator/import/gnu_cs/arm/4.7.3/bin/../lib/gcc/arm-none-eabi/4.7.3/../../../../arm-none-eabi/lib/armv6-m\libc_s.a(lib_a-svfprintf.o)
                0x0000209c                __ssputc_r
 .text._svfprintf_r
                0x0000214c      0x1f8 c:/program files (x86)/cypress/psoc creator/3.0/psoc creator/import/gnu_cs/arm/4.7.3/bin/../lib/gcc/arm-none-eabi/4.7.3/../../../../arm-none-eabi/lib/armv6-m\libc_s.a(lib_a-svfprintf.o)
                0x0000214c                _svfiprintf_r
                0x0000214c                _svfprintf_r
 .text._printf_common
                0x00002344       0xe0 c:/program files (x86)/cypress/psoc creator/3.0/psoc creator/import/gnu_cs/arm/4.7.3/bin/../lib/gcc/arm-none-eabi/4.7.3/../../../../arm-none-eabi/lib/armv6-m\libc_s.a(lib_a-vfprintf_i.o)
                0x00002344                _printf_common
 .text._printf_i
                0x00002424      0x234 c:/program files (x86)/cypress/psoc creator/3.0/psoc creator/import/gnu_cs/arm/4.7.3/bin/../lib/gcc/arm-none-eabi/4.7.3/../../../../arm-none-eabi/lib/armv6-m\libc_s.a(lib_a-vfprintf_i.o)
                0x00002424                _printf_i
 .text._free_r  0x00002658       0x90 c:/program files (x86)/cypress/psoc creator/3.0/psoc creator/import/gnu_cs/arm/4.7.3/bin/../lib/gcc/arm-none-eabi/4.7.3/../../../../arm-none-eabi/lib/armv6-m\libc_s.a(lib_a-freer.o)
                0x00002658                _free_r
 .text.malloc   0x000026e8       0x14 c:/program files (x86)/cypress/psoc creator/3.0/psoc creator/import/gnu_cs/arm/4.7.3/bin/../lib/gcc/arm-none-eabi/4.7.3/../../../../arm-none-eabi/lib/armv6-m\libc_s.a(lib_a-malloc.o)
                0x000026e8                malloc
 .text._malloc_r
                0x000026fc       0x94 c:/program files (x86)/cypress/psoc creator/3.0/psoc creator/import/gnu_cs/arm/4.7.3/bin/../lib/gcc/arm-none-eabi/4.7.3/../../../../arm-none-eabi/lib/armv6-m\libc_s.a(lib_a-mallocr.o)
                0x000026fc                _malloc_r
 .text.memchr   0x00002790       0x18 c:/program files (x86)/cypress/psoc creator/3.0/psoc creator/import/gnu_cs/arm/4.7.3/bin/../lib/gcc/arm-none-eabi/4.7.3/../../../../arm-none-eabi/lib/armv6-m\libc_s.a(lib_a-memchr.o)
                0x00002790                memchr
 .text._realloc_r
                0x000027a8       0x4c c:/program files (x86)/cypress/psoc creator/3.0/psoc creator/import/gnu_cs/arm/4.7.3/bin/../lib/gcc/arm-none-eabi/4.7.3/../../../../arm-none-eabi/lib/armv6-m\libc_s.a(lib_a-reallocr.o)
                0x000027a8                _realloc_r
 .text._sbrk_r  0x000027f4       0x24 c:/program files (x86)/cypress/psoc creator/3.0/psoc creator/import/gnu_cs/arm/4.7.3/bin/../lib/gcc/arm-none-eabi/4.7.3/../../../../arm-none-eabi/lib/armv6-m\libc_s.a(lib_a-sbrkr.o)
                0x000027f4                _sbrk_r
 .text._malloc_usable_size_r
                0x00002818       0x14 c:/program files (x86)/cypress/psoc creator/3.0/psoc creator/import/gnu_cs/arm/4.7.3/bin/../lib/gcc/arm-none-eabi/4.7.3/../../../../arm-none-eabi/lib/armv6-m\libc_s.a(lib_a-msizer.o)
                0x00002818                _malloc_usable_size_r
 .text          0x0000282c       0x44 c:/program files (x86)/cypress/psoc creator/3.0/psoc creator/import/gnu_cs/arm/4.7.3/bin/../lib/gcc/arm-none-eabi/4.7.3/armv6-m\libgcc.a(_muldi3.o)
                0x0000282c                __muldi3
                0x0000282c                __aeabi_lmul
 .text._sbrk    0x00002870       0x38 c:/program files (x86)/cypress/psoc creator/3.0/psoc creator/import/gnu_cs/arm/4.7.3/bin/../lib/gcc/arm-none-eabi/4.7.3/../../../../arm-none-eabi/lib/armv6-m\libnosys.a(sbrk.o)
                0x00002870                _sbrk
 *(.plt)
 *(.gnu.warning)
 *(.glue_7t)
 .glue_7t       0x00000000        0x0 linker stubs
 *(.glue_7)
 .glue_7        0x00000000        0x0 linker stubs
 *(.vfp11_veneer)
 .vfp11_veneer  0x00000000        0x0 linker stubs
 *(.bootloader)
 *(.ARM.extab* .gnu.linkonce.armextab.*)
 *(.gcc_except_table)

.v4_bx          0x000028a8        0x0
 .v4_bx         0x00000000        0x0 linker stubs

.iplt           0x000028a8        0x0
 .iplt          0x00000000        0x0 c:/program files (x86)/cypress/psoc creator/3.0/psoc creator/import/gnu_cs/arm/4.7.3/bin/../lib/gcc/arm-none-eabi/4.7.3/armv6-m/crtbegin.o

.eh_frame_hdr
 *(.eh_frame_hdr)

.eh_frame       0x000028a8        0x4
 *(.eh_frame)
 .eh_frame      0x000028a8        0x0 c:/program files (x86)/cypress/psoc creator/3.0/psoc creator/import/gnu_cs/arm/4.7.3/bin/../lib/gcc/arm-none-eabi/4.7.3/armv6-m/crtbegin.o
 .eh_frame      0x000028a8        0x4 c:/program files (x86)/cypress/psoc creator/3.0/psoc creator/import/gnu_cs/arm/4.7.3/bin/../lib/gcc/arm-none-eabi/4.7.3/armv6-m/crtend.o
                0x000028ac                PROVIDE (__exidx_start, .)

.ARM.exidx
 *(.ARM.exidx* .gnu.linkonce.armexidx.*)
                0x000028ac                __exidx_end = .

.rodata         0x000028ac      0x2e4
 *(.rodata .rodata.* .gnu.linkonce.r.*)
 .rodata        0x000028ac      0x104 .\CortexM0\ARM_GCC_473\Debug\main.o
 .rodata        0x000029b0      0x148 .\CortexM0\ARM_GCC_473\Debug\PSoCPioneer+ArduinoShield_Example.a(cyfitter_cfg.o)
 .rodata        0x00002af8       0x2c .\CortexM0\ARM_GCC_473\Debug\PSoCPioneer+ArduinoShield_Example.a(ETH0.o)
 .rodata.str1.1
                0x00002b24        0x2 c:/program files (x86)/cypress/psoc creator/3.0/psoc creator/import/gnu_cs/arm/4.7.3/bin/../lib/gcc/arm-none-eabi/4.7.3/../../../../arm-none-eabi/lib/armv6-m\libc_s.a(lib_a-impure.o)
 .rodata.str1.1
                0x00002b26       0x11 c:/program files (x86)/cypress/psoc creator/3.0/psoc creator/import/gnu_cs/arm/4.7.3/bin/../lib/gcc/arm-none-eabi/4.7.3/../../../../arm-none-eabi/lib/armv6-m\libc_s.a(lib_a-svfprintf.o)
 .rodata.str1.1
                0x00002b37       0x22 c:/program files (x86)/cypress/psoc creator/3.0/psoc creator/import/gnu_cs/arm/4.7.3/bin/../lib/gcc/arm-none-eabi/4.7.3/../../../../arm-none-eabi/lib/armv6-m\libc_s.a(lib_a-vfprintf_i.o)
                0x00002b5c                . = ALIGN (0x4)
 *fill*         0x00002b59        0x3 00
 *(.init)
 .init          0x00002b5c        0x4 c:/program files (x86)/cypress/psoc creator/3.0/psoc creator/import/gnu_cs/arm/4.7.3/bin/../lib/gcc/arm-none-eabi/4.7.3/armv6-m/crti.o
                0x00002b5c                _init
 .init          0x00002b60        0x8 c:/program files (x86)/cypress/psoc creator/3.0/psoc creator/import/gnu_cs/arm/4.7.3/bin/../lib/gcc/arm-none-eabi/4.7.3/armv6-m/crtn.o
                0x00002b68                . = ALIGN (0x4)
                0x00002b68                __preinit_array_start = .
 *(.preinit_array)
                0x00002b68                __preinit_array_end = .
                0x00002b68                . = ALIGN (0x4)
                0x00002b68                __init_array_start = .
 *(SORT(.init_array.*))
 *(.init_array)
 .init_array    0x00002b68        0x4 c:/program files (x86)/cypress/psoc creator/3.0/psoc creator/import/gnu_cs/arm/4.7.3/bin/../lib/gcc/arm-none-eabi/4.7.3/armv6-m/crtbegin.o
 .init_array    0x00002b6c        0x4 .\CortexM0\ARM_GCC_473\Debug\Cm0Start.o
                0x00002b70                __init_array_end = .
                0x00002b70                . = ALIGN (0x4)
 *(.fini)
 .fini          0x00002b70        0x4 c:/program files (x86)/cypress/psoc creator/3.0/psoc creator/import/gnu_cs/arm/4.7.3/bin/../lib/gcc/arm-none-eabi/4.7.3/armv6-m/crti.o
                0x00002b70                _fini
 .fini          0x00002b74        0x8 c:/program files (x86)/cypress/psoc creator/3.0/psoc creator/import/gnu_cs/arm/4.7.3/bin/../lib/gcc/arm-none-eabi/4.7.3/armv6-m/crtn.o
                0x00002b7c                . = ALIGN (0x4)
                0x00002b7c                __fini_array_start = .
 *(.fini_array)
 .fini_array    0x00002b7c        0x4 c:/program files (x86)/cypress/psoc creator/3.0/psoc creator/import/gnu_cs/arm/4.7.3/bin/../lib/gcc/arm-none-eabi/4.7.3/armv6-m/crtbegin.o
 *(SORT(.fini_array.*))
                0x00002b80                __fini_array_end = .
                0x00002b80                . = ALIGN (0x4)
 *crtbegin.o(.ctors)
 *(EXCLUDE_FILE(*crtend.o) .ctors)
 *(SORT(.ctors.*))
 *crtend.o(.ctors)
                0x00002b80                . = ALIGN (0x4)
 *crtbegin.o(.dtors)
 *(EXCLUDE_FILE(*crtend.o) .dtors)
 *(SORT(.dtors.*))
 *crtend.o(.dtors)
                0x00002b80                . = ALIGN (0x4)
                0x00002b80                __cy_regions = .
                0x00002b80        0x4 LONG 0x2b90 __cy_region_init_ram
                0x00002b84        0x4 LONG 0x200000c8 __cy_region_start_data
                0x00002b88        0x4 LONG 0x88 __cy_region_init_size_ram
                0x00002b8c        0x4 LONG 0x920 __cy_region_zero_size_ram
                0x00002b90                __cy_regions_end = .
                0x00002b90                . = ALIGN (0x8)
                0x00002b90                _etext = .

.ramvectors     0x20000000       0xc0
                0x20000000                __cy_region_start_ram = .
 *(.ramvectors)
 .ramvectors    0x20000000       0xc0 .\CortexM0\ARM_GCC_473\Debug\Cm0Start.o
                0x20000000                CyRamVectors

.noinit         0x200000c0        0x4
 *(.noinit)
 .noinit        0x200000c0        0x4 .\CortexM0\ARM_GCC_473\Debug\Cm0Start.o

.data           0x200000c8       0x88 load address 0x00002b90
                0x200000c8                __cy_region_start_data = .
 *(.jcr)
 .jcr           0x200000c8        0x0 c:/program files (x86)/cypress/psoc creator/3.0/psoc creator/import/gnu_cs/arm/4.7.3/bin/../lib/gcc/arm-none-eabi/4.7.3/armv6-m/crtbegin.o
 .jcr           0x200000c8        0x4 c:/program files (x86)/cypress/psoc creator/3.0/psoc creator/import/gnu_cs/arm/4.7.3/bin/../lib/gcc/arm-none-eabi/4.7.3/armv6-m/crtend.o
 *(.got.plt)
 *(.got)
 *(.shdata)
 *(.data .data.* .gnu.linkonce.d.*)
 .data          0x200000cc        0x4 .\CortexM0\ARM_GCC_473\Debug\PSoCPioneer+ArduinoShield_Example.a(cyfitter_cfg.o)
 .data          0x200000d0        0x8 .\CortexM0\ARM_GCC_473\Debug\PSoCPioneer+ArduinoShield_Example.a(ETH0.o)
 .data          0x200000d8       0x10 .\CortexM0\ARM_GCC_473\Debug\PSoCPioneer+ArduinoShield_Example.a(CyLib.o)
                0x200000d8                cydelayFreqHz
                0x200000dc                cydelayFreqKhz
                0x200000e0                cydelayFreqMhz
                0x200000e4                cydelay32kMs
 .data.impure_data
                0x200000e8       0x64 c:/program files (x86)/cypress/psoc creator/3.0/psoc creator/import/gnu_cs/arm/4.7.3/bin/../lib/gcc/arm-none-eabi/4.7.3/../../../../arm-none-eabi/lib/armv6-m\libc_s.a(lib_a-impure.o)
 .data._impure_ptr
                0x2000014c        0x4 c:/program files (x86)/cypress/psoc creator/3.0/psoc creator/import/gnu_cs/arm/4.7.3/bin/../lib/gcc/arm-none-eabi/4.7.3/../../../../arm-none-eabi/lib/armv6-m\libc_s.a(lib_a-impure.o)
                0x2000014c                _impure_ptr
                0x20000150                . = ALIGN (0x8)
 *(.ram)
                0x20000150                _edata = .

.igot.plt       0x20000150        0x0 load address 0x00002c18
 .igot.plt      0x00000000        0x0 c:/program files (x86)/cypress/psoc creator/3.0/psoc creator/import/gnu_cs/arm/4.7.3/bin/../lib/gcc/arm-none-eabi/4.7.3/armv6-m/crtbegin.o

.bss            0x20000150      0x920 load address 0x00002c18
                0x20000150                PROVIDE (__bss_start__, .)
 *(.shbss)
 *(.bss .bss.* .gnu.linkonce.b.*)
 .bss           0x20000150       0x1c c:/program files (x86)/cypress/psoc creator/3.0/psoc creator/import/gnu_cs/arm/4.7.3/bin/../lib/gcc/arm-none-eabi/4.7.3/armv6-m/crtbegin.o
 .bss           0x2000016c       0x1c .\CortexM0\ARM_GCC_473\Debug\PSoCPioneer+ArduinoShield_Example.a(ETH0.o)
 .bss           0x20000188        0x8 .\CortexM0\ARM_GCC_473\Debug\PSoCPioneer+ArduinoShield_Example.a(SPI0.o)
                0x20000188                SPI0_initVar
                0x2000018c                SPI0_customIntrHandler
 .bss           0x20000190        0x1 .\CortexM0\ARM_GCC_473\Debug\PSoCPioneer+ArduinoShield_Example.a(LED1.o)
                0x20000190                LED1_initVar
 .bss           0x20000191        0x1 .\CortexM0\ARM_GCC_473\Debug\PSoCPioneer+ArduinoShield_Example.a(LED0.o)
                0x20000191                LED0_initVar
 *fill*         0x20000192        0x2 00
 .bss.__malloc_free_list
                0x20000194        0x4 c:/program files (x86)/cypress/psoc creator/3.0/psoc creator/import/gnu_cs/arm/4.7.3/bin/../lib/gcc/arm-none-eabi/4.7.3/../../../../arm-none-eabi/lib/armv6-m\libc_s.a(lib_a-mallocr.o)
                0x20000194                __malloc_free_list
 .bss.heap_end.4231
                0x20000198        0x4 c:/program files (x86)/cypress/psoc creator/3.0/psoc creator/import/gnu_cs/arm/4.7.3/bin/../lib/gcc/arm-none-eabi/4.7.3/../../../../arm-none-eabi/lib/armv6-m\libnosys.a(sbrk.o)
 *(COMMON)
 COMMON         0x2000019c      0x8cf .\CortexM0\ARM_GCC_473\Debug\main.o
                0x2000019c                randomData
                0x2000096c                OutputString
 *fill*         0x20000a6b        0x1 00
 COMMON         0x20000a6c        0x4 c:/program files (x86)/cypress/psoc creator/3.0/psoc creator/import/gnu_cs/arm/4.7.3/bin/../lib/gcc/arm-none-eabi/4.7.3/../../../../arm-none-eabi/lib/armv6-m\libc_s.a(lib_a-reent.o)
                0x20000a6c                errno
                0x20000a70                . = ALIGN (0x8)
 *(.ram.b)
                0x20000a70                _end = .
                0x20000a70                __end = .
                0x20000a70                PROVIDE (end, .)
                0x20000a70                PROVIDE (__bss_end__, .)
                0x00002b90                __cy_region_init_ram = LOADADDR (.data)
                0x00000088                __cy_region_init_size_ram = (_edata - ADDR (.data))
                0x00000920                __cy_region_zero_size_ram = (_end - _edata)

.heap           0x20000a70      0x100 load address 0x00002c18
                0x20000a70                . = _end
                0x20000b70                . = (. + 0x100)
 *fill*         0x20000a70      0x100 00
                0x20000b70                __cy_heap_limit = .

.stack          0x20000c00      0x400
                0x20000c00                __cy_stack_limit = .
                0x20001000                . = (. + 0x400)
 *fill*         0x20000c00      0x400 00
                0x00000001                ASSERT ((__cy_stack_limit >= __cy_heap_limit), region RAM overflowed with stack)

.cyloadermeta
 *(.cyloadermeta)

.cyloadablemeta
 *(.cyloadablemeta)

.cyflashprotect
                0x90400000       0x20
 *(.cyflashprotect)
 .cyflashprotect
                0x90400000       0x20 .\CortexM0\ARM_GCC_473\Debug\cymetadata.o
                0x90400000                cy_meta_flashprotect

.cymeta         0x90500000        0xc
 *(.cymeta)
 .cymeta        0x90500000        0xc .\CortexM0\ARM_GCC_473\Debug\cymetadata.o
                0x90500000                cy_metadata

.cychipprotect  0x90600000        0x4
 *(.cychipprotect)
 .cychipprotect
                0x90600000        0x4 .\CortexM0\ARM_GCC_473\Debug\cymetadata.o
                0x90600000                cy_meta_chipprotect

.rel.dyn        0x00002c18        0x0 load address 0x90600004
 .rel.iplt      0x00000000        0x0 c:/program files (x86)/cypress/psoc creator/3.0/psoc creator/import/gnu_cs/arm/4.7.3/bin/../lib/gcc/arm-none-eabi/4.7.3/armv6-m/crtbegin.o

.stab
 *(.stab)

.stabstr
 *(.stabstr)

.debug
 *(.debug)

.line
 *(.line)

.debug_srcinfo
 *(.debug_srcinfo)

.debug_sfnames
 *(.debug_sfnames)

.debug_aranges  0x00000000      0x830
 *(.debug_aranges)
 .debug_aranges
                0x00000000       0x28 .\CortexM0\ARM_GCC_473\Debug\main.o
 .debug_aranges
                0x00000028       0x18 .\CortexM0\ARM_GCC_473\Debug\cymetadata.o
 .debug_aranges
                0x00000040       0x40 .\CortexM0\ARM_GCC_473\Debug\Cm0Start.o
 .debug_aranges
                0x00000080       0x58 .\CortexM0\ARM_GCC_473\Debug\PSoCPioneer+ArduinoShield_Example.a(cyfitter_cfg.o)
 .debug_aranges
                0x000000d8      0x338 .\CortexM0\ARM_GCC_473\Debug\PSoCPioneer+ArduinoShield_Example.a(ETH0.o)
 .debug_aranges
                0x00000410       0x40 .\CortexM0\ARM_GCC_473\Debug\PSoCPioneer+ArduinoShield_Example.a(SDCS.o)
 .debug_aranges
                0x00000450      0x198 .\CortexM0\ARM_GCC_473\Debug\PSoCPioneer+ArduinoShield_Example.a(CyLib.o)
 .debug_aranges
                0x000005e8       0x50 .\CortexM0\ARM_GCC_473\Debug\PSoCPioneer+ArduinoShield_Example.a(SPI0.o)
 .debug_aranges
                0x00000638       0x60 .\CortexM0\ARM_GCC_473\Debug\PSoCPioneer+ArduinoShield_Example.a(SPI0_SPI_UART.o)
 .debug_aranges
                0x00000698       0x28 .\CortexM0\ARM_GCC_473\Debug\PSoCPioneer+ArduinoShield_Example.a(SPI0_SPI.o)
 .debug_aranges
                0x000006c0       0x40 .\CortexM0\ARM_GCC_473\Debug\PSoCPioneer+ArduinoShield_Example.a(SPI0_ss1_m.o)
 .debug_aranges
                0x00000700       0x88 .\CortexM0\ARM_GCC_473\Debug\PSoCPioneer+ArduinoShield_Example.a(LED1.o)
 .debug_aranges
                0x00000788       0x88 .\CortexM0\ARM_GCC_473\Debug\PSoCPioneer+ArduinoShield_Example.a(LED0.o)
 .debug_aranges
                0x00000810       0x20 .\CortexM0\ARM_GCC_473\Debug\PSoCPioneer+ArduinoShield_Example.a(CyBootAsmGnu.o)

.debug_pubnames
 *(.debug_pubnames)

.debug_info     0x00000000     0x396d
 *(.debug_info .gnu.linkonce.wi.*)
 .debug_info    0x00000000      0x1bd .\CortexM0\ARM_GCC_473\Debug\main.o
 .debug_info    0x000001bd      0x100 .\CortexM0\ARM_GCC_473\Debug\cymetadata.o
 .debug_info    0x000002bd      0x2be .\CortexM0\ARM_GCC_473\Debug\Cm0Start.o
 .debug_info    0x0000057b      0x475 .\CortexM0\ARM_GCC_473\Debug\PSoCPioneer+ArduinoShield_Example.a(cyfitter_cfg.o)
 .debug_info    0x000009f0     0x17b2 .\CortexM0\ARM_GCC_473\Debug\PSoCPioneer+ArduinoShield_Example.a(ETH0.o)
 .debug_info    0x000021a2      0x168 .\CortexM0\ARM_GCC_473\Debug\PSoCPioneer+ArduinoShield_Example.a(SDCS.o)
 .debug_info    0x0000230a      0xa6b .\CortexM0\ARM_GCC_473\Debug\PSoCPioneer+ArduinoShield_Example.a(CyLib.o)
 .debug_info    0x00002d75      0x197 .\CortexM0\ARM_GCC_473\Debug\PSoCPioneer+ArduinoShield_Example.a(SPI0.o)
 .debug_info    0x00002f0c      0x23d .\CortexM0\ARM_GCC_473\Debug\PSoCPioneer+ArduinoShield_Example.a(SPI0_SPI_UART.o)
 .debug_info    0x00003149       0xf0 .\CortexM0\ARM_GCC_473\Debug\PSoCPioneer+ArduinoShield_Example.a(SPI0_SPI.o)
 .debug_info    0x00003239      0x168 .\CortexM0\ARM_GCC_473\Debug\PSoCPioneer+ArduinoShield_Example.a(SPI0_ss1_m.o)
 .debug_info    0x000033a1      0x28d .\CortexM0\ARM_GCC_473\Debug\PSoCPioneer+ArduinoShield_Example.a(LED1.o)
 .debug_info    0x0000362e      0x28d .\CortexM0\ARM_GCC_473\Debug\PSoCPioneer+ArduinoShield_Example.a(LED0.o)
 .debug_info    0x000038bb       0xb2 .\CortexM0\ARM_GCC_473\Debug\PSoCPioneer+ArduinoShield_Example.a(CyBootAsmGnu.o)

.debug_abbrev   0x00000000      0xdeb
 *(.debug_abbrev)
 .debug_abbrev  0x00000000       0xb7 .\CortexM0\ARM_GCC_473\Debug\main.o
 .debug_abbrev  0x000000b7       0x5d .\CortexM0\ARM_GCC_473\Debug\cymetadata.o
 .debug_abbrev  0x00000114      0x164 .\CortexM0\ARM_GCC_473\Debug\Cm0Start.o
 .debug_abbrev  0x00000278      0x18c .\CortexM0\ARM_GCC_473\Debug\PSoCPioneer+ArduinoShield_Example.a(cyfitter_cfg.o)
 .debug_abbrev  0x00000404      0x1bb .\CortexM0\ARM_GCC_473\Debug\PSoCPioneer+ArduinoShield_Example.a(ETH0.o)
 .debug_abbrev  0x000005bf       0xac .\CortexM0\ARM_GCC_473\Debug\PSoCPioneer+ArduinoShield_Example.a(SDCS.o)
 .debug_abbrev  0x0000066b      0x1bc .\CortexM0\ARM_GCC_473\Debug\PSoCPioneer+ArduinoShield_Example.a(CyLib.o)
 .debug_abbrev  0x00000827       0xc5 .\CortexM0\ARM_GCC_473\Debug\PSoCPioneer+ArduinoShield_Example.a(SPI0.o)
 .debug_abbrev  0x000008ec      0x151 .\CortexM0\ARM_GCC_473\Debug\PSoCPioneer+ArduinoShield_Example.a(SPI0_SPI_UART.o)
 .debug_abbrev  0x00000a3d       0x8e .\CortexM0\ARM_GCC_473\Debug\PSoCPioneer+ArduinoShield_Example.a(SPI0_SPI.o)
 .debug_abbrev  0x00000acb       0xac .\CortexM0\ARM_GCC_473\Debug\PSoCPioneer+ArduinoShield_Example.a(SPI0_ss1_m.o)
 .debug_abbrev  0x00000b77      0x130 .\CortexM0\ARM_GCC_473\Debug\PSoCPioneer+ArduinoShield_Example.a(LED1.o)
 .debug_abbrev  0x00000ca7      0x130 .\CortexM0\ARM_GCC_473\Debug\PSoCPioneer+ArduinoShield_Example.a(LED0.o)
 .debug_abbrev  0x00000dd7       0x14 .\CortexM0\ARM_GCC_473\Debug\PSoCPioneer+ArduinoShield_Example.a(CyBootAsmGnu.o)

.debug_line     0x00000000     0x19dc
 *(.debug_line)
 .debug_line    0x00000000       0xea .\CortexM0\ARM_GCC_473\Debug\main.o
 .debug_line    0x000000ea       0x53 .\CortexM0\ARM_GCC_473\Debug\cymetadata.o
 .debug_line    0x0000013d      0x199 .\CortexM0\ARM_GCC_473\Debug\Cm0Start.o
 .debug_line    0x000002d6      0x1b4 .\CortexM0\ARM_GCC_473\Debug\PSoCPioneer+ArduinoShield_Example.a(cyfitter_cfg.o)
 .debug_line    0x0000048a      0x933 .\CortexM0\ARM_GCC_473\Debug\PSoCPioneer+ArduinoShield_Example.a(ETH0.o)
 .debug_line    0x00000dbd       0xaa .\CortexM0\ARM_GCC_473\Debug\PSoCPioneer+ArduinoShield_Example.a(SDCS.o)
 .debug_line    0x00000e67      0x527 .\CortexM0\ARM_GCC_473\Debug\PSoCPioneer+ArduinoShield_Example.a(CyLib.o)
 .debug_line    0x0000138e       0xd8 .\CortexM0\ARM_GCC_473\Debug\PSoCPioneer+ArduinoShield_Example.a(SPI0.o)
 .debug_line    0x00001466      0x125 .\CortexM0\ARM_GCC_473\Debug\PSoCPioneer+ArduinoShield_Example.a(SPI0_SPI_UART.o)
 .debug_line    0x0000158b       0x87 .\CortexM0\ARM_GCC_473\Debug\PSoCPioneer+ArduinoShield_Example.a(SPI0_SPI.o)
 .debug_line    0x00001612       0xb0 .\CortexM0\ARM_GCC_473\Debug\PSoCPioneer+ArduinoShield_Example.a(SPI0_ss1_m.o)
 .debug_line    0x000016c2      0x159 .\CortexM0\ARM_GCC_473\Debug\PSoCPioneer+ArduinoShield_Example.a(LED1.o)
 .debug_line    0x0000181b      0x159 .\CortexM0\ARM_GCC_473\Debug\PSoCPioneer+ArduinoShield_Example.a(LED0.o)
 .debug_line    0x00001974       0x68 .\CortexM0\ARM_GCC_473\Debug\PSoCPioneer+ArduinoShield_Example.a(CyBootAsmGnu.o)

.debug_frame    0x00000000     0x2080
 *(.debug_frame)
 .debug_frame   0x00000000       0x58 .\CortexM0\ARM_GCC_473\Debug\main.o
 .debug_frame   0x00000058       0xa8 .\CortexM0\ARM_GCC_473\Debug\Cm0Start.o
 .debug_frame   0x00000100      0x108 .\CortexM0\ARM_GCC_473\Debug\PSoCPioneer+ArduinoShield_Example.a(cyfitter_cfg.o)
 .debug_frame   0x00000208      0xc88 .\CortexM0\ARM_GCC_473\Debug\PSoCPioneer+ArduinoShield_Example.a(ETH0.o)
 .debug_frame   0x00000e90       0xa8 .\CortexM0\ARM_GCC_473\Debug\PSoCPioneer+ArduinoShield_Example.a(SDCS.o)
 .debug_frame   0x00000f38      0x600 .\CortexM0\ARM_GCC_473\Debug\PSoCPioneer+ArduinoShield_Example.a(CyLib.o)
 .debug_frame   0x00001538       0xd8 .\CortexM0\ARM_GCC_473\Debug\PSoCPioneer+ArduinoShield_Example.a(SPI0.o)
 .debug_frame   0x00001610      0x128 .\CortexM0\ARM_GCC_473\Debug\PSoCPioneer+ArduinoShield_Example.a(SPI0_SPI_UART.o)
 .debug_frame   0x00001738       0x4c .\CortexM0\ARM_GCC_473\Debug\PSoCPioneer+ArduinoShield_Example.a(SPI0_SPI.o)
 .debug_frame   0x00001784       0xa8 .\CortexM0\ARM_GCC_473\Debug\PSoCPioneer+ArduinoShield_Example.a(SPI0_ss1_m.o)
 .debug_frame   0x0000182c      0x1b8 .\CortexM0\ARM_GCC_473\Debug\PSoCPioneer+ArduinoShield_Example.a(LED1.o)
 .debug_frame   0x000019e4      0x1b8 .\CortexM0\ARM_GCC_473\Debug\PSoCPioneer+ArduinoShield_Example.a(LED0.o)
 .debug_frame   0x00001b9c       0x20 c:/program files (x86)/cypress/psoc creator/3.0/psoc creator/import/gnu_cs/arm/4.7.3/bin/../lib/gcc/arm-none-eabi/4.7.3/armv6-m\libgcc.a(_udivsi3.o)
 .debug_frame   0x00001bbc       0x20 c:/program files (x86)/cypress/psoc creator/3.0/psoc creator/import/gnu_cs/arm/4.7.3/bin/../lib/gcc/arm-none-eabi/4.7.3/armv6-m\libgcc.a(_divsi3.o)
 .debug_frame   0x00001bdc       0x28 c:/program files (x86)/cypress/psoc creator/3.0/psoc creator/import/gnu_cs/arm/4.7.3/bin/../lib/gcc/arm-none-eabi/4.7.3/../../../../arm-none-eabi/lib/armv6-m\libc_s.a(lib_a-__atexit2.o)
 .debug_frame   0x00001c04       0x28 c:/program files (x86)/cypress/psoc creator/3.0/psoc creator/import/gnu_cs/arm/4.7.3/bin/../lib/gcc/arm-none-eabi/4.7.3/../../../../arm-none-eabi/lib/armv6-m\libc_s.a(lib_a-exit.o)
 .debug_frame   0x00001c2c       0x2c c:/program files (x86)/cypress/psoc creator/3.0/psoc creator/import/gnu_cs/arm/4.7.3/bin/../lib/gcc/arm-none-eabi/4.7.3/../../../../arm-none-eabi/lib/armv6-m\libc_s.a(lib_a-fini.o)
 .debug_frame   0x00001c58       0x2c c:/program files (x86)/cypress/psoc creator/3.0/psoc creator/import/gnu_cs/arm/4.7.3/bin/../lib/gcc/arm-none-eabi/4.7.3/../../../../arm-none-eabi/lib/armv6-m\libc_s.a(lib_a-init.o)
 .debug_frame   0x00001c84       0x28 c:/program files (x86)/cypress/psoc creator/3.0/psoc creator/import/gnu_cs/arm/4.7.3/bin/../lib/gcc/arm-none-eabi/4.7.3/../../../../arm-none-eabi/lib/armv6-m\libc_s.a(lib_a-memcpy.o)
 .debug_frame   0x00001cac       0x28 c:/program files (x86)/cypress/psoc creator/3.0/psoc creator/import/gnu_cs/arm/4.7.3/bin/../lib/gcc/arm-none-eabi/4.7.3/../../../../arm-none-eabi/lib/armv6-m\libc_s.a(lib_a-memset.o)
 .debug_frame   0x00001cd4       0x48 c:/program files (x86)/cypress/psoc creator/3.0/psoc creator/import/gnu_cs/arm/4.7.3/bin/../lib/gcc/arm-none-eabi/4.7.3/../../../../arm-none-eabi/lib/armv6-m\libc_s.a(lib_a-rand.o)
 .debug_frame   0x00001d1c       0x4c c:/program files (x86)/cypress/psoc creator/3.0/psoc creator/import/gnu_cs/arm/4.7.3/bin/../lib/gcc/arm-none-eabi/4.7.3/../../../../arm-none-eabi/lib/armv6-m\libc_s.a(lib_a-sprintf.o)
 .debug_frame   0x00001d68       0x20 c:/program files (x86)/cypress/psoc creator/3.0/psoc creator/import/gnu_cs/arm/4.7.3/bin/../lib/gcc/arm-none-eabi/4.7.3/../../../../arm-none-eabi/lib/armv6-m\libc_s.a(lib_a-strlen.o)
 .debug_frame   0x00001d88       0x78 c:/program files (x86)/cypress/psoc creator/3.0/psoc creator/import/gnu_cs/arm/4.7.3/bin/../lib/gcc/arm-none-eabi/4.7.3/../../../../arm-none-eabi/lib/armv6-m\libc_s.a(lib_a-svfprintf.o)
 .debug_frame   0x00001e00       0x54 c:/program files (x86)/cypress/psoc creator/3.0/psoc creator/import/gnu_cs/arm/4.7.3/bin/../lib/gcc/arm-none-eabi/4.7.3/../../../../arm-none-eabi/lib/armv6-m\libc_s.a(lib_a-vfprintf_i.o)
 .debug_frame   0x00001e54       0x2c c:/program files (x86)/cypress/psoc creator/3.0/psoc creator/import/gnu_cs/arm/4.7.3/bin/../lib/gcc/arm-none-eabi/4.7.3/../../../../arm-none-eabi/lib/armv6-m\libc_s.a(lib_a-freer.o)
 .debug_frame   0x00001e80       0x40 c:/program files (x86)/cypress/psoc creator/3.0/psoc creator/import/gnu_cs/arm/4.7.3/bin/../lib/gcc/arm-none-eabi/4.7.3/../../../../arm-none-eabi/lib/armv6-m\libc_s.a(lib_a-malloc.o)
 .debug_frame   0x00001ec0       0x2c c:/program files (x86)/cypress/psoc creator/3.0/psoc creator/import/gnu_cs/arm/4.7.3/bin/../lib/gcc/arm-none-eabi/4.7.3/../../../../arm-none-eabi/lib/armv6-m\libc_s.a(lib_a-mallocr.o)
 .debug_frame   0x00001eec       0x28 c:/program files (x86)/cypress/psoc creator/3.0/psoc creator/import/gnu_cs/arm/4.7.3/bin/../lib/gcc/arm-none-eabi/4.7.3/../../../../arm-none-eabi/lib/armv6-m\libc_s.a(lib_a-memchr.o)
 .debug_frame   0x00001f14       0x2c c:/program files (x86)/cypress/psoc creator/3.0/psoc creator/import/gnu_cs/arm/4.7.3/bin/../lib/gcc/arm-none-eabi/4.7.3/../../../../arm-none-eabi/lib/armv6-m\libc_s.a(lib_a-memmove.o)
 .debug_frame   0x00001f40       0x30 c:/program files (x86)/cypress/psoc creator/3.0/psoc creator/import/gnu_cs/arm/4.7.3/bin/../lib/gcc/arm-none-eabi/4.7.3/../../../../arm-none-eabi/lib/armv6-m\libc_s.a(lib_a-reallocr.o)
 .debug_frame   0x00001f70       0x2c c:/program files (x86)/cypress/psoc creator/3.0/psoc creator/import/gnu_cs/arm/4.7.3/bin/../lib/gcc/arm-none-eabi/4.7.3/../../../../arm-none-eabi/lib/armv6-m\libc_s.a(lib_a-sbrkr.o)
 .debug_frame   0x00001f9c       0x28 c:/program files (x86)/cypress/psoc creator/3.0/psoc creator/import/gnu_cs/arm/4.7.3/bin/../lib/gcc/arm-none-eabi/4.7.3/../../../../arm-none-eabi/lib/armv6-m\libc_s.a(lib_a-msizer.o)
 .debug_frame   0x00001fc4       0x64 c:/program files (x86)/cypress/psoc creator/3.0/psoc creator/import/gnu_cs/arm/4.7.3/bin/../lib/gcc/arm-none-eabi/4.7.3/../../../../arm-none-eabi/lib/armv6-m\libc_s.a(lib_a-reent.o)
 .debug_frame   0x00002028       0x30 c:/program files (x86)/cypress/psoc creator/3.0/psoc creator/import/gnu_cs/arm/4.7.3/bin/../lib/gcc/arm-none-eabi/4.7.3/armv6-m\libgcc.a(_muldi3.o)
 .debug_frame   0x00002058       0x28 c:/program files (x86)/cypress/psoc creator/3.0/psoc creator/import/gnu_cs/arm/4.7.3/bin/../lib/gcc/arm-none-eabi/4.7.3/../../../../arm-none-eabi/lib/armv6-m\libnosys.a(sbrk.o)

.debug_str      0x00000000     0x176f
 *(.debug_str)
 .debug_str     0x00000000      0x177 .\CortexM0\ARM_GCC_473\Debug\main.o
                                0x1b5 (size before relaxing)
 .debug_str     0x00000177       0x5b .\CortexM0\ARM_GCC_473\Debug\cymetadata.o
                                0x1ab (size before relaxing)
 .debug_str     0x000001d2      0x117 .\CortexM0\ARM_GCC_473\Debug\Cm0Start.o
                                0x274 (size before relaxing)
 .debug_str     0x000002e9      0x199 .\CortexM0\ARM_GCC_473\Debug\PSoCPioneer+ArduinoShield_Example.a(cyfitter_cfg.o)
                                0x333 (size before relaxing)
 .debug_str     0x00000482      0x859 .\CortexM0\ARM_GCC_473\Debug\PSoCPioneer+ArduinoShield_Example.a(ETH0.o)
                                0x9fd (size before relaxing)
 .debug_str     0x00000cdb       0x7f .\CortexM0\ARM_GCC_473\Debug\PSoCPioneer+ArduinoShield_Example.a(SDCS.o)
                                0x1de (size before relaxing)
 .debug_str     0x00000d5a      0x4de .\CortexM0\ARM_GCC_473\Debug\PSoCPioneer+ArduinoShield_Example.a(CyLib.o)
                                0x66c (size before relaxing)
 .debug_str     0x00001238       0xaa .\CortexM0\ARM_GCC_473\Debug\PSoCPioneer+ArduinoShield_Example.a(SPI0.o)
                                0x221 (size before relaxing)
 .debug_str     0x000012e2      0x13b .\CortexM0\ARM_GCC_473\Debug\PSoCPioneer+ArduinoShield_Example.a(SPI0_SPI_UART.o)
                                0x2a3 (size before relaxing)
 .debug_str     0x0000141d       0x63 .\CortexM0\ARM_GCC_473\Debug\PSoCPioneer+ArduinoShield_Example.a(SPI0_SPI.o)
                                0x1ba (size before relaxing)
 .debug_str     0x00001480       0x90 .\CortexM0\ARM_GCC_473\Debug\PSoCPioneer+ArduinoShield_Example.a(SPI0_ss1_m.o)
                                0x202 (size before relaxing)
 .debug_str     0x00001510      0x159 .\CortexM0\ARM_GCC_473\Debug\PSoCPioneer+ArduinoShield_Example.a(LED1.o)
                                0x2ae (size before relaxing)
 .debug_str     0x00001669      0x106 .\CortexM0\ARM_GCC_473\Debug\PSoCPioneer+ArduinoShield_Example.a(LED0.o)
                                0x2ae (size before relaxing)

.debug_loc      0x00000000     0x2d4a
 *(.debug_loc)
 .debug_loc     0x00000000       0x72 .\CortexM0\ARM_GCC_473\Debug\main.o
 .debug_loc     0x00000072      0x100 .\CortexM0\ARM_GCC_473\Debug\Cm0Start.o
 .debug_loc     0x00000172      0x1a8 .\CortexM0\ARM_GCC_473\Debug\PSoCPioneer+ArduinoShield_Example.a(cyfitter_cfg.o)
 .debug_loc     0x0000031a     0x1538 .\CortexM0\ARM_GCC_473\Debug\PSoCPioneer+ArduinoShield_Example.a(ETH0.o)
 .debug_loc     0x00001852      0x100 .\CortexM0\ARM_GCC_473\Debug\PSoCPioneer+ArduinoShield_Example.a(SDCS.o)
 .debug_loc     0x00001952      0x9fc .\CortexM0\ARM_GCC_473\Debug\PSoCPioneer+ArduinoShield_Example.a(CyLib.o)
 .debug_loc     0x0000234e      0x140 .\CortexM0\ARM_GCC_473\Debug\PSoCPioneer+ArduinoShield_Example.a(SPI0.o)
 .debug_loc     0x0000248e      0x1e0 .\CortexM0\ARM_GCC_473\Debug\PSoCPioneer+ArduinoShield_Example.a(SPI0_SPI_UART.o)
 .debug_loc     0x0000266e       0x64 .\CortexM0\ARM_GCC_473\Debug\PSoCPioneer+ArduinoShield_Example.a(SPI0_SPI.o)
 .debug_loc     0x000026d2      0x100 .\CortexM0\ARM_GCC_473\Debug\PSoCPioneer+ArduinoShield_Example.a(SPI0_ss1_m.o)
 .debug_loc     0x000027d2      0x2bc .\CortexM0\ARM_GCC_473\Debug\PSoCPioneer+ArduinoShield_Example.a(LED1.o)
 .debug_loc     0x00002a8e      0x2bc .\CortexM0\ARM_GCC_473\Debug\PSoCPioneer+ArduinoShield_Example.a(LED0.o)

.debug_macinfo
 *(.debug_macinfo)

.debug_ranges   0x00000000      0x738
 *(.debug_ranges)
 .debug_ranges  0x00000000       0x18 .\CortexM0\ARM_GCC_473\Debug\main.o
 .debug_ranges  0x00000018       0x30 .\CortexM0\ARM_GCC_473\Debug\Cm0Start.o
 .debug_ranges  0x00000048       0x48 .\CortexM0\ARM_GCC_473\Debug\PSoCPioneer+ArduinoShield_Example.a(cyfitter_cfg.o)
 .debug_ranges  0x00000090      0x328 .\CortexM0\ARM_GCC_473\Debug\PSoCPioneer+ArduinoShield_Example.a(ETH0.o)
 .debug_ranges  0x000003b8       0x30 .\CortexM0\ARM_GCC_473\Debug\PSoCPioneer+ArduinoShield_Example.a(SDCS.o)
 .debug_ranges  0x000003e8      0x188 .\CortexM0\ARM_GCC_473\Debug\PSoCPioneer+ArduinoShield_Example.a(CyLib.o)
 .debug_ranges  0x00000570       0x40 .\CortexM0\ARM_GCC_473\Debug\PSoCPioneer+ArduinoShield_Example.a(SPI0.o)
 .debug_ranges  0x000005b0       0x50 .\CortexM0\ARM_GCC_473\Debug\PSoCPioneer+ArduinoShield_Example.a(SPI0_SPI_UART.o)
 .debug_ranges  0x00000600       0x18 .\CortexM0\ARM_GCC_473\Debug\PSoCPioneer+ArduinoShield_Example.a(SPI0_SPI.o)
 .debug_ranges  0x00000618       0x30 .\CortexM0\ARM_GCC_473\Debug\PSoCPioneer+ArduinoShield_Example.a(SPI0_ss1_m.o)
 .debug_ranges  0x00000648       0x78 .\CortexM0\ARM_GCC_473\Debug\PSoCPioneer+ArduinoShield_Example.a(LED1.o)
 .debug_ranges  0x000006c0       0x78 .\CortexM0\ARM_GCC_473\Debug\PSoCPioneer+ArduinoShield_Example.a(LED0.o)

.comment        0x00000000       0x70
 .comment       0x00000000       0x70 .\CortexM0\ARM_GCC_473\Debug\main.o
                                 0x71 (size before relaxing)
 .comment       0x00000000       0x71 .\CortexM0\ARM_GCC_473\Debug\cymetadata.o
 .comment       0x00000000       0x71 .\CortexM0\ARM_GCC_473\Debug\Cm0Start.o
 .comment       0x00000000       0x71 .\CortexM0\ARM_GCC_473\Debug\PSoCPioneer+ArduinoShield_Example.a(cyfitter_cfg.o)
 .comment       0x00000000       0x71 .\CortexM0\ARM_GCC_473\Debug\PSoCPioneer+ArduinoShield_Example.a(ETH0.o)
 .comment       0x00000000       0x71 .\CortexM0\ARM_GCC_473\Debug\PSoCPioneer+ArduinoShield_Example.a(SDCS.o)
 .comment       0x00000000       0x71 .\CortexM0\ARM_GCC_473\Debug\PSoCPioneer+ArduinoShield_Example.a(CyLib.o)
 .comment       0x00000000       0x71 .\CortexM0\ARM_GCC_473\Debug\PSoCPioneer+ArduinoShield_Example.a(SPI0.o)
 .comment       0x00000000       0x71 .\CortexM0\ARM_GCC_473\Debug\PSoCPioneer+ArduinoShield_Example.a(SPI0_SPI_UART.o)
 .comment       0x00000000       0x71 .\CortexM0\ARM_GCC_473\Debug\PSoCPioneer+ArduinoShield_Example.a(SPI0_SPI.o)
 .comment       0x00000000       0x71 .\CortexM0\ARM_GCC_473\Debug\PSoCPioneer+ArduinoShield_Example.a(SPI0_ss1_m.o)
 .comment       0x00000000       0x71 .\CortexM0\ARM_GCC_473\Debug\PSoCPioneer+ArduinoShield_Example.a(LED1.o)
 .comment       0x00000000       0x71 .\CortexM0\ARM_GCC_473\Debug\PSoCPioneer+ArduinoShield_Example.a(LED0.o)

.debug_weaknames
 *(.debug_weaknames)

.debug_funcnames
 *(.debug_funcnames)

.debug_typenames
 *(.debug_typenames)

.debug_varnames
 *(.debug_varnames)

.note.gnu.arm.ident
 *(.note.gnu.arm.ident)

.ARM.attributes
                0x00000000       0x28
 *(.ARM.attributes)
 .ARM.attributes
                0x00000000       0x1e c:/program files (x86)/cypress/psoc creator/3.0/psoc creator/import/gnu_cs/arm/4.7.3/bin/../lib/gcc/arm-none-eabi/4.7.3/armv6-m/crti.o
 .ARM.attributes
                0x0000001e       0x2c c:/program files (x86)/cypress/psoc creator/3.0/psoc creator/import/gnu_cs/arm/4.7.3/bin/../lib/gcc/arm-none-eabi/4.7.3/armv6-m/crtbegin.o
 .ARM.attributes
                0x0000004a       0x1c c:/program files (x86)/cypress/psoc creator/3.0/psoc creator/import/gnu_cs/arm/4.7.3/bin/../lib/gcc/arm-none-eabi/4.7.3/../../../../arm-none-eabi/lib/armv6-m/crt0.o
 .ARM.attributes
                0x00000066       0x31 .\CortexM0\ARM_GCC_473\Debug\main.o
 .ARM.attributes
                0x00000097       0x31 .\CortexM0\ARM_GCC_473\Debug\cymetadata.o
 .ARM.attributes
                0x000000c8       0x31 .\CortexM0\ARM_GCC_473\Debug\Cm0Start.o
 .ARM.attributes
                0x000000f9       0x31 .\CortexM0\ARM_GCC_473\Debug\PSoCPioneer+ArduinoShield_Example.a(cyfitter_cfg.o)
 .ARM.attributes
                0x0000012a       0x31 .\CortexM0\ARM_GCC_473\Debug\PSoCPioneer+ArduinoShield_Example.a(ETH0.o)
 .ARM.attributes
                0x0000015b       0x31 .\CortexM0\ARM_GCC_473\Debug\PSoCPioneer+ArduinoShield_Example.a(SDCS.o)
 .ARM.attributes
                0x0000018c       0x31 .\CortexM0\ARM_GCC_473\Debug\PSoCPioneer+ArduinoShield_Example.a(CyLib.o)
 .ARM.attributes
                0x000001bd       0x31 .\CortexM0\ARM_GCC_473\Debug\PSoCPioneer+ArduinoShield_Example.a(SPI0.o)
 .ARM.attributes
                0x000001ee       0x31 .\CortexM0\ARM_GCC_473\Debug\PSoCPioneer+ArduinoShield_Example.a(SPI0_SPI_UART.o)
 .ARM.attributes
                0x0000021f       0x31 .\CortexM0\ARM_GCC_473\Debug\PSoCPioneer+ArduinoShield_Example.a(SPI0_SPI.o)
 .ARM.attributes
                0x00000250       0x31 .\CortexM0\ARM_GCC_473\Debug\PSoCPioneer+ArduinoShield_Example.a(SPI0_ss1_m.o)
 .ARM.attributes
                0x00000281       0x31 .\CortexM0\ARM_GCC_473\Debug\PSoCPioneer+ArduinoShield_Example.a(LED1.o)
 .ARM.attributes
                0x000002b2       0x31 .\CortexM0\ARM_GCC_473\Debug\PSoCPioneer+ArduinoShield_Example.a(LED0.o)
 .ARM.attributes
                0x000002e3       0x21 .\CortexM0\ARM_GCC_473\Debug\PSoCPioneer+ArduinoShield_Example.a(CyBootAsmGnu.o)
 .ARM.attributes
                0x00000304       0x1e c:/program files (x86)/cypress/psoc creator/3.0/psoc creator/import/gnu_cs/arm/4.7.3/bin/../lib/gcc/arm-none-eabi/4.7.3/armv6-m\libgcc.a(_udivsi3.o)
 .ARM.attributes
                0x00000322       0x1e c:/program files (x86)/cypress/psoc creator/3.0/psoc creator/import/gnu_cs/arm/4.7.3/bin/../lib/gcc/arm-none-eabi/4.7.3/armv6-m\libgcc.a(_divsi3.o)
 .ARM.attributes
                0x00000340       0x1e c:/program files (x86)/cypress/psoc creator/3.0/psoc creator/import/gnu_cs/arm/4.7.3/bin/../lib/gcc/arm-none-eabi/4.7.3/armv6-m\libgcc.a(_dvmd_tls.o)
 .ARM.attributes
                0x0000035e       0x2c c:/program files (x86)/cypress/psoc creator/3.0/psoc creator/import/gnu_cs/arm/4.7.3/bin/../lib/gcc/arm-none-eabi/4.7.3/../../../../arm-none-eabi/lib/armv6-m\libc_s.a(lib_a-__atexit2.o)
 .ARM.attributes
                0x0000038a       0x2c c:/program files (x86)/cypress/psoc creator/3.0/psoc creator/import/gnu_cs/arm/4.7.3/bin/../lib/gcc/arm-none-eabi/4.7.3/../../../../arm-none-eabi/lib/armv6-m\libc_s.a(lib_a-exit.o)
 .ARM.attributes
                0x000003b6       0x2c c:/program files (x86)/cypress/psoc creator/3.0/psoc creator/import/gnu_cs/arm/4.7.3/bin/../lib/gcc/arm-none-eabi/4.7.3/../../../../arm-none-eabi/lib/armv6-m\libc_s.a(lib_a-fini.o)
 .ARM.attributes
                0x000003e2       0x2c c:/program files (x86)/cypress/psoc creator/3.0/psoc creator/import/gnu_cs/arm/4.7.3/bin/../lib/gcc/arm-none-eabi/4.7.3/../../../../arm-none-eabi/lib/armv6-m\libc_s.a(lib_a-impure.o)
 .ARM.attributes
                0x0000040e       0x2c c:/program files (x86)/cypress/psoc creator/3.0/psoc creator/import/gnu_cs/arm/4.7.3/bin/../lib/gcc/arm-none-eabi/4.7.3/../../../../arm-none-eabi/lib/armv6-m\libc_s.a(lib_a-init.o)
 .ARM.attributes
                0x0000043a       0x2c c:/program files (x86)/cypress/psoc creator/3.0/psoc creator/import/gnu_cs/arm/4.7.3/bin/../lib/gcc/arm-none-eabi/4.7.3/../../../../arm-none-eabi/lib/armv6-m\libc_s.a(lib_a-memcpy.o)
 .ARM.attributes
                0x00000466       0x2c c:/program files (x86)/cypress/psoc creator/3.0/psoc creator/import/gnu_cs/arm/4.7.3/bin/../lib/gcc/arm-none-eabi/4.7.3/../../../../arm-none-eabi/lib/armv6-m\libc_s.a(lib_a-memset.o)
 .ARM.attributes
                0x00000492       0x2c c:/program files (x86)/cypress/psoc creator/3.0/psoc creator/import/gnu_cs/arm/4.7.3/bin/../lib/gcc/arm-none-eabi/4.7.3/../../../../arm-none-eabi/lib/armv6-m\libc_s.a(lib_a-rand.o)
 .ARM.attributes
                0x000004be       0x2c c:/program files (x86)/cypress/psoc creator/3.0/psoc creator/import/gnu_cs/arm/4.7.3/bin/../lib/gcc/arm-none-eabi/4.7.3/../../../../arm-none-eabi/lib/armv6-m\libc_s.a(lib_a-sprintf.o)
 .ARM.attributes
                0x000004ea       0x2c c:/program files (x86)/cypress/psoc creator/3.0/psoc creator/import/gnu_cs/arm/4.7.3/bin/../lib/gcc/arm-none-eabi/4.7.3/../../../../arm-none-eabi/lib/armv6-m\libc_s.a(lib_a-strlen.o)
 .ARM.attributes
                0x00000516       0x2c c:/program files (x86)/cypress/psoc creator/3.0/psoc creator/import/gnu_cs/arm/4.7.3/bin/../lib/gcc/arm-none-eabi/4.7.3/../../../../arm-none-eabi/lib/armv6-m\libc_s.a(lib_a-svfprintf.o)
 .ARM.attributes
                0x00000542       0x2c c:/program files (x86)/cypress/psoc creator/3.0/psoc creator/import/gnu_cs/arm/4.7.3/bin/../lib/gcc/arm-none-eabi/4.7.3/../../../../arm-none-eabi/lib/armv6-m\libc_s.a(lib_a-vfprintf_i.o)
 .ARM.attributes
                0x0000056e       0x2c c:/program files (x86)/cypress/psoc creator/3.0/psoc creator/import/gnu_cs/arm/4.7.3/bin/../lib/gcc/arm-none-eabi/4.7.3/../../../../arm-none-eabi/lib/armv6-m\libc_s.a(lib_a-freer.o)
 .ARM.attributes
                0x0000059a       0x2c c:/program files (x86)/cypress/psoc creator/3.0/psoc creator/import/gnu_cs/arm/4.7.3/bin/../lib/gcc/arm-none-eabi/4.7.3/../../../../arm-none-eabi/lib/armv6-m\libc_s.a(lib_a-malloc.o)
 .ARM.attributes
                0x000005c6       0x2c c:/program files (x86)/cypress/psoc creator/3.0/psoc creator/import/gnu_cs/arm/4.7.3/bin/../lib/gcc/arm-none-eabi/4.7.3/../../../../arm-none-eabi/lib/armv6-m\libc_s.a(lib_a-mallocr.o)
 .ARM.attributes
                0x000005f2       0x2c c:/program files (x86)/cypress/psoc creator/3.0/psoc creator/import/gnu_cs/arm/4.7.3/bin/../lib/gcc/arm-none-eabi/4.7.3/../../../../arm-none-eabi/lib/armv6-m\libc_s.a(lib_a-memchr.o)
 .ARM.attributes
                0x0000061e       0x2c c:/program files (x86)/cypress/psoc creator/3.0/psoc creator/import/gnu_cs/arm/4.7.3/bin/../lib/gcc/arm-none-eabi/4.7.3/../../../../arm-none-eabi/lib/armv6-m\libc_s.a(lib_a-memmove.o)
 .ARM.attributes
                0x0000064a       0x2c c:/program files (x86)/cypress/psoc creator/3.0/psoc creator/import/gnu_cs/arm/4.7.3/bin/../lib/gcc/arm-none-eabi/4.7.3/../../../../arm-none-eabi/lib/armv6-m\libc_s.a(lib_a-reallocr.o)
 .ARM.attributes
                0x00000676       0x2c c:/program files (x86)/cypress/psoc creator/3.0/psoc creator/import/gnu_cs/arm/4.7.3/bin/../lib/gcc/arm-none-eabi/4.7.3/../../../../arm-none-eabi/lib/armv6-m\libc_s.a(lib_a-sbrkr.o)
 .ARM.attributes
                0x000006a2       0x2c c:/program files (x86)/cypress/psoc creator/3.0/psoc creator/import/gnu_cs/arm/4.7.3/bin/../lib/gcc/arm-none-eabi/4.7.3/../../../../arm-none-eabi/lib/armv6-m\libc_s.a(lib_a-msizer.o)
 .ARM.attributes
                0x000006ce       0x2c c:/program files (x86)/cypress/psoc creator/3.0/psoc creator/import/gnu_cs/arm/4.7.3/bin/../lib/gcc/arm-none-eabi/4.7.3/../../../../arm-none-eabi/lib/armv6-m\libc_s.a(lib_a-reent.o)
 .ARM.attributes
                0x000006fa       0x2c c:/program files (x86)/cypress/psoc creator/3.0/psoc creator/import/gnu_cs/arm/4.7.3/bin/../lib/gcc/arm-none-eabi/4.7.3/armv6-m\libgcc.a(_muldi3.o)
 .ARM.attributes
                0x00000726       0x2c c:/program files (x86)/cypress/psoc creator/3.0/psoc creator/import/gnu_cs/arm/4.7.3/bin/../lib/gcc/arm-none-eabi/4.7.3/armv6-m/crtend.o
 .ARM.attributes
                0x00000752       0x1e c:/program files (x86)/cypress/psoc creator/3.0/psoc creator/import/gnu_cs/arm/4.7.3/bin/../lib/gcc/arm-none-eabi/4.7.3/armv6-m/crtn.o
 .ARM.attributes
                0x00000770       0x2c c:/program files (x86)/cypress/psoc creator/3.0/psoc creator/import/gnu_cs/arm/4.7.3/bin/../lib/gcc/arm-none-eabi/4.7.3/../../../../arm-none-eabi/lib/armv6-m\libnosys.a(sbrk.o)

/DISCARD/
 *(.note.GNU-stack)
OUTPUT(.\CortexM0\ARM_GCC_473\Debug\PSoCPioneer+ArduinoShield_Example.elf elf32-littlearm)
