ARM GAS  C:\Users\CHUCK~1.ERH\AppData\Local\Temp\cc7afQgf.s 			page 1


   1              		.cpu cortex-m0
   2              		.fpu softvfp
   3              		.eabi_attribute 20, 1
   4              		.eabi_attribute 21, 1
   5              		.eabi_attribute 23, 3
   6              		.eabi_attribute 24, 1
   7              		.eabi_attribute 25, 1
   8              		.eabi_attribute 26, 1
   9              		.eabi_attribute 30, 4
  10              		.eabi_attribute 34, 0
  11              		.eabi_attribute 18, 4
  12              		.code	16
  13              		.file	"cyPm.c"
  14              		.text
  15              	.Ltext0:
  16              		.cfi_sections	.debug_frame
  17              		.section	.text.CySysPmSleep,"ax",%progbits
  18              		.align	1
  19              		.global	CySysPmSleep
  20              		.code	16
  21              		.thumb_func
  22              		.type	CySysPmSleep, %function
  23              	CySysPmSleep:
  24              	.LFB0:
  25              		.file 1 ".\\Generated_Source\\PSoC4\\cyPm.c"
   1:.\Generated_Source\PSoC4/cyPm.c **** /*******************************************************************************
   2:.\Generated_Source\PSoC4/cyPm.c **** * File Name: cyPm.c
   3:.\Generated_Source\PSoC4/cyPm.c **** * Version 4.0
   4:.\Generated_Source\PSoC4/cyPm.c **** *
   5:.\Generated_Source\PSoC4/cyPm.c **** *  Description:
   6:.\Generated_Source\PSoC4/cyPm.c **** *   Provides an API for the power management.
   7:.\Generated_Source\PSoC4/cyPm.c **** *
   8:.\Generated_Source\PSoC4/cyPm.c **** *  Note:
   9:.\Generated_Source\PSoC4/cyPm.c **** *   Documentation of the API's in this file is located in the
  10:.\Generated_Source\PSoC4/cyPm.c **** *   System Reference Guide provided with PSoC Creator.
  11:.\Generated_Source\PSoC4/cyPm.c **** *
  12:.\Generated_Source\PSoC4/cyPm.c **** ********************************************************************************
  13:.\Generated_Source\PSoC4/cyPm.c **** * Copyright 2011-2013, Cypress Semiconductor Corporation.  All rights reserved.
  14:.\Generated_Source\PSoC4/cyPm.c **** * You may use this file only in accordance with the license, terms, conditions,
  15:.\Generated_Source\PSoC4/cyPm.c **** * disclaimers, and limitations in the end user license agreement accompanying
  16:.\Generated_Source\PSoC4/cyPm.c **** * the software package with which this file was provided.
  17:.\Generated_Source\PSoC4/cyPm.c **** *******************************************************************************/
  18:.\Generated_Source\PSoC4/cyPm.c **** 
  19:.\Generated_Source\PSoC4/cyPm.c **** #include "cyPm.h"
  20:.\Generated_Source\PSoC4/cyPm.c **** #include "CyLib.h"
  21:.\Generated_Source\PSoC4/cyPm.c **** 
  22:.\Generated_Source\PSoC4/cyPm.c **** 
  23:.\Generated_Source\PSoC4/cyPm.c **** /*******************************************************************************
  24:.\Generated_Source\PSoC4/cyPm.c **** * Function Name: CySysPmSleep
  25:.\Generated_Source\PSoC4/cyPm.c **** ********************************************************************************
  26:.\Generated_Source\PSoC4/cyPm.c **** *
  27:.\Generated_Source\PSoC4/cyPm.c **** * Summary:
  28:.\Generated_Source\PSoC4/cyPm.c **** *  Puts the part into the Sleep state. This is a CPU-centric power mode.
  29:.\Generated_Source\PSoC4/cyPm.c **** *  It means that the CPU has indicated that it is in sleep mode and
  30:.\Generated_Source\PSoC4/cyPm.c **** *  its main clock can be removed. It is identical to Active from a peripheral
  31:.\Generated_Source\PSoC4/cyPm.c **** *  point of view. Any enabled interrupts can cause wakeup from a Sleep mode.
  32:.\Generated_Source\PSoC4/cyPm.c **** *
ARM GAS  C:\Users\CHUCK~1.ERH\AppData\Local\Temp\cc7afQgf.s 			page 2


  33:.\Generated_Source\PSoC4/cyPm.c **** * Parameters:
  34:.\Generated_Source\PSoC4/cyPm.c **** *  None
  35:.\Generated_Source\PSoC4/cyPm.c **** *
  36:.\Generated_Source\PSoC4/cyPm.c **** * Return:
  37:.\Generated_Source\PSoC4/cyPm.c **** *  None
  38:.\Generated_Source\PSoC4/cyPm.c **** *
  39:.\Generated_Source\PSoC4/cyPm.c **** *******************************************************************************/
  40:.\Generated_Source\PSoC4/cyPm.c **** void CySysPmSleep(void)
  41:.\Generated_Source\PSoC4/cyPm.c **** {
  26              		.loc 1 41 0
  27              		.cfi_startproc
  28 0000 08B5     		push	{r3, lr}
  29              	.LCFI0:
  30              		.cfi_def_cfa_offset 8
  31              		.cfi_offset 3, -8
  32              		.cfi_offset 14, -4
  42:.\Generated_Source\PSoC4/cyPm.c ****     uint8 interruptState;
  43:.\Generated_Source\PSoC4/cyPm.c **** 
  44:.\Generated_Source\PSoC4/cyPm.c ****     interruptState = CyEnterCriticalSection();
  33              		.loc 1 44 0
  34 0002 FFF7FEFF 		bl	CyEnterCriticalSection
  35              	.LVL0:
  45:.\Generated_Source\PSoC4/cyPm.c **** 
  46:.\Generated_Source\PSoC4/cyPm.c ****     /* CM0 enters Sleep mode upon execution of WFI */
  47:.\Generated_Source\PSoC4/cyPm.c ****     CY_PM_CM0_SCR_REG &= (uint32) (~CY_PM_CM0_SCR_SLEEPDEEP);
  36              		.loc 1 47 0
  37 0006 044B     		ldr	r3, .L2
  38 0008 0421     		mov	r1, #4
  39 000a 1A68     		ldr	r2, [r3]
  40 000c 8A43     		bic	r2, r1
  41 000e 1A60     		str	r2, [r3]
  48:.\Generated_Source\PSoC4/cyPm.c **** 
  49:.\Generated_Source\PSoC4/cyPm.c ****     /* Sleep and wait for interrupt */
  50:.\Generated_Source\PSoC4/cyPm.c ****     CY_PM_WFI;
  42              		.loc 1 50 0
  43              	@ 50 ".\Generated_Source\PSoC4\cyPm.c" 1
  44 0010 30BF     		WFI 
  45              	
  46              	@ 0 "" 2
  51:.\Generated_Source\PSoC4/cyPm.c **** 
  52:.\Generated_Source\PSoC4/cyPm.c ****     CyExitCriticalSection(interruptState);
  47              		.loc 1 52 0
  48              		.code	16
  49 0012 FFF7FEFF 		bl	CyExitCriticalSection
  50              	.LVL1:
  53:.\Generated_Source\PSoC4/cyPm.c **** }
  51              		.loc 1 53 0
  52              		@ sp needed for prologue
  53 0016 08BD     		pop	{r3, pc}
  54              	.L3:
  55              		.align	2
  56              	.L2:
  57 0018 10ED00E0 		.word	-536810224
  58              		.cfi_endproc
  59              	.LFE0:
  60              		.size	CySysPmSleep, .-CySysPmSleep
  61              		.section	.text.CySysPmDeepSleep,"ax",%progbits
ARM GAS  C:\Users\CHUCK~1.ERH\AppData\Local\Temp\cc7afQgf.s 			page 3


  62              		.align	1
  63              		.global	CySysPmDeepSleep
  64              		.code	16
  65              		.thumb_func
  66              		.type	CySysPmDeepSleep, %function
  67              	CySysPmDeepSleep:
  68              	.LFB1:
  54:.\Generated_Source\PSoC4/cyPm.c **** 
  55:.\Generated_Source\PSoC4/cyPm.c **** 
  56:.\Generated_Source\PSoC4/cyPm.c **** /*******************************************************************************
  57:.\Generated_Source\PSoC4/cyPm.c **** * Function Name: CySysPmDeepSleep
  58:.\Generated_Source\PSoC4/cyPm.c **** ********************************************************************************
  59:.\Generated_Source\PSoC4/cyPm.c **** *
  60:.\Generated_Source\PSoC4/cyPm.c **** * Summary:
  61:.\Generated_Source\PSoC4/cyPm.c **** *  Puts the part into the Deep Sleep state. If firmware attempts to enter this
  62:.\Generated_Source\PSoC4/cyPm.c **** *  mode before the system is ready (that is, when PWR_CONTROL.LPM_READY = 0),
  63:.\Generated_Source\PSoC4/cyPm.c **** *  then the device will go into Sleep mode instead and automatically enter
  64:.\Generated_Source\PSoC4/cyPm.c **** *  the originally intended mode when the holdoff expires.
  65:.\Generated_Source\PSoC4/cyPm.c **** *
  66:.\Generated_Source\PSoC4/cyPm.c **** *  The wakeup occurs when an interrupt is received from a DeepSleep or
  67:.\Generated_Source\PSoC4/cyPm.c **** *  Hibernate peripheral. For more details, see corresponding
  68:.\Generated_Source\PSoC4/cyPm.c **** *  peripheral's datasheet.
  69:.\Generated_Source\PSoC4/cyPm.c **** *
  70:.\Generated_Source\PSoC4/cyPm.c **** * Parameters:
  71:.\Generated_Source\PSoC4/cyPm.c **** *  None
  72:.\Generated_Source\PSoC4/cyPm.c **** *
  73:.\Generated_Source\PSoC4/cyPm.c **** * Return:
  74:.\Generated_Source\PSoC4/cyPm.c **** *  None
  75:.\Generated_Source\PSoC4/cyPm.c **** *
  76:.\Generated_Source\PSoC4/cyPm.c **** *******************************************************************************/
  77:.\Generated_Source\PSoC4/cyPm.c **** void CySysPmDeepSleep(void)
  78:.\Generated_Source\PSoC4/cyPm.c **** {
  69              		.loc 1 78 0
  70              		.cfi_startproc
  71 0000 37B5     		push	{r0, r1, r2, r4, r5, lr}
  72              	.LCFI1:
  73              		.cfi_def_cfa_offset 24
  74              		.cfi_offset 0, -24
  75              		.cfi_offset 1, -20
  76              		.cfi_offset 2, -16
  77              		.cfi_offset 4, -12
  78              		.cfi_offset 5, -8
  79              		.cfi_offset 14, -4
  79:.\Generated_Source\PSoC4/cyPm.c ****     uint8 interruptState;
  80:.\Generated_Source\PSoC4/cyPm.c ****     #if(CY_PSOC4A)
  81:.\Generated_Source\PSoC4/cyPm.c ****         volatile uint32 clkSelectReg;
  82:.\Generated_Source\PSoC4/cyPm.c ****     #endif /* (CY_PSOC4A) */
  83:.\Generated_Source\PSoC4/cyPm.c **** 
  84:.\Generated_Source\PSoC4/cyPm.c ****     interruptState = CyEnterCriticalSection();
  80              		.loc 1 84 0
  81 0002 FFF7FEFF 		bl	CyEnterCriticalSection
  82              	.LVL2:
  85:.\Generated_Source\PSoC4/cyPm.c **** 
  86:.\Generated_Source\PSoC4/cyPm.c ****     #if(CY_PSOC4A)
  87:.\Generated_Source\PSoC4/cyPm.c ****         /* Device enters DeepSleep mode when CPU asserts SLEEPDEEP signal */
  88:.\Generated_Source\PSoC4/cyPm.c ****         CY_PM_PWR_CONTROL_REG &= (uint32) (~CY_PM_PWR_CONTROL_HIBERNATE);
  83              		.loc 1 88 0
ARM GAS  C:\Users\CHUCK~1.ERH\AppData\Local\Temp\cc7afQgf.s 			page 4


  84 0006 0E4B     		ldr	r3, .L5
  84:.\Generated_Source\PSoC4/cyPm.c ****     interruptState = CyEnterCriticalSection();
  85              		.loc 1 84 0
  86 0008 051C     		mov	r5, r0
  87              	.LVL3:
  88              		.loc 1 88 0
  89 000a 1A68     		ldr	r2, [r3]
  89:.\Generated_Source\PSoC4/cyPm.c ****     #endif /* (CY_PSOC4A) */
  90:.\Generated_Source\PSoC4/cyPm.c **** 
  91:.\Generated_Source\PSoC4/cyPm.c ****     /* Adjust delay to wait for references to settle on wakeup from deepsleep */
  92:.\Generated_Source\PSoC4/cyPm.c ****     CY_PM_PWR_KEY_DELAY_REG = CY_SFLASH_DPSLP_KEY_DELAY_REG;
  90              		.loc 1 92 0
  91 000c 0D4C     		ldr	r4, .L5+4
  88:.\Generated_Source\PSoC4/cyPm.c ****         CY_PM_PWR_CONTROL_REG &= (uint32) (~CY_PM_PWR_CONTROL_HIBERNATE);
  92              		.loc 1 88 0
  93 000e 5000     		lsl	r0, r2, #1
  94              	.LVL4:
  95 0010 4108     		lsr	r1, r0, #1
  96 0012 1960     		str	r1, [r3]
  97              		.loc 1 92 0
  98 0014 2288     		ldrh	r2, [r4]
  99 0016 0C4B     		ldr	r3, .L5+8
  93:.\Generated_Source\PSoC4/cyPm.c **** 
  94:.\Generated_Source\PSoC4/cyPm.c ****     /* CM0 enters DeepSleep/Hibernate mode upon execution of WFI */
  95:.\Generated_Source\PSoC4/cyPm.c ****     CY_PM_CM0_SCR_REG |= CY_PM_CM0_SCR_SLEEPDEEP;
 100              		.loc 1 95 0
 101 0018 0C48     		ldr	r0, .L5+12
  92:.\Generated_Source\PSoC4/cyPm.c ****     CY_PM_PWR_KEY_DELAY_REG = CY_SFLASH_DPSLP_KEY_DELAY_REG;
 102              		.loc 1 92 0
 103 001a 1A60     		str	r2, [r3]
 104              		.loc 1 95 0
 105 001c 0468     		ldr	r4, [r0]
 106 001e 0421     		mov	r1, #4
 107 0020 0C43     		orr	r4, r1
 108 0022 0460     		str	r4, [r0]
  96:.\Generated_Source\PSoC4/cyPm.c ****     
  97:.\Generated_Source\PSoC4/cyPm.c ****     #if(CY_PSOC4A)
  98:.\Generated_Source\PSoC4/cyPm.c ****         /* Preserve system clock configuration and 
  99:.\Generated_Source\PSoC4/cyPm.c ****         * reduce sysclk to <=24 MHz (Cypress ID #158710).
 100:.\Generated_Source\PSoC4/cyPm.c ****         */
 101:.\Generated_Source\PSoC4/cyPm.c ****         clkSelectReg = CY_SYS_CLK_SELECT_REG;
 109              		.loc 1 101 0
 110 0024 0A4C     		ldr	r4, .L5+16
 102:.\Generated_Source\PSoC4/cyPm.c ****         CySysClkWriteSysclkDiv(CY_SYS_CLK_SYSCLK_DIV2);
 111              		.loc 1 102 0
 112 0026 0120     		mov	r0, #1
 101:.\Generated_Source\PSoC4/cyPm.c ****         clkSelectReg = CY_SYS_CLK_SELECT_REG;
 113              		.loc 1 101 0
 114 0028 2268     		ldr	r2, [r4]
 115              	.LVL5:
 116 002a 0192     		str	r2, [sp, #4]
 117              		.loc 1 102 0
 118 002c FFF7FEFF 		bl	CySysClkWriteSysclkDiv
 119              	.LVL6:
 103:.\Generated_Source\PSoC4/cyPm.c ****     #endif /* (CY_PSOC4A) */
 104:.\Generated_Source\PSoC4/cyPm.c **** 
 105:.\Generated_Source\PSoC4/cyPm.c ****     /* Sleep and wait for interrupt */
ARM GAS  C:\Users\CHUCK~1.ERH\AppData\Local\Temp\cc7afQgf.s 			page 5


 106:.\Generated_Source\PSoC4/cyPm.c ****     CY_PM_WFI;
 120              		.loc 1 106 0
 121              	@ 106 ".\Generated_Source\PSoC4\cyPm.c" 1
 122 0030 30BF     		WFI 
 123              	
 124              	@ 0 "" 2
 107:.\Generated_Source\PSoC4/cyPm.c **** 
 108:.\Generated_Source\PSoC4/cyPm.c ****     #if(CY_PSOC4A)
 109:.\Generated_Source\PSoC4/cyPm.c ****         /* Restore system clock configuration */
 110:.\Generated_Source\PSoC4/cyPm.c ****         CY_SYS_CLK_SELECT_REG = clkSelectReg;
 125              		.loc 1 110 0
 126              		.code	16
 127 0032 019B     		ldr	r3, [sp, #4]
 111:.\Generated_Source\PSoC4/cyPm.c ****     #endif /* (CY_PSOC4A) */
 112:.\Generated_Source\PSoC4/cyPm.c **** 
 113:.\Generated_Source\PSoC4/cyPm.c ****     CyExitCriticalSection(interruptState);
 128              		.loc 1 113 0
 129 0034 281C     		mov	r0, r5
 110:.\Generated_Source\PSoC4/cyPm.c ****         CY_SYS_CLK_SELECT_REG = clkSelectReg;
 130              		.loc 1 110 0
 131 0036 2360     		str	r3, [r4]
 132              		.loc 1 113 0
 133 0038 FFF7FEFF 		bl	CyExitCriticalSection
 134              	.LVL7:
 114:.\Generated_Source\PSoC4/cyPm.c **** }
 135              		.loc 1 114 0
 136              		@ sp needed for prologue
 137              	.LVL8:
 138 003c 37BD     		pop	{r0, r1, r2, r4, r5, pc}
 139              	.L6:
 140 003e C046     		.align	2
 141              	.L5:
 142 0040 00000B40 		.word	1074462720
 143 0044 52F1FF0F 		.word	268431698
 144 0048 0C000B40 		.word	1074462732
 145 004c 10ED00E0 		.word	-536810224
 146 0050 00010B40 		.word	1074462976
 147              		.cfi_endproc
 148              	.LFE1:
 149              		.size	CySysPmDeepSleep, .-CySysPmDeepSleep
 150              		.section	.text.CySysPmHibernate,"ax",%progbits
 151              		.align	1
 152              		.global	CySysPmHibernate
 153              		.code	16
 154              		.thumb_func
 155              		.type	CySysPmHibernate, %function
 156              	CySysPmHibernate:
 157              	.LFB2:
 115:.\Generated_Source\PSoC4/cyPm.c **** 
 116:.\Generated_Source\PSoC4/cyPm.c **** 
 117:.\Generated_Source\PSoC4/cyPm.c **** #if(CY_PSOC4A)
 118:.\Generated_Source\PSoC4/cyPm.c **** 
 119:.\Generated_Source\PSoC4/cyPm.c ****     /*******************************************************************************
 120:.\Generated_Source\PSoC4/cyPm.c ****     * Function Name: CySysPmHibernate
 121:.\Generated_Source\PSoC4/cyPm.c ****     ********************************************************************************
 122:.\Generated_Source\PSoC4/cyPm.c ****     *
 123:.\Generated_Source\PSoC4/cyPm.c ****     * Summary:
ARM GAS  C:\Users\CHUCK~1.ERH\AppData\Local\Temp\cc7afQgf.s 			page 6


 124:.\Generated_Source\PSoC4/cyPm.c ****     *  Puts the part into the Hibernate state. Only SRAM and UDBs are retained;
 125:.\Generated_Source\PSoC4/cyPm.c ****     *  most internal supplies are off. Wakeup is possible from a pin or a hibernate
 126:.\Generated_Source\PSoC4/cyPm.c ****     *  comparator only.
 127:.\Generated_Source\PSoC4/cyPm.c ****     *
 128:.\Generated_Source\PSoC4/cyPm.c ****     *  It is expected that the firmware has already frozen the IO-Cells using
 129:.\Generated_Source\PSoC4/cyPm.c ****     *  CySysPmFreezeIo() function before the call to this function. If this is
 130:.\Generated_Source\PSoC4/cyPm.c ****     *  omitted the IO-cells will be frozen in the same way as they are
 131:.\Generated_Source\PSoC4/cyPm.c ****     *  in the Active to Deep Sleep transition, but will lose their state on wake up
 132:.\Generated_Source\PSoC4/cyPm.c ****     *  (because of the reset occurring at that time).
 133:.\Generated_Source\PSoC4/cyPm.c ****     *
 134:.\Generated_Source\PSoC4/cyPm.c ****     *  Because all CPU state is lost, the CPU will start up at the reset vector.
 135:.\Generated_Source\PSoC4/cyPm.c ****     *  To save firmware state through Hibernate low power mode, corresponding
 136:.\Generated_Source\PSoC4/cyPm.c ****     *  variable should be defined with CY_NOINIT attribute. It prevents data
 137:.\Generated_Source\PSoC4/cyPm.c ****     *  from being initialized to zero on startup. The interrupt cause of
 138:.\Generated_Source\PSoC4/cyPm.c ****     *  the hibernate peripheral is retained, such that it can be either read by
 139:.\Generated_Source\PSoC4/cyPm.c ****     *  the firmware or cause an interrupt after the firmware has booted and
 140:.\Generated_Source\PSoC4/cyPm.c ****     *  enabled the corresponding interrupt. To distinguish the wakeup from
 141:.\Generated_Source\PSoC4/cyPm.c ****     *  the Hibernate mode and the general Reset event, the CySysPmGetResetReason()
 142:.\Generated_Source\PSoC4/cyPm.c ****     *  function could be used.
 143:.\Generated_Source\PSoC4/cyPm.c ****     *
 144:.\Generated_Source\PSoC4/cyPm.c ****     * Parameters:
 145:.\Generated_Source\PSoC4/cyPm.c ****     *  None
 146:.\Generated_Source\PSoC4/cyPm.c ****     *
 147:.\Generated_Source\PSoC4/cyPm.c ****     * Return:
 148:.\Generated_Source\PSoC4/cyPm.c ****     *  None
 149:.\Generated_Source\PSoC4/cyPm.c ****     *
 150:.\Generated_Source\PSoC4/cyPm.c ****     *******************************************************************************/
 151:.\Generated_Source\PSoC4/cyPm.c ****     void CySysPmHibernate(void)
 152:.\Generated_Source\PSoC4/cyPm.c ****     {
 158              		.loc 1 152 0
 159              		.cfi_startproc
 160 0000 08B5     		push	{r3, lr}
 161              	.LCFI2:
 162              		.cfi_def_cfa_offset 8
 163              		.cfi_offset 3, -8
 164              		.cfi_offset 14, -4
 153:.\Generated_Source\PSoC4/cyPm.c ****         uint8 interruptState;
 154:.\Generated_Source\PSoC4/cyPm.c **** 
 155:.\Generated_Source\PSoC4/cyPm.c ****         interruptState = CyEnterCriticalSection();
 165              		.loc 1 155 0
 166 0002 FFF7FEFF 		bl	CyEnterCriticalSection
 167              	.LVL9:
 156:.\Generated_Source\PSoC4/cyPm.c **** 
 157:.\Generated_Source\PSoC4/cyPm.c ****         /* Device enters Hibernate mode when CPU asserts SLEEPDEEP signal */
 158:.\Generated_Source\PSoC4/cyPm.c ****         CY_PM_PWR_CONTROL_REG |= CY_PM_PWR_CONTROL_HIBERNATE;
 168              		.loc 1 158 0
 169 0006 0D4B     		ldr	r3, .L8
 170 0008 8022     		mov	r2, #128
 171 000a 1968     		ldr	r1, [r3]
 172 000c 1206     		lsl	r2, r2, #24
 173 000e 0A43     		orr	r2, r1
 174 0010 1A60     		str	r2, [r3]
 159:.\Generated_Source\PSoC4/cyPm.c **** 
 160:.\Generated_Source\PSoC4/cyPm.c ****         /* Adjust delay to wait for references to settle on wakeup from hibernate */
 161:.\Generated_Source\PSoC4/cyPm.c ****         CY_PM_PWR_KEY_DELAY_REG = CY_SFLASH_HIB_KEY_DELAY_REG;
 175              		.loc 1 161 0
 176 0012 0B4B     		ldr	r3, .L8+4
ARM GAS  C:\Users\CHUCK~1.ERH\AppData\Local\Temp\cc7afQgf.s 			page 7


 177 0014 0B4A     		ldr	r2, .L8+8
 178 0016 1988     		ldrh	r1, [r3]
 162:.\Generated_Source\PSoC4/cyPm.c **** 
 163:.\Generated_Source\PSoC4/cyPm.c ****         /* CM0 enters DeepSleep/Hibernate mode upon execution of WFI */
 164:.\Generated_Source\PSoC4/cyPm.c ****         CY_PM_CM0_SCR_REG |= CY_PM_CM0_SCR_SLEEPDEEP;
 179              		.loc 1 164 0
 180 0018 0B4B     		ldr	r3, .L8+12
 161:.\Generated_Source\PSoC4/cyPm.c ****         CY_PM_PWR_KEY_DELAY_REG = CY_SFLASH_HIB_KEY_DELAY_REG;
 181              		.loc 1 161 0
 182 001a 1160     		str	r1, [r2]
 183              		.loc 1 164 0
 184 001c 1A68     		ldr	r2, [r3]
 185 001e 0421     		mov	r1, #4
 186 0020 0A43     		orr	r2, r1
 187 0022 1A60     		str	r2, [r3]
 165:.\Generated_Source\PSoC4/cyPm.c **** 
 166:.\Generated_Source\PSoC4/cyPm.c ****         /* Save token that will retain through a STOP/WAKEUP sequence
 167:.\Generated_Source\PSoC4/cyPm.c ****          * thus could be used by CySysPmGetResetReason() to differentiate
 168:.\Generated_Source\PSoC4/cyPm.c ****          * WAKEUP from a general RESET event.
 169:.\Generated_Source\PSoC4/cyPm.c ****          */
 170:.\Generated_Source\PSoC4/cyPm.c ****         CY_PM_PWR_STOP_REG = (CY_PM_PWR_STOP_REG & (uint32)(~CY_PM_PWR_STOP_TOKEN_MASK)) | CY_PM_PW
 188              		.loc 1 170 0
 189 0024 094B     		ldr	r3, .L8+16
 190 0026 FF21     		mov	r1, #255
 191 0028 1A68     		ldr	r2, [r3]
 192 002a 8A43     		bic	r2, r1
 193 002c F121     		mov	r1, #241
 194 002e 0A43     		orr	r2, r1
 195 0030 1A60     		str	r2, [r3]
 171:.\Generated_Source\PSoC4/cyPm.c **** 
 172:.\Generated_Source\PSoC4/cyPm.c ****         /* Sleep and wait for interrupt. Wakeup from Hibernate is performed 
 173:.\Generated_Source\PSoC4/cyPm.c ****          * through RESET state, causing a normal Boot procedure to occur.
 174:.\Generated_Source\PSoC4/cyPm.c ****          * The WFI instruction doesn't put the core to sleep if its wake condition 
 175:.\Generated_Source\PSoC4/cyPm.c ****          * is true when the instruction is executed.
 176:.\Generated_Source\PSoC4/cyPm.c ****          */
 177:.\Generated_Source\PSoC4/cyPm.c ****         CY_PM_WFI;
 196              		.loc 1 177 0
 197              	@ 177 ".\Generated_Source\PSoC4\cyPm.c" 1
 198 0032 30BF     		WFI 
 199              	
 200              	@ 0 "" 2
 178:.\Generated_Source\PSoC4/cyPm.c **** 
 179:.\Generated_Source\PSoC4/cyPm.c ****         CyExitCriticalSection(interruptState);
 201              		.loc 1 179 0
 202              		.code	16
 203 0034 FFF7FEFF 		bl	CyExitCriticalSection
 204              	.LVL10:
 180:.\Generated_Source\PSoC4/cyPm.c ****     }
 205              		.loc 1 180 0
 206              		@ sp needed for prologue
 207 0038 08BD     		pop	{r3, pc}
 208              	.L9:
 209 003a C046     		.align	2
 210              	.L8:
 211 003c 00000B40 		.word	1074462720
 212 0040 50F1FF0F 		.word	268431696
 213 0044 0C000B40 		.word	1074462732
ARM GAS  C:\Users\CHUCK~1.ERH\AppData\Local\Temp\cc7afQgf.s 			page 8


 214 0048 10ED00E0 		.word	-536810224
 215 004c 2C000B40 		.word	1074462764
 216              		.cfi_endproc
 217              	.LFE2:
 218              		.size	CySysPmHibernate, .-CySysPmHibernate
 219              		.section	.text.CySysPmSetWakeupPolarity,"ax",%progbits
 220              		.align	1
 221              		.global	CySysPmSetWakeupPolarity
 222              		.code	16
 223              		.thumb_func
 224              		.type	CySysPmSetWakeupPolarity, %function
 225              	CySysPmSetWakeupPolarity:
 226              	.LFB4:
 181:.\Generated_Source\PSoC4/cyPm.c **** 
 182:.\Generated_Source\PSoC4/cyPm.c **** 
 183:.\Generated_Source\PSoC4/cyPm.c ****     /*******************************************************************************
 184:.\Generated_Source\PSoC4/cyPm.c ****     * Function Name: CySysPmStop
 185:.\Generated_Source\PSoC4/cyPm.c ****     ********************************************************************************
 186:.\Generated_Source\PSoC4/cyPm.c ****     *
 187:.\Generated_Source\PSoC4/cyPm.c ****     * Summary:
 188:.\Generated_Source\PSoC4/cyPm.c ****     *  Puts the part into the Stop state. All internal supplies are off;
 189:.\Generated_Source\PSoC4/cyPm.c ****     *  no state is retained.
 190:.\Generated_Source\PSoC4/cyPm.c ****     *
 191:.\Generated_Source\PSoC4/cyPm.c ****     *  Wakeup from Stop is performed by toggling the wakeup pin (P0.7), causing
 192:.\Generated_Source\PSoC4/cyPm.c ****     *  a normal Boot procedure to occur. To configure the wakeup pin,
 193:.\Generated_Source\PSoC4/cyPm.c ****     *  the Digital Input Pin component should be placed on the schematic,
 194:.\Generated_Source\PSoC4/cyPm.c ****     *  assigned to the P0.7, and resistively pulled up or down to the inverse state
 195:.\Generated_Source\PSoC4/cyPm.c ****     *  of the wakeup polarity. To distinguish the wakeup from the Stop mode and
 196:.\Generated_Source\PSoC4/cyPm.c ****     *  the general Reset event, CySysPmGetResetReason() function could be used.
 197:.\Generated_Source\PSoC4/cyPm.c ****     *  The wakeup pin is active low by default. The wakeup pin polarity
 198:.\Generated_Source\PSoC4/cyPm.c ****     *  could be changed with the CySysPmSetWakeupPolarity() function.
 199:.\Generated_Source\PSoC4/cyPm.c ****     *
 200:.\Generated_Source\PSoC4/cyPm.c ****     *  This function freezes IO cells implicitly. It is not possible to enter
 201:.\Generated_Source\PSoC4/cyPm.c ****     *  STOP mode before freezing the IO cells. The IO cells remain frozen after
 202:.\Generated_Source\PSoC4/cyPm.c ****     *  awake from the Stop mode until the firmware unfreezes them after booting
 203:.\Generated_Source\PSoC4/cyPm.c ****     *  explicitly with CySysPmUnfreezeIo() function call.
 204:.\Generated_Source\PSoC4/cyPm.c ****     *
 205:.\Generated_Source\PSoC4/cyPm.c ****     * Parameters:
 206:.\Generated_Source\PSoC4/cyPm.c ****     *  None
 207:.\Generated_Source\PSoC4/cyPm.c ****     *
 208:.\Generated_Source\PSoC4/cyPm.c ****     * Return:
 209:.\Generated_Source\PSoC4/cyPm.c ****     *  None
 210:.\Generated_Source\PSoC4/cyPm.c ****     *
 211:.\Generated_Source\PSoC4/cyPm.c ****     *******************************************************************************/
 212:.\Generated_Source\PSoC4/cyPm.c ****     void CySysPmStop(void)
 213:.\Generated_Source\PSoC4/cyPm.c ****     {
 214:.\Generated_Source\PSoC4/cyPm.c ****         (void)CyEnterCriticalSection();
 215:.\Generated_Source\PSoC4/cyPm.c **** 
 216:.\Generated_Source\PSoC4/cyPm.c ****         /* Freeze IO-Cells to save IO-Cell state */
 217:.\Generated_Source\PSoC4/cyPm.c ****         CySysPmFreezeIo();
 218:.\Generated_Source\PSoC4/cyPm.c **** 
 219:.\Generated_Source\PSoC4/cyPm.c ****         /* Initiates transition to the Stop state */
 220:.\Generated_Source\PSoC4/cyPm.c ****         CY_PM_PWR_STOP_REG = (CY_PM_PWR_STOP_REG & (uint32)(~CY_PM_PWR_STOP_TOKEN_MASK)) |
 221:.\Generated_Source\PSoC4/cyPm.c ****                             CY_PM_PWR_STOP_TOKEN_STOP | CY_PM_PWR_STOP_STOP;
 222:.\Generated_Source\PSoC4/cyPm.c **** 
 223:.\Generated_Source\PSoC4/cyPm.c ****         /* Depending on the clock frequency and internal timing delays,
 224:.\Generated_Source\PSoC4/cyPm.c ****          * the final AHB transaction may or may not complete. To guard against
ARM GAS  C:\Users\CHUCK~1.ERH\AppData\Local\Temp\cc7afQgf.s 			page 9


 225:.\Generated_Source\PSoC4/cyPm.c ****          * accidentally executing an unintended instruction, it is recommended
 226:.\Generated_Source\PSoC4/cyPm.c ****          * to add 2 NOP cycles after the final write to the STOP register.
 227:.\Generated_Source\PSoC4/cyPm.c ****          */
 228:.\Generated_Source\PSoC4/cyPm.c ****         CY_NOP;
 229:.\Generated_Source\PSoC4/cyPm.c ****         CY_NOP;
 230:.\Generated_Source\PSoC4/cyPm.c ****         
 231:.\Generated_Source\PSoC4/cyPm.c ****         /* Should never get to this WFI instruction */
 232:.\Generated_Source\PSoC4/cyPm.c ****         CY_PM_WFI;
 233:.\Generated_Source\PSoC4/cyPm.c **** 
 234:.\Generated_Source\PSoC4/cyPm.c ****         /* Wakeup from Stop is performed by toggling of Wakeup pin,
 235:.\Generated_Source\PSoC4/cyPm.c ****          * causing a normal Boot procedure to occur. No need to exit
 236:.\Generated_Source\PSoC4/cyPm.c ****          * from the critical section.
 237:.\Generated_Source\PSoC4/cyPm.c ****          */
 238:.\Generated_Source\PSoC4/cyPm.c ****     }
 239:.\Generated_Source\PSoC4/cyPm.c **** 
 240:.\Generated_Source\PSoC4/cyPm.c **** 
 241:.\Generated_Source\PSoC4/cyPm.c ****     /*******************************************************************************
 242:.\Generated_Source\PSoC4/cyPm.c ****     * Function Name: CySysPmSetWakeupPolarity
 243:.\Generated_Source\PSoC4/cyPm.c ****     ********************************************************************************
 244:.\Generated_Source\PSoC4/cyPm.c ****     *
 245:.\Generated_Source\PSoC4/cyPm.c ****     * Summary:
 246:.\Generated_Source\PSoC4/cyPm.c ****     *  Wake up from stop mode is performed by toggling the wakeup pin (P0.7),
 247:.\Generated_Source\PSoC4/cyPm.c ****     *  causing a normal boot procedure to occur. This function assigns
 248:.\Generated_Source\PSoC4/cyPm.c ****     *  the wakeup pin active level. Setting the wakeup pin to this level will cause
 249:.\Generated_Source\PSoC4/cyPm.c ****     *  the wakeup from stop mode. The wakeup pin is active low by default.
 250:.\Generated_Source\PSoC4/cyPm.c ****     *
 251:.\Generated_Source\PSoC4/cyPm.c ****     * Parameters:
 252:.\Generated_Source\PSoC4/cyPm.c ****     *  polarity: Wakeup pin active level:
 253:.\Generated_Source\PSoC4/cyPm.c ****     *   Value    Define                          Level
 254:.\Generated_Source\PSoC4/cyPm.c ****     *    0        CY_PM_STOP_WAKEUP_ACTIVE_LOW    Logical zero will wakeup the chip
 255:.\Generated_Source\PSoC4/cyPm.c ****     *    1        CY_PM_STOP_WAKEUP_ACTIVE_HIGH   Logical one will wakeup the chip
 256:.\Generated_Source\PSoC4/cyPm.c ****     *
 257:.\Generated_Source\PSoC4/cyPm.c ****     * Return:
 258:.\Generated_Source\PSoC4/cyPm.c ****     *  None
 259:.\Generated_Source\PSoC4/cyPm.c ****     *
 260:.\Generated_Source\PSoC4/cyPm.c ****     *******************************************************************************/
 261:.\Generated_Source\PSoC4/cyPm.c ****     void CySysPmSetWakeupPolarity(uint32 polarity)
 262:.\Generated_Source\PSoC4/cyPm.c ****     {
 227              		.loc 1 262 0
 228              		.cfi_startproc
 229              	.LVL11:
 230 0000 10B5     		push	{r4, lr}
 231              	.LCFI3:
 232              		.cfi_def_cfa_offset 8
 233              		.cfi_offset 4, -8
 234              		.cfi_offset 14, -4
 235              		.loc 1 262 0
 236 0002 041C     		mov	r4, r0
 263:.\Generated_Source\PSoC4/cyPm.c ****         uint8 interruptState;
 264:.\Generated_Source\PSoC4/cyPm.c **** 
 265:.\Generated_Source\PSoC4/cyPm.c ****         interruptState = CyEnterCriticalSection();
 237              		.loc 1 265 0
 238 0004 FFF7FEFF 		bl	CyEnterCriticalSection
 239              	.LVL12:
 240 0008 064B     		ldr	r3, .L14
 266:.\Generated_Source\PSoC4/cyPm.c **** 
 267:.\Generated_Source\PSoC4/cyPm.c ****         CY_PM_PWR_STOP_REG = (CY_PM_STOP_WAKEUP_ACTIVE_LOW != polarity) ?
ARM GAS  C:\Users\CHUCK~1.ERH\AppData\Local\Temp\cc7afQgf.s 			page 10


 268:.\Generated_Source\PSoC4/cyPm.c ****                             (CY_PM_PWR_STOP_REG | CY_PM_PWR_STOP_POLARITY) :
 241              		.loc 1 268 0
 242 000a 1968     		ldr	r1, [r3]
 243 000c 002C     		cmp	r4, #0
 244 000e 03D0     		beq	.L11
 245              		.loc 1 268 0 is_stmt 0 discriminator 1
 246 0010 8024     		mov	r4, #128
 247              	.LVL13:
 248 0012 6202     		lsl	r2, r4, #9
 249 0014 0A43     		orr	r2, r1
 250 0016 01E0     		b	.L12
 251              	.LVL14:
 252              	.L11:
 253              		.loc 1 268 0 discriminator 2
 254 0018 034A     		ldr	r2, .L14+4
 255 001a 0A40     		and	r2, r1
 256              	.LVL15:
 257              	.L12:
 267:.\Generated_Source\PSoC4/cyPm.c ****         CY_PM_PWR_STOP_REG = (CY_PM_STOP_WAKEUP_ACTIVE_LOW != polarity) ?
 258              		.loc 1 267 0 is_stmt 1
 259 001c 1A60     		str	r2, [r3]
 269:.\Generated_Source\PSoC4/cyPm.c ****                             (CY_PM_PWR_STOP_REG & (uint32) (~CY_PM_PWR_STOP_POLARITY));
 270:.\Generated_Source\PSoC4/cyPm.c **** 
 271:.\Generated_Source\PSoC4/cyPm.c ****         CyExitCriticalSection(interruptState);
 260              		.loc 1 271 0
 261 001e FFF7FEFF 		bl	CyExitCriticalSection
 262              	.LVL16:
 272:.\Generated_Source\PSoC4/cyPm.c ****     }
 263              		.loc 1 272 0
 264              		@ sp needed for prologue
 265 0022 10BD     		pop	{r4, pc}
 266              	.L15:
 267              		.align	2
 268              	.L14:
 269 0024 2C000B40 		.word	1074462764
 270 0028 FFFFFEFF 		.word	-65537
 271              		.cfi_endproc
 272              	.LFE4:
 273              		.size	CySysPmSetWakeupPolarity, .-CySysPmSetWakeupPolarity
 274              		.section	.text.CySysPmGetResetReason,"ax",%progbits
 275              		.align	1
 276              		.global	CySysPmGetResetReason
 277              		.code	16
 278              		.thumb_func
 279              		.type	CySysPmGetResetReason, %function
 280              	CySysPmGetResetReason:
 281              	.LFB5:
 273:.\Generated_Source\PSoC4/cyPm.c **** 
 274:.\Generated_Source\PSoC4/cyPm.c **** 
 275:.\Generated_Source\PSoC4/cyPm.c ****     /*******************************************************************************
 276:.\Generated_Source\PSoC4/cyPm.c ****     * Function Name: CySysPmGetResetReason
 277:.\Generated_Source\PSoC4/cyPm.c ****     ********************************************************************************
 278:.\Generated_Source\PSoC4/cyPm.c ****     *
 279:.\Generated_Source\PSoC4/cyPm.c ****     * Summary:
 280:.\Generated_Source\PSoC4/cyPm.c ****     *  Retrieves last reset reason - transition from OFF/XRES/STOP/HIBERNATE to
 281:.\Generated_Source\PSoC4/cyPm.c ****     *  RESET state. Note that waking up from STOP using XRES will be perceived as
 282:.\Generated_Source\PSoC4/cyPm.c ****     *  general RESET.
ARM GAS  C:\Users\CHUCK~1.ERH\AppData\Local\Temp\cc7afQgf.s 			page 11


 283:.\Generated_Source\PSoC4/cyPm.c ****     *
 284:.\Generated_Source\PSoC4/cyPm.c ****     * Parameters:
 285:.\Generated_Source\PSoC4/cyPm.c ****     *  None
 286:.\Generated_Source\PSoC4/cyPm.c ****     *
 287:.\Generated_Source\PSoC4/cyPm.c ****     * Return:
 288:.\Generated_Source\PSoC4/cyPm.c ****     *  Reset reason.
 289:.\Generated_Source\PSoC4/cyPm.c ****     *  CY_PM_RESET_REASON_UNKN        - unknown
 290:.\Generated_Source\PSoC4/cyPm.c ****     *  CY_PM_RESET_REASON_XRES        - transition from OFF/XRES to RESET
 291:.\Generated_Source\PSoC4/cyPm.c ****     *  CY_PM_RESET_REASON_WAKEUP_HIB  - transition/wakeup from HIBERNATE to RESET
 292:.\Generated_Source\PSoC4/cyPm.c ****     *  CY_PM_RESET_REASON_WAKEUP_STOP - transition/wakeup from STOP to RESET
 293:.\Generated_Source\PSoC4/cyPm.c ****     *
 294:.\Generated_Source\PSoC4/cyPm.c ****     *******************************************************************************/
 295:.\Generated_Source\PSoC4/cyPm.c ****     uint32 CySysPmGetResetReason(void)
 296:.\Generated_Source\PSoC4/cyPm.c ****     {
 282              		.loc 1 296 0
 283              		.cfi_startproc
 284              	.LVL17:
 297:.\Generated_Source\PSoC4/cyPm.c ****         uint32 reason = CY_PM_RESET_REASON_UNKN;
 298:.\Generated_Source\PSoC4/cyPm.c **** 
 299:.\Generated_Source\PSoC4/cyPm.c ****         switch(CY_PM_PWR_STOP_REG & CY_PM_PWR_STOP_TOKEN_MASK)
 285              		.loc 1 299 0
 286 0000 074B     		ldr	r3, .L22
 296:.\Generated_Source\PSoC4/cyPm.c ****     {
 287              		.loc 1 296 0
 288 0002 00B5     		push	{lr}
 289              	.LCFI4:
 290              		.cfi_def_cfa_offset 4
 291              		.cfi_offset 14, -4
 292              		.loc 1 299 0
 293 0004 1868     		ldr	r0, [r3]
 294 0006 C0B2     		uxtb	r0, r0
 295 0008 F128     		cmp	r0, #241
 296 000a 04D0     		beq	.L19
 297 000c F228     		cmp	r0, #242
 298 000e 04D0     		beq	.L20
 297:.\Generated_Source\PSoC4/cyPm.c ****         uint32 reason = CY_PM_RESET_REASON_UNKN;
 299              		.loc 1 297 0
 300 0010 4342     		neg	r3, r0
 301 0012 5841     		adc	r0, r0, r3
 302 0014 02E0     		b	.L18
 303              	.L19:
 304              	.LVL18:
 300:.\Generated_Source\PSoC4/cyPm.c ****         {
 301:.\Generated_Source\PSoC4/cyPm.c ****         /* Power up, XRES */
 302:.\Generated_Source\PSoC4/cyPm.c ****         case CY_PM_PWR_STOP_TOKEN_XRES:
 303:.\Generated_Source\PSoC4/cyPm.c ****             reason = CY_PM_RESET_REASON_XRES;
 304:.\Generated_Source\PSoC4/cyPm.c ****             break;
 305:.\Generated_Source\PSoC4/cyPm.c **** 
 306:.\Generated_Source\PSoC4/cyPm.c ****         /* Wakeup from Hibernate */
 307:.\Generated_Source\PSoC4/cyPm.c ****         case CY_PM_PWR_STOP_TOKEN_HIB:
 308:.\Generated_Source\PSoC4/cyPm.c ****             reason = CY_PM_RESET_REASON_WAKEUP_HIB;
 305              		.loc 1 308 0
 306 0016 0220     		mov	r0, #2
 309:.\Generated_Source\PSoC4/cyPm.c ****             break;
 307              		.loc 1 309 0
 308 0018 00E0     		b	.L18
 309              	.LVL19:
ARM GAS  C:\Users\CHUCK~1.ERH\AppData\Local\Temp\cc7afQgf.s 			page 12


 310              	.L20:
 310:.\Generated_Source\PSoC4/cyPm.c **** 
 311:.\Generated_Source\PSoC4/cyPm.c ****         /* Wakeup from Stop (through WAKEUP pin assert) */
 312:.\Generated_Source\PSoC4/cyPm.c ****         case CY_PM_PWR_STOP_TOKEN_STOP:
 313:.\Generated_Source\PSoC4/cyPm.c ****             reason = CY_PM_RESET_REASON_WAKEUP_STOP;
 311              		.loc 1 313 0
 312 001a 0320     		mov	r0, #3
 313              	.LVL20:
 314              	.L18:
 314:.\Generated_Source\PSoC4/cyPm.c ****             break;
 315:.\Generated_Source\PSoC4/cyPm.c **** 
 316:.\Generated_Source\PSoC4/cyPm.c ****         /* Unknown reason */
 317:.\Generated_Source\PSoC4/cyPm.c ****         default:
 318:.\Generated_Source\PSoC4/cyPm.c ****             break;
 319:.\Generated_Source\PSoC4/cyPm.c ****         }
 320:.\Generated_Source\PSoC4/cyPm.c **** 
 321:.\Generated_Source\PSoC4/cyPm.c ****         return (reason);
 322:.\Generated_Source\PSoC4/cyPm.c ****     }
 315              		.loc 1 322 0
 316              		@ sp needed for prologue
 317 001c 00BD     		pop	{pc}
 318              	.L23:
 319 001e C046     		.align	2
 320              	.L22:
 321 0020 2C000B40 		.word	1074462764
 322              		.cfi_endproc
 323              	.LFE5:
 324              		.size	CySysPmGetResetReason, .-CySysPmGetResetReason
 325              		.section	.text.CySysPmFreezeIo,"ax",%progbits
 326              		.align	1
 327              		.global	CySysPmFreezeIo
 328              		.code	16
 329              		.thumb_func
 330              		.type	CySysPmFreezeIo, %function
 331              	CySysPmFreezeIo:
 332              	.LFB6:
 323:.\Generated_Source\PSoC4/cyPm.c **** 
 324:.\Generated_Source\PSoC4/cyPm.c **** 
 325:.\Generated_Source\PSoC4/cyPm.c ****     /*******************************************************************************
 326:.\Generated_Source\PSoC4/cyPm.c ****     * Function Name: CySysPmFreezeIo
 327:.\Generated_Source\PSoC4/cyPm.c ****     ********************************************************************************
 328:.\Generated_Source\PSoC4/cyPm.c ****     *
 329:.\Generated_Source\PSoC4/cyPm.c ****     * Summary:
 330:.\Generated_Source\PSoC4/cyPm.c ****     *  Freezes IO-Cells directly to save IO-Cell state on wake up from Hibernate or
 331:.\Generated_Source\PSoC4/cyPm.c ****     *  Stop state. It is not required to call this function before entering
 332:.\Generated_Source\PSoC4/cyPm.c ****     *  Stop mode, since CySysPmStop() function freezes IO-Cells implicitly.
 333:.\Generated_Source\PSoC4/cyPm.c ****     *
 334:.\Generated_Source\PSoC4/cyPm.c ****     * Parameters:
 335:.\Generated_Source\PSoC4/cyPm.c ****     *  None
 336:.\Generated_Source\PSoC4/cyPm.c ****     *
 337:.\Generated_Source\PSoC4/cyPm.c ****     * Return:
 338:.\Generated_Source\PSoC4/cyPm.c ****     *  None
 339:.\Generated_Source\PSoC4/cyPm.c ****     *
 340:.\Generated_Source\PSoC4/cyPm.c ****     *******************************************************************************/
 341:.\Generated_Source\PSoC4/cyPm.c ****     void CySysPmFreezeIo(void)
 342:.\Generated_Source\PSoC4/cyPm.c ****     {
 333              		.loc 1 342 0
ARM GAS  C:\Users\CHUCK~1.ERH\AppData\Local\Temp\cc7afQgf.s 			page 13


 334              		.cfi_startproc
 335 0000 38B5     		push	{r3, r4, r5, lr}
 336              	.LCFI5:
 337              		.cfi_def_cfa_offset 16
 338              		.cfi_offset 3, -16
 339              		.cfi_offset 4, -12
 340              		.cfi_offset 5, -8
 341              		.cfi_offset 14, -4
 343:.\Generated_Source\PSoC4/cyPm.c ****         uint8 interruptState;
 344:.\Generated_Source\PSoC4/cyPm.c **** 
 345:.\Generated_Source\PSoC4/cyPm.c ****         interruptState = CyEnterCriticalSection();
 342              		.loc 1 345 0
 343 0002 FFF7FEFF 		bl	CyEnterCriticalSection
 344              	.LVL21:
 346:.\Generated_Source\PSoC4/cyPm.c **** 
 347:.\Generated_Source\PSoC4/cyPm.c ****         /* Check FREEZE state to avoid recurrent IO-Cells freeze attempt,
 348:.\Generated_Source\PSoC4/cyPm.c ****          * since the second call to this function will cause accidental switch
 349:.\Generated_Source\PSoC4/cyPm.c ****          * to the STOP mode (the system will enter STOP mode immediately after
 350:.\Generated_Source\PSoC4/cyPm.c ****          * writing to STOP bit since both UNLOCK and FREEZE have been set correctly
 351:.\Generated_Source\PSoC4/cyPm.c ****          * in a previous call to this function).
 352:.\Generated_Source\PSoC4/cyPm.c ****          */
 353:.\Generated_Source\PSoC4/cyPm.c ****         if (0u == (CY_PM_PWR_STOP_REG & CY_PM_PWR_STOP_FREEZE))
 345              		.loc 1 353 0
 346 0006 0B4C     		ldr	r4, .L26
 345:.\Generated_Source\PSoC4/cyPm.c ****         interruptState = CyEnterCriticalSection();
 347              		.loc 1 345 0
 348 0008 051C     		mov	r5, r0
 349              	.LVL22:
 350              		.loc 1 353 0
 351 000a 2368     		ldr	r3, [r4]
 352 000c 9A03     		lsl	r2, r3, #14
 353 000e 0CD4     		bmi	.L25
 354:.\Generated_Source\PSoC4/cyPm.c ****         {
 355:.\Generated_Source\PSoC4/cyPm.c ****             /* Preserve last reset reason and disable overrides the next freeze command by peripher
 356:.\Generated_Source\PSoC4/cyPm.c ****             CY_PM_PWR_STOP_REG = CY_PM_PWR_STOP_STOP | CY_PM_PWR_STOP_FREEZE | CY_PM_PWR_STOP_UNLOC
 357:.\Generated_Source\PSoC4/cyPm.c ****                                 (CY_PM_PWR_STOP_REG & (CY_PM_PWR_STOP_TOKEN_MASK | CY_PM_PWR_STOP_P
 354              		.loc 1 357 0
 355 0010 2268     		ldr	r2, [r4]
 356 0012 0948     		ldr	r0, .L26+4
 357              	.LVL23:
 356:.\Generated_Source\PSoC4/cyPm.c ****             CY_PM_PWR_STOP_REG = CY_PM_PWR_STOP_STOP | CY_PM_PWR_STOP_FREEZE | CY_PM_PWR_STOP_UNLOC
 358              		.loc 1 356 0
 359 0014 0949     		ldr	r1, .L26+8
 360              		.loc 1 357 0
 361 0016 1040     		and	r0, r2
 356:.\Generated_Source\PSoC4/cyPm.c ****             CY_PM_PWR_STOP_REG = CY_PM_PWR_STOP_STOP | CY_PM_PWR_STOP_FREEZE | CY_PM_PWR_STOP_UNLOC
 362              		.loc 1 356 0
 363 0018 0843     		orr	r0, r1
 364 001a 2060     		str	r0, [r4]
 358:.\Generated_Source\PSoC4/cyPm.c **** 
 359:.\Generated_Source\PSoC4/cyPm.c ****             /* PWR_STOP read after write must be delayed for 6 clock cycles to let internal nodes t
 360:.\Generated_Source\PSoC4/cyPm.c ****             CyDelayCycles(6u);
 365              		.loc 1 360 0
 366 001c 0620     		mov	r0, #6
 367 001e FFF7FEFF 		bl	CyDelayCycles
 368              	.LVL24:
 361:.\Generated_Source\PSoC4/cyPm.c **** 
ARM GAS  C:\Users\CHUCK~1.ERH\AppData\Local\Temp\cc7afQgf.s 			page 14


 362:.\Generated_Source\PSoC4/cyPm.c ****             /* The second write causes the freeze of IO-Cells to save IO-Cell state */
 363:.\Generated_Source\PSoC4/cyPm.c ****             CY_PM_PWR_STOP_REG &= ~CY_PM_PWR_STOP_STOP;
 369              		.loc 1 363 0
 370 0022 2368     		ldr	r3, [r4]
 371 0024 5A00     		lsl	r2, r3, #1
 372 0026 5008     		lsr	r0, r2, #1
 373 0028 2060     		str	r0, [r4]
 374              	.L25:
 364:.\Generated_Source\PSoC4/cyPm.c ****         }
 365:.\Generated_Source\PSoC4/cyPm.c **** 
 366:.\Generated_Source\PSoC4/cyPm.c ****         CyExitCriticalSection(interruptState);
 375              		.loc 1 366 0
 376 002a 281C     		mov	r0, r5
 377 002c FFF7FEFF 		bl	CyExitCriticalSection
 378              	.LVL25:
 367:.\Generated_Source\PSoC4/cyPm.c ****     }
 379              		.loc 1 367 0
 380              		@ sp needed for prologue
 381              	.LVL26:
 382 0030 38BD     		pop	{r3, r4, r5, pc}
 383              	.L27:
 384 0032 C046     		.align	2
 385              	.L26:
 386 0034 2C000B40 		.word	1074462764
 387 0038 FF000100 		.word	65791
 388 003c 003A0280 		.word	-2147337728
 389              		.cfi_endproc
 390              	.LFE6:
 391              		.size	CySysPmFreezeIo, .-CySysPmFreezeIo
 392              		.section	.text.CySysPmStop,"ax",%progbits
 393              		.align	1
 394              		.global	CySysPmStop
 395              		.code	16
 396              		.thumb_func
 397              		.type	CySysPmStop, %function
 398              	CySysPmStop:
 399              	.LFB3:
 213:.\Generated_Source\PSoC4/cyPm.c ****     {
 400              		.loc 1 213 0
 401              		.cfi_startproc
 402 0000 08B5     		push	{r3, lr}
 403              	.LCFI6:
 404              		.cfi_def_cfa_offset 8
 405              		.cfi_offset 3, -8
 406              		.cfi_offset 14, -4
 214:.\Generated_Source\PSoC4/cyPm.c ****         (void)CyEnterCriticalSection();
 407              		.loc 1 214 0
 408 0002 FFF7FEFF 		bl	CyEnterCriticalSection
 409              	.LVL27:
 217:.\Generated_Source\PSoC4/cyPm.c ****         CySysPmFreezeIo();
 410              		.loc 1 217 0
 411 0006 FFF7FEFF 		bl	CySysPmFreezeIo
 412              	.LVL28:
 220:.\Generated_Source\PSoC4/cyPm.c ****         CY_PM_PWR_STOP_REG = (CY_PM_PWR_STOP_REG & (uint32)(~CY_PM_PWR_STOP_TOKEN_MASK)) |
 413              		.loc 1 220 0
 414 000a 054B     		ldr	r3, .L29
 221:.\Generated_Source\PSoC4/cyPm.c ****                             CY_PM_PWR_STOP_TOKEN_STOP | CY_PM_PWR_STOP_STOP;
ARM GAS  C:\Users\CHUCK~1.ERH\AppData\Local\Temp\cc7afQgf.s 			page 15


 415              		.loc 1 221 0
 416 000c 054A     		ldr	r2, .L29+4
 220:.\Generated_Source\PSoC4/cyPm.c ****         CY_PM_PWR_STOP_REG = (CY_PM_PWR_STOP_REG & (uint32)(~CY_PM_PWR_STOP_TOKEN_MASK)) |
 417              		.loc 1 220 0
 418 000e 1968     		ldr	r1, [r3]
 221:.\Generated_Source\PSoC4/cyPm.c ****                             CY_PM_PWR_STOP_TOKEN_STOP | CY_PM_PWR_STOP_STOP;
 419              		.loc 1 221 0
 420 0010 0548     		ldr	r0, .L29+8
 421 0012 0A40     		and	r2, r1
 422 0014 0243     		orr	r2, r0
 220:.\Generated_Source\PSoC4/cyPm.c ****         CY_PM_PWR_STOP_REG = (CY_PM_PWR_STOP_REG & (uint32)(~CY_PM_PWR_STOP_TOKEN_MASK)) |
 423              		.loc 1 220 0
 424 0016 1A60     		str	r2, [r3]
 228:.\Generated_Source\PSoC4/cyPm.c ****         CY_NOP;
 425              		.loc 1 228 0
 426              	@ 228 ".\Generated_Source\PSoC4\cyPm.c" 1
 427 0018 C046     		NOP
 428              	
 429              	@ 0 "" 2
 229:.\Generated_Source\PSoC4/cyPm.c ****         CY_NOP;
 430              		.loc 1 229 0
 431              	@ 229 ".\Generated_Source\PSoC4\cyPm.c" 1
 432 001a C046     		NOP
 433              	
 434              	@ 0 "" 2
 232:.\Generated_Source\PSoC4/cyPm.c ****         CY_PM_WFI;
 435              		.loc 1 232 0
 436              	@ 232 ".\Generated_Source\PSoC4\cyPm.c" 1
 437 001c 30BF     		WFI 
 438              	
 439              	@ 0 "" 2
 238:.\Generated_Source\PSoC4/cyPm.c ****     }
 440              		.loc 1 238 0
 441              		.code	16
 442              		@ sp needed for prologue
 443 001e 08BD     		pop	{r3, pc}
 444              	.L30:
 445              		.align	2
 446              	.L29:
 447 0020 2C000B40 		.word	1074462764
 448 0024 00FFFF7F 		.word	2147483392
 449 0028 F2000080 		.word	-2147483406
 450              		.cfi_endproc
 451              	.LFE3:
 452              		.size	CySysPmStop, .-CySysPmStop
 453              		.section	.text.CySysPmUnfreezeIo,"ax",%progbits
 454              		.align	1
 455              		.global	CySysPmUnfreezeIo
 456              		.code	16
 457              		.thumb_func
 458              		.type	CySysPmUnfreezeIo, %function
 459              	CySysPmUnfreezeIo:
 460              	.LFB7:
 368:.\Generated_Source\PSoC4/cyPm.c **** 
 369:.\Generated_Source\PSoC4/cyPm.c **** 
 370:.\Generated_Source\PSoC4/cyPm.c ****     /*******************************************************************************
 371:.\Generated_Source\PSoC4/cyPm.c ****     * Function Name: CySysPmUnfreezeIo
ARM GAS  C:\Users\CHUCK~1.ERH\AppData\Local\Temp\cc7afQgf.s 			page 16


 372:.\Generated_Source\PSoC4/cyPm.c ****     ********************************************************************************
 373:.\Generated_Source\PSoC4/cyPm.c ****     *
 374:.\Generated_Source\PSoC4/cyPm.c ****     * Summary:
 375:.\Generated_Source\PSoC4/cyPm.c ****     *  The IO-Cells remain frozen after awake from Hibernate or Stop mode until
 376:.\Generated_Source\PSoC4/cyPm.c ****     *  the firmware unfreezes them after booting. The call of this function
 377:.\Generated_Source\PSoC4/cyPm.c ****     *  unfreezes IO-Cells explicitly.
 378:.\Generated_Source\PSoC4/cyPm.c ****     *
 379:.\Generated_Source\PSoC4/cyPm.c ****     * Parameters:
 380:.\Generated_Source\PSoC4/cyPm.c ****     *  None
 381:.\Generated_Source\PSoC4/cyPm.c ****     *
 382:.\Generated_Source\PSoC4/cyPm.c ****     * Return:
 383:.\Generated_Source\PSoC4/cyPm.c ****     *  None
 384:.\Generated_Source\PSoC4/cyPm.c ****     *
 385:.\Generated_Source\PSoC4/cyPm.c ****     *******************************************************************************/
 386:.\Generated_Source\PSoC4/cyPm.c ****     void CySysPmUnfreezeIo(void)
 387:.\Generated_Source\PSoC4/cyPm.c ****     {
 461              		.loc 1 387 0
 462              		.cfi_startproc
 463 0000 70B5     		push	{r4, r5, r6, lr}
 464              	.LCFI7:
 465              		.cfi_def_cfa_offset 16
 466              		.cfi_offset 4, -16
 467              		.cfi_offset 5, -12
 468              		.cfi_offset 6, -8
 469              		.cfi_offset 14, -4
 388:.\Generated_Source\PSoC4/cyPm.c ****         uint8 interruptState;
 389:.\Generated_Source\PSoC4/cyPm.c **** 
 390:.\Generated_Source\PSoC4/cyPm.c ****         interruptState = CyEnterCriticalSection();
 470              		.loc 1 390 0
 471 0002 FFF7FEFF 		bl	CyEnterCriticalSection
 472              	.LVL29:
 391:.\Generated_Source\PSoC4/cyPm.c **** 
 392:.\Generated_Source\PSoC4/cyPm.c ****         /* Preserve last reset reason and wakeup polarity. Then, unfreeze I/O:
 393:.\Generated_Source\PSoC4/cyPm.c ****          * write PWR_STOP.FREEZE=0, .UNLOCK=0x3A, .STOP=0, .TOKEN
 394:.\Generated_Source\PSoC4/cyPm.c ****          */
 395:.\Generated_Source\PSoC4/cyPm.c ****         CY_PM_PWR_STOP_REG = CY_PM_PWR_STOP_UNLOCK |
 396:.\Generated_Source\PSoC4/cyPm.c ****                             (CY_PM_PWR_STOP_REG & (CY_PM_PWR_STOP_TOKEN_MASK | CY_PM_PWR_STOP_POLAR
 473              		.loc 1 396 0
 474 0006 094C     		ldr	r4, .L32
 475 0008 094D     		ldr	r5, .L32+4
 476 000a 2368     		ldr	r3, [r4]
 395:.\Generated_Source\PSoC4/cyPm.c ****         CY_PM_PWR_STOP_REG = CY_PM_PWR_STOP_UNLOCK |
 477              		.loc 1 395 0
 478 000c E822     		mov	r2, #232
 390:.\Generated_Source\PSoC4/cyPm.c ****         interruptState = CyEnterCriticalSection();
 479              		.loc 1 390 0
 480 000e 061C     		mov	r6, r0
 481              	.LVL30:
 482              		.loc 1 396 0
 483 0010 2B40     		and	r3, r5
 395:.\Generated_Source\PSoC4/cyPm.c ****         CY_PM_PWR_STOP_REG = CY_PM_PWR_STOP_UNLOCK |
 484              		.loc 1 395 0
 485 0012 9001     		lsl	r0, r2, #6
 486              	.LVL31:
 487 0014 0343     		orr	r3, r0
 488 0016 2360     		str	r3, [r4]
 397:.\Generated_Source\PSoC4/cyPm.c **** 
ARM GAS  C:\Users\CHUCK~1.ERH\AppData\Local\Temp\cc7afQgf.s 			page 17


 398:.\Generated_Source\PSoC4/cyPm.c ****         /* PWR_STOP read after write must be delayed for 6 clock cycles to let internal nodes to se
 399:.\Generated_Source\PSoC4/cyPm.c ****         CyDelayCycles(6u);
 489              		.loc 1 399 0
 490 0018 0620     		mov	r0, #6
 491 001a FFF7FEFF 		bl	CyDelayCycles
 492              	.LVL32:
 400:.\Generated_Source\PSoC4/cyPm.c **** 
 401:.\Generated_Source\PSoC4/cyPm.c ****         /* Lock STOP mode: write PWR_STOP.FREEZE=0, UNLOCK=0x00, STOP=0, .TOKEN */
 402:.\Generated_Source\PSoC4/cyPm.c ****         CY_PM_PWR_STOP_REG &= (CY_PM_PWR_STOP_TOKEN_MASK | CY_PM_PWR_STOP_POLARITY);
 493              		.loc 1 402 0
 494 001e 2168     		ldr	r1, [r4]
 403:.\Generated_Source\PSoC4/cyPm.c **** 
 404:.\Generated_Source\PSoC4/cyPm.c ****         CyExitCriticalSection(interruptState);
 495              		.loc 1 404 0
 496 0020 301C     		mov	r0, r6
 402:.\Generated_Source\PSoC4/cyPm.c ****         CY_PM_PWR_STOP_REG &= (CY_PM_PWR_STOP_TOKEN_MASK | CY_PM_PWR_STOP_POLARITY);
 497              		.loc 1 402 0
 498 0022 0D40     		and	r5, r1
 499 0024 2560     		str	r5, [r4]
 500              		.loc 1 404 0
 501 0026 FFF7FEFF 		bl	CyExitCriticalSection
 502              	.LVL33:
 405:.\Generated_Source\PSoC4/cyPm.c ****     }
 503              		.loc 1 405 0
 504              		@ sp needed for prologue
 505              	.LVL34:
 506 002a 70BD     		pop	{r4, r5, r6, pc}
 507              	.L33:
 508              		.align	2
 509              	.L32:
 510 002c 2C000B40 		.word	1074462764
 511 0030 FF000100 		.word	65791
 512              		.cfi_endproc
 513              	.LFE7:
 514              		.size	CySysPmUnfreezeIo, .-CySysPmUnfreezeIo
 515              		.text
 516              	.Letext0:
 517              		.file 2 ".\\Generated_Source\\PSoC4\\cytypes.h"
 518              		.file 3 ".\\Generated_Source\\PSoC4\\CyLib.h"
 519              		.section	.debug_info,"",%progbits
 520              	.Ldebug_info0:
 521 0000 47030000 		.4byte	0x347
 522 0004 0200     		.2byte	0x2
 523 0006 00000000 		.4byte	.Ldebug_abbrev0
 524 000a 04       		.byte	0x4
 525 000b 01       		.uleb128 0x1
 526 000c 15020000 		.4byte	.LASF30
 527 0010 01       		.byte	0x1
 528 0011 EB010000 		.4byte	.LASF31
 529 0015 C2000000 		.4byte	.LASF32
 530 0019 00000000 		.4byte	.Ldebug_ranges0+0
 531 001d 00000000 		.4byte	0
 532 0021 00000000 		.4byte	0
 533 0025 00000000 		.4byte	.Ldebug_line0
 534 0029 02       		.uleb128 0x2
 535 002a 01       		.byte	0x1
 536 002b 06       		.byte	0x6
ARM GAS  C:\Users\CHUCK~1.ERH\AppData\Local\Temp\cc7afQgf.s 			page 18


 537 002c 78020000 		.4byte	.LASF0
 538 0030 02       		.uleb128 0x2
 539 0031 01       		.byte	0x1
 540 0032 08       		.byte	0x8
 541 0033 8D000000 		.4byte	.LASF1
 542 0037 02       		.uleb128 0x2
 543 0038 02       		.byte	0x2
 544 0039 05       		.byte	0x5
 545 003a 0B020000 		.4byte	.LASF2
 546 003e 02       		.uleb128 0x2
 547 003f 02       		.byte	0x2
 548 0040 07       		.byte	0x7
 549 0041 40000000 		.4byte	.LASF3
 550 0045 02       		.uleb128 0x2
 551 0046 04       		.byte	0x4
 552 0047 05       		.byte	0x5
 553 0048 6F020000 		.4byte	.LASF4
 554 004c 02       		.uleb128 0x2
 555 004d 04       		.byte	0x4
 556 004e 07       		.byte	0x7
 557 004f AA000000 		.4byte	.LASF5
 558 0053 02       		.uleb128 0x2
 559 0054 08       		.byte	0x8
 560 0055 05       		.byte	0x5
 561 0056 CB010000 		.4byte	.LASF6
 562 005a 02       		.uleb128 0x2
 563 005b 08       		.byte	0x8
 564 005c 07       		.byte	0x7
 565 005d 76000000 		.4byte	.LASF7
 566 0061 03       		.uleb128 0x3
 567 0062 04       		.byte	0x4
 568 0063 05       		.byte	0x5
 569 0064 696E7400 		.ascii	"int\000"
 570 0068 02       		.uleb128 0x2
 571 0069 04       		.byte	0x4
 572 006a 07       		.byte	0x7
 573 006b 62010000 		.4byte	.LASF8
 574 006f 04       		.uleb128 0x4
 575 0070 BC000000 		.4byte	.LASF9
 576 0074 02       		.byte	0x2
 577 0075 5B       		.byte	0x5b
 578 0076 30000000 		.4byte	0x30
 579 007a 04       		.uleb128 0x4
 580 007b 3D010000 		.4byte	.LASF10
 581 007f 02       		.byte	0x2
 582 0080 5C       		.byte	0x5c
 583 0081 3E000000 		.4byte	0x3e
 584 0085 04       		.uleb128 0x4
 585 0086 44010000 		.4byte	.LASF11
 586 008a 02       		.byte	0x2
 587 008b 5D       		.byte	0x5d
 588 008c 4C000000 		.4byte	0x4c
 589 0090 02       		.uleb128 0x2
 590 0091 04       		.byte	0x4
 591 0092 04       		.byte	0x4
 592 0093 70000000 		.4byte	.LASF12
 593 0097 02       		.uleb128 0x2
ARM GAS  C:\Users\CHUCK~1.ERH\AppData\Local\Temp\cc7afQgf.s 			page 19


 594 0098 08       		.byte	0x8
 595 0099 04       		.byte	0x4
 596 009a 24010000 		.4byte	.LASF13
 597 009e 02       		.uleb128 0x2
 598 009f 01       		.byte	0x1
 599 00a0 08       		.byte	0x8
 600 00a1 D9010000 		.4byte	.LASF14
 601 00a5 04       		.uleb128 0x4
 602 00a6 00000000 		.4byte	.LASF15
 603 00aa 02       		.byte	0x2
 604 00ab F1       		.byte	0xf1
 605 00ac B0000000 		.4byte	0xb0
 606 00b0 05       		.uleb128 0x5
 607 00b1 7A000000 		.4byte	0x7a
 608 00b5 04       		.uleb128 0x4
 609 00b6 14000000 		.4byte	.LASF16
 610 00ba 02       		.byte	0x2
 611 00bb F2       		.byte	0xf2
 612 00bc C0000000 		.4byte	0xc0
 613 00c0 05       		.uleb128 0x5
 614 00c1 85000000 		.4byte	0x85
 615 00c5 02       		.uleb128 0x2
 616 00c6 04       		.byte	0x4
 617 00c7 07       		.byte	0x7
 618 00c8 C2010000 		.4byte	.LASF17
 619 00cc 06       		.uleb128 0x6
 620 00cd 01       		.byte	0x1
 621 00ce 33000000 		.4byte	.LASF18
 622 00d2 01       		.byte	0x1
 623 00d3 28       		.byte	0x28
 624 00d4 01       		.byte	0x1
 625 00d5 00000000 		.4byte	.LFB0
 626 00d9 1C000000 		.4byte	.LFE0
 627 00dd 00000000 		.4byte	.LLST0
 628 00e1 01       		.byte	0x1
 629 00e2 08010000 		.4byte	0x108
 630 00e6 07       		.uleb128 0x7
 631 00e7 9B000000 		.4byte	.LASF20
 632 00eb 01       		.byte	0x1
 633 00ec 2A       		.byte	0x2a
 634 00ed 6F000000 		.4byte	0x6f
 635 00f1 20000000 		.4byte	.LLST1
 636 00f5 08       		.uleb128 0x8
 637 00f6 06000000 		.4byte	.LVL0
 638 00fa 04030000 		.4byte	0x304
 639 00fe 08       		.uleb128 0x8
 640 00ff 16000000 		.4byte	.LVL1
 641 0103 12030000 		.4byte	0x312
 642 0107 00       		.byte	0
 643 0108 06       		.uleb128 0x6
 644 0109 01       		.byte	0x1
 645 010a 5E020000 		.4byte	.LASF19
 646 010e 01       		.byte	0x1
 647 010f 4D       		.byte	0x4d
 648 0110 01       		.byte	0x1
 649 0111 00000000 		.4byte	.LFB1
 650 0115 54000000 		.4byte	.LFE1
ARM GAS  C:\Users\CHUCK~1.ERH\AppData\Local\Temp\cc7afQgf.s 			page 20


 651 0119 33000000 		.4byte	.LLST2
 652 011d 01       		.byte	0x1
 653 011e 6D010000 		.4byte	0x16d
 654 0122 07       		.uleb128 0x7
 655 0123 9B000000 		.4byte	.LASF20
 656 0127 01       		.byte	0x1
 657 0128 4F       		.byte	0x4f
 658 0129 6F000000 		.4byte	0x6f
 659 012d 53000000 		.4byte	.LLST3
 660 0131 07       		.uleb128 0x7
 661 0132 DE010000 		.4byte	.LASF21
 662 0136 01       		.byte	0x1
 663 0137 51       		.byte	0x51
 664 0138 C0000000 		.4byte	0xc0
 665 013c 71000000 		.4byte	.LLST4
 666 0140 08       		.uleb128 0x8
 667 0141 06000000 		.4byte	.LVL2
 668 0145 04030000 		.4byte	0x304
 669 0149 09       		.uleb128 0x9
 670 014a 30000000 		.4byte	.LVL6
 671 014e 26030000 		.4byte	0x326
 672 0152 5C010000 		.4byte	0x15c
 673 0156 0A       		.uleb128 0xa
 674 0157 01       		.byte	0x1
 675 0158 50       		.byte	0x50
 676 0159 01       		.byte	0x1
 677 015a 31       		.byte	0x31
 678 015b 00       		.byte	0
 679 015c 0B       		.uleb128 0xb
 680 015d 3C000000 		.4byte	.LVL7
 681 0161 12030000 		.4byte	0x312
 682 0165 0A       		.uleb128 0xa
 683 0166 01       		.byte	0x1
 684 0167 50       		.byte	0x50
 685 0168 02       		.byte	0x2
 686 0169 75       		.byte	0x75
 687 016a 00       		.sleb128 0
 688 016b 00       		.byte	0
 689 016c 00       		.byte	0
 690 016d 06       		.uleb128 0x6
 691 016e 01       		.byte	0x1
 692 016f 53000000 		.4byte	.LASF22
 693 0173 01       		.byte	0x1
 694 0174 97       		.byte	0x97
 695 0175 01       		.byte	0x1
 696 0176 00000000 		.4byte	.LFB2
 697 017a 50000000 		.4byte	.LFE2
 698 017e 90000000 		.4byte	.LLST5
 699 0182 01       		.byte	0x1
 700 0183 A9010000 		.4byte	0x1a9
 701 0187 07       		.uleb128 0x7
 702 0188 9B000000 		.4byte	.LASF20
 703 018c 01       		.byte	0x1
 704 018d 99       		.byte	0x99
 705 018e 6F000000 		.4byte	0x6f
 706 0192 B0000000 		.4byte	.LLST6
 707 0196 08       		.uleb128 0x8
ARM GAS  C:\Users\CHUCK~1.ERH\AppData\Local\Temp\cc7afQgf.s 			page 21


 708 0197 06000000 		.4byte	.LVL9
 709 019b 04030000 		.4byte	0x304
 710 019f 08       		.uleb128 0x8
 711 01a0 38000000 		.4byte	.LVL10
 712 01a4 12030000 		.4byte	0x312
 713 01a8 00       		.byte	0
 714 01a9 0C       		.uleb128 0xc
 715 01aa 01       		.byte	0x1
 716 01ab 1A000000 		.4byte	.LASF23
 717 01af 01       		.byte	0x1
 718 01b0 0501     		.2byte	0x105
 719 01b2 01       		.byte	0x1
 720 01b3 00000000 		.4byte	.LFB4
 721 01b7 2C000000 		.4byte	.LFE4
 722 01bb C3000000 		.4byte	.LLST7
 723 01bf 01       		.byte	0x1
 724 01c0 F7010000 		.4byte	0x1f7
 725 01c4 0D       		.uleb128 0xd
 726 01c5 A3010000 		.4byte	.LASF33
 727 01c9 01       		.byte	0x1
 728 01ca 0501     		.2byte	0x105
 729 01cc 85000000 		.4byte	0x85
 730 01d0 E3000000 		.4byte	.LLST8
 731 01d4 0E       		.uleb128 0xe
 732 01d5 9B000000 		.4byte	.LASF20
 733 01d9 01       		.byte	0x1
 734 01da 0701     		.2byte	0x107
 735 01dc 6F000000 		.4byte	0x6f
 736 01e0 28010000 		.4byte	.LLST9
 737 01e4 08       		.uleb128 0x8
 738 01e5 08000000 		.4byte	.LVL12
 739 01e9 04030000 		.4byte	0x304
 740 01ed 08       		.uleb128 0x8
 741 01ee 22000000 		.4byte	.LVL16
 742 01f2 12030000 		.4byte	0x312
 743 01f6 00       		.byte	0
 744 01f7 0F       		.uleb128 0xf
 745 01f8 01       		.byte	0x1
 746 01f9 AC010000 		.4byte	.LASF34
 747 01fd 01       		.byte	0x1
 748 01fe 2701     		.2byte	0x127
 749 0200 01       		.byte	0x1
 750 0201 85000000 		.4byte	0x85
 751 0205 00000000 		.4byte	.LFB5
 752 0209 24000000 		.4byte	.LFE5
 753 020d 3B010000 		.4byte	.LLST10
 754 0211 01       		.byte	0x1
 755 0212 27020000 		.4byte	0x227
 756 0216 0E       		.uleb128 0xe
 757 0217 9C010000 		.4byte	.LASF24
 758 021b 01       		.byte	0x1
 759 021c 2901     		.2byte	0x129
 760 021e 85000000 		.4byte	0x85
 761 0222 5B010000 		.4byte	.LLST11
 762 0226 00       		.byte	0
 763 0227 0C       		.uleb128 0xc
 764 0228 01       		.byte	0x1
ARM GAS  C:\Users\CHUCK~1.ERH\AppData\Local\Temp\cc7afQgf.s 			page 22


 765 0229 84020000 		.4byte	.LASF25
 766 022d 01       		.byte	0x1
 767 022e 5501     		.2byte	0x155
 768 0230 01       		.byte	0x1
 769 0231 00000000 		.4byte	.LFB6
 770 0235 40000000 		.4byte	.LFE6
 771 0239 92010000 		.4byte	.LLST12
 772 023d 01       		.byte	0x1
 773 023e 7F020000 		.4byte	0x27f
 774 0242 0E       		.uleb128 0xe
 775 0243 9B000000 		.4byte	.LASF20
 776 0247 01       		.byte	0x1
 777 0248 5701     		.2byte	0x157
 778 024a 6F000000 		.4byte	0x6f
 779 024e B2010000 		.4byte	.LLST13
 780 0252 08       		.uleb128 0x8
 781 0253 06000000 		.4byte	.LVL21
 782 0257 04030000 		.4byte	0x304
 783 025b 09       		.uleb128 0x9
 784 025c 22000000 		.4byte	.LVL24
 785 0260 3A030000 		.4byte	0x33a
 786 0264 6E020000 		.4byte	0x26e
 787 0268 0A       		.uleb128 0xa
 788 0269 01       		.byte	0x1
 789 026a 50       		.byte	0x50
 790 026b 01       		.byte	0x1
 791 026c 36       		.byte	0x36
 792 026d 00       		.byte	0
 793 026e 0B       		.uleb128 0xb
 794 026f 30000000 		.4byte	.LVL25
 795 0273 12030000 		.4byte	0x312
 796 0277 0A       		.uleb128 0xa
 797 0278 01       		.byte	0x1
 798 0279 50       		.byte	0x50
 799 027a 02       		.byte	0x2
 800 027b 75       		.byte	0x75
 801 027c 00       		.sleb128 0
 802 027d 00       		.byte	0
 803 027e 00       		.byte	0
 804 027f 06       		.uleb128 0x6
 805 0280 01       		.byte	0x1
 806 0281 64000000 		.4byte	.LASF26
 807 0285 01       		.byte	0x1
 808 0286 D4       		.byte	0xd4
 809 0287 01       		.byte	0x1
 810 0288 00000000 		.4byte	.LFB3
 811 028c 2C000000 		.4byte	.LFE3
 812 0290 D0010000 		.4byte	.LLST14
 813 0294 01       		.byte	0x1
 814 0295 AC020000 		.4byte	0x2ac
 815 0299 08       		.uleb128 0x8
 816 029a 06000000 		.4byte	.LVL27
 817 029e 04030000 		.4byte	0x304
 818 02a2 08       		.uleb128 0x8
 819 02a3 0A000000 		.4byte	.LVL28
 820 02a7 27020000 		.4byte	0x227
 821 02ab 00       		.byte	0
ARM GAS  C:\Users\CHUCK~1.ERH\AppData\Local\Temp\cc7afQgf.s 			page 23


 822 02ac 0C       		.uleb128 0xc
 823 02ad 01       		.byte	0x1
 824 02ae 2B010000 		.4byte	.LASF27
 825 02b2 01       		.byte	0x1
 826 02b3 8201     		.2byte	0x182
 827 02b5 01       		.byte	0x1
 828 02b6 00000000 		.4byte	.LFB7
 829 02ba 34000000 		.4byte	.LFE7
 830 02be F0010000 		.4byte	.LLST15
 831 02c2 01       		.byte	0x1
 832 02c3 04030000 		.4byte	0x304
 833 02c7 0E       		.uleb128 0xe
 834 02c8 9B000000 		.4byte	.LASF20
 835 02cc 01       		.byte	0x1
 836 02cd 8401     		.2byte	0x184
 837 02cf 6F000000 		.4byte	0x6f
 838 02d3 10020000 		.4byte	.LLST16
 839 02d7 08       		.uleb128 0x8
 840 02d8 06000000 		.4byte	.LVL29
 841 02dc 04030000 		.4byte	0x304
 842 02e0 09       		.uleb128 0x9
 843 02e1 1E000000 		.4byte	.LVL32
 844 02e5 3A030000 		.4byte	0x33a
 845 02e9 F3020000 		.4byte	0x2f3
 846 02ed 0A       		.uleb128 0xa
 847 02ee 01       		.byte	0x1
 848 02ef 50       		.byte	0x50
 849 02f0 01       		.byte	0x1
 850 02f1 36       		.byte	0x36
 851 02f2 00       		.byte	0
 852 02f3 0B       		.uleb128 0xb
 853 02f4 2A000000 		.4byte	.LVL33
 854 02f8 12030000 		.4byte	0x312
 855 02fc 0A       		.uleb128 0xa
 856 02fd 01       		.byte	0x1
 857 02fe 50       		.byte	0x50
 858 02ff 02       		.byte	0x2
 859 0300 76       		.byte	0x76
 860 0301 00       		.sleb128 0
 861 0302 00       		.byte	0
 862 0303 00       		.byte	0
 863 0304 10       		.uleb128 0x10
 864 0305 01       		.byte	0x1
 865 0306 4B010000 		.4byte	.LASF35
 866 030a 03       		.byte	0x3
 867 030b 70       		.byte	0x70
 868 030c 01       		.byte	0x1
 869 030d 6F000000 		.4byte	0x6f
 870 0311 01       		.byte	0x1
 871 0312 11       		.uleb128 0x11
 872 0313 01       		.byte	0x1
 873 0314 6F010000 		.4byte	.LASF28
 874 0318 03       		.byte	0x3
 875 0319 71       		.byte	0x71
 876 031a 01       		.byte	0x1
 877 031b 01       		.byte	0x1
 878 031c 26030000 		.4byte	0x326
ARM GAS  C:\Users\CHUCK~1.ERH\AppData\Local\Temp\cc7afQgf.s 			page 24


 879 0320 12       		.uleb128 0x12
 880 0321 6F000000 		.4byte	0x6f
 881 0325 00       		.byte	0
 882 0326 11       		.uleb128 0x11
 883 0327 01       		.byte	0x1
 884 0328 85010000 		.4byte	.LASF29
 885 032c 03       		.byte	0x3
 886 032d 27       		.byte	0x27
 887 032e 01       		.byte	0x1
 888 032f 01       		.byte	0x1
 889 0330 3A030000 		.4byte	0x33a
 890 0334 12       		.uleb128 0x12
 891 0335 85000000 		.4byte	0x85
 892 0339 00       		.byte	0
 893 033a 13       		.uleb128 0x13
 894 033b 01       		.byte	0x1
 895 033c 06000000 		.4byte	.LASF36
 896 0340 03       		.byte	0x3
 897 0341 6C       		.byte	0x6c
 898 0342 01       		.byte	0x1
 899 0343 01       		.byte	0x1
 900 0344 12       		.uleb128 0x12
 901 0345 85000000 		.4byte	0x85
 902 0349 00       		.byte	0
 903 034a 00       		.byte	0
 904              		.section	.debug_abbrev,"",%progbits
 905              	.Ldebug_abbrev0:
 906 0000 01       		.uleb128 0x1
 907 0001 11       		.uleb128 0x11
 908 0002 01       		.byte	0x1
 909 0003 25       		.uleb128 0x25
 910 0004 0E       		.uleb128 0xe
 911 0005 13       		.uleb128 0x13
 912 0006 0B       		.uleb128 0xb
 913 0007 03       		.uleb128 0x3
 914 0008 0E       		.uleb128 0xe
 915 0009 1B       		.uleb128 0x1b
 916 000a 0E       		.uleb128 0xe
 917 000b 55       		.uleb128 0x55
 918 000c 06       		.uleb128 0x6
 919 000d 11       		.uleb128 0x11
 920 000e 01       		.uleb128 0x1
 921 000f 52       		.uleb128 0x52
 922 0010 01       		.uleb128 0x1
 923 0011 10       		.uleb128 0x10
 924 0012 06       		.uleb128 0x6
 925 0013 00       		.byte	0
 926 0014 00       		.byte	0
 927 0015 02       		.uleb128 0x2
 928 0016 24       		.uleb128 0x24
 929 0017 00       		.byte	0
 930 0018 0B       		.uleb128 0xb
 931 0019 0B       		.uleb128 0xb
 932 001a 3E       		.uleb128 0x3e
 933 001b 0B       		.uleb128 0xb
 934 001c 03       		.uleb128 0x3
 935 001d 0E       		.uleb128 0xe
ARM GAS  C:\Users\CHUCK~1.ERH\AppData\Local\Temp\cc7afQgf.s 			page 25


 936 001e 00       		.byte	0
 937 001f 00       		.byte	0
 938 0020 03       		.uleb128 0x3
 939 0021 24       		.uleb128 0x24
 940 0022 00       		.byte	0
 941 0023 0B       		.uleb128 0xb
 942 0024 0B       		.uleb128 0xb
 943 0025 3E       		.uleb128 0x3e
 944 0026 0B       		.uleb128 0xb
 945 0027 03       		.uleb128 0x3
 946 0028 08       		.uleb128 0x8
 947 0029 00       		.byte	0
 948 002a 00       		.byte	0
 949 002b 04       		.uleb128 0x4
 950 002c 16       		.uleb128 0x16
 951 002d 00       		.byte	0
 952 002e 03       		.uleb128 0x3
 953 002f 0E       		.uleb128 0xe
 954 0030 3A       		.uleb128 0x3a
 955 0031 0B       		.uleb128 0xb
 956 0032 3B       		.uleb128 0x3b
 957 0033 0B       		.uleb128 0xb
 958 0034 49       		.uleb128 0x49
 959 0035 13       		.uleb128 0x13
 960 0036 00       		.byte	0
 961 0037 00       		.byte	0
 962 0038 05       		.uleb128 0x5
 963 0039 35       		.uleb128 0x35
 964 003a 00       		.byte	0
 965 003b 49       		.uleb128 0x49
 966 003c 13       		.uleb128 0x13
 967 003d 00       		.byte	0
 968 003e 00       		.byte	0
 969 003f 06       		.uleb128 0x6
 970 0040 2E       		.uleb128 0x2e
 971 0041 01       		.byte	0x1
 972 0042 3F       		.uleb128 0x3f
 973 0043 0C       		.uleb128 0xc
 974 0044 03       		.uleb128 0x3
 975 0045 0E       		.uleb128 0xe
 976 0046 3A       		.uleb128 0x3a
 977 0047 0B       		.uleb128 0xb
 978 0048 3B       		.uleb128 0x3b
 979 0049 0B       		.uleb128 0xb
 980 004a 27       		.uleb128 0x27
 981 004b 0C       		.uleb128 0xc
 982 004c 11       		.uleb128 0x11
 983 004d 01       		.uleb128 0x1
 984 004e 12       		.uleb128 0x12
 985 004f 01       		.uleb128 0x1
 986 0050 40       		.uleb128 0x40
 987 0051 06       		.uleb128 0x6
 988 0052 9742     		.uleb128 0x2117
 989 0054 0C       		.uleb128 0xc
 990 0055 01       		.uleb128 0x1
 991 0056 13       		.uleb128 0x13
 992 0057 00       		.byte	0
ARM GAS  C:\Users\CHUCK~1.ERH\AppData\Local\Temp\cc7afQgf.s 			page 26


 993 0058 00       		.byte	0
 994 0059 07       		.uleb128 0x7
 995 005a 34       		.uleb128 0x34
 996 005b 00       		.byte	0
 997 005c 03       		.uleb128 0x3
 998 005d 0E       		.uleb128 0xe
 999 005e 3A       		.uleb128 0x3a
 1000 005f 0B       		.uleb128 0xb
 1001 0060 3B       		.uleb128 0x3b
 1002 0061 0B       		.uleb128 0xb
 1003 0062 49       		.uleb128 0x49
 1004 0063 13       		.uleb128 0x13
 1005 0064 02       		.uleb128 0x2
 1006 0065 06       		.uleb128 0x6
 1007 0066 00       		.byte	0
 1008 0067 00       		.byte	0
 1009 0068 08       		.uleb128 0x8
 1010 0069 898201   		.uleb128 0x4109
 1011 006c 00       		.byte	0
 1012 006d 11       		.uleb128 0x11
 1013 006e 01       		.uleb128 0x1
 1014 006f 31       		.uleb128 0x31
 1015 0070 13       		.uleb128 0x13
 1016 0071 00       		.byte	0
 1017 0072 00       		.byte	0
 1018 0073 09       		.uleb128 0x9
 1019 0074 898201   		.uleb128 0x4109
 1020 0077 01       		.byte	0x1
 1021 0078 11       		.uleb128 0x11
 1022 0079 01       		.uleb128 0x1
 1023 007a 31       		.uleb128 0x31
 1024 007b 13       		.uleb128 0x13
 1025 007c 01       		.uleb128 0x1
 1026 007d 13       		.uleb128 0x13
 1027 007e 00       		.byte	0
 1028 007f 00       		.byte	0
 1029 0080 0A       		.uleb128 0xa
 1030 0081 8A8201   		.uleb128 0x410a
 1031 0084 00       		.byte	0
 1032 0085 02       		.uleb128 0x2
 1033 0086 0A       		.uleb128 0xa
 1034 0087 9142     		.uleb128 0x2111
 1035 0089 0A       		.uleb128 0xa
 1036 008a 00       		.byte	0
 1037 008b 00       		.byte	0
 1038 008c 0B       		.uleb128 0xb
 1039 008d 898201   		.uleb128 0x4109
 1040 0090 01       		.byte	0x1
 1041 0091 11       		.uleb128 0x11
 1042 0092 01       		.uleb128 0x1
 1043 0093 31       		.uleb128 0x31
 1044 0094 13       		.uleb128 0x13
 1045 0095 00       		.byte	0
 1046 0096 00       		.byte	0
 1047 0097 0C       		.uleb128 0xc
 1048 0098 2E       		.uleb128 0x2e
 1049 0099 01       		.byte	0x1
ARM GAS  C:\Users\CHUCK~1.ERH\AppData\Local\Temp\cc7afQgf.s 			page 27


 1050 009a 3F       		.uleb128 0x3f
 1051 009b 0C       		.uleb128 0xc
 1052 009c 03       		.uleb128 0x3
 1053 009d 0E       		.uleb128 0xe
 1054 009e 3A       		.uleb128 0x3a
 1055 009f 0B       		.uleb128 0xb
 1056 00a0 3B       		.uleb128 0x3b
 1057 00a1 05       		.uleb128 0x5
 1058 00a2 27       		.uleb128 0x27
 1059 00a3 0C       		.uleb128 0xc
 1060 00a4 11       		.uleb128 0x11
 1061 00a5 01       		.uleb128 0x1
 1062 00a6 12       		.uleb128 0x12
 1063 00a7 01       		.uleb128 0x1
 1064 00a8 40       		.uleb128 0x40
 1065 00a9 06       		.uleb128 0x6
 1066 00aa 9742     		.uleb128 0x2117
 1067 00ac 0C       		.uleb128 0xc
 1068 00ad 01       		.uleb128 0x1
 1069 00ae 13       		.uleb128 0x13
 1070 00af 00       		.byte	0
 1071 00b0 00       		.byte	0
 1072 00b1 0D       		.uleb128 0xd
 1073 00b2 05       		.uleb128 0x5
 1074 00b3 00       		.byte	0
 1075 00b4 03       		.uleb128 0x3
 1076 00b5 0E       		.uleb128 0xe
 1077 00b6 3A       		.uleb128 0x3a
 1078 00b7 0B       		.uleb128 0xb
 1079 00b8 3B       		.uleb128 0x3b
 1080 00b9 05       		.uleb128 0x5
 1081 00ba 49       		.uleb128 0x49
 1082 00bb 13       		.uleb128 0x13
 1083 00bc 02       		.uleb128 0x2
 1084 00bd 06       		.uleb128 0x6
 1085 00be 00       		.byte	0
 1086 00bf 00       		.byte	0
 1087 00c0 0E       		.uleb128 0xe
 1088 00c1 34       		.uleb128 0x34
 1089 00c2 00       		.byte	0
 1090 00c3 03       		.uleb128 0x3
 1091 00c4 0E       		.uleb128 0xe
 1092 00c5 3A       		.uleb128 0x3a
 1093 00c6 0B       		.uleb128 0xb
 1094 00c7 3B       		.uleb128 0x3b
 1095 00c8 05       		.uleb128 0x5
 1096 00c9 49       		.uleb128 0x49
 1097 00ca 13       		.uleb128 0x13
 1098 00cb 02       		.uleb128 0x2
 1099 00cc 06       		.uleb128 0x6
 1100 00cd 00       		.byte	0
 1101 00ce 00       		.byte	0
 1102 00cf 0F       		.uleb128 0xf
 1103 00d0 2E       		.uleb128 0x2e
 1104 00d1 01       		.byte	0x1
 1105 00d2 3F       		.uleb128 0x3f
 1106 00d3 0C       		.uleb128 0xc
ARM GAS  C:\Users\CHUCK~1.ERH\AppData\Local\Temp\cc7afQgf.s 			page 28


 1107 00d4 03       		.uleb128 0x3
 1108 00d5 0E       		.uleb128 0xe
 1109 00d6 3A       		.uleb128 0x3a
 1110 00d7 0B       		.uleb128 0xb
 1111 00d8 3B       		.uleb128 0x3b
 1112 00d9 05       		.uleb128 0x5
 1113 00da 27       		.uleb128 0x27
 1114 00db 0C       		.uleb128 0xc
 1115 00dc 49       		.uleb128 0x49
 1116 00dd 13       		.uleb128 0x13
 1117 00de 11       		.uleb128 0x11
 1118 00df 01       		.uleb128 0x1
 1119 00e0 12       		.uleb128 0x12
 1120 00e1 01       		.uleb128 0x1
 1121 00e2 40       		.uleb128 0x40
 1122 00e3 06       		.uleb128 0x6
 1123 00e4 9742     		.uleb128 0x2117
 1124 00e6 0C       		.uleb128 0xc
 1125 00e7 01       		.uleb128 0x1
 1126 00e8 13       		.uleb128 0x13
 1127 00e9 00       		.byte	0
 1128 00ea 00       		.byte	0
 1129 00eb 10       		.uleb128 0x10
 1130 00ec 2E       		.uleb128 0x2e
 1131 00ed 00       		.byte	0
 1132 00ee 3F       		.uleb128 0x3f
 1133 00ef 0C       		.uleb128 0xc
 1134 00f0 03       		.uleb128 0x3
 1135 00f1 0E       		.uleb128 0xe
 1136 00f2 3A       		.uleb128 0x3a
 1137 00f3 0B       		.uleb128 0xb
 1138 00f4 3B       		.uleb128 0x3b
 1139 00f5 0B       		.uleb128 0xb
 1140 00f6 27       		.uleb128 0x27
 1141 00f7 0C       		.uleb128 0xc
 1142 00f8 49       		.uleb128 0x49
 1143 00f9 13       		.uleb128 0x13
 1144 00fa 3C       		.uleb128 0x3c
 1145 00fb 0C       		.uleb128 0xc
 1146 00fc 00       		.byte	0
 1147 00fd 00       		.byte	0
 1148 00fe 11       		.uleb128 0x11
 1149 00ff 2E       		.uleb128 0x2e
 1150 0100 01       		.byte	0x1
 1151 0101 3F       		.uleb128 0x3f
 1152 0102 0C       		.uleb128 0xc
 1153 0103 03       		.uleb128 0x3
 1154 0104 0E       		.uleb128 0xe
 1155 0105 3A       		.uleb128 0x3a
 1156 0106 0B       		.uleb128 0xb
 1157 0107 3B       		.uleb128 0x3b
 1158 0108 0B       		.uleb128 0xb
 1159 0109 27       		.uleb128 0x27
 1160 010a 0C       		.uleb128 0xc
 1161 010b 3C       		.uleb128 0x3c
 1162 010c 0C       		.uleb128 0xc
 1163 010d 01       		.uleb128 0x1
ARM GAS  C:\Users\CHUCK~1.ERH\AppData\Local\Temp\cc7afQgf.s 			page 29


 1164 010e 13       		.uleb128 0x13
 1165 010f 00       		.byte	0
 1166 0110 00       		.byte	0
 1167 0111 12       		.uleb128 0x12
 1168 0112 05       		.uleb128 0x5
 1169 0113 00       		.byte	0
 1170 0114 49       		.uleb128 0x49
 1171 0115 13       		.uleb128 0x13
 1172 0116 00       		.byte	0
 1173 0117 00       		.byte	0
 1174 0118 13       		.uleb128 0x13
 1175 0119 2E       		.uleb128 0x2e
 1176 011a 01       		.byte	0x1
 1177 011b 3F       		.uleb128 0x3f
 1178 011c 0C       		.uleb128 0xc
 1179 011d 03       		.uleb128 0x3
 1180 011e 0E       		.uleb128 0xe
 1181 011f 3A       		.uleb128 0x3a
 1182 0120 0B       		.uleb128 0xb
 1183 0121 3B       		.uleb128 0x3b
 1184 0122 0B       		.uleb128 0xb
 1185 0123 27       		.uleb128 0x27
 1186 0124 0C       		.uleb128 0xc
 1187 0125 3C       		.uleb128 0x3c
 1188 0126 0C       		.uleb128 0xc
 1189 0127 00       		.byte	0
 1190 0128 00       		.byte	0
 1191 0129 00       		.byte	0
 1192              		.section	.debug_loc,"",%progbits
 1193              	.Ldebug_loc0:
 1194              	.LLST0:
 1195 0000 00000000 		.4byte	.LFB0
 1196 0004 02000000 		.4byte	.LCFI0
 1197 0008 0200     		.2byte	0x2
 1198 000a 7D       		.byte	0x7d
 1199 000b 00       		.sleb128 0
 1200 000c 02000000 		.4byte	.LCFI0
 1201 0010 1C000000 		.4byte	.LFE0
 1202 0014 0200     		.2byte	0x2
 1203 0016 7D       		.byte	0x7d
 1204 0017 08       		.sleb128 8
 1205 0018 00000000 		.4byte	0
 1206 001c 00000000 		.4byte	0
 1207              	.LLST1:
 1208 0020 06000000 		.4byte	.LVL0
 1209 0024 15000000 		.4byte	.LVL1-1
 1210 0028 0100     		.2byte	0x1
 1211 002a 50       		.byte	0x50
 1212 002b 00000000 		.4byte	0
 1213 002f 00000000 		.4byte	0
 1214              	.LLST2:
 1215 0033 00000000 		.4byte	.LFB1
 1216 0037 02000000 		.4byte	.LCFI1
 1217 003b 0200     		.2byte	0x2
 1218 003d 7D       		.byte	0x7d
 1219 003e 00       		.sleb128 0
 1220 003f 02000000 		.4byte	.LCFI1
ARM GAS  C:\Users\CHUCK~1.ERH\AppData\Local\Temp\cc7afQgf.s 			page 30


 1221 0043 54000000 		.4byte	.LFE1
 1222 0047 0200     		.2byte	0x2
 1223 0049 7D       		.byte	0x7d
 1224 004a 18       		.sleb128 24
 1225 004b 00000000 		.4byte	0
 1226 004f 00000000 		.4byte	0
 1227              	.LLST3:
 1228 0053 0A000000 		.4byte	.LVL3
 1229 0057 10000000 		.4byte	.LVL4
 1230 005b 0100     		.2byte	0x1
 1231 005d 50       		.byte	0x50
 1232 005e 10000000 		.4byte	.LVL4
 1233 0062 3C000000 		.4byte	.LVL8
 1234 0066 0100     		.2byte	0x1
 1235 0068 55       		.byte	0x55
 1236 0069 00000000 		.4byte	0
 1237 006d 00000000 		.4byte	0
 1238              	.LLST4:
 1239 0071 2A000000 		.4byte	.LVL5
 1240 0075 2F000000 		.4byte	.LVL6-1
 1241 0079 0100     		.2byte	0x1
 1242 007b 52       		.byte	0x52
 1243 007c 2F000000 		.4byte	.LVL6-1
 1244 0080 54000000 		.4byte	.LFE1
 1245 0084 0200     		.2byte	0x2
 1246 0086 91       		.byte	0x91
 1247 0087 6C       		.sleb128 -20
 1248 0088 00000000 		.4byte	0
 1249 008c 00000000 		.4byte	0
 1250              	.LLST5:
 1251 0090 00000000 		.4byte	.LFB2
 1252 0094 02000000 		.4byte	.LCFI2
 1253 0098 0200     		.2byte	0x2
 1254 009a 7D       		.byte	0x7d
 1255 009b 00       		.sleb128 0
 1256 009c 02000000 		.4byte	.LCFI2
 1257 00a0 50000000 		.4byte	.LFE2
 1258 00a4 0200     		.2byte	0x2
 1259 00a6 7D       		.byte	0x7d
 1260 00a7 08       		.sleb128 8
 1261 00a8 00000000 		.4byte	0
 1262 00ac 00000000 		.4byte	0
 1263              	.LLST6:
 1264 00b0 06000000 		.4byte	.LVL9
 1265 00b4 37000000 		.4byte	.LVL10-1
 1266 00b8 0100     		.2byte	0x1
 1267 00ba 50       		.byte	0x50
 1268 00bb 00000000 		.4byte	0
 1269 00bf 00000000 		.4byte	0
 1270              	.LLST7:
 1271 00c3 00000000 		.4byte	.LFB4
 1272 00c7 02000000 		.4byte	.LCFI3
 1273 00cb 0200     		.2byte	0x2
 1274 00cd 7D       		.byte	0x7d
 1275 00ce 00       		.sleb128 0
 1276 00cf 02000000 		.4byte	.LCFI3
 1277 00d3 2C000000 		.4byte	.LFE4
ARM GAS  C:\Users\CHUCK~1.ERH\AppData\Local\Temp\cc7afQgf.s 			page 31


 1278 00d7 0200     		.2byte	0x2
 1279 00d9 7D       		.byte	0x7d
 1280 00da 08       		.sleb128 8
 1281 00db 00000000 		.4byte	0
 1282 00df 00000000 		.4byte	0
 1283              	.LLST8:
 1284 00e3 00000000 		.4byte	.LVL11
 1285 00e7 07000000 		.4byte	.LVL12-1
 1286 00eb 0100     		.2byte	0x1
 1287 00ed 50       		.byte	0x50
 1288 00ee 07000000 		.4byte	.LVL12-1
 1289 00f2 12000000 		.4byte	.LVL13
 1290 00f6 0100     		.2byte	0x1
 1291 00f8 54       		.byte	0x54
 1292 00f9 12000000 		.4byte	.LVL13
 1293 00fd 18000000 		.4byte	.LVL14
 1294 0101 0400     		.2byte	0x4
 1295 0103 F3       		.byte	0xf3
 1296 0104 01       		.uleb128 0x1
 1297 0105 50       		.byte	0x50
 1298 0106 9F       		.byte	0x9f
 1299 0107 18000000 		.4byte	.LVL14
 1300 010b 1C000000 		.4byte	.LVL15
 1301 010f 0100     		.2byte	0x1
 1302 0111 54       		.byte	0x54
 1303 0112 1C000000 		.4byte	.LVL15
 1304 0116 2C000000 		.4byte	.LFE4
 1305 011a 0400     		.2byte	0x4
 1306 011c F3       		.byte	0xf3
 1307 011d 01       		.uleb128 0x1
 1308 011e 50       		.byte	0x50
 1309 011f 9F       		.byte	0x9f
 1310 0120 00000000 		.4byte	0
 1311 0124 00000000 		.4byte	0
 1312              	.LLST9:
 1313 0128 08000000 		.4byte	.LVL12
 1314 012c 21000000 		.4byte	.LVL16-1
 1315 0130 0100     		.2byte	0x1
 1316 0132 50       		.byte	0x50
 1317 0133 00000000 		.4byte	0
 1318 0137 00000000 		.4byte	0
 1319              	.LLST10:
 1320 013b 00000000 		.4byte	.LFB5
 1321 013f 04000000 		.4byte	.LCFI4
 1322 0143 0200     		.2byte	0x2
 1323 0145 7D       		.byte	0x7d
 1324 0146 00       		.sleb128 0
 1325 0147 04000000 		.4byte	.LCFI4
 1326 014b 24000000 		.4byte	.LFE5
 1327 014f 0200     		.2byte	0x2
 1328 0151 7D       		.byte	0x7d
 1329 0152 04       		.sleb128 4
 1330 0153 00000000 		.4byte	0
 1331 0157 00000000 		.4byte	0
 1332              	.LLST11:
 1333 015b 00000000 		.4byte	.LVL17
 1334 015f 16000000 		.4byte	.LVL18
ARM GAS  C:\Users\CHUCK~1.ERH\AppData\Local\Temp\cc7afQgf.s 			page 32


 1335 0163 0200     		.2byte	0x2
 1336 0165 30       		.byte	0x30
 1337 0166 9F       		.byte	0x9f
 1338 0167 16000000 		.4byte	.LVL18
 1339 016b 1A000000 		.4byte	.LVL19
 1340 016f 0200     		.2byte	0x2
 1341 0171 32       		.byte	0x32
 1342 0172 9F       		.byte	0x9f
 1343 0173 1A000000 		.4byte	.LVL19
 1344 0177 1C000000 		.4byte	.LVL20
 1345 017b 0200     		.2byte	0x2
 1346 017d 33       		.byte	0x33
 1347 017e 9F       		.byte	0x9f
 1348 017f 1C000000 		.4byte	.LVL20
 1349 0183 24000000 		.4byte	.LFE5
 1350 0187 0100     		.2byte	0x1
 1351 0189 50       		.byte	0x50
 1352 018a 00000000 		.4byte	0
 1353 018e 00000000 		.4byte	0
 1354              	.LLST12:
 1355 0192 00000000 		.4byte	.LFB6
 1356 0196 02000000 		.4byte	.LCFI5
 1357 019a 0200     		.2byte	0x2
 1358 019c 7D       		.byte	0x7d
 1359 019d 00       		.sleb128 0
 1360 019e 02000000 		.4byte	.LCFI5
 1361 01a2 40000000 		.4byte	.LFE6
 1362 01a6 0200     		.2byte	0x2
 1363 01a8 7D       		.byte	0x7d
 1364 01a9 10       		.sleb128 16
 1365 01aa 00000000 		.4byte	0
 1366 01ae 00000000 		.4byte	0
 1367              	.LLST13:
 1368 01b2 0A000000 		.4byte	.LVL22
 1369 01b6 14000000 		.4byte	.LVL23
 1370 01ba 0100     		.2byte	0x1
 1371 01bc 50       		.byte	0x50
 1372 01bd 14000000 		.4byte	.LVL23
 1373 01c1 30000000 		.4byte	.LVL26
 1374 01c5 0100     		.2byte	0x1
 1375 01c7 55       		.byte	0x55
 1376 01c8 00000000 		.4byte	0
 1377 01cc 00000000 		.4byte	0
 1378              	.LLST14:
 1379 01d0 00000000 		.4byte	.LFB3
 1380 01d4 02000000 		.4byte	.LCFI6
 1381 01d8 0200     		.2byte	0x2
 1382 01da 7D       		.byte	0x7d
 1383 01db 00       		.sleb128 0
 1384 01dc 02000000 		.4byte	.LCFI6
 1385 01e0 2C000000 		.4byte	.LFE3
 1386 01e4 0200     		.2byte	0x2
 1387 01e6 7D       		.byte	0x7d
 1388 01e7 08       		.sleb128 8
 1389 01e8 00000000 		.4byte	0
 1390 01ec 00000000 		.4byte	0
 1391              	.LLST15:
ARM GAS  C:\Users\CHUCK~1.ERH\AppData\Local\Temp\cc7afQgf.s 			page 33


 1392 01f0 00000000 		.4byte	.LFB7
 1393 01f4 02000000 		.4byte	.LCFI7
 1394 01f8 0200     		.2byte	0x2
 1395 01fa 7D       		.byte	0x7d
 1396 01fb 00       		.sleb128 0
 1397 01fc 02000000 		.4byte	.LCFI7
 1398 0200 34000000 		.4byte	.LFE7
 1399 0204 0200     		.2byte	0x2
 1400 0206 7D       		.byte	0x7d
 1401 0207 10       		.sleb128 16
 1402 0208 00000000 		.4byte	0
 1403 020c 00000000 		.4byte	0
 1404              	.LLST16:
 1405 0210 10000000 		.4byte	.LVL30
 1406 0214 14000000 		.4byte	.LVL31
 1407 0218 0100     		.2byte	0x1
 1408 021a 50       		.byte	0x50
 1409 021b 14000000 		.4byte	.LVL31
 1410 021f 2A000000 		.4byte	.LVL34
 1411 0223 0100     		.2byte	0x1
 1412 0225 56       		.byte	0x56
 1413 0226 00000000 		.4byte	0
 1414 022a 00000000 		.4byte	0
 1415              		.section	.debug_aranges,"",%progbits
 1416 0000 54000000 		.4byte	0x54
 1417 0004 0200     		.2byte	0x2
 1418 0006 00000000 		.4byte	.Ldebug_info0
 1419 000a 04       		.byte	0x4
 1420 000b 00       		.byte	0
 1421 000c 0000     		.2byte	0
 1422 000e 0000     		.2byte	0
 1423 0010 00000000 		.4byte	.LFB0
 1424 0014 1C000000 		.4byte	.LFE0-.LFB0
 1425 0018 00000000 		.4byte	.LFB1
 1426 001c 54000000 		.4byte	.LFE1-.LFB1
 1427 0020 00000000 		.4byte	.LFB2
 1428 0024 50000000 		.4byte	.LFE2-.LFB2
 1429 0028 00000000 		.4byte	.LFB4
 1430 002c 2C000000 		.4byte	.LFE4-.LFB4
 1431 0030 00000000 		.4byte	.LFB5
 1432 0034 24000000 		.4byte	.LFE5-.LFB5
 1433 0038 00000000 		.4byte	.LFB6
 1434 003c 40000000 		.4byte	.LFE6-.LFB6
 1435 0040 00000000 		.4byte	.LFB3
 1436 0044 2C000000 		.4byte	.LFE3-.LFB3
 1437 0048 00000000 		.4byte	.LFB7
 1438 004c 34000000 		.4byte	.LFE7-.LFB7
 1439 0050 00000000 		.4byte	0
 1440 0054 00000000 		.4byte	0
 1441              		.section	.debug_ranges,"",%progbits
 1442              	.Ldebug_ranges0:
 1443 0000 00000000 		.4byte	.LFB0
 1444 0004 1C000000 		.4byte	.LFE0
 1445 0008 00000000 		.4byte	.LFB1
 1446 000c 54000000 		.4byte	.LFE1
 1447 0010 00000000 		.4byte	.LFB2
 1448 0014 50000000 		.4byte	.LFE2
ARM GAS  C:\Users\CHUCK~1.ERH\AppData\Local\Temp\cc7afQgf.s 			page 34


 1449 0018 00000000 		.4byte	.LFB4
 1450 001c 2C000000 		.4byte	.LFE4
 1451 0020 00000000 		.4byte	.LFB5
 1452 0024 24000000 		.4byte	.LFE5
 1453 0028 00000000 		.4byte	.LFB6
 1454 002c 40000000 		.4byte	.LFE6
 1455 0030 00000000 		.4byte	.LFB3
 1456 0034 2C000000 		.4byte	.LFE3
 1457 0038 00000000 		.4byte	.LFB7
 1458 003c 34000000 		.4byte	.LFE7
 1459 0040 00000000 		.4byte	0
 1460 0044 00000000 		.4byte	0
 1461              		.section	.debug_line,"",%progbits
 1462              	.Ldebug_line0:
 1463 0000 39010000 		.section	.debug_str,"MS",%progbits,1
 1463      02004E00 
 1463      00000201 
 1463      FB0E0D00 
 1463      01010101 
 1464              	.LASF15:
 1465 0000 72656731 		.ascii	"reg16\000"
 1465      3600
 1466              	.LASF36:
 1467 0006 43794465 		.ascii	"CyDelayCycles\000"
 1467      6C617943 
 1467      79636C65 
 1467      7300
 1468              	.LASF16:
 1469 0014 72656733 		.ascii	"reg32\000"
 1469      3200
 1470              	.LASF23:
 1471 001a 43795379 		.ascii	"CySysPmSetWakeupPolarity\000"
 1471      73506D53 
 1471      65745761 
 1471      6B657570 
 1471      506F6C61 
 1472              	.LASF18:
 1473 0033 43795379 		.ascii	"CySysPmSleep\000"
 1473      73506D53 
 1473      6C656570 
 1473      00
 1474              	.LASF3:
 1475 0040 73686F72 		.ascii	"short unsigned int\000"
 1475      7420756E 
 1475      7369676E 
 1475      65642069 
 1475      6E7400
 1476              	.LASF22:
 1477 0053 43795379 		.ascii	"CySysPmHibernate\000"
 1477      73506D48 
 1477      69626572 
 1477      6E617465 
 1477      00
 1478              	.LASF26:
 1479 0064 43795379 		.ascii	"CySysPmStop\000"
 1479      73506D53 
 1479      746F7000 
ARM GAS  C:\Users\CHUCK~1.ERH\AppData\Local\Temp\cc7afQgf.s 			page 35


 1480              	.LASF12:
 1481 0070 666C6F61 		.ascii	"float\000"
 1481      7400
 1482              	.LASF7:
 1483 0076 6C6F6E67 		.ascii	"long long unsigned int\000"
 1483      206C6F6E 
 1483      6720756E 
 1483      7369676E 
 1483      65642069 
 1484              	.LASF1:
 1485 008d 756E7369 		.ascii	"unsigned char\000"
 1485      676E6564 
 1485      20636861 
 1485      7200
 1486              	.LASF20:
 1487 009b 696E7465 		.ascii	"interruptState\000"
 1487      72727570 
 1487      74537461 
 1487      746500
 1488              	.LASF5:
 1489 00aa 6C6F6E67 		.ascii	"long unsigned int\000"
 1489      20756E73 
 1489      69676E65 
 1489      6420696E 
 1489      7400
 1490              	.LASF9:
 1491 00bc 75696E74 		.ascii	"uint8\000"
 1491      3800
 1492              	.LASF32:
 1493 00c2 433A5C55 		.ascii	"C:\\Users\\chuck.erhardt\\Documents\\GitHub\\PSoC-W"
 1493      73657273 
 1493      5C636875 
 1493      636B2E65 
 1493      72686172 
 1494 00f0 35313030 		.ascii	"5100-Driver\\PSoCPioneer+ArduinoShield_Example.cyds"
 1494      2D447269 
 1494      7665725C 
 1494      50536F43 
 1494      50696F6E 
 1495 0122 6E00     		.ascii	"n\000"
 1496              	.LASF13:
 1497 0124 646F7562 		.ascii	"double\000"
 1497      6C6500
 1498              	.LASF27:
 1499 012b 43795379 		.ascii	"CySysPmUnfreezeIo\000"
 1499      73506D55 
 1499      6E667265 
 1499      657A6549 
 1499      6F00
 1500              	.LASF10:
 1501 013d 75696E74 		.ascii	"uint16\000"
 1501      313600
 1502              	.LASF11:
 1503 0144 75696E74 		.ascii	"uint32\000"
 1503      333200
 1504              	.LASF35:
 1505 014b 4379456E 		.ascii	"CyEnterCriticalSection\000"
ARM GAS  C:\Users\CHUCK~1.ERH\AppData\Local\Temp\cc7afQgf.s 			page 36


 1505      74657243 
 1505      72697469 
 1505      63616C53 
 1505      65637469 
 1506              	.LASF8:
 1507 0162 756E7369 		.ascii	"unsigned int\000"
 1507      676E6564 
 1507      20696E74 
 1507      00
 1508              	.LASF28:
 1509 016f 43794578 		.ascii	"CyExitCriticalSection\000"
 1509      69744372 
 1509      69746963 
 1509      616C5365 
 1509      6374696F 
 1510              	.LASF29:
 1511 0185 43795379 		.ascii	"CySysClkWriteSysclkDiv\000"
 1511      73436C6B 
 1511      57726974 
 1511      65537973 
 1511      636C6B44 
 1512              	.LASF24:
 1513 019c 72656173 		.ascii	"reason\000"
 1513      6F6E00
 1514              	.LASF33:
 1515 01a3 706F6C61 		.ascii	"polarity\000"
 1515      72697479 
 1515      00
 1516              	.LASF34:
 1517 01ac 43795379 		.ascii	"CySysPmGetResetReason\000"
 1517      73506D47 
 1517      65745265 
 1517      73657452 
 1517      6561736F 
 1518              	.LASF17:
 1519 01c2 73697A65 		.ascii	"sizetype\000"
 1519      74797065 
 1519      00
 1520              	.LASF6:
 1521 01cb 6C6F6E67 		.ascii	"long long int\000"
 1521      206C6F6E 
 1521      6720696E 
 1521      7400
 1522              	.LASF14:
 1523 01d9 63686172 		.ascii	"char\000"
 1523      00
 1524              	.LASF21:
 1525 01de 636C6B53 		.ascii	"clkSelectReg\000"
 1525      656C6563 
 1525      74526567 
 1525      00
 1526              	.LASF31:
 1527 01eb 2E5C4765 		.ascii	".\\Generated_Source\\PSoC4\\cyPm.c\000"
 1527      6E657261 
 1527      7465645F 
 1527      536F7572 
 1527      63655C50 
ARM GAS  C:\Users\CHUCK~1.ERH\AppData\Local\Temp\cc7afQgf.s 			page 37


 1528              	.LASF2:
 1529 020b 73686F72 		.ascii	"short int\000"
 1529      7420696E 
 1529      7400
 1530              	.LASF30:
 1531 0215 474E5520 		.ascii	"GNU C 4.7.3 20130312 (release) [ARM/embedded-4_7-br"
 1531      4320342E 
 1531      372E3320 
 1531      32303133 
 1531      30333132 
 1532 0248 616E6368 		.ascii	"anch revision 196615]\000"
 1532      20726576 
 1532      6973696F 
 1532      6E203139 
 1532      36363135 
 1533              	.LASF19:
 1534 025e 43795379 		.ascii	"CySysPmDeepSleep\000"
 1534      73506D44 
 1534      65657053 
 1534      6C656570 
 1534      00
 1535              	.LASF4:
 1536 026f 6C6F6E67 		.ascii	"long int\000"
 1536      20696E74 
 1536      00
 1537              	.LASF0:
 1538 0278 7369676E 		.ascii	"signed char\000"
 1538      65642063 
 1538      68617200 
 1539              	.LASF25:
 1540 0284 43795379 		.ascii	"CySysPmFreezeIo\000"
 1540      73506D46 
 1540      7265657A 
 1540      65496F00 
 1541              		.ident	"GCC: (GNU Tools for ARM Embedded Processors) 4.7.3 20130312 (release) [ARM/embedded-4_7-br
