Archive member included because of file (symbol)

.\CortexM0\ARM_GCC_473\Release\PSoCPioneer+ArduinoShield_Example.a(cyfitter_cfg.o)
                              .\CortexM0\ARM_GCC_473\Release\Cm0Start.o (cyfitter_cfg)
.\CortexM0\ARM_GCC_473\Release\PSoCPioneer+ArduinoShield_Example.a(ETH0.o)
                              .\CortexM0\ARM_GCC_473\Release\main.o (ETH0_SocketClose)
.\CortexM0\ARM_GCC_473\Release\PSoCPioneer+ArduinoShield_Example.a(SDCS.o)
                              .\CortexM0\ARM_GCC_473\Release\main.o (SDCS_Write)
.\CortexM0\ARM_GCC_473\Release\PSoCPioneer+ArduinoShield_Example.a(CyLib.o)
                              .\CortexM0\ARM_GCC_473\Release\main.o (CyDelay)
.\CortexM0\ARM_GCC_473\Release\PSoCPioneer+ArduinoShield_Example.a(SPI0.o)
                              .\CortexM0\ARM_GCC_473\Release\main.o (SPI0_Start)
.\CortexM0\ARM_GCC_473\Release\PSoCPioneer+ArduinoShield_Example.a(SPI0_SPI_UART.o)
                              .\CortexM0\ARM_GCC_473\Release\PSoCPioneer+ArduinoShield_Example.a(ETH0.o) (SPI0_SpiUartReadRxData)
.\CortexM0\ARM_GCC_473\Release\PSoCPioneer+ArduinoShield_Example.a(SPI0_SPI.o)
                              .\CortexM0\ARM_GCC_473\Release\PSoCPioneer+ArduinoShield_Example.a(SPI0.o) (SPI0_SpiInit)
.\CortexM0\ARM_GCC_473\Release\PSoCPioneer+ArduinoShield_Example.a(SPI0_ss1_m.o)
                              .\CortexM0\ARM_GCC_473\Release\PSoCPioneer+ArduinoShield_Example.a(ETH0.o) (SPI0_ss1_m_Read)
.\CortexM0\ARM_GCC_473\Release\PSoCPioneer+ArduinoShield_Example.a(LED1.o)
                              .\CortexM0\ARM_GCC_473\Release\main.o (LED1_Start)
.\CortexM0\ARM_GCC_473\Release\PSoCPioneer+ArduinoShield_Example.a(LED0.o)
                              .\CortexM0\ARM_GCC_473\Release\main.o (LED0_Start)
.\CortexM0\ARM_GCC_473\Release\PSoCPioneer+ArduinoShield_Example.a(CyBootAsmGnu.o)
                              .\CortexM0\ARM_GCC_473\Release\PSoCPioneer+ArduinoShield_Example.a(CyLib.o) (CyDelayCycles)
c:/program files (x86)/cypress/psoc creator/3.0/psoc creator/import/gnu_cs/arm/4.7.3/bin/../lib/gcc/arm-none-eabi/4.7.3/armv6-m\libgcc.a(_thumb1_case_uqi.o)
                              .\CortexM0\ARM_GCC_473\Release\main.o (__gnu_thumb1_case_uqi)
c:/program files (x86)/cypress/psoc creator/3.0/psoc creator/import/gnu_cs/arm/4.7.3/bin/../lib/gcc/arm-none-eabi/4.7.3/armv6-m\libgcc.a(_udivsi3.o)
                              .\CortexM0\ARM_GCC_473\Release\PSoCPioneer+ArduinoShield_Example.a(CyLib.o) (__aeabi_uidiv)
c:/program files (x86)/cypress/psoc creator/3.0/psoc creator/import/gnu_cs/arm/4.7.3/bin/../lib/gcc/arm-none-eabi/4.7.3/armv6-m\libgcc.a(_divsi3.o)
                              .\CortexM0\ARM_GCC_473\Release\main.o (__aeabi_idivmod)
c:/program files (x86)/cypress/psoc creator/3.0/psoc creator/import/gnu_cs/arm/4.7.3/bin/../lib/gcc/arm-none-eabi/4.7.3/armv6-m\libgcc.a(_dvmd_tls.o)
                              c:/program files (x86)/cypress/psoc creator/3.0/psoc creator/import/gnu_cs/arm/4.7.3/bin/../lib/gcc/arm-none-eabi/4.7.3/armv6-m\libgcc.a(_udivsi3.o) (__aeabi_idiv0)
c:/program files (x86)/cypress/psoc creator/3.0/psoc creator/import/gnu_cs/arm/4.7.3/bin/../lib/gcc/arm-none-eabi/4.7.3/../../../../arm-none-eabi/lib/armv6-m\libc_s.a(lib_a-__atexit2.o)
                              c:/program files (x86)/cypress/psoc creator/3.0/psoc creator/import/gnu_cs/arm/4.7.3/bin/../lib/gcc/arm-none-eabi/4.7.3/../../../../arm-none-eabi/lib/armv6-m/crt0.o (__register_exitproc)
c:/program files (x86)/cypress/psoc creator/3.0/psoc creator/import/gnu_cs/arm/4.7.3/bin/../lib/gcc/arm-none-eabi/4.7.3/../../../../arm-none-eabi/lib/armv6-m\libc_s.a(lib_a-exit.o)
                              c:/program files (x86)/cypress/psoc creator/3.0/psoc creator/import/gnu_cs/arm/4.7.3/bin/../lib/gcc/arm-none-eabi/4.7.3/../../../../arm-none-eabi/lib/armv6-m/crt0.o (exit)
c:/program files (x86)/cypress/psoc creator/3.0/psoc creator/import/gnu_cs/arm/4.7.3/bin/../lib/gcc/arm-none-eabi/4.7.3/../../../../arm-none-eabi/lib/armv6-m\libc_s.a(lib_a-fini.o)
                              c:/program files (x86)/cypress/psoc creator/3.0/psoc creator/import/gnu_cs/arm/4.7.3/bin/../lib/gcc/arm-none-eabi/4.7.3/../../../../arm-none-eabi/lib/armv6-m/crt0.o (__libc_fini_array)
c:/program files (x86)/cypress/psoc creator/3.0/psoc creator/import/gnu_cs/arm/4.7.3/bin/../lib/gcc/arm-none-eabi/4.7.3/../../../../arm-none-eabi/lib/armv6-m\libc_s.a(lib_a-impure.o)
                              c:/program files (x86)/cypress/psoc creator/3.0/psoc creator/import/gnu_cs/arm/4.7.3/bin/../lib/gcc/arm-none-eabi/4.7.3/../../../../arm-none-eabi/lib/armv6-m\libc_s.a(lib_a-exit.o) (_global_impure_ptr)
c:/program files (x86)/cypress/psoc creator/3.0/psoc creator/import/gnu_cs/arm/4.7.3/bin/../lib/gcc/arm-none-eabi/4.7.3/../../../../arm-none-eabi/lib/armv6-m\libc_s.a(lib_a-init.o)
                              c:/program files (x86)/cypress/psoc creator/3.0/psoc creator/import/gnu_cs/arm/4.7.3/bin/../lib/gcc/arm-none-eabi/4.7.3/../../../../arm-none-eabi/lib/armv6-m/crt0.o (__libc_init_array)
c:/program files (x86)/cypress/psoc creator/3.0/psoc creator/import/gnu_cs/arm/4.7.3/bin/../lib/gcc/arm-none-eabi/4.7.3/../../../../arm-none-eabi/lib/armv6-m\libc_s.a(lib_a-memset.o)
                              c:/program files (x86)/cypress/psoc creator/3.0/psoc creator/import/gnu_cs/arm/4.7.3/bin/../lib/gcc/arm-none-eabi/4.7.3/../../../../arm-none-eabi/lib/armv6-m/crt0.o (memset)
c:/program files (x86)/cypress/psoc creator/3.0/psoc creator/import/gnu_cs/arm/4.7.3/bin/../lib/gcc/arm-none-eabi/4.7.3/../../../../arm-none-eabi/lib/armv6-m\libc_s.a(lib_a-rand.o)
                              .\CortexM0\ARM_GCC_473\Release\main.o (rand)
c:/program files (x86)/cypress/psoc creator/3.0/psoc creator/import/gnu_cs/arm/4.7.3/bin/../lib/gcc/arm-none-eabi/4.7.3/../../../../arm-none-eabi/lib/armv6-m\libc_s.a(lib_a-strlen.o)
                              .\CortexM0\ARM_GCC_473\Release\PSoCPioneer+ArduinoShield_Example.a(ETH0.o) (strlen)
c:/program files (x86)/cypress/psoc creator/3.0/psoc creator/import/gnu_cs/arm/4.7.3/bin/../lib/gcc/arm-none-eabi/4.7.3/../../../../arm-none-eabi/lib/armv6-m\libc_s.a(lib_a-malloc.o)
                              c:/program files (x86)/cypress/psoc creator/3.0/psoc creator/import/gnu_cs/arm/4.7.3/bin/../lib/gcc/arm-none-eabi/4.7.3/../../../../arm-none-eabi/lib/armv6-m\libc_s.a(lib_a-rand.o) (malloc)
c:/program files (x86)/cypress/psoc creator/3.0/psoc creator/import/gnu_cs/arm/4.7.3/bin/../lib/gcc/arm-none-eabi/4.7.3/../../../../arm-none-eabi/lib/armv6-m\libc_s.a(lib_a-mallocr.o)
                              c:/program files (x86)/cypress/psoc creator/3.0/psoc creator/import/gnu_cs/arm/4.7.3/bin/../lib/gcc/arm-none-eabi/4.7.3/../../../../arm-none-eabi/lib/armv6-m\libc_s.a(lib_a-malloc.o) (_malloc_r)
c:/program files (x86)/cypress/psoc creator/3.0/psoc creator/import/gnu_cs/arm/4.7.3/bin/../lib/gcc/arm-none-eabi/4.7.3/../../../../arm-none-eabi/lib/armv6-m\libc_s.a(lib_a-sbrkr.o)
                              c:/program files (x86)/cypress/psoc creator/3.0/psoc creator/import/gnu_cs/arm/4.7.3/bin/../lib/gcc/arm-none-eabi/4.7.3/../../../../arm-none-eabi/lib/armv6-m\libc_s.a(lib_a-mallocr.o) (_sbrk_r)
c:/program files (x86)/cypress/psoc creator/3.0/psoc creator/import/gnu_cs/arm/4.7.3/bin/../lib/gcc/arm-none-eabi/4.7.3/../../../../arm-none-eabi/lib/armv6-m\libc_s.a(lib_a-freer.o)
                              c:/program files (x86)/cypress/psoc creator/3.0/psoc creator/import/gnu_cs/arm/4.7.3/bin/../lib/gcc/arm-none-eabi/4.7.3/../../../../arm-none-eabi/lib/armv6-m\libc_s.a(lib_a-malloc.o) (_free_r)
c:/program files (x86)/cypress/psoc creator/3.0/psoc creator/import/gnu_cs/arm/4.7.3/bin/../lib/gcc/arm-none-eabi/4.7.3/../../../../arm-none-eabi/lib/armv6-m\libc_s.a(lib_a-reent.o)
                              c:/program files (x86)/cypress/psoc creator/3.0/psoc creator/import/gnu_cs/arm/4.7.3/bin/../lib/gcc/arm-none-eabi/4.7.3/../../../../arm-none-eabi/lib/armv6-m\libc_s.a(lib_a-sbrkr.o) (errno)
c:/program files (x86)/cypress/psoc creator/3.0/psoc creator/import/gnu_cs/arm/4.7.3/bin/../lib/gcc/arm-none-eabi/4.7.3/armv6-m\libgcc.a(_muldi3.o)
                              c:/program files (x86)/cypress/psoc creator/3.0/psoc creator/import/gnu_cs/arm/4.7.3/bin/../lib/gcc/arm-none-eabi/4.7.3/../../../../arm-none-eabi/lib/armv6-m\libc_s.a(lib_a-rand.o) (__aeabi_lmul)
c:/program files (x86)/cypress/psoc creator/3.0/psoc creator/import/gnu_cs/arm/4.7.3/bin/../lib/gcc/arm-none-eabi/4.7.3/../../../../arm-none-eabi/lib/armv6-m\libnosys.a(sbrk.o)
                              c:/program files (x86)/cypress/psoc creator/3.0/psoc creator/import/gnu_cs/arm/4.7.3/bin/../lib/gcc/arm-none-eabi/4.7.3/../../../../arm-none-eabi/lib/armv6-m\libc_s.a(lib_a-sbrkr.o) (_sbrk)

Allocating common symbols
Common symbol       size              file

errno               0x4               c:/program files (x86)/cypress/psoc creator/3.0/psoc creator/import/gnu_cs/arm/4.7.3/bin/../lib/gcc/arm-none-eabi/4.7.3/../../../../arm-none-eabi/lib/armv6-m\libc_s.a(lib_a-reent.o)
randomData          0x7d0             .\CortexM0\ARM_GCC_473\Release\main.o

Discarded input sections

 .text          0x00000000        0x0 c:/program files (x86)/cypress/psoc creator/3.0/psoc creator/import/gnu_cs/arm/4.7.3/bin/../lib/gcc/arm-none-eabi/4.7.3/armv6-m/crti.o
 .data          0x00000000        0x0 c:/program files (x86)/cypress/psoc creator/3.0/psoc creator/import/gnu_cs/arm/4.7.3/bin/../lib/gcc/arm-none-eabi/4.7.3/armv6-m/crti.o
 .bss           0x00000000        0x0 c:/program files (x86)/cypress/psoc creator/3.0/psoc creator/import/gnu_cs/arm/4.7.3/bin/../lib/gcc/arm-none-eabi/4.7.3/armv6-m/crti.o
 .data          0x00000000        0x4 c:/program files (x86)/cypress/psoc creator/3.0/psoc creator/import/gnu_cs/arm/4.7.3/bin/../lib/gcc/arm-none-eabi/4.7.3/armv6-m/crtbegin.o
 .text          0x00000000       0x74 c:/program files (x86)/cypress/psoc creator/3.0/psoc creator/import/gnu_cs/arm/4.7.3/bin/../lib/gcc/arm-none-eabi/4.7.3/../../../../arm-none-eabi/lib/armv6-m/crt0.o
 .data          0x00000000        0x0 c:/program files (x86)/cypress/psoc creator/3.0/psoc creator/import/gnu_cs/arm/4.7.3/bin/../lib/gcc/arm-none-eabi/4.7.3/../../../../arm-none-eabi/lib/armv6-m/crt0.o
 .bss           0x00000000        0x0 c:/program files (x86)/cypress/psoc creator/3.0/psoc creator/import/gnu_cs/arm/4.7.3/bin/../lib/gcc/arm-none-eabi/4.7.3/../../../../arm-none-eabi/lib/armv6-m/crt0.o
 .ARM.extab     0x00000000        0x0 c:/program files (x86)/cypress/psoc creator/3.0/psoc creator/import/gnu_cs/arm/4.7.3/bin/../lib/gcc/arm-none-eabi/4.7.3/../../../../arm-none-eabi/lib/armv6-m/crt0.o
 .ARM.exidx     0x00000000        0x8 c:/program files (x86)/cypress/psoc creator/3.0/psoc creator/import/gnu_cs/arm/4.7.3/bin/../lib/gcc/arm-none-eabi/4.7.3/../../../../arm-none-eabi/lib/armv6-m/crt0.o
 .text          0x00000000        0x0 .\CortexM0\ARM_GCC_473\Release\main.o
 .data          0x00000000        0x0 .\CortexM0\ARM_GCC_473\Release\main.o
 .bss           0x00000000        0x0 .\CortexM0\ARM_GCC_473\Release\main.o
 .text          0x00000000        0x0 .\CortexM0\ARM_GCC_473\Release\cymetadata.o
 .data          0x00000000        0x0 .\CortexM0\ARM_GCC_473\Release\cymetadata.o
 .bss           0x00000000        0x0 .\CortexM0\ARM_GCC_473\Release\cymetadata.o
 .text          0x00000000        0x0 .\CortexM0\ARM_GCC_473\Release\Cm0Start.o
 .data          0x00000000        0x0 .\CortexM0\ARM_GCC_473\Release\Cm0Start.o
 .bss           0x00000000        0x0 .\CortexM0\ARM_GCC_473\Release\Cm0Start.o
 .text._exit    0x00000000        0x4 .\CortexM0\ARM_GCC_473\Release\Cm0Start.o
 .text          0x00000000        0x0 .\CortexM0\ARM_GCC_473\Release\PSoCPioneer+ArduinoShield_Example.a(cyfitter_cfg.o)
 .data          0x00000000        0x0 .\CortexM0\ARM_GCC_473\Release\PSoCPioneer+ArduinoShield_Example.a(cyfitter_cfg.o)
 .bss           0x00000000        0x0 .\CortexM0\ARM_GCC_473\Release\PSoCPioneer+ArduinoShield_Example.a(cyfitter_cfg.o)
 .text          0x00000000        0x0 .\CortexM0\ARM_GCC_473\Release\PSoCPioneer+ArduinoShield_Example.a(ETH0.o)
 .text.ETH0_SetIP
                0x00000000       0x16 .\CortexM0\ARM_GCC_473\Release\PSoCPioneer+ArduinoShield_Example.a(ETH0.o)
 .text.ETH0_GetIP
                0x00000000       0x1e .\CortexM0\ARM_GCC_473\Release\PSoCPioneer+ArduinoShield_Example.a(ETH0.o)
 .text.ETH0_SetMAC
                0x00000000       0x1a .\CortexM0\ARM_GCC_473\Release\PSoCPioneer+ArduinoShield_Example.a(ETH0.o)
 .text.ETH0_GetMAC
                0x00000000       0x1a .\CortexM0\ARM_GCC_473\Release\PSoCPioneer+ArduinoShield_Example.a(ETH0.o)
 .text.ETH0_SocketProcessConnections
                0x00000000       0x1e .\CortexM0\ARM_GCC_473\Release\PSoCPioneer+ArduinoShield_Example.a(ETH0.o)
 .text.ETH0_TcpStartServerWait
                0x00000000       0x1c .\CortexM0\ARM_GCC_473\Release\PSoCPioneer+ArduinoShield_Example.a(ETH0.o)
 .text.ETH0_TcpConnect
                0x00000000       0x7c .\CortexM0\ARM_GCC_473\Release\PSoCPioneer+ArduinoShield_Example.a(ETH0.o)
 .text.ETH0_UdpOpen
                0x00000000        0xe .\CortexM0\ARM_GCC_473\Release\PSoCPioneer+ArduinoShield_Example.a(ETH0.o)
 .text.ETH0_UdpSend
                0x00000000       0x60 .\CortexM0\ARM_GCC_473\Release\PSoCPioneer+ArduinoShield_Example.a(ETH0.o)
 .text.ETH0_UdpReceive
                0x00000000       0x8c .\CortexM0\ARM_GCC_473\Release\PSoCPioneer+ArduinoShield_Example.a(ETH0.o)
 .text          0x00000000        0x0 .\CortexM0\ARM_GCC_473\Release\PSoCPioneer+ArduinoShield_Example.a(SDCS.o)
 .data          0x00000000        0x0 .\CortexM0\ARM_GCC_473\Release\PSoCPioneer+ArduinoShield_Example.a(SDCS.o)
 .bss           0x00000000        0x0 .\CortexM0\ARM_GCC_473\Release\PSoCPioneer+ArduinoShield_Example.a(SDCS.o)
 .text.SDCS_SetDriveMode
                0x00000000       0x14 .\CortexM0\ARM_GCC_473\Release\PSoCPioneer+ArduinoShield_Example.a(SDCS.o)
 .text.SDCS_Read
                0x00000000       0x10 .\CortexM0\ARM_GCC_473\Release\PSoCPioneer+ArduinoShield_Example.a(SDCS.o)
 .text.SDCS_ReadDataReg
                0x00000000       0x10 .\CortexM0\ARM_GCC_473\Release\PSoCPioneer+ArduinoShield_Example.a(SDCS.o)
 .text.SDCS_ClearInterrupt
                0x00000000       0x10 .\CortexM0\ARM_GCC_473\Release\PSoCPioneer+ArduinoShield_Example.a(SDCS.o)
 .text          0x00000000        0x0 .\CortexM0\ARM_GCC_473\Release\PSoCPioneer+ArduinoShield_Example.a(CyLib.o)
 .bss           0x00000000        0x0 .\CortexM0\ARM_GCC_473\Release\PSoCPioneer+ArduinoShield_Example.a(CyLib.o)
 .text.CySysClkImoStart
                0x00000000       0x14 .\CortexM0\ARM_GCC_473\Release\PSoCPioneer+ArduinoShield_Example.a(CyLib.o)
 .text.CySysClkImoStop
                0x00000000       0x10 .\CortexM0\ARM_GCC_473\Release\PSoCPioneer+ArduinoShield_Example.a(CyLib.o)
 .text.CySysClkIloStart
                0x00000000       0x14 .\CortexM0\ARM_GCC_473\Release\PSoCPioneer+ArduinoShield_Example.a(CyLib.o)
 .text.CySysClkIloStop
                0x00000000       0x10 .\CortexM0\ARM_GCC_473\Release\PSoCPioneer+ArduinoShield_Example.a(CyLib.o)
 .text.CySysClkWriteHfclkDirect
                0x00000000       0x18 .\CortexM0\ARM_GCC_473\Release\PSoCPioneer+ArduinoShield_Example.a(CyLib.o)
 .text.CySysClkWriteSysclkDiv
                0x00000000       0x20 .\CortexM0\ARM_GCC_473\Release\PSoCPioneer+ArduinoShield_Example.a(CyLib.o)
 .text.CySysWdtLock
                0x00000000       0x30 .\CortexM0\ARM_GCC_473\Release\PSoCPioneer+ArduinoShield_Example.a(CyLib.o)
 .text.CySysWdtUnlock
                0x00000000       0x44 .\CortexM0\ARM_GCC_473\Release\PSoCPioneer+ArduinoShield_Example.a(CyLib.o)
 .text.CySysWdtReadEnabledStatus
                0x00000000       0x18 .\CortexM0\ARM_GCC_473\Release\PSoCPioneer+ArduinoShield_Example.a(CyLib.o)
 .text.CySysWdtWriteMode
                0x00000000       0x3c .\CortexM0\ARM_GCC_473\Release\PSoCPioneer+ArduinoShield_Example.a(CyLib.o)
 .text.CySysWdtReadMode
                0x00000000       0x14 .\CortexM0\ARM_GCC_473\Release\PSoCPioneer+ArduinoShield_Example.a(CyLib.o)
 .text.CySysWdtWriteClearOnMatch
                0x00000000       0x34 .\CortexM0\ARM_GCC_473\Release\PSoCPioneer+ArduinoShield_Example.a(CyLib.o)
 .text.CySysWdtReadClearOnMatch
                0x00000000       0x18 .\CortexM0\ARM_GCC_473\Release\PSoCPioneer+ArduinoShield_Example.a(CyLib.o)
 .text.CySysWdtEnable
                0x00000000       0x24 .\CortexM0\ARM_GCC_473\Release\PSoCPioneer+ArduinoShield_Example.a(CyLib.o)
 .text.CySysWdtDisable
                0x00000000       0x24 .\CortexM0\ARM_GCC_473\Release\PSoCPioneer+ArduinoShield_Example.a(CyLib.o)
 .text.CySysWdtWriteCascade
                0x00000000       0x44 .\CortexM0\ARM_GCC_473\Release\PSoCPioneer+ArduinoShield_Example.a(CyLib.o)
 .text.CySysWdtReadCascade
                0x00000000       0x14 .\CortexM0\ARM_GCC_473\Release\PSoCPioneer+ArduinoShield_Example.a(CyLib.o)
 .text.CySysWdtWriteToggleBit
                0x00000000       0x3c .\CortexM0\ARM_GCC_473\Release\PSoCPioneer+ArduinoShield_Example.a(CyLib.o)
 .text.CySysWdtReadToggleBit
                0x00000000       0x10 .\CortexM0\ARM_GCC_473\Release\PSoCPioneer+ArduinoShield_Example.a(CyLib.o)
 .text.CySysWdtReadMatch
                0x00000000       0x10 .\CortexM0\ARM_GCC_473\Release\PSoCPioneer+ArduinoShield_Example.a(CyLib.o)
 .text.CySysWdtReadCount
                0x00000000       0x30 .\CortexM0\ARM_GCC_473\Release\PSoCPioneer+ArduinoShield_Example.a(CyLib.o)
 .text.CySysWdtGetInterruptSource
                0x00000000       0x14 .\CortexM0\ARM_GCC_473\Release\PSoCPioneer+ArduinoShield_Example.a(CyLib.o)
 .text.CySysWdtClearInterrupt
                0x00000000       0x78 .\CortexM0\ARM_GCC_473\Release\PSoCPioneer+ArduinoShield_Example.a(CyLib.o)
 .text.CySysWdtResetCounters
                0x00000000       0x2c .\CortexM0\ARM_GCC_473\Release\PSoCPioneer+ArduinoShield_Example.a(CyLib.o)
 .text.CySysLvdEnable
                0x00000000       0x2c .\CortexM0\ARM_GCC_473\Release\PSoCPioneer+ArduinoShield_Example.a(CyLib.o)
 .text.CySysLvdDisable
                0x00000000       0x20 .\CortexM0\ARM_GCC_473\Release\PSoCPioneer+ArduinoShield_Example.a(CyLib.o)
 .text.CySysLvdGetInterruptSource
                0x00000000       0x10 .\CortexM0\ARM_GCC_473\Release\PSoCPioneer+ArduinoShield_Example.a(CyLib.o)
 .text.CySysLvdClearInterrupt
                0x00000000        0xc .\CortexM0\ARM_GCC_473\Release\PSoCPioneer+ArduinoShield_Example.a(CyLib.o)
 .text.CyDisableInts
                0x00000000       0x10 .\CortexM0\ARM_GCC_473\Release\PSoCPioneer+ArduinoShield_Example.a(CyLib.o)
 .text.CyEnableInts
                0x00000000        0xc .\CortexM0\ARM_GCC_473\Release\PSoCPioneer+ArduinoShield_Example.a(CyLib.o)
 .text.CyIntSetSysVector
                0x00000000        0xe .\CortexM0\ARM_GCC_473\Release\PSoCPioneer+ArduinoShield_Example.a(CyLib.o)
 .text.CyIntGetSysVector
                0x00000000        0xc .\CortexM0\ARM_GCC_473\Release\PSoCPioneer+ArduinoShield_Example.a(CyLib.o)
 .text.CyIntSetVector
                0x00000000       0x10 .\CortexM0\ARM_GCC_473\Release\PSoCPioneer+ArduinoShield_Example.a(CyLib.o)
 .text.CyIntGetVector
                0x00000000       0x10 .\CortexM0\ARM_GCC_473\Release\PSoCPioneer+ArduinoShield_Example.a(CyLib.o)
 .text.CyIntSetPriority
                0x00000000       0x34 .\CortexM0\ARM_GCC_473\Release\PSoCPioneer+ArduinoShield_Example.a(CyLib.o)
 .text.CyIntGetPriority
                0x00000000       0x20 .\CortexM0\ARM_GCC_473\Release\PSoCPioneer+ArduinoShield_Example.a(CyLib.o)
 .text.CyIntEnable
                0x00000000       0x14 .\CortexM0\ARM_GCC_473\Release\PSoCPioneer+ArduinoShield_Example.a(CyLib.o)
 .text.CyIntGetState
                0x00000000       0x18 .\CortexM0\ARM_GCC_473\Release\PSoCPioneer+ArduinoShield_Example.a(CyLib.o)
 .text.CyIntDisable
                0x00000000       0x14 .\CortexM0\ARM_GCC_473\Release\PSoCPioneer+ArduinoShield_Example.a(CyLib.o)
 .text.CyIntSetPending
                0x00000000       0x14 .\CortexM0\ARM_GCC_473\Release\PSoCPioneer+ArduinoShield_Example.a(CyLib.o)
 .text.CyIntClearPending
                0x00000000       0x14 .\CortexM0\ARM_GCC_473\Release\PSoCPioneer+ArduinoShield_Example.a(CyLib.o)
 .text.CyHalt   0x00000000        0x4 .\CortexM0\ARM_GCC_473\Release\PSoCPioneer+ArduinoShield_Example.a(CyLib.o)
 .text.CySoftwareReset
                0x00000000       0x18 .\CortexM0\ARM_GCC_473\Release\PSoCPioneer+ArduinoShield_Example.a(CyLib.o)
 .text.CySysWdtWriteMatch
                0x00000000       0x3c .\CortexM0\ARM_GCC_473\Release\PSoCPioneer+ArduinoShield_Example.a(CyLib.o)
 .text.CySysClkWriteImoFreq
                0x00000000      0x138 .\CortexM0\ARM_GCC_473\Release\PSoCPioneer+ArduinoShield_Example.a(CyLib.o)
 .text.CyDelayFreq
                0x00000000       0x48 .\CortexM0\ARM_GCC_473\Release\PSoCPioneer+ArduinoShield_Example.a(CyLib.o)
 .rodata        0x00000000       0x2e .\CortexM0\ARM_GCC_473\Release\PSoCPioneer+ArduinoShield_Example.a(CyLib.o)
 .text          0x00000000        0x0 .\CortexM0\ARM_GCC_473\Release\PSoCPioneer+ArduinoShield_Example.a(SPI0.o)
 .data          0x00000000        0x0 .\CortexM0\ARM_GCC_473\Release\PSoCPioneer+ArduinoShield_Example.a(SPI0.o)
 .text.SPI0_Init
                0x00000000        0x8 .\CortexM0\ARM_GCC_473\Release\PSoCPioneer+ArduinoShield_Example.a(SPI0.o)
 .text.SPI0_Stop
                0x00000000       0x10 .\CortexM0\ARM_GCC_473\Release\PSoCPioneer+ArduinoShield_Example.a(SPI0.o)
 .text.SPI0_SetCustomInterruptHandler
                0x00000000        0xc .\CortexM0\ARM_GCC_473\Release\PSoCPioneer+ArduinoShield_Example.a(SPI0.o)
 .text          0x00000000        0x0 .\CortexM0\ARM_GCC_473\Release\PSoCPioneer+ArduinoShield_Example.a(SPI0_SPI_UART.o)
 .data          0x00000000        0x0 .\CortexM0\ARM_GCC_473\Release\PSoCPioneer+ArduinoShield_Example.a(SPI0_SPI_UART.o)
 .bss           0x00000000        0x0 .\CortexM0\ARM_GCC_473\Release\PSoCPioneer+ArduinoShield_Example.a(SPI0_SPI_UART.o)
 .text.SPI0_SpiUartPutArray
                0x00000000       0x16 .\CortexM0\ARM_GCC_473\Release\PSoCPioneer+ArduinoShield_Example.a(SPI0_SPI_UART.o)
 .text.SPI0_SpiUartGetTxBufferSize
                0x00000000       0x10 .\CortexM0\ARM_GCC_473\Release\PSoCPioneer+ArduinoShield_Example.a(SPI0_SPI_UART.o)
 .text.SPI0_SpiUartClearTxBuffer
                0x00000000       0x20 .\CortexM0\ARM_GCC_473\Release\PSoCPioneer+ArduinoShield_Example.a(SPI0_SPI_UART.o)
 .text.SPI0_SpiUartDisableIntRx
                0x00000000       0x10 .\CortexM0\ARM_GCC_473\Release\PSoCPioneer+ArduinoShield_Example.a(SPI0_SPI_UART.o)
 .text.SPI0_SpiUartDisableIntTx
                0x00000000       0x10 .\CortexM0\ARM_GCC_473\Release\PSoCPioneer+ArduinoShield_Example.a(SPI0_SPI_UART.o)
 .text          0x00000000        0x0 .\CortexM0\ARM_GCC_473\Release\PSoCPioneer+ArduinoShield_Example.a(SPI0_SPI.o)
 .data          0x00000000        0x0 .\CortexM0\ARM_GCC_473\Release\PSoCPioneer+ArduinoShield_Example.a(SPI0_SPI.o)
 .bss           0x00000000        0x0 .\CortexM0\ARM_GCC_473\Release\PSoCPioneer+ArduinoShield_Example.a(SPI0_SPI.o)
 .text          0x00000000        0x0 .\CortexM0\ARM_GCC_473\Release\PSoCPioneer+ArduinoShield_Example.a(SPI0_ss1_m.o)
 .data          0x00000000        0x0 .\CortexM0\ARM_GCC_473\Release\PSoCPioneer+ArduinoShield_Example.a(SPI0_ss1_m.o)
 .bss           0x00000000        0x0 .\CortexM0\ARM_GCC_473\Release\PSoCPioneer+ArduinoShield_Example.a(SPI0_ss1_m.o)
 .text.SPI0_ss1_m_Write
                0x00000000       0x18 .\CortexM0\ARM_GCC_473\Release\PSoCPioneer+ArduinoShield_Example.a(SPI0_ss1_m.o)
 .text.SPI0_ss1_m_SetDriveMode
                0x00000000       0x1c .\CortexM0\ARM_GCC_473\Release\PSoCPioneer+ArduinoShield_Example.a(SPI0_ss1_m.o)
 .text.SPI0_ss1_m_ReadDataReg
                0x00000000       0x10 .\CortexM0\ARM_GCC_473\Release\PSoCPioneer+ArduinoShield_Example.a(SPI0_ss1_m.o)
 .text.SPI0_ss1_m_ClearInterrupt
                0x00000000       0x14 .\CortexM0\ARM_GCC_473\Release\PSoCPioneer+ArduinoShield_Example.a(SPI0_ss1_m.o)
 .text          0x00000000        0x0 .\CortexM0\ARM_GCC_473\Release\PSoCPioneer+ArduinoShield_Example.a(LED1.o)
 .data          0x00000000        0x0 .\CortexM0\ARM_GCC_473\Release\PSoCPioneer+ArduinoShield_Example.a(LED1.o)
 .text.LED1_Stop
                0x00000000       0x10 .\CortexM0\ARM_GCC_473\Release\PSoCPioneer+ArduinoShield_Example.a(LED1.o)
 .text.LED1_SetPulse0Mode
                0x00000000       0x1c .\CortexM0\ARM_GCC_473\Release\PSoCPioneer+ArduinoShield_Example.a(LED1.o)
 .text.LED1_SetPulse1Mode
                0x00000000       0x1c .\CortexM0\ARM_GCC_473\Release\PSoCPioneer+ArduinoShield_Example.a(LED1.o)
 .text.LED1_ReadSeed
                0x00000000        0xc .\CortexM0\ARM_GCC_473\Release\PSoCPioneer+ArduinoShield_Example.a(LED1.o)
 .text.LED1_WriteSeed
                0x00000000       0x18 .\CortexM0\ARM_GCC_473\Release\PSoCPioneer+ArduinoShield_Example.a(LED1.o)
 .text.LED1_ReadPolynomial
                0x00000000        0xc .\CortexM0\ARM_GCC_473\Release\PSoCPioneer+ArduinoShield_Example.a(LED1.o)
 .text.LED1_WritePolynomial
                0x00000000        0xc .\CortexM0\ARM_GCC_473\Release\PSoCPioneer+ArduinoShield_Example.a(LED1.o)
 .text.LED1_ReadPulse0
                0x00000000        0xc .\CortexM0\ARM_GCC_473\Release\PSoCPioneer+ArduinoShield_Example.a(LED1.o)
 .text.LED1_ReadPulse1
                0x00000000        0xc .\CortexM0\ARM_GCC_473\Release\PSoCPioneer+ArduinoShield_Example.a(LED1.o)
 .text.LED1_WritePulse1
                0x00000000        0xc .\CortexM0\ARM_GCC_473\Release\PSoCPioneer+ArduinoShield_Example.a(LED1.o)
 .text          0x00000000        0x0 .\CortexM0\ARM_GCC_473\Release\PSoCPioneer+ArduinoShield_Example.a(LED0.o)
 .data          0x00000000        0x0 .\CortexM0\ARM_GCC_473\Release\PSoCPioneer+ArduinoShield_Example.a(LED0.o)
 .text.LED0_Stop
                0x00000000       0x10 .\CortexM0\ARM_GCC_473\Release\PSoCPioneer+ArduinoShield_Example.a(LED0.o)
 .text.LED0_SetPulse0Mode
                0x00000000       0x1c .\CortexM0\ARM_GCC_473\Release\PSoCPioneer+ArduinoShield_Example.a(LED0.o)
 .text.LED0_SetPulse1Mode
                0x00000000       0x1c .\CortexM0\ARM_GCC_473\Release\PSoCPioneer+ArduinoShield_Example.a(LED0.o)
 .text.LED0_ReadSeed
                0x00000000        0xc .\CortexM0\ARM_GCC_473\Release\PSoCPioneer+ArduinoShield_Example.a(LED0.o)
 .text.LED0_WriteSeed
                0x00000000       0x18 .\CortexM0\ARM_GCC_473\Release\PSoCPioneer+ArduinoShield_Example.a(LED0.o)
 .text.LED0_ReadPolynomial
                0x00000000        0xc .\CortexM0\ARM_GCC_473\Release\PSoCPioneer+ArduinoShield_Example.a(LED0.o)
 .text.LED0_WritePolynomial
                0x00000000        0xc .\CortexM0\ARM_GCC_473\Release\PSoCPioneer+ArduinoShield_Example.a(LED0.o)
 .text.LED0_ReadPulse0
                0x00000000        0xc .\CortexM0\ARM_GCC_473\Release\PSoCPioneer+ArduinoShield_Example.a(LED0.o)
 .text.LED0_ReadPulse1
                0x00000000        0xc .\CortexM0\ARM_GCC_473\Release\PSoCPioneer+ArduinoShield_Example.a(LED0.o)
 .data          0x00000000        0x0 .\CortexM0\ARM_GCC_473\Release\PSoCPioneer+ArduinoShield_Example.a(CyBootAsmGnu.o)
 .bss           0x00000000        0x0 .\CortexM0\ARM_GCC_473\Release\PSoCPioneer+ArduinoShield_Example.a(CyBootAsmGnu.o)
 .data          0x00000000        0x0 c:/program files (x86)/cypress/psoc creator/3.0/psoc creator/import/gnu_cs/arm/4.7.3/bin/../lib/gcc/arm-none-eabi/4.7.3/armv6-m\libgcc.a(_thumb1_case_uqi.o)
 .bss           0x00000000        0x0 c:/program files (x86)/cypress/psoc creator/3.0/psoc creator/import/gnu_cs/arm/4.7.3/bin/../lib/gcc/arm-none-eabi/4.7.3/armv6-m\libgcc.a(_thumb1_case_uqi.o)
 .text          0x00000000       0x9c c:/program files (x86)/cypress/psoc creator/3.0/psoc creator/import/gnu_cs/arm/4.7.3/bin/../lib/gcc/arm-none-eabi/4.7.3/armv6-m\libgcc.a(_udivsi3.o)
 .data          0x00000000        0x0 c:/program files (x86)/cypress/psoc creator/3.0/psoc creator/import/gnu_cs/arm/4.7.3/bin/../lib/gcc/arm-none-eabi/4.7.3/armv6-m\libgcc.a(_udivsi3.o)
 .bss           0x00000000        0x0 c:/program files (x86)/cypress/psoc creator/3.0/psoc creator/import/gnu_cs/arm/4.7.3/bin/../lib/gcc/arm-none-eabi/4.7.3/armv6-m\libgcc.a(_udivsi3.o)
 .data          0x00000000        0x0 c:/program files (x86)/cypress/psoc creator/3.0/psoc creator/import/gnu_cs/arm/4.7.3/bin/../lib/gcc/arm-none-eabi/4.7.3/armv6-m\libgcc.a(_divsi3.o)
 .bss           0x00000000        0x0 c:/program files (x86)/cypress/psoc creator/3.0/psoc creator/import/gnu_cs/arm/4.7.3/bin/../lib/gcc/arm-none-eabi/4.7.3/armv6-m\libgcc.a(_divsi3.o)
 .data          0x00000000        0x0 c:/program files (x86)/cypress/psoc creator/3.0/psoc creator/import/gnu_cs/arm/4.7.3/bin/../lib/gcc/arm-none-eabi/4.7.3/armv6-m\libgcc.a(_dvmd_tls.o)
 .bss           0x00000000        0x0 c:/program files (x86)/cypress/psoc creator/3.0/psoc creator/import/gnu_cs/arm/4.7.3/bin/../lib/gcc/arm-none-eabi/4.7.3/armv6-m\libgcc.a(_dvmd_tls.o)
 .text          0x00000000        0x0 c:/program files (x86)/cypress/psoc creator/3.0/psoc creator/import/gnu_cs/arm/4.7.3/bin/../lib/gcc/arm-none-eabi/4.7.3/../../../../arm-none-eabi/lib/armv6-m\libc_s.a(lib_a-__atexit2.o)
 .data          0x00000000        0x0 c:/program files (x86)/cypress/psoc creator/3.0/psoc creator/import/gnu_cs/arm/4.7.3/bin/../lib/gcc/arm-none-eabi/4.7.3/../../../../arm-none-eabi/lib/armv6-m\libc_s.a(lib_a-__atexit2.o)
 .bss           0x00000000        0x0 c:/program files (x86)/cypress/psoc creator/3.0/psoc creator/import/gnu_cs/arm/4.7.3/bin/../lib/gcc/arm-none-eabi/4.7.3/../../../../arm-none-eabi/lib/armv6-m\libc_s.a(lib_a-__atexit2.o)
 .text.__register_exitproc
                0x00000000       0x18 c:/program files (x86)/cypress/psoc creator/3.0/psoc creator/import/gnu_cs/arm/4.7.3/bin/../lib/gcc/arm-none-eabi/4.7.3/../../../../arm-none-eabi/lib/armv6-m\libc_s.a(lib_a-__atexit2.o)
 .text          0x00000000        0x0 c:/program files (x86)/cypress/psoc creator/3.0/psoc creator/import/gnu_cs/arm/4.7.3/bin/../lib/gcc/arm-none-eabi/4.7.3/../../../../arm-none-eabi/lib/armv6-m\libc_s.a(lib_a-exit.o)
 .data          0x00000000        0x0 c:/program files (x86)/cypress/psoc creator/3.0/psoc creator/import/gnu_cs/arm/4.7.3/bin/../lib/gcc/arm-none-eabi/4.7.3/../../../../arm-none-eabi/lib/armv6-m\libc_s.a(lib_a-exit.o)
 .bss           0x00000000        0x0 c:/program files (x86)/cypress/psoc creator/3.0/psoc creator/import/gnu_cs/arm/4.7.3/bin/../lib/gcc/arm-none-eabi/4.7.3/../../../../arm-none-eabi/lib/armv6-m\libc_s.a(lib_a-exit.o)
 .text.exit     0x00000000       0x30 c:/program files (x86)/cypress/psoc creator/3.0/psoc creator/import/gnu_cs/arm/4.7.3/bin/../lib/gcc/arm-none-eabi/4.7.3/../../../../arm-none-eabi/lib/armv6-m\libc_s.a(lib_a-exit.o)
 .text          0x00000000        0x0 c:/program files (x86)/cypress/psoc creator/3.0/psoc creator/import/gnu_cs/arm/4.7.3/bin/../lib/gcc/arm-none-eabi/4.7.3/../../../../arm-none-eabi/lib/armv6-m\libc_s.a(lib_a-fini.o)
 .data          0x00000000        0x0 c:/program files (x86)/cypress/psoc creator/3.0/psoc creator/import/gnu_cs/arm/4.7.3/bin/../lib/gcc/arm-none-eabi/4.7.3/../../../../arm-none-eabi/lib/armv6-m\libc_s.a(lib_a-fini.o)
 .bss           0x00000000        0x0 c:/program files (x86)/cypress/psoc creator/3.0/psoc creator/import/gnu_cs/arm/4.7.3/bin/../lib/gcc/arm-none-eabi/4.7.3/../../../../arm-none-eabi/lib/armv6-m\libc_s.a(lib_a-fini.o)
 .text.__libc_fini_array
                0x00000000       0x2c c:/program files (x86)/cypress/psoc creator/3.0/psoc creator/import/gnu_cs/arm/4.7.3/bin/../lib/gcc/arm-none-eabi/4.7.3/../../../../arm-none-eabi/lib/armv6-m\libc_s.a(lib_a-fini.o)
 .text          0x00000000        0x0 c:/program files (x86)/cypress/psoc creator/3.0/psoc creator/import/gnu_cs/arm/4.7.3/bin/../lib/gcc/arm-none-eabi/4.7.3/../../../../arm-none-eabi/lib/armv6-m\libc_s.a(lib_a-impure.o)
 .data          0x00000000        0x0 c:/program files (x86)/cypress/psoc creator/3.0/psoc creator/import/gnu_cs/arm/4.7.3/bin/../lib/gcc/arm-none-eabi/4.7.3/../../../../arm-none-eabi/lib/armv6-m\libc_s.a(lib_a-impure.o)
 .bss           0x00000000        0x0 c:/program files (x86)/cypress/psoc creator/3.0/psoc creator/import/gnu_cs/arm/4.7.3/bin/../lib/gcc/arm-none-eabi/4.7.3/../../../../arm-none-eabi/lib/armv6-m\libc_s.a(lib_a-impure.o)
 .rodata._global_impure_ptr
                0x00000000        0x4 c:/program files (x86)/cypress/psoc creator/3.0/psoc creator/import/gnu_cs/arm/4.7.3/bin/../lib/gcc/arm-none-eabi/4.7.3/../../../../arm-none-eabi/lib/armv6-m\libc_s.a(lib_a-impure.o)
 .text          0x00000000        0x0 c:/program files (x86)/cypress/psoc creator/3.0/psoc creator/import/gnu_cs/arm/4.7.3/bin/../lib/gcc/arm-none-eabi/4.7.3/../../../../arm-none-eabi/lib/armv6-m\libc_s.a(lib_a-init.o)
 .data          0x00000000        0x0 c:/program files (x86)/cypress/psoc creator/3.0/psoc creator/import/gnu_cs/arm/4.7.3/bin/../lib/gcc/arm-none-eabi/4.7.3/../../../../arm-none-eabi/lib/armv6-m\libc_s.a(lib_a-init.o)
 .bss           0x00000000        0x0 c:/program files (x86)/cypress/psoc creator/3.0/psoc creator/import/gnu_cs/arm/4.7.3/bin/../lib/gcc/arm-none-eabi/4.7.3/../../../../arm-none-eabi/lib/armv6-m\libc_s.a(lib_a-init.o)
 .text          0x00000000        0x0 c:/program files (x86)/cypress/psoc creator/3.0/psoc creator/import/gnu_cs/arm/4.7.3/bin/../lib/gcc/arm-none-eabi/4.7.3/../../../../arm-none-eabi/lib/armv6-m\libc_s.a(lib_a-memset.o)
 .data          0x00000000        0x0 c:/program files (x86)/cypress/psoc creator/3.0/psoc creator/import/gnu_cs/arm/4.7.3/bin/../lib/gcc/arm-none-eabi/4.7.3/../../../../arm-none-eabi/lib/armv6-m\libc_s.a(lib_a-memset.o)
 .bss           0x00000000        0x0 c:/program files (x86)/cypress/psoc creator/3.0/psoc creator/import/gnu_cs/arm/4.7.3/bin/../lib/gcc/arm-none-eabi/4.7.3/../../../../arm-none-eabi/lib/armv6-m\libc_s.a(lib_a-memset.o)
 .text          0x00000000        0x0 c:/program files (x86)/cypress/psoc creator/3.0/psoc creator/import/gnu_cs/arm/4.7.3/bin/../lib/gcc/arm-none-eabi/4.7.3/../../../../arm-none-eabi/lib/armv6-m\libc_s.a(lib_a-rand.o)
 .data          0x00000000        0x0 c:/program files (x86)/cypress/psoc creator/3.0/psoc creator/import/gnu_cs/arm/4.7.3/bin/../lib/gcc/arm-none-eabi/4.7.3/../../../../arm-none-eabi/lib/armv6-m\libc_s.a(lib_a-rand.o)
 .bss           0x00000000        0x0 c:/program files (x86)/cypress/psoc creator/3.0/psoc creator/import/gnu_cs/arm/4.7.3/bin/../lib/gcc/arm-none-eabi/4.7.3/../../../../arm-none-eabi/lib/armv6-m\libc_s.a(lib_a-rand.o)
 .text.srand    0x00000000       0x64 c:/program files (x86)/cypress/psoc creator/3.0/psoc creator/import/gnu_cs/arm/4.7.3/bin/../lib/gcc/arm-none-eabi/4.7.3/../../../../arm-none-eabi/lib/armv6-m\libc_s.a(lib_a-rand.o)
 .text          0x00000000        0x0 c:/program files (x86)/cypress/psoc creator/3.0/psoc creator/import/gnu_cs/arm/4.7.3/bin/../lib/gcc/arm-none-eabi/4.7.3/../../../../arm-none-eabi/lib/armv6-m\libc_s.a(lib_a-strlen.o)
 .data          0x00000000        0x0 c:/program files (x86)/cypress/psoc creator/3.0/psoc creator/import/gnu_cs/arm/4.7.3/bin/../lib/gcc/arm-none-eabi/4.7.3/../../../../arm-none-eabi/lib/armv6-m\libc_s.a(lib_a-strlen.o)
 .bss           0x00000000        0x0 c:/program files (x86)/cypress/psoc creator/3.0/psoc creator/import/gnu_cs/arm/4.7.3/bin/../lib/gcc/arm-none-eabi/4.7.3/../../../../arm-none-eabi/lib/armv6-m\libc_s.a(lib_a-strlen.o)
 .text          0x00000000        0x0 c:/program files (x86)/cypress/psoc creator/3.0/psoc creator/import/gnu_cs/arm/4.7.3/bin/../lib/gcc/arm-none-eabi/4.7.3/../../../../arm-none-eabi/lib/armv6-m\libc_s.a(lib_a-malloc.o)
 .data          0x00000000        0x0 c:/program files (x86)/cypress/psoc creator/3.0/psoc creator/import/gnu_cs/arm/4.7.3/bin/../lib/gcc/arm-none-eabi/4.7.3/../../../../arm-none-eabi/lib/armv6-m\libc_s.a(lib_a-malloc.o)
 .bss           0x00000000        0x0 c:/program files (x86)/cypress/psoc creator/3.0/psoc creator/import/gnu_cs/arm/4.7.3/bin/../lib/gcc/arm-none-eabi/4.7.3/../../../../arm-none-eabi/lib/armv6-m\libc_s.a(lib_a-malloc.o)
 .text.free     0x00000000       0x14 c:/program files (x86)/cypress/psoc creator/3.0/psoc creator/import/gnu_cs/arm/4.7.3/bin/../lib/gcc/arm-none-eabi/4.7.3/../../../../arm-none-eabi/lib/armv6-m\libc_s.a(lib_a-malloc.o)
 .text          0x00000000        0x0 c:/program files (x86)/cypress/psoc creator/3.0/psoc creator/import/gnu_cs/arm/4.7.3/bin/../lib/gcc/arm-none-eabi/4.7.3/../../../../arm-none-eabi/lib/armv6-m\libc_s.a(lib_a-mallocr.o)
 .data          0x00000000        0x0 c:/program files (x86)/cypress/psoc creator/3.0/psoc creator/import/gnu_cs/arm/4.7.3/bin/../lib/gcc/arm-none-eabi/4.7.3/../../../../arm-none-eabi/lib/armv6-m\libc_s.a(lib_a-mallocr.o)
 .bss           0x00000000        0x0 c:/program files (x86)/cypress/psoc creator/3.0/psoc creator/import/gnu_cs/arm/4.7.3/bin/../lib/gcc/arm-none-eabi/4.7.3/../../../../arm-none-eabi/lib/armv6-m\libc_s.a(lib_a-mallocr.o)
 .text          0x00000000        0x0 c:/program files (x86)/cypress/psoc creator/3.0/psoc creator/import/gnu_cs/arm/4.7.3/bin/../lib/gcc/arm-none-eabi/4.7.3/../../../../arm-none-eabi/lib/armv6-m\libc_s.a(lib_a-sbrkr.o)
 .data          0x00000000        0x0 c:/program files (x86)/cypress/psoc creator/3.0/psoc creator/import/gnu_cs/arm/4.7.3/bin/../lib/gcc/arm-none-eabi/4.7.3/../../../../arm-none-eabi/lib/armv6-m\libc_s.a(lib_a-sbrkr.o)
 .bss           0x00000000        0x0 c:/program files (x86)/cypress/psoc creator/3.0/psoc creator/import/gnu_cs/arm/4.7.3/bin/../lib/gcc/arm-none-eabi/4.7.3/../../../../arm-none-eabi/lib/armv6-m\libc_s.a(lib_a-sbrkr.o)
 .text          0x00000000        0x0 c:/program files (x86)/cypress/psoc creator/3.0/psoc creator/import/gnu_cs/arm/4.7.3/bin/../lib/gcc/arm-none-eabi/4.7.3/../../../../arm-none-eabi/lib/armv6-m\libc_s.a(lib_a-freer.o)
 .data          0x00000000        0x0 c:/program files (x86)/cypress/psoc creator/3.0/psoc creator/import/gnu_cs/arm/4.7.3/bin/../lib/gcc/arm-none-eabi/4.7.3/../../../../arm-none-eabi/lib/armv6-m\libc_s.a(lib_a-freer.o)
 .bss           0x00000000        0x0 c:/program files (x86)/cypress/psoc creator/3.0/psoc creator/import/gnu_cs/arm/4.7.3/bin/../lib/gcc/arm-none-eabi/4.7.3/../../../../arm-none-eabi/lib/armv6-m\libc_s.a(lib_a-freer.o)
 .text._free_r  0x00000000       0x90 c:/program files (x86)/cypress/psoc creator/3.0/psoc creator/import/gnu_cs/arm/4.7.3/bin/../lib/gcc/arm-none-eabi/4.7.3/../../../../arm-none-eabi/lib/armv6-m\libc_s.a(lib_a-freer.o)
 .text          0x00000000        0x0 c:/program files (x86)/cypress/psoc creator/3.0/psoc creator/import/gnu_cs/arm/4.7.3/bin/../lib/gcc/arm-none-eabi/4.7.3/../../../../arm-none-eabi/lib/armv6-m\libc_s.a(lib_a-reent.o)
 .data          0x00000000        0x0 c:/program files (x86)/cypress/psoc creator/3.0/psoc creator/import/gnu_cs/arm/4.7.3/bin/../lib/gcc/arm-none-eabi/4.7.3/../../../../arm-none-eabi/lib/armv6-m\libc_s.a(lib_a-reent.o)
 .bss           0x00000000        0x0 c:/program files (x86)/cypress/psoc creator/3.0/psoc creator/import/gnu_cs/arm/4.7.3/bin/../lib/gcc/arm-none-eabi/4.7.3/../../../../arm-none-eabi/lib/armv6-m\libc_s.a(lib_a-reent.o)
 .text.cleanup_glue
                0x00000000       0x1a c:/program files (x86)/cypress/psoc creator/3.0/psoc creator/import/gnu_cs/arm/4.7.3/bin/../lib/gcc/arm-none-eabi/4.7.3/../../../../arm-none-eabi/lib/armv6-m\libc_s.a(lib_a-reent.o)
 .text._reclaim_reent
                0x00000000       0xc0 c:/program files (x86)/cypress/psoc creator/3.0/psoc creator/import/gnu_cs/arm/4.7.3/bin/../lib/gcc/arm-none-eabi/4.7.3/../../../../arm-none-eabi/lib/armv6-m\libc_s.a(lib_a-reent.o)
 .text._wrapup_reent
                0x00000000       0x34 c:/program files (x86)/cypress/psoc creator/3.0/psoc creator/import/gnu_cs/arm/4.7.3/bin/../lib/gcc/arm-none-eabi/4.7.3/../../../../arm-none-eabi/lib/armv6-m\libc_s.a(lib_a-reent.o)
 .data          0x00000000        0x0 c:/program files (x86)/cypress/psoc creator/3.0/psoc creator/import/gnu_cs/arm/4.7.3/bin/../lib/gcc/arm-none-eabi/4.7.3/armv6-m\libgcc.a(_muldi3.o)
 .bss           0x00000000        0x0 c:/program files (x86)/cypress/psoc creator/3.0/psoc creator/import/gnu_cs/arm/4.7.3/bin/../lib/gcc/arm-none-eabi/4.7.3/armv6-m\libgcc.a(_muldi3.o)
 .text          0x00000000        0x0 c:/program files (x86)/cypress/psoc creator/3.0/psoc creator/import/gnu_cs/arm/4.7.3/bin/../lib/gcc/arm-none-eabi/4.7.3/armv6-m/crtend.o
 .data          0x00000000        0x0 c:/program files (x86)/cypress/psoc creator/3.0/psoc creator/import/gnu_cs/arm/4.7.3/bin/../lib/gcc/arm-none-eabi/4.7.3/armv6-m/crtend.o
 .bss           0x00000000        0x0 c:/program files (x86)/cypress/psoc creator/3.0/psoc creator/import/gnu_cs/arm/4.7.3/bin/../lib/gcc/arm-none-eabi/4.7.3/armv6-m/crtend.o
 .text          0x00000000        0x0 c:/program files (x86)/cypress/psoc creator/3.0/psoc creator/import/gnu_cs/arm/4.7.3/bin/../lib/gcc/arm-none-eabi/4.7.3/armv6-m/crtn.o
 .data          0x00000000        0x0 c:/program files (x86)/cypress/psoc creator/3.0/psoc creator/import/gnu_cs/arm/4.7.3/bin/../lib/gcc/arm-none-eabi/4.7.3/armv6-m/crtn.o
 .bss           0x00000000        0x0 c:/program files (x86)/cypress/psoc creator/3.0/psoc creator/import/gnu_cs/arm/4.7.3/bin/../lib/gcc/arm-none-eabi/4.7.3/armv6-m/crtn.o
 .text          0x00000000        0x0 c:/program files (x86)/cypress/psoc creator/3.0/psoc creator/import/gnu_cs/arm/4.7.3/bin/../lib/gcc/arm-none-eabi/4.7.3/../../../../arm-none-eabi/lib/armv6-m\libnosys.a(sbrk.o)
 .data          0x00000000        0x0 c:/program files (x86)/cypress/psoc creator/3.0/psoc creator/import/gnu_cs/arm/4.7.3/bin/../lib/gcc/arm-none-eabi/4.7.3/../../../../arm-none-eabi/lib/armv6-m\libnosys.a(sbrk.o)
 .bss           0x00000000        0x0 c:/program files (x86)/cypress/psoc creator/3.0/psoc creator/import/gnu_cs/arm/4.7.3/bin/../lib/gcc/arm-none-eabi/4.7.3/../../../../arm-none-eabi/lib/armv6-m\libnosys.a(sbrk.o)

Memory Configuration

Name             Origin             Length             Attributes
rom              0x00000000         0x00008000         xr
ram              0x20000000         0x00001000         xrw
*default*        0x00000000         0xffffffff

Linker script and memory map

LOAD c:/program files (x86)/cypress/psoc creator/3.0/psoc creator/import/gnu_cs/arm/4.7.3/bin/../lib/gcc/arm-none-eabi/4.7.3/armv6-m/crti.o
LOAD c:/program files (x86)/cypress/psoc creator/3.0/psoc creator/import/gnu_cs/arm/4.7.3/bin/../lib/gcc/arm-none-eabi/4.7.3/armv6-m/crtbegin.o
LOAD c:/program files (x86)/cypress/psoc creator/3.0/psoc creator/import/gnu_cs/arm/4.7.3/bin/../lib/gcc/arm-none-eabi/4.7.3/../../../../arm-none-eabi/lib/armv6-m/crt0.o
START GROUP
LOAD .\CortexM0\ARM_GCC_473\Release\main.o
LOAD .\CortexM0\ARM_GCC_473\Release\cymetadata.o
LOAD .\CortexM0\ARM_GCC_473\Release\Cm0Start.o
LOAD .\CortexM0\ARM_GCC_473\Release\PSoCPioneer+ArduinoShield_Example.a
LOAD C:\Program Files (x86)\Cypress\PSoC Creator\3.0\PSoC Creator\psoc\content\cycomponentlibrary\CyComponentLibrary.cylib\CortexM0\ARM_GCC_473\Release\CyComponentLibrary.a
END GROUP
START GROUP
LOAD c:/program files (x86)/cypress/psoc creator/3.0/psoc creator/import/gnu_cs/arm/4.7.3/bin/../lib/gcc/arm-none-eabi/4.7.3/armv6-m\libgcc.a
LOAD c:/program files (x86)/cypress/psoc creator/3.0/psoc creator/import/gnu_cs/arm/4.7.3/bin/../lib/gcc/arm-none-eabi/4.7.3/../../../../arm-none-eabi/lib/armv6-m\libc_s.a
END GROUP
LOAD c:/program files (x86)/cypress/psoc creator/3.0/psoc creator/import/gnu_cs/arm/4.7.3/bin/../lib/gcc/arm-none-eabi/4.7.3/armv6-m/crtend.o
LOAD c:/program files (x86)/cypress/psoc creator/3.0/psoc creator/import/gnu_cs/arm/4.7.3/bin/../lib/gcc/arm-none-eabi/4.7.3/armv6-m/crtn.o
START GROUP
LOAD c:/program files (x86)/cypress/psoc creator/3.0/psoc creator/import/gnu_cs/arm/4.7.3/bin/../lib/gcc/arm-none-eabi/4.7.3/armv6-m\libgcc.a
LOAD c:/program files (x86)/cypress/psoc creator/3.0/psoc creator/import/gnu_cs/arm/4.7.3/bin/../lib/gcc/arm-none-eabi/4.7.3/../../../../arm-none-eabi/lib/armv6-m\libc.a
LOAD c:/program files (x86)/cypress/psoc creator/3.0/psoc creator/import/gnu_cs/arm/4.7.3/bin/../lib/gcc/arm-none-eabi/4.7.3/../../../../arm-none-eabi/lib/armv6-m\libnosys.a
END GROUP
                0x00000000                CY_APPL_ORIGIN = 0x0
                0x00000080                CY_FLASH_ROW_SIZE = 0x80
                0x00000001                CY_APPL_NUM = 0x1
                0x00000040                CY_METADATA_SIZE = 0x40
                0x20000970                PROVIDE (__cy_heap_start, _end)
                0x00000001                PROVIDE (__cy_region_num, ((__cy_regions_end - __cy_regions) / 0x10))
                0x20001000                PROVIDE (__cy_stack, (ORIGIN (ram) + 0x1000))
                0x20000c00                PROVIDE (__cy_heap_end, (__cy_stack - 0x400))

.cybootloader   0x00000000        0x0
 *(.cybootloader)
                0x00000000                appl1_start = CY_APPL_ORIGIN?CY_APPL_ORIGIN:ALIGN (CY_FLASH_ROW_SIZE)
                0x00003f80                appl2_start = (appl1_start + ALIGN ((((0x8000 - appl1_start) - (0x2 * CY_FLASH_ROW_SIZE)) / 0x2), CY_FLASH_ROW_SIZE))
                0x00000000                appl_start = (CY_APPL_NUM == 0x1)?appl1_start:appl2_start

.text           0x00000000      0xff0
 CREATE_OBJECT_SYMBOLS
                0x00000000                PROVIDE (__cy_interrupt_vector, RomVectors)
 *(.romvectors)
 .romvectors    0x00000000       0x10 .\CortexM0\ARM_GCC_473\Release\Cm0Start.o
                0x00000000                RomVectors
                0x00000001                ASSERT ((. != __cy_interrupt_vector), No interrupt vector)
                0x00000001                ASSERT (CY_APPL_ORIGIN?(SIZEOF (.cybootloader) <= CY_APPL_ORIGIN):0x1, Wrong image location)
                0x00000010                PROVIDE (__cy_reset, Reset)
 *(.text.Reset)
 .text.Reset    0x00000010        0x6 .\CortexM0\ARM_GCC_473\Release\Cm0Start.o
                0x00000010                Reset
                0x00000001                ASSERT ((. != __cy_reset), No reset code)
 *(.psocinit)
 *fill*         0x00000016        0x2 00
 .psocinit      0x00000018      0x1b8 .\CortexM0\ARM_GCC_473\Release\PSoCPioneer+ArduinoShield_Example.a(cyfitter_cfg.o)
                0x00000018                cyfitter_cfg
                0x000001d0                . = MAX (., 0x100)
 *(.text .text.* .gnu.linkonce.t.*)
 .text          0x000001d0       0x60 c:/program files (x86)/cypress/psoc creator/3.0/psoc creator/import/gnu_cs/arm/4.7.3/bin/../lib/gcc/arm-none-eabi/4.7.3/armv6-m/crtbegin.o
 .text.startup.main
                0x00000230      0x188 .\CortexM0\ARM_GCC_473\Release\main.o
                0x00000230                main
 .text.IntDefaultHandler
                0x000003b8        0x4 .\CortexM0\ARM_GCC_473\Release\Cm0Start.o
                0x000003b8                IntDefaultHandler
 .text.Start_c  0x000003bc       0x48 .\CortexM0\ARM_GCC_473\Release\Cm0Start.o
                0x000003bc                Start_c
 .text.startup.initialize_psoc
                0x00000404       0x40 .\CortexM0\ARM_GCC_473\Release\Cm0Start.o
                0x00000404                initialize_psoc
 .text.ETH0_W51_Write
                0x00000444       0x3a .\CortexM0\ARM_GCC_473\Release\PSoCPioneer+ArduinoShield_Example.a(ETH0.o)
                0x00000444                ETH0_W51_Write
 .text.ETH0_W51_Write16
                0x0000047e       0x18 .\CortexM0\ARM_GCC_473\Release\PSoCPioneer+ArduinoShield_Example.a(ETH0.o)
 .text.ETH0_W51_SetIP
                0x00000496       0x1c .\CortexM0\ARM_GCC_473\Release\PSoCPioneer+ArduinoShield_Example.a(ETH0.o)
 .text.ETH0_W51_WriteBlock
                0x000004b2       0x1e .\CortexM0\ARM_GCC_473\Release\PSoCPioneer+ArduinoShield_Example.a(ETH0.o)
 .text.ETH0_W51_Read
                0x000004d0       0x5a .\CortexM0\ARM_GCC_473\Release\PSoCPioneer+ArduinoShield_Example.a(ETH0.o)
                0x000004d0                ETH0_W51_Read
 *fill*         0x0000052a        0x2 00
 .text.ETH0_GetSocketStatus
                0x0000052c       0x14 .\CortexM0\ARM_GCC_473\Release\PSoCPioneer+ArduinoShield_Example.a(ETH0.o)
 .text.ETH0_W51_Read16
                0x00000540       0x1a .\CortexM0\ARM_GCC_473\Release\PSoCPioneer+ArduinoShield_Example.a(ETH0.o)
 *fill*         0x0000055a        0x2 00
 .text.ETH0_ProcessTxData.constprop.2
                0x0000055c       0x60 .\CortexM0\ARM_GCC_473\Release\PSoCPioneer+ArduinoShield_Example.a(ETH0.o)
 .text.ETH0_GetRxSize
                0x000005bc       0x2c .\CortexM0\ARM_GCC_473\Release\PSoCPioneer+ArduinoShield_Example.a(ETH0.o)
 .text.ETH0_W51_ReadBlock
                0x000005e8       0x1e .\CortexM0\ARM_GCC_473\Release\PSoCPioneer+ArduinoShield_Example.a(ETH0.o)
 .text.ETH0_ProcessRxData.constprop.1
                0x00000606       0x50 .\CortexM0\ARM_GCC_473\Release\PSoCPioneer+ArduinoShield_Example.a(ETH0.o)
 *fill*         0x00000656        0x2 00
 .text.ETH0_ExecuteSocketCommand
                0x00000658       0x34 .\CortexM0\ARM_GCC_473\Release\PSoCPioneer+ArduinoShield_Example.a(ETH0.o)
 .text.ETH0_SocketSend
                0x0000068c       0x4c .\CortexM0\ARM_GCC_473\Release\PSoCPioneer+ArduinoShield_Example.a(ETH0.o)
 .text.ETH0_ParseIP
                0x000006d8       0x88 .\CortexM0\ARM_GCC_473\Release\PSoCPioneer+ArduinoShield_Example.a(ETH0.o)
                0x000006d8                ETH0_ParseIP
 .text.ETH0_SocketOpen
                0x00000760       0x7c .\CortexM0\ARM_GCC_473\Release\PSoCPioneer+ArduinoShield_Example.a(ETH0.o)
                0x00000760                ETH0_SocketOpen
 .text.ETH0_SocketClose
                0x000007dc       0x38 .\CortexM0\ARM_GCC_473\Release\PSoCPioneer+ArduinoShield_Example.a(ETH0.o)
                0x000007dc                ETH0_SocketClose
 .text.ETH0_Init
                0x00000814       0x8c .\CortexM0\ARM_GCC_473\Release\PSoCPioneer+ArduinoShield_Example.a(ETH0.o)
                0x00000814                ETH0_Init
 .text.ETH0_Start
                0x000008a0       0x4c .\CortexM0\ARM_GCC_473\Release\PSoCPioneer+ArduinoShield_Example.a(ETH0.o)
                0x000008a0                ETH0_Start
 .text.ETH0_SocketEstablished
                0x000008ec        0xe .\CortexM0\ARM_GCC_473\Release\PSoCPioneer+ArduinoShield_Example.a(ETH0.o)
                0x000008ec                ETH0_SocketEstablished
 .text.ETH0_SocketRxDataWaiting
                0x000008fa        0x8 .\CortexM0\ARM_GCC_473\Release\PSoCPioneer+ArduinoShield_Example.a(ETH0.o)
                0x000008fa                ETH0_SocketRxDataWaiting
 .text.ETH0_TcpOpen
                0x00000902        0xe .\CortexM0\ARM_GCC_473\Release\PSoCPioneer+ArduinoShield_Example.a(ETH0.o)
                0x00000902                ETH0_TcpOpen
 .text.ETH0_TcpStartServer
                0x00000910        0xe .\CortexM0\ARM_GCC_473\Release\PSoCPioneer+ArduinoShield_Example.a(ETH0.o)
                0x00000910                ETH0_TcpStartServer
 .text.ETH0_TcpConnected
                0x0000091e        0x8 .\CortexM0\ARM_GCC_473\Release\PSoCPioneer+ArduinoShield_Example.a(ETH0.o)
                0x0000091e                ETH0_TcpConnected
 .text.ETH0_TcpDisconnect
                0x00000926        0xa .\CortexM0\ARM_GCC_473\Release\PSoCPioneer+ArduinoShield_Example.a(ETH0.o)
                0x00000926                ETH0_TcpDisconnect
 .text.ETH0_TcpSend
                0x00000930       0x7c .\CortexM0\ARM_GCC_473\Release\PSoCPioneer+ArduinoShield_Example.a(ETH0.o)
                0x00000930                ETH0_TcpSend
 .text.ETH0_TcpReceive
                0x000009ac       0x40 .\CortexM0\ARM_GCC_473\Release\PSoCPioneer+ArduinoShield_Example.a(ETH0.o)
                0x000009ac                ETH0_TcpReceive
 .text.ETH0_TcpPrint
                0x000009ec       0x18 .\CortexM0\ARM_GCC_473\Release\PSoCPioneer+ArduinoShield_Example.a(ETH0.o)
                0x000009ec                ETH0_TcpPrint
 .text.SDCS_Write
                0x00000a04       0x18 .\CortexM0\ARM_GCC_473\Release\PSoCPioneer+ArduinoShield_Example.a(SDCS.o)
                0x00000a04                SDCS_Write
 .text.CyDelay  0x00000a1c       0x2c .\CortexM0\ARM_GCC_473\Release\PSoCPioneer+ArduinoShield_Example.a(CyLib.o)
                0x00000a1c                CyDelay
 .text.CyDelayUs
                0x00000a48       0x14 .\CortexM0\ARM_GCC_473\Release\PSoCPioneer+ArduinoShield_Example.a(CyLib.o)
                0x00000a48                CyDelayUs
 .text.SPI0_Enable
                0x00000a5c       0x14 .\CortexM0\ARM_GCC_473\Release\PSoCPioneer+ArduinoShield_Example.a(SPI0.o)
                0x00000a5c                SPI0_Enable
 .text.SPI0_Start
                0x00000a70       0x1c .\CortexM0\ARM_GCC_473\Release\PSoCPioneer+ArduinoShield_Example.a(SPI0.o)
                0x00000a70                SPI0_Start
 .text.SPI0_SpiUartReadRxData
                0x00000a8c        0xc .\CortexM0\ARM_GCC_473\Release\PSoCPioneer+ArduinoShield_Example.a(SPI0_SPI_UART.o)
                0x00000a8c                SPI0_SpiUartReadRxData
 .text.SPI0_SpiUartGetRxBufferSize
                0x00000a98       0x10 .\CortexM0\ARM_GCC_473\Release\PSoCPioneer+ArduinoShield_Example.a(SPI0_SPI_UART.o)
                0x00000a98                SPI0_SpiUartGetRxBufferSize
 .text.SPI0_SpiUartClearRxBuffer
                0x00000aa8       0x20 .\CortexM0\ARM_GCC_473\Release\PSoCPioneer+ArduinoShield_Example.a(SPI0_SPI_UART.o)
                0x00000aa8                SPI0_SpiUartClearRxBuffer
 .text.SPI0_SpiUartWriteTxData
                0x00000ac8       0x1c .\CortexM0\ARM_GCC_473\Release\PSoCPioneer+ArduinoShield_Example.a(SPI0_SPI_UART.o)
                0x00000ac8                SPI0_SpiUartWriteTxData
 .text.SPI0_SpiInit
                0x00000ae4       0x78 .\CortexM0\ARM_GCC_473\Release\PSoCPioneer+ArduinoShield_Example.a(SPI0_SPI.o)
                0x00000ae4                SPI0_SpiInit
 .text.SPI0_SpiSetActiveSlaveSelect
                0x00000b5c       0x20 .\CortexM0\ARM_GCC_473\Release\PSoCPioneer+ArduinoShield_Example.a(SPI0_SPI.o)
                0x00000b5c                SPI0_SpiSetActiveSlaveSelect
 .text.SPI0_ss1_m_Read
                0x00000b7c       0x10 .\CortexM0\ARM_GCC_473\Release\PSoCPioneer+ArduinoShield_Example.a(SPI0_ss1_m.o)
                0x00000b7c                SPI0_ss1_m_Read
 .text.LED1_Init
                0x00000b8c       0x5c .\CortexM0\ARM_GCC_473\Release\PSoCPioneer+ArduinoShield_Example.a(LED1.o)
                0x00000b8c                LED1_Init
 .text.LED1_Enable
                0x00000be8       0x10 .\CortexM0\ARM_GCC_473\Release\PSoCPioneer+ArduinoShield_Example.a(LED1.o)
                0x00000be8                LED1_Enable
 .text.LED1_Start
                0x00000bf8       0x1c .\CortexM0\ARM_GCC_473\Release\PSoCPioneer+ArduinoShield_Example.a(LED1.o)
                0x00000bf8                LED1_Start
 .text.LED1_WritePulse0
                0x00000c14        0xc .\CortexM0\ARM_GCC_473\Release\PSoCPioneer+ArduinoShield_Example.a(LED1.o)
                0x00000c14                LED1_WritePulse0
 .text.LED0_Init
                0x00000c20       0x5c .\CortexM0\ARM_GCC_473\Release\PSoCPioneer+ArduinoShield_Example.a(LED0.o)
                0x00000c20                LED0_Init
 .text.LED0_Enable
                0x00000c7c       0x10 .\CortexM0\ARM_GCC_473\Release\PSoCPioneer+ArduinoShield_Example.a(LED0.o)
                0x00000c7c                LED0_Enable
 .text.LED0_Start
                0x00000c8c       0x1c .\CortexM0\ARM_GCC_473\Release\PSoCPioneer+ArduinoShield_Example.a(LED0.o)
                0x00000c8c                LED0_Start
 .text.LED0_WritePulse0
                0x00000ca8        0xc .\CortexM0\ARM_GCC_473\Release\PSoCPioneer+ArduinoShield_Example.a(LED0.o)
                0x00000ca8                LED0_WritePulse0
 .text.LED0_WritePulse1
                0x00000cb4        0xc .\CortexM0\ARM_GCC_473\Release\PSoCPioneer+ArduinoShield_Example.a(LED0.o)
                0x00000cb4                LED0_WritePulse1
 .text          0x00000cc0       0x20 .\CortexM0\ARM_GCC_473\Release\PSoCPioneer+ArduinoShield_Example.a(CyBootAsmGnu.o)
                0x00000cc0                CyDelayCycles
                0x00000cd2                CyEnterCriticalSection
                0x00000cda                CyExitCriticalSection
 .text          0x00000ce0       0x14 c:/program files (x86)/cypress/psoc creator/3.0/psoc creator/import/gnu_cs/arm/4.7.3/bin/../lib/gcc/arm-none-eabi/4.7.3/armv6-m\libgcc.a(_thumb1_case_uqi.o)
                0x00000ce0                __gnu_thumb1_case_uqi
 .text          0x00000cf4       0xc0 c:/program files (x86)/cypress/psoc creator/3.0/psoc creator/import/gnu_cs/arm/4.7.3/bin/../lib/gcc/arm-none-eabi/4.7.3/armv6-m\libgcc.a(_divsi3.o)
                0x00000cf4                __divsi3
                0x00000cf4                __aeabi_idiv
                0x00000da0                __aeabi_idivmod
 .text          0x00000db4        0x4 c:/program files (x86)/cypress/psoc creator/3.0/psoc creator/import/gnu_cs/arm/4.7.3/bin/../lib/gcc/arm-none-eabi/4.7.3/armv6-m\libgcc.a(_dvmd_tls.o)
                0x00000db4                __aeabi_idiv0
                0x00000db4                __aeabi_ldiv0
 .text.__libc_init_array
                0x00000db8       0x4c c:/program files (x86)/cypress/psoc creator/3.0/psoc creator/import/gnu_cs/arm/4.7.3/bin/../lib/gcc/arm-none-eabi/4.7.3/../../../../arm-none-eabi/lib/armv6-m\libc_s.a(lib_a-init.o)
                0x00000db8                __libc_init_array
 .text.memset   0x00000e04       0x12 c:/program files (x86)/cypress/psoc creator/3.0/psoc creator/import/gnu_cs/arm/4.7.3/bin/../lib/gcc/arm-none-eabi/4.7.3/../../../../arm-none-eabi/lib/armv6-m\libc_s.a(lib_a-memset.o)
                0x00000e04                memset
 *fill*         0x00000e16        0x2 00
 .text.rand     0x00000e18       0x80 c:/program files (x86)/cypress/psoc creator/3.0/psoc creator/import/gnu_cs/arm/4.7.3/bin/../lib/gcc/arm-none-eabi/4.7.3/../../../../arm-none-eabi/lib/armv6-m\libc_s.a(lib_a-rand.o)
                0x00000e18                rand
 .text.strlen   0x00000e98        0xe c:/program files (x86)/cypress/psoc creator/3.0/psoc creator/import/gnu_cs/arm/4.7.3/bin/../lib/gcc/arm-none-eabi/4.7.3/../../../../arm-none-eabi/lib/armv6-m\libc_s.a(lib_a-strlen.o)
                0x00000e98                strlen
 *fill*         0x00000ea6        0x2 00
 .text.malloc   0x00000ea8       0x14 c:/program files (x86)/cypress/psoc creator/3.0/psoc creator/import/gnu_cs/arm/4.7.3/bin/../lib/gcc/arm-none-eabi/4.7.3/../../../../arm-none-eabi/lib/armv6-m\libc_s.a(lib_a-malloc.o)
                0x00000ea8                malloc
 .text._malloc_r
                0x00000ebc       0x94 c:/program files (x86)/cypress/psoc creator/3.0/psoc creator/import/gnu_cs/arm/4.7.3/bin/../lib/gcc/arm-none-eabi/4.7.3/../../../../arm-none-eabi/lib/armv6-m\libc_s.a(lib_a-mallocr.o)
                0x00000ebc                _malloc_r
 .text._sbrk_r  0x00000f50       0x24 c:/program files (x86)/cypress/psoc creator/3.0/psoc creator/import/gnu_cs/arm/4.7.3/bin/../lib/gcc/arm-none-eabi/4.7.3/../../../../arm-none-eabi/lib/armv6-m\libc_s.a(lib_a-sbrkr.o)
                0x00000f50                _sbrk_r
 .text          0x00000f74       0x44 c:/program files (x86)/cypress/psoc creator/3.0/psoc creator/import/gnu_cs/arm/4.7.3/bin/../lib/gcc/arm-none-eabi/4.7.3/armv6-m\libgcc.a(_muldi3.o)
                0x00000f74                __muldi3
                0x00000f74                __aeabi_lmul
 .text._sbrk    0x00000fb8       0x38 c:/program files (x86)/cypress/psoc creator/3.0/psoc creator/import/gnu_cs/arm/4.7.3/bin/../lib/gcc/arm-none-eabi/4.7.3/../../../../arm-none-eabi/lib/armv6-m\libnosys.a(sbrk.o)
                0x00000fb8                _sbrk
 *(.plt)
 *(.gnu.warning)
 *(.glue_7t)
 .glue_7t       0x00000000        0x0 linker stubs
 *(.glue_7)
 .glue_7        0x00000000        0x0 linker stubs
 *(.vfp11_veneer)
 .vfp11_veneer  0x00000000        0x0 linker stubs
 *(.bootloader)
 *(.ARM.extab* .gnu.linkonce.armextab.*)
 *(.gcc_except_table)

.v4_bx          0x00000ff0        0x0
 .v4_bx         0x00000000        0x0 linker stubs

.iplt           0x00000ff0        0x0
 .iplt          0x00000000        0x0 c:/program files (x86)/cypress/psoc creator/3.0/psoc creator/import/gnu_cs/arm/4.7.3/bin/../lib/gcc/arm-none-eabi/4.7.3/armv6-m/crtbegin.o

.eh_frame_hdr
 *(.eh_frame_hdr)

.eh_frame       0x00000ff0        0x4
 *(.eh_frame)
 .eh_frame      0x00000ff0        0x0 c:/program files (x86)/cypress/psoc creator/3.0/psoc creator/import/gnu_cs/arm/4.7.3/bin/../lib/gcc/arm-none-eabi/4.7.3/armv6-m/crtbegin.o
 .eh_frame      0x00000ff0        0x4 c:/program files (x86)/cypress/psoc creator/3.0/psoc creator/import/gnu_cs/arm/4.7.3/bin/../lib/gcc/arm-none-eabi/4.7.3/armv6-m/crtend.o
                0x00000ff4                PROVIDE (__exidx_start, .)

.ARM.exidx
 *(.ARM.exidx* .gnu.linkonce.armexidx.*)
                0x00000ff4                __exidx_end = .

.rodata         0x00000ff4      0x244
 *(.rodata .rodata.* .gnu.linkonce.r.*)
 .rodata.str1.1
                0x00000ff4       0xab .\CortexM0\ARM_GCC_473\Release\main.o
 *fill*         0x0000109f        0x1 00
 .rodata        0x000010a0      0x138 .\CortexM0\ARM_GCC_473\Release\PSoCPioneer+ArduinoShield_Example.a(cyfitter_cfg.o)
 .rodata.str1.1
                0x000011d8       0x28 .\CortexM0\ARM_GCC_473\Release\PSoCPioneer+ArduinoShield_Example.a(ETH0.o)
 .rodata.str1.1
                0x00001200        0x2 c:/program files (x86)/cypress/psoc creator/3.0/psoc creator/import/gnu_cs/arm/4.7.3/bin/../lib/gcc/arm-none-eabi/4.7.3/../../../../arm-none-eabi/lib/armv6-m\libc_s.a(lib_a-impure.o)
                0x00001204                . = ALIGN (0x4)
 *fill*         0x00001202        0x2 00
 *(.init)
 .init          0x00001204        0x4 c:/program files (x86)/cypress/psoc creator/3.0/psoc creator/import/gnu_cs/arm/4.7.3/bin/../lib/gcc/arm-none-eabi/4.7.3/armv6-m/crti.o
                0x00001204                _init
 .init          0x00001208        0x8 c:/program files (x86)/cypress/psoc creator/3.0/psoc creator/import/gnu_cs/arm/4.7.3/bin/../lib/gcc/arm-none-eabi/4.7.3/armv6-m/crtn.o
                0x00001210                . = ALIGN (0x4)
                0x00001210                __preinit_array_start = .
 *(.preinit_array)
                0x00001210                __preinit_array_end = .
                0x00001210                . = ALIGN (0x4)
                0x00001210                __init_array_start = .
 *(SORT(.init_array.*))
 *(.init_array)
 .init_array    0x00001210        0x4 c:/program files (x86)/cypress/psoc creator/3.0/psoc creator/import/gnu_cs/arm/4.7.3/bin/../lib/gcc/arm-none-eabi/4.7.3/armv6-m/crtbegin.o
 .init_array    0x00001214        0x4 .\CortexM0\ARM_GCC_473\Release\Cm0Start.o
                0x00001218                __init_array_end = .
                0x00001218                . = ALIGN (0x4)
 *(.fini)
 .fini          0x00001218        0x4 c:/program files (x86)/cypress/psoc creator/3.0/psoc creator/import/gnu_cs/arm/4.7.3/bin/../lib/gcc/arm-none-eabi/4.7.3/armv6-m/crti.o
                0x00001218                _fini
 .fini          0x0000121c        0x8 c:/program files (x86)/cypress/psoc creator/3.0/psoc creator/import/gnu_cs/arm/4.7.3/bin/../lib/gcc/arm-none-eabi/4.7.3/armv6-m/crtn.o
                0x00001224                . = ALIGN (0x4)
                0x00001224                __fini_array_start = .
 *(.fini_array)
 .fini_array    0x00001224        0x4 c:/program files (x86)/cypress/psoc creator/3.0/psoc creator/import/gnu_cs/arm/4.7.3/bin/../lib/gcc/arm-none-eabi/4.7.3/armv6-m/crtbegin.o
 *(SORT(.fini_array.*))
                0x00001228                __fini_array_end = .
                0x00001228                . = ALIGN (0x4)
 *crtbegin.o(.ctors)
 *(EXCLUDE_FILE(*crtend.o) .ctors)
 *(SORT(.ctors.*))
 *crtend.o(.ctors)
                0x00001228                . = ALIGN (0x4)
 *crtbegin.o(.dtors)
 *(EXCLUDE_FILE(*crtend.o) .dtors)
 *(SORT(.dtors.*))
 *crtend.o(.dtors)
                0x00001228                . = ALIGN (0x4)
                0x00001228                __cy_regions = .
                0x00001228        0x4 LONG 0x1238 __cy_region_init_ram
                0x0000122c        0x4 LONG 0x200000c8 __cy_region_start_data
                0x00001230        0x4 LONG 0x88 __cy_region_init_size_ram
                0x00001234        0x4 LONG 0x820 __cy_region_zero_size_ram
                0x00001238                __cy_regions_end = .
                0x00001238                . = ALIGN (0x8)
                0x00001238                _etext = .

.ramvectors     0x20000000       0xc0
                0x20000000                __cy_region_start_ram = .
 *(.ramvectors)
 .ramvectors    0x20000000       0xc0 .\CortexM0\ARM_GCC_473\Release\Cm0Start.o
                0x20000000                CyRamVectors

.noinit         0x200000c0        0x4
 *(.noinit)
 .noinit        0x200000c0        0x4 .\CortexM0\ARM_GCC_473\Release\Cm0Start.o

.data           0x200000c8       0x88 load address 0x00001238
                0x200000c8                __cy_region_start_data = .
 *(.jcr)
 .jcr           0x200000c8        0x0 c:/program files (x86)/cypress/psoc creator/3.0/psoc creator/import/gnu_cs/arm/4.7.3/bin/../lib/gcc/arm-none-eabi/4.7.3/armv6-m/crtbegin.o
 .jcr           0x200000c8        0x4 c:/program files (x86)/cypress/psoc creator/3.0/psoc creator/import/gnu_cs/arm/4.7.3/bin/../lib/gcc/arm-none-eabi/4.7.3/armv6-m/crtend.o
 *(.got.plt)
 *(.got)
 *(.shdata)
 *(.data .data.* .gnu.linkonce.d.*)
 .data          0x200000cc        0x6 .\CortexM0\ARM_GCC_473\Release\PSoCPioneer+ArduinoShield_Example.a(ETH0.o)
 *fill*         0x200000d2        0x2 00
 .data          0x200000d4       0x10 .\CortexM0\ARM_GCC_473\Release\PSoCPioneer+ArduinoShield_Example.a(CyLib.o)
                0x200000d4                cydelay32kMs
                0x200000d8                cydelayFreqKhz
                0x200000dc                cydelayFreqMhz
                0x200000e0                cydelayFreqHz
 .data.impure_data
                0x200000e4       0x64 c:/program files (x86)/cypress/psoc creator/3.0/psoc creator/import/gnu_cs/arm/4.7.3/bin/../lib/gcc/arm-none-eabi/4.7.3/../../../../arm-none-eabi/lib/armv6-m\libc_s.a(lib_a-impure.o)
 .data._impure_ptr
                0x20000148        0x4 c:/program files (x86)/cypress/psoc creator/3.0/psoc creator/import/gnu_cs/arm/4.7.3/bin/../lib/gcc/arm-none-eabi/4.7.3/../../../../arm-none-eabi/lib/armv6-m\libc_s.a(lib_a-impure.o)
                0x20000148                _impure_ptr
                0x20000150                . = ALIGN (0x8)
 *fill*         0x2000014c        0x4 00
 *(.ram)
                0x20000150                _edata = .

.igot.plt       0x20000150        0x0 load address 0x000012c0
 .igot.plt      0x00000000        0x0 c:/program files (x86)/cypress/psoc creator/3.0/psoc creator/import/gnu_cs/arm/4.7.3/bin/../lib/gcc/arm-none-eabi/4.7.3/armv6-m/crtbegin.o

.bss            0x20000150      0x820 load address 0x000012c0
                0x20000150                PROVIDE (__bss_start__, .)
 *(.shbss)
 *(.bss .bss.* .gnu.linkonce.b.*)
 .bss           0x20000150       0x1c c:/program files (x86)/cypress/psoc creator/3.0/psoc creator/import/gnu_cs/arm/4.7.3/bin/../lib/gcc/arm-none-eabi/4.7.3/armv6-m/crtbegin.o
 .bss           0x2000016c       0x1c .\CortexM0\ARM_GCC_473\Release\PSoCPioneer+ArduinoShield_Example.a(ETH0.o)
 .bss           0x20000188        0x8 .\CortexM0\ARM_GCC_473\Release\PSoCPioneer+ArduinoShield_Example.a(SPI0.o)
                0x20000188                SPI0_initVar
                0x2000018c                SPI0_customIntrHandler
 .bss           0x20000190        0x1 .\CortexM0\ARM_GCC_473\Release\PSoCPioneer+ArduinoShield_Example.a(LED1.o)
                0x20000190                LED1_initVar
 .bss           0x20000191        0x1 .\CortexM0\ARM_GCC_473\Release\PSoCPioneer+ArduinoShield_Example.a(LED0.o)
                0x20000191                LED0_initVar
 *fill*         0x20000192        0x2 00
 .bss.__malloc_free_list
                0x20000194        0x4 c:/program files (x86)/cypress/psoc creator/3.0/psoc creator/import/gnu_cs/arm/4.7.3/bin/../lib/gcc/arm-none-eabi/4.7.3/../../../../arm-none-eabi/lib/armv6-m\libc_s.a(lib_a-mallocr.o)
                0x20000194                __malloc_free_list
 .bss.heap_end.4231
                0x20000198        0x4 c:/program files (x86)/cypress/psoc creator/3.0/psoc creator/import/gnu_cs/arm/4.7.3/bin/../lib/gcc/arm-none-eabi/4.7.3/../../../../arm-none-eabi/lib/armv6-m\libnosys.a(sbrk.o)
 *(COMMON)
 COMMON         0x2000019c      0x7d0 .\CortexM0\ARM_GCC_473\Release\main.o
                0x2000019c                randomData
 COMMON         0x2000096c        0x4 c:/program files (x86)/cypress/psoc creator/3.0/psoc creator/import/gnu_cs/arm/4.7.3/bin/../lib/gcc/arm-none-eabi/4.7.3/../../../../arm-none-eabi/lib/armv6-m\libc_s.a(lib_a-reent.o)
                0x2000096c                errno
                0x20000970                . = ALIGN (0x8)
 *(.ram.b)
                0x20000970                _end = .
                0x20000970                __end = .
                0x20000970                PROVIDE (end, .)
                0x20000970                PROVIDE (__bss_end__, .)
                0x00001238                __cy_region_init_ram = LOADADDR (.data)
                0x00000088                __cy_region_init_size_ram = (_edata - ADDR (.data))
                0x00000820                __cy_region_zero_size_ram = (_end - _edata)

.heap           0x20000970      0x100 load address 0x000012c0
                0x20000970                . = _end
                0x20000a70                . = (. + 0x100)
 *fill*         0x20000970      0x100 00
                0x20000a70                __cy_heap_limit = .

.stack          0x20000c00      0x400
                0x20000c00                __cy_stack_limit = .
                0x20001000                . = (. + 0x400)
 *fill*         0x20000c00      0x400 00
                0x00000001                ASSERT ((__cy_stack_limit >= __cy_heap_limit), region RAM overflowed with stack)

.cyloadermeta
 *(.cyloadermeta)

.cyloadablemeta
 *(.cyloadablemeta)

.cyflashprotect
                0x90400000       0x20
 *(.cyflashprotect)
 .cyflashprotect
                0x90400000       0x20 .\CortexM0\ARM_GCC_473\Release\cymetadata.o
                0x90400000                cy_meta_flashprotect

.cymeta         0x90500000        0xc
 *(.cymeta)
 .cymeta        0x90500000        0xc .\CortexM0\ARM_GCC_473\Release\cymetadata.o
                0x90500000                cy_metadata

.cychipprotect  0x90600000        0x1
 *(.cychipprotect)
 .cychipprotect
                0x90600000        0x1 .\CortexM0\ARM_GCC_473\Release\cymetadata.o
                0x90600000                cy_meta_chipprotect

.rel.dyn        0x000012c0        0x0 load address 0x90600004
 .rel.iplt      0x00000000        0x0 c:/program files (x86)/cypress/psoc creator/3.0/psoc creator/import/gnu_cs/arm/4.7.3/bin/../lib/gcc/arm-none-eabi/4.7.3/armv6-m/crtbegin.o

.stab
 *(.stab)

.stabstr
 *(.stabstr)

.debug
 *(.debug)

.line
 *(.line)

.debug_srcinfo
 *(.debug_srcinfo)

.debug_sfnames
 *(.debug_sfnames)

.debug_aranges  0x00000000      0x5e8
 *(.debug_aranges)
 .debug_aranges
                0x00000000       0x20 .\CortexM0\ARM_GCC_473\Release\main.o
 .debug_aranges
                0x00000020       0x18 .\CortexM0\ARM_GCC_473\Release\cymetadata.o
 .debug_aranges
                0x00000038       0x40 .\CortexM0\ARM_GCC_473\Release\Cm0Start.o
 .debug_aranges
                0x00000078       0x20 .\CortexM0\ARM_GCC_473\Release\PSoCPioneer+ArduinoShield_Example.a(cyfitter_cfg.o)
 .debug_aranges
                0x00000098      0x140 .\CortexM0\ARM_GCC_473\Release\PSoCPioneer+ArduinoShield_Example.a(ETH0.o)
 .debug_aranges
                0x000001d8       0x40 .\CortexM0\ARM_GCC_473\Release\PSoCPioneer+ArduinoShield_Example.a(SDCS.o)
 .debug_aranges
                0x00000218      0x198 .\CortexM0\ARM_GCC_473\Release\PSoCPioneer+ArduinoShield_Example.a(CyLib.o)
 .debug_aranges
                0x000003b0       0x40 .\CortexM0\ARM_GCC_473\Release\PSoCPioneer+ArduinoShield_Example.a(SPI0.o)
 .debug_aranges
                0x000003f0       0x60 .\CortexM0\ARM_GCC_473\Release\PSoCPioneer+ArduinoShield_Example.a(SPI0_SPI_UART.o)
 .debug_aranges
                0x00000450       0x28 .\CortexM0\ARM_GCC_473\Release\PSoCPioneer+ArduinoShield_Example.a(SPI0_SPI.o)
 .debug_aranges
                0x00000478       0x40 .\CortexM0\ARM_GCC_473\Release\PSoCPioneer+ArduinoShield_Example.a(SPI0_ss1_m.o)
 .debug_aranges
                0x000004b8       0x88 .\CortexM0\ARM_GCC_473\Release\PSoCPioneer+ArduinoShield_Example.a(LED1.o)
 .debug_aranges
                0x00000540       0x88 .\CortexM0\ARM_GCC_473\Release\PSoCPioneer+ArduinoShield_Example.a(LED0.o)
 .debug_aranges
                0x000005c8       0x20 .\CortexM0\ARM_GCC_473\Release\PSoCPioneer+ArduinoShield_Example.a(CyBootAsmGnu.o)

.debug_pubnames
 *(.debug_pubnames)

.debug_info     0x00000000     0x4acd
 *(.debug_info .gnu.linkonce.wi.*)
 .debug_info    0x00000000      0x55d .\CortexM0\ARM_GCC_473\Release\main.o
 .debug_info    0x0000055d      0x100 .\CortexM0\ARM_GCC_473\Release\cymetadata.o
 .debug_info    0x0000065d      0x30c .\CortexM0\ARM_GCC_473\Release\Cm0Start.o
 .debug_info    0x00000969      0x4c5 .\CortexM0\ARM_GCC_473\Release\PSoCPioneer+ArduinoShield_Example.a(cyfitter_cfg.o)
 .debug_info    0x00000e2e     0x20a0 .\CortexM0\ARM_GCC_473\Release\PSoCPioneer+ArduinoShield_Example.a(ETH0.o)
 .debug_info    0x00002ece      0x165 .\CortexM0\ARM_GCC_473\Release\PSoCPioneer+ArduinoShield_Example.a(SDCS.o)
 .debug_info    0x00003033      0xcb0 .\CortexM0\ARM_GCC_473\Release\PSoCPioneer+ArduinoShield_Example.a(CyLib.o)
 .debug_info    0x00003ce3      0x1c4 .\CortexM0\ARM_GCC_473\Release\PSoCPioneer+ArduinoShield_Example.a(SPI0.o)
 .debug_info    0x00003ea7      0x242 .\CortexM0\ARM_GCC_473\Release\PSoCPioneer+ArduinoShield_Example.a(SPI0_SPI_UART.o)
 .debug_info    0x000040e9       0xf0 .\CortexM0\ARM_GCC_473\Release\PSoCPioneer+ArduinoShield_Example.a(SPI0_SPI.o)
 .debug_info    0x000041d9      0x164 .\CortexM0\ARM_GCC_473\Release\PSoCPioneer+ArduinoShield_Example.a(SPI0_ss1_m.o)
 .debug_info    0x0000433d      0x36f .\CortexM0\ARM_GCC_473\Release\PSoCPioneer+ArduinoShield_Example.a(LED1.o)
 .debug_info    0x000046ac      0x36f .\CortexM0\ARM_GCC_473\Release\PSoCPioneer+ArduinoShield_Example.a(LED0.o)
 .debug_info    0x00004a1b       0xb2 .\CortexM0\ARM_GCC_473\Release\PSoCPioneer+ArduinoShield_Example.a(CyBootAsmGnu.o)

.debug_abbrev   0x00000000     0x142a
 *(.debug_abbrev)
 .debug_abbrev  0x00000000      0x162 .\CortexM0\ARM_GCC_473\Release\main.o
 .debug_abbrev  0x00000162       0x5d .\CortexM0\ARM_GCC_473\Release\cymetadata.o
 .debug_abbrev  0x000001bf      0x1a6 .\CortexM0\ARM_GCC_473\Release\Cm0Start.o
 .debug_abbrev  0x00000365      0x26c .\CortexM0\ARM_GCC_473\Release\PSoCPioneer+ArduinoShield_Example.a(cyfitter_cfg.o)
 .debug_abbrev  0x000005d1      0x3bd .\CortexM0\ARM_GCC_473\Release\PSoCPioneer+ArduinoShield_Example.a(ETH0.o)
 .debug_abbrev  0x0000098e       0xbb .\CortexM0\ARM_GCC_473\Release\PSoCPioneer+ArduinoShield_Example.a(SDCS.o)
 .debug_abbrev  0x00000a49      0x2e3 .\CortexM0\ARM_GCC_473\Release\PSoCPioneer+ArduinoShield_Example.a(CyLib.o)
 .debug_abbrev  0x00000d2c      0x128 .\CortexM0\ARM_GCC_473\Release\PSoCPioneer+ArduinoShield_Example.a(SPI0.o)
 .debug_abbrev  0x00000e54      0x16b .\CortexM0\ARM_GCC_473\Release\PSoCPioneer+ArduinoShield_Example.a(SPI0_SPI_UART.o)
 .debug_abbrev  0x00000fbf       0x8e .\CortexM0\ARM_GCC_473\Release\PSoCPioneer+ArduinoShield_Example.a(SPI0_SPI.o)
 .debug_abbrev  0x0000104d       0xd3 .\CortexM0\ARM_GCC_473\Release\PSoCPioneer+ArduinoShield_Example.a(SPI0_ss1_m.o)
 .debug_abbrev  0x00001120      0x17b .\CortexM0\ARM_GCC_473\Release\PSoCPioneer+ArduinoShield_Example.a(LED1.o)
 .debug_abbrev  0x0000129b      0x17b .\CortexM0\ARM_GCC_473\Release\PSoCPioneer+ArduinoShield_Example.a(LED0.o)
 .debug_abbrev  0x00001416       0x14 .\CortexM0\ARM_GCC_473\Release\PSoCPioneer+ArduinoShield_Example.a(CyBootAsmGnu.o)

.debug_line     0x00000000     0x195d
 *(.debug_line)
 .debug_line    0x00000000      0x192 .\CortexM0\ARM_GCC_473\Release\main.o
 .debug_line    0x00000192       0x53 .\CortexM0\ARM_GCC_473\Release\cymetadata.o
 .debug_line    0x000001e5      0x188 .\CortexM0\ARM_GCC_473\Release\Cm0Start.o
 .debug_line    0x0000036d      0x1aa .\CortexM0\ARM_GCC_473\Release\PSoCPioneer+ArduinoShield_Example.a(cyfitter_cfg.o)
 .debug_line    0x00000517      0x776 .\CortexM0\ARM_GCC_473\Release\PSoCPioneer+ArduinoShield_Example.a(ETH0.o)
 .debug_line    0x00000c8d       0xb3 .\CortexM0\ARM_GCC_473\Release\PSoCPioneer+ArduinoShield_Example.a(SDCS.o)
 .debug_line    0x00000d40      0x50c .\CortexM0\ARM_GCC_473\Release\PSoCPioneer+ArduinoShield_Example.a(CyLib.o)
 .debug_line    0x0000124c       0xd3 .\CortexM0\ARM_GCC_473\Release\PSoCPioneer+ArduinoShield_Example.a(SPI0.o)
 .debug_line    0x0000131f      0x127 .\CortexM0\ARM_GCC_473\Release\PSoCPioneer+ArduinoShield_Example.a(SPI0_SPI_UART.o)
 .debug_line    0x00001446       0x9c .\CortexM0\ARM_GCC_473\Release\PSoCPioneer+ArduinoShield_Example.a(SPI0_SPI.o)
 .debug_line    0x000014e2       0xbb .\CortexM0\ARM_GCC_473\Release\PSoCPioneer+ArduinoShield_Example.a(SPI0_ss1_m.o)
 .debug_line    0x0000159d      0x1ac .\CortexM0\ARM_GCC_473\Release\PSoCPioneer+ArduinoShield_Example.a(LED1.o)
 .debug_line    0x00001749      0x1ac .\CortexM0\ARM_GCC_473\Release\PSoCPioneer+ArduinoShield_Example.a(LED0.o)
 .debug_line    0x000018f5       0x68 .\CortexM0\ARM_GCC_473\Release\PSoCPioneer+ArduinoShield_Example.a(CyBootAsmGnu.o)

.debug_frame    0x00000000     0x1164
 *(.debug_frame)
 .debug_frame   0x00000000       0x38 .\CortexM0\ARM_GCC_473\Release\main.o
 .debug_frame   0x00000038       0x98 .\CortexM0\ARM_GCC_473\Release\Cm0Start.o
 .debug_frame   0x000000d0       0x38 .\CortexM0\ARM_GCC_473\Release\PSoCPioneer+ArduinoShield_Example.a(cyfitter_cfg.o)
 .debug_frame   0x00000108      0x4f0 .\CortexM0\ARM_GCC_473\Release\PSoCPioneer+ArduinoShield_Example.a(ETH0.o)
 .debug_frame   0x000005f8       0x60 .\CortexM0\ARM_GCC_473\Release\PSoCPioneer+ArduinoShield_Example.a(SDCS.o)
 .debug_frame   0x00000658      0x408 .\CortexM0\ARM_GCC_473\Release\PSoCPioneer+ArduinoShield_Example.a(CyLib.o)
 .debug_frame   0x00000a60       0x78 .\CortexM0\ARM_GCC_473\Release\PSoCPioneer+ArduinoShield_Example.a(SPI0.o)
 .debug_frame   0x00000ad8       0xb8 .\CortexM0\ARM_GCC_473\Release\PSoCPioneer+ArduinoShield_Example.a(SPI0_SPI_UART.o)
 .debug_frame   0x00000b90       0x30 .\CortexM0\ARM_GCC_473\Release\PSoCPioneer+ArduinoShield_Example.a(SPI0_SPI.o)
 .debug_frame   0x00000bc0       0x6c .\CortexM0\ARM_GCC_473\Release\PSoCPioneer+ArduinoShield_Example.a(SPI0_ss1_m.o)
 .debug_frame   0x00000c2c      0x120 .\CortexM0\ARM_GCC_473\Release\PSoCPioneer+ArduinoShield_Example.a(LED1.o)
 .debug_frame   0x00000d4c      0x120 .\CortexM0\ARM_GCC_473\Release\PSoCPioneer+ArduinoShield_Example.a(LED0.o)
 .debug_frame   0x00000e6c       0x20 c:/program files (x86)/cypress/psoc creator/3.0/psoc creator/import/gnu_cs/arm/4.7.3/bin/../lib/gcc/arm-none-eabi/4.7.3/armv6-m\libgcc.a(_udivsi3.o)
 .debug_frame   0x00000e8c       0x20 c:/program files (x86)/cypress/psoc creator/3.0/psoc creator/import/gnu_cs/arm/4.7.3/bin/../lib/gcc/arm-none-eabi/4.7.3/armv6-m\libgcc.a(_divsi3.o)
 .debug_frame   0x00000eac       0x28 c:/program files (x86)/cypress/psoc creator/3.0/psoc creator/import/gnu_cs/arm/4.7.3/bin/../lib/gcc/arm-none-eabi/4.7.3/../../../../arm-none-eabi/lib/armv6-m\libc_s.a(lib_a-__atexit2.o)
 .debug_frame   0x00000ed4       0x28 c:/program files (x86)/cypress/psoc creator/3.0/psoc creator/import/gnu_cs/arm/4.7.3/bin/../lib/gcc/arm-none-eabi/4.7.3/../../../../arm-none-eabi/lib/armv6-m\libc_s.a(lib_a-exit.o)
 .debug_frame   0x00000efc       0x2c c:/program files (x86)/cypress/psoc creator/3.0/psoc creator/import/gnu_cs/arm/4.7.3/bin/../lib/gcc/arm-none-eabi/4.7.3/../../../../arm-none-eabi/lib/armv6-m\libc_s.a(lib_a-fini.o)
 .debug_frame   0x00000f28       0x2c c:/program files (x86)/cypress/psoc creator/3.0/psoc creator/import/gnu_cs/arm/4.7.3/bin/../lib/gcc/arm-none-eabi/4.7.3/../../../../arm-none-eabi/lib/armv6-m\libc_s.a(lib_a-init.o)
 .debug_frame   0x00000f54       0x28 c:/program files (x86)/cypress/psoc creator/3.0/psoc creator/import/gnu_cs/arm/4.7.3/bin/../lib/gcc/arm-none-eabi/4.7.3/../../../../arm-none-eabi/lib/armv6-m\libc_s.a(lib_a-memset.o)
 .debug_frame   0x00000f7c       0x48 c:/program files (x86)/cypress/psoc creator/3.0/psoc creator/import/gnu_cs/arm/4.7.3/bin/../lib/gcc/arm-none-eabi/4.7.3/../../../../arm-none-eabi/lib/armv6-m\libc_s.a(lib_a-rand.o)
 .debug_frame   0x00000fc4       0x20 c:/program files (x86)/cypress/psoc creator/3.0/psoc creator/import/gnu_cs/arm/4.7.3/bin/../lib/gcc/arm-none-eabi/4.7.3/../../../../arm-none-eabi/lib/armv6-m\libc_s.a(lib_a-strlen.o)
 .debug_frame   0x00000fe4       0x40 c:/program files (x86)/cypress/psoc creator/3.0/psoc creator/import/gnu_cs/arm/4.7.3/bin/../lib/gcc/arm-none-eabi/4.7.3/../../../../arm-none-eabi/lib/armv6-m\libc_s.a(lib_a-malloc.o)
 .debug_frame   0x00001024       0x2c c:/program files (x86)/cypress/psoc creator/3.0/psoc creator/import/gnu_cs/arm/4.7.3/bin/../lib/gcc/arm-none-eabi/4.7.3/../../../../arm-none-eabi/lib/armv6-m\libc_s.a(lib_a-mallocr.o)
 .debug_frame   0x00001050       0x2c c:/program files (x86)/cypress/psoc creator/3.0/psoc creator/import/gnu_cs/arm/4.7.3/bin/../lib/gcc/arm-none-eabi/4.7.3/../../../../arm-none-eabi/lib/armv6-m\libc_s.a(lib_a-sbrkr.o)
 .debug_frame   0x0000107c       0x2c c:/program files (x86)/cypress/psoc creator/3.0/psoc creator/import/gnu_cs/arm/4.7.3/bin/../lib/gcc/arm-none-eabi/4.7.3/../../../../arm-none-eabi/lib/armv6-m\libc_s.a(lib_a-freer.o)
 .debug_frame   0x000010a8       0x64 c:/program files (x86)/cypress/psoc creator/3.0/psoc creator/import/gnu_cs/arm/4.7.3/bin/../lib/gcc/arm-none-eabi/4.7.3/../../../../arm-none-eabi/lib/armv6-m\libc_s.a(lib_a-reent.o)
 .debug_frame   0x0000110c       0x30 c:/program files (x86)/cypress/psoc creator/3.0/psoc creator/import/gnu_cs/arm/4.7.3/bin/../lib/gcc/arm-none-eabi/4.7.3/armv6-m\libgcc.a(_muldi3.o)
 .debug_frame   0x0000113c       0x28 c:/program files (x86)/cypress/psoc creator/3.0/psoc creator/import/gnu_cs/arm/4.7.3/bin/../lib/gcc/arm-none-eabi/4.7.3/../../../../arm-none-eabi/lib/armv6-m\libnosys.a(sbrk.o)

.debug_str      0x00000000     0x14eb
 *(.debug_str)
 .debug_str     0x00000000      0x275 .\CortexM0\ARM_GCC_473\Release\main.o
                                0x2ae (size before relaxing)
 .debug_str     0x00000275       0x5b .\CortexM0\ARM_GCC_473\Release\cymetadata.o
                                0x1ab (size before relaxing)
 .debug_str     0x000002d0      0x12f .\CortexM0\ARM_GCC_473\Release\Cm0Start.o
                                0x298 (size before relaxing)
 .debug_str     0x000003ff      0x17c .\CortexM0\ARM_GCC_473\Release\PSoCPioneer+ArduinoShield_Example.a(cyfitter_cfg.o)
                                0x323 (size before relaxing)
 .debug_str     0x0000057b      0x5a4 .\CortexM0\ARM_GCC_473\Release\PSoCPioneer+ArduinoShield_Example.a(ETH0.o)
                                0x812 (size before relaxing)
 .debug_str     0x00000b1f       0x74 .\CortexM0\ARM_GCC_473\Release\PSoCPioneer+ArduinoShield_Example.a(SDCS.o)
                                0x1de (size before relaxing)
 .debug_str     0x00000b93      0x507 .\CortexM0\ARM_GCC_473\Release\PSoCPioneer+ArduinoShield_Example.a(CyLib.o)
                                0x6a7 (size before relaxing)
 .debug_str     0x0000109a       0xac .\CortexM0\ARM_GCC_473\Release\PSoCPioneer+ArduinoShield_Example.a(SPI0.o)
                                0x22e (size before relaxing)
 .debug_str     0x00001146       0xd6 .\CortexM0\ARM_GCC_473\Release\PSoCPioneer+ArduinoShield_Example.a(SPI0_SPI_UART.o)
                                0x2a3 (size before relaxing)
 .debug_str     0x0000121c       0x39 .\CortexM0\ARM_GCC_473\Release\PSoCPioneer+ArduinoShield_Example.a(SPI0_SPI.o)
                                0x1ba (size before relaxing)
 .debug_str     0x00001255       0x80 .\CortexM0\ARM_GCC_473\Release\PSoCPioneer+ArduinoShield_Example.a(SPI0_ss1_m.o)
                                0x202 (size before relaxing)
 .debug_str     0x000012d5      0x13d .\CortexM0\ARM_GCC_473\Release\PSoCPioneer+ArduinoShield_Example.a(LED1.o)
                                0x2db (size before relaxing)
 .debug_str     0x00001412       0xd9 .\CortexM0\ARM_GCC_473\Release\PSoCPioneer+ArduinoShield_Example.a(LED0.o)
                                0x2db (size before relaxing)

.debug_loc      0x00000000     0x2aa6
 *(.debug_loc)
 .debug_loc     0x00000000      0x205 .\CortexM0\ARM_GCC_473\Release\main.o
 .debug_loc     0x00000205      0x142 .\CortexM0\ARM_GCC_473\Release\Cm0Start.o
 .debug_loc     0x00000347      0x10e .\CortexM0\ARM_GCC_473\Release\PSoCPioneer+ArduinoShield_Example.a(cyfitter_cfg.o)
 .debug_loc     0x00000455     0x1781 .\CortexM0\ARM_GCC_473\Release\PSoCPioneer+ArduinoShield_Example.a(ETH0.o)
 .debug_loc     0x00001bd6       0x5c .\CortexM0\ARM_GCC_473\Release\PSoCPioneer+ArduinoShield_Example.a(SDCS.o)
 .debug_loc     0x00001c32      0xb08 .\CortexM0\ARM_GCC_473\Release\PSoCPioneer+ArduinoShield_Example.a(CyLib.o)
 .debug_loc     0x0000273a       0x40 .\CortexM0\ARM_GCC_473\Release\PSoCPioneer+ArduinoShield_Example.a(SPI0.o)
 .debug_loc     0x0000277a       0xf9 .\CortexM0\ARM_GCC_473\Release\PSoCPioneer+ArduinoShield_Example.a(SPI0_SPI_UART.o)
 .debug_loc     0x00002873       0x4a .\CortexM0\ARM_GCC_473\Release\PSoCPioneer+ArduinoShield_Example.a(SPI0_SPI.o)
 .debug_loc     0x000028bd       0x83 .\CortexM0\ARM_GCC_473\Release\PSoCPioneer+ArduinoShield_Example.a(SPI0_ss1_m.o)
 .debug_loc     0x00002940       0xb3 .\CortexM0\ARM_GCC_473\Release\PSoCPioneer+ArduinoShield_Example.a(LED1.o)
 .debug_loc     0x000029f3       0xb3 .\CortexM0\ARM_GCC_473\Release\PSoCPioneer+ArduinoShield_Example.a(LED0.o)

.debug_macinfo
 *(.debug_macinfo)

.debug_ranges   0x00000000      0x810
 *(.debug_ranges)
 .debug_ranges  0x00000000       0x10 .\CortexM0\ARM_GCC_473\Release\main.o
 .debug_ranges  0x00000010       0x30 .\CortexM0\ARM_GCC_473\Release\Cm0Start.o
 .debug_ranges  0x00000040       0x88 .\CortexM0\ARM_GCC_473\Release\PSoCPioneer+ArduinoShield_Example.a(cyfitter_cfg.o)
 .debug_ranges  0x000000c8      0x280 .\CortexM0\ARM_GCC_473\Release\PSoCPioneer+ArduinoShield_Example.a(ETH0.o)
 .debug_ranges  0x00000348       0x30 .\CortexM0\ARM_GCC_473\Release\PSoCPioneer+ArduinoShield_Example.a(SDCS.o)
 .debug_ranges  0x00000378      0x1f0 .\CortexM0\ARM_GCC_473\Release\PSoCPioneer+ArduinoShield_Example.a(CyLib.o)
 .debug_ranges  0x00000568       0x30 .\CortexM0\ARM_GCC_473\Release\PSoCPioneer+ArduinoShield_Example.a(SPI0.o)
 .debug_ranges  0x00000598       0x50 .\CortexM0\ARM_GCC_473\Release\PSoCPioneer+ArduinoShield_Example.a(SPI0_SPI_UART.o)
 .debug_ranges  0x000005e8       0x18 .\CortexM0\ARM_GCC_473\Release\PSoCPioneer+ArduinoShield_Example.a(SPI0_SPI.o)
 .debug_ranges  0x00000600       0x30 .\CortexM0\ARM_GCC_473\Release\PSoCPioneer+ArduinoShield_Example.a(SPI0_ss1_m.o)
 .debug_ranges  0x00000630       0xf0 .\CortexM0\ARM_GCC_473\Release\PSoCPioneer+ArduinoShield_Example.a(LED1.o)
 .debug_ranges  0x00000720       0xf0 .\CortexM0\ARM_GCC_473\Release\PSoCPioneer+ArduinoShield_Example.a(LED0.o)

.comment        0x00000000       0x70
 .comment       0x00000000       0x70 .\CortexM0\ARM_GCC_473\Release\main.o
                                 0x71 (size before relaxing)
 .comment       0x00000000       0x71 .\CortexM0\ARM_GCC_473\Release\cymetadata.o
 .comment       0x00000000       0x71 .\CortexM0\ARM_GCC_473\Release\Cm0Start.o
 .comment       0x00000000       0x71 .\CortexM0\ARM_GCC_473\Release\PSoCPioneer+ArduinoShield_Example.a(cyfitter_cfg.o)
 .comment       0x00000000       0x71 .\CortexM0\ARM_GCC_473\Release\PSoCPioneer+ArduinoShield_Example.a(ETH0.o)
 .comment       0x00000000       0x71 .\CortexM0\ARM_GCC_473\Release\PSoCPioneer+ArduinoShield_Example.a(SDCS.o)
 .comment       0x00000000       0x71 .\CortexM0\ARM_GCC_473\Release\PSoCPioneer+ArduinoShield_Example.a(CyLib.o)
 .comment       0x00000000       0x71 .\CortexM0\ARM_GCC_473\Release\PSoCPioneer+ArduinoShield_Example.a(SPI0.o)
 .comment       0x00000000       0x71 .\CortexM0\ARM_GCC_473\Release\PSoCPioneer+ArduinoShield_Example.a(SPI0_SPI_UART.o)
 .comment       0x00000000       0x71 .\CortexM0\ARM_GCC_473\Release\PSoCPioneer+ArduinoShield_Example.a(SPI0_SPI.o)
 .comment       0x00000000       0x71 .\CortexM0\ARM_GCC_473\Release\PSoCPioneer+ArduinoShield_Example.a(SPI0_ss1_m.o)
 .comment       0x00000000       0x71 .\CortexM0\ARM_GCC_473\Release\PSoCPioneer+ArduinoShield_Example.a(LED1.o)
 .comment       0x00000000       0x71 .\CortexM0\ARM_GCC_473\Release\PSoCPioneer+ArduinoShield_Example.a(LED0.o)

.debug_weaknames
 *(.debug_weaknames)

.debug_funcnames
 *(.debug_funcnames)

.debug_typenames
 *(.debug_typenames)

.debug_varnames
 *(.debug_varnames)

.note.gnu.arm.ident
 *(.note.gnu.arm.ident)

.ARM.attributes
                0x00000000       0x28
 *(.ARM.attributes)
 .ARM.attributes
                0x00000000       0x1e c:/program files (x86)/cypress/psoc creator/3.0/psoc creator/import/gnu_cs/arm/4.7.3/bin/../lib/gcc/arm-none-eabi/4.7.3/armv6-m/crti.o
 .ARM.attributes
                0x0000001e       0x2c c:/program files (x86)/cypress/psoc creator/3.0/psoc creator/import/gnu_cs/arm/4.7.3/bin/../lib/gcc/arm-none-eabi/4.7.3/armv6-m/crtbegin.o
 .ARM.attributes
                0x0000004a       0x1c c:/program files (x86)/cypress/psoc creator/3.0/psoc creator/import/gnu_cs/arm/4.7.3/bin/../lib/gcc/arm-none-eabi/4.7.3/../../../../arm-none-eabi/lib/armv6-m/crt0.o
 .ARM.attributes
                0x00000066       0x31 .\CortexM0\ARM_GCC_473\Release\main.o
 .ARM.attributes
                0x00000097       0x31 .\CortexM0\ARM_GCC_473\Release\cymetadata.o
 .ARM.attributes
                0x000000c8       0x31 .\CortexM0\ARM_GCC_473\Release\Cm0Start.o
 .ARM.attributes
                0x000000f9       0x31 .\CortexM0\ARM_GCC_473\Release\PSoCPioneer+ArduinoShield_Example.a(cyfitter_cfg.o)
 .ARM.attributes
                0x0000012a       0x31 .\CortexM0\ARM_GCC_473\Release\PSoCPioneer+ArduinoShield_Example.a(ETH0.o)
 .ARM.attributes
                0x0000015b       0x31 .\CortexM0\ARM_GCC_473\Release\PSoCPioneer+ArduinoShield_Example.a(SDCS.o)
 .ARM.attributes
                0x0000018c       0x31 .\CortexM0\ARM_GCC_473\Release\PSoCPioneer+ArduinoShield_Example.a(CyLib.o)
 .ARM.attributes
                0x000001bd       0x31 .\CortexM0\ARM_GCC_473\Release\PSoCPioneer+ArduinoShield_Example.a(SPI0.o)
 .ARM.attributes
                0x000001ee       0x31 .\CortexM0\ARM_GCC_473\Release\PSoCPioneer+ArduinoShield_Example.a(SPI0_SPI_UART.o)
 .ARM.attributes
                0x0000021f       0x31 .\CortexM0\ARM_GCC_473\Release\PSoCPioneer+ArduinoShield_Example.a(SPI0_SPI.o)
 .ARM.attributes
                0x00000250       0x31 .\CortexM0\ARM_GCC_473\Release\PSoCPioneer+ArduinoShield_Example.a(SPI0_ss1_m.o)
 .ARM.attributes
                0x00000281       0x31 .\CortexM0\ARM_GCC_473\Release\PSoCPioneer+ArduinoShield_Example.a(LED1.o)
 .ARM.attributes
                0x000002b2       0x31 .\CortexM0\ARM_GCC_473\Release\PSoCPioneer+ArduinoShield_Example.a(LED0.o)
 .ARM.attributes
                0x000002e3       0x21 .\CortexM0\ARM_GCC_473\Release\PSoCPioneer+ArduinoShield_Example.a(CyBootAsmGnu.o)
 .ARM.attributes
                0x00000304       0x1e c:/program files (x86)/cypress/psoc creator/3.0/psoc creator/import/gnu_cs/arm/4.7.3/bin/../lib/gcc/arm-none-eabi/4.7.3/armv6-m\libgcc.a(_thumb1_case_uqi.o)
 .ARM.attributes
                0x00000322       0x1e c:/program files (x86)/cypress/psoc creator/3.0/psoc creator/import/gnu_cs/arm/4.7.3/bin/../lib/gcc/arm-none-eabi/4.7.3/armv6-m\libgcc.a(_udivsi3.o)
 .ARM.attributes
                0x00000340       0x1e c:/program files (x86)/cypress/psoc creator/3.0/psoc creator/import/gnu_cs/arm/4.7.3/bin/../lib/gcc/arm-none-eabi/4.7.3/armv6-m\libgcc.a(_divsi3.o)
 .ARM.attributes
                0x0000035e       0x1e c:/program files (x86)/cypress/psoc creator/3.0/psoc creator/import/gnu_cs/arm/4.7.3/bin/../lib/gcc/arm-none-eabi/4.7.3/armv6-m\libgcc.a(_dvmd_tls.o)
 .ARM.attributes
                0x0000037c       0x2c c:/program files (x86)/cypress/psoc creator/3.0/psoc creator/import/gnu_cs/arm/4.7.3/bin/../lib/gcc/arm-none-eabi/4.7.3/../../../../arm-none-eabi/lib/armv6-m\libc_s.a(lib_a-__atexit2.o)
 .ARM.attributes
                0x000003a8       0x2c c:/program files (x86)/cypress/psoc creator/3.0/psoc creator/import/gnu_cs/arm/4.7.3/bin/../lib/gcc/arm-none-eabi/4.7.3/../../../../arm-none-eabi/lib/armv6-m\libc_s.a(lib_a-exit.o)
 .ARM.attributes
                0x000003d4       0x2c c:/program files (x86)/cypress/psoc creator/3.0/psoc creator/import/gnu_cs/arm/4.7.3/bin/../lib/gcc/arm-none-eabi/4.7.3/../../../../arm-none-eabi/lib/armv6-m\libc_s.a(lib_a-fini.o)
 .ARM.attributes
                0x00000400       0x2c c:/program files (x86)/cypress/psoc creator/3.0/psoc creator/import/gnu_cs/arm/4.7.3/bin/../lib/gcc/arm-none-eabi/4.7.3/../../../../arm-none-eabi/lib/armv6-m\libc_s.a(lib_a-impure.o)
 .ARM.attributes
                0x0000042c       0x2c c:/program files (x86)/cypress/psoc creator/3.0/psoc creator/import/gnu_cs/arm/4.7.3/bin/../lib/gcc/arm-none-eabi/4.7.3/../../../../arm-none-eabi/lib/armv6-m\libc_s.a(lib_a-init.o)
 .ARM.attributes
                0x00000458       0x2c c:/program files (x86)/cypress/psoc creator/3.0/psoc creator/import/gnu_cs/arm/4.7.3/bin/../lib/gcc/arm-none-eabi/4.7.3/../../../../arm-none-eabi/lib/armv6-m\libc_s.a(lib_a-memset.o)
 .ARM.attributes
                0x00000484       0x2c c:/program files (x86)/cypress/psoc creator/3.0/psoc creator/import/gnu_cs/arm/4.7.3/bin/../lib/gcc/arm-none-eabi/4.7.3/../../../../arm-none-eabi/lib/armv6-m\libc_s.a(lib_a-rand.o)
 .ARM.attributes
                0x000004b0       0x2c c:/program files (x86)/cypress/psoc creator/3.0/psoc creator/import/gnu_cs/arm/4.7.3/bin/../lib/gcc/arm-none-eabi/4.7.3/../../../../arm-none-eabi/lib/armv6-m\libc_s.a(lib_a-strlen.o)
 .ARM.attributes
                0x000004dc       0x2c c:/program files (x86)/cypress/psoc creator/3.0/psoc creator/import/gnu_cs/arm/4.7.3/bin/../lib/gcc/arm-none-eabi/4.7.3/../../../../arm-none-eabi/lib/armv6-m\libc_s.a(lib_a-malloc.o)
 .ARM.attributes
                0x00000508       0x2c c:/program files (x86)/cypress/psoc creator/3.0/psoc creator/import/gnu_cs/arm/4.7.3/bin/../lib/gcc/arm-none-eabi/4.7.3/../../../../arm-none-eabi/lib/armv6-m\libc_s.a(lib_a-mallocr.o)
 .ARM.attributes
                0x00000534       0x2c c:/program files (x86)/cypress/psoc creator/3.0/psoc creator/import/gnu_cs/arm/4.7.3/bin/../lib/gcc/arm-none-eabi/4.7.3/../../../../arm-none-eabi/lib/armv6-m\libc_s.a(lib_a-sbrkr.o)
 .ARM.attributes
                0x00000560       0x2c c:/program files (x86)/cypress/psoc creator/3.0/psoc creator/import/gnu_cs/arm/4.7.3/bin/../lib/gcc/arm-none-eabi/4.7.3/../../../../arm-none-eabi/lib/armv6-m\libc_s.a(lib_a-freer.o)
 .ARM.attributes
                0x0000058c       0x2c c:/program files (x86)/cypress/psoc creator/3.0/psoc creator/import/gnu_cs/arm/4.7.3/bin/../lib/gcc/arm-none-eabi/4.7.3/../../../../arm-none-eabi/lib/armv6-m\libc_s.a(lib_a-reent.o)
 .ARM.attributes
                0x000005b8       0x2c c:/program files (x86)/cypress/psoc creator/3.0/psoc creator/import/gnu_cs/arm/4.7.3/bin/../lib/gcc/arm-none-eabi/4.7.3/armv6-m\libgcc.a(_muldi3.o)
 .ARM.attributes
                0x000005e4       0x2c c:/program files (x86)/cypress/psoc creator/3.0/psoc creator/import/gnu_cs/arm/4.7.3/bin/../lib/gcc/arm-none-eabi/4.7.3/armv6-m/crtend.o
 .ARM.attributes
                0x00000610       0x1e c:/program files (x86)/cypress/psoc creator/3.0/psoc creator/import/gnu_cs/arm/4.7.3/bin/../lib/gcc/arm-none-eabi/4.7.3/armv6-m/crtn.o
 .ARM.attributes
                0x0000062e       0x2c c:/program files (x86)/cypress/psoc creator/3.0/psoc creator/import/gnu_cs/arm/4.7.3/bin/../lib/gcc/arm-none-eabi/4.7.3/../../../../arm-none-eabi/lib/armv6-m\libnosys.a(sbrk.o)

/DISCARD/
 *(.note.GNU-stack)
OUTPUT(.\CortexM0\ARM_GCC_473\Release\PSoCPioneer+ArduinoShield_Example.elf elf32-littlearm)
