ARM GAS  C:\Users\CHUCK~1.ERH\AppData\Local\Temp\ccfMlO4a.s 			page 1


   1              		.cpu cortex-m0
   2              		.fpu softvfp
   3              		.eabi_attribute 20, 1
   4              		.eabi_attribute 21, 1
   5              		.eabi_attribute 23, 3
   6              		.eabi_attribute 24, 1
   7              		.eabi_attribute 25, 1
   8              		.eabi_attribute 26, 1
   9              		.eabi_attribute 30, 4
  10              		.eabi_attribute 34, 0
  11              		.eabi_attribute 18, 4
  12              		.code	16
  13              		.file	"SPI0_SCBCLK.c"
  14              		.text
  15              	.Ltext0:
  16              		.cfi_sections	.debug_frame
  17              		.section	.text.SPI0_SCBCLK_Start,"ax",%progbits
  18              		.align	1
  19              		.global	SPI0_SCBCLK_Start
  20              		.code	16
  21              		.thumb_func
  22              		.type	SPI0_SCBCLK_Start, %function
  23              	SPI0_SCBCLK_Start:
  24              	.LFB0:
  25              		.file 1 ".\\Generated_Source\\PSoC4\\SPI0_SCBCLK.c"
   1:.\Generated_Source\PSoC4/SPI0_SCBCLK.c **** /*******************************************************************************
   2:.\Generated_Source\PSoC4/SPI0_SCBCLK.c **** * File Name: SPI0_SCBCLK.c
   3:.\Generated_Source\PSoC4/SPI0_SCBCLK.c **** * Version 2.0
   4:.\Generated_Source\PSoC4/SPI0_SCBCLK.c **** *
   5:.\Generated_Source\PSoC4/SPI0_SCBCLK.c **** *  Description:
   6:.\Generated_Source\PSoC4/SPI0_SCBCLK.c **** *   Provides system API for the clocking, interrupts and watchdog timer.
   7:.\Generated_Source\PSoC4/SPI0_SCBCLK.c **** *
   8:.\Generated_Source\PSoC4/SPI0_SCBCLK.c **** *  Note:
   9:.\Generated_Source\PSoC4/SPI0_SCBCLK.c **** *   Documentation of the API's in this file is located in the
  10:.\Generated_Source\PSoC4/SPI0_SCBCLK.c **** *   System Reference Guide provided with PSoC Creator.
  11:.\Generated_Source\PSoC4/SPI0_SCBCLK.c **** *
  12:.\Generated_Source\PSoC4/SPI0_SCBCLK.c **** ********************************************************************************
  13:.\Generated_Source\PSoC4/SPI0_SCBCLK.c **** * Copyright 2008-2012, Cypress Semiconductor Corporation.  All rights reserved.
  14:.\Generated_Source\PSoC4/SPI0_SCBCLK.c **** * You may use this file only in accordance with the license, terms, conditions,
  15:.\Generated_Source\PSoC4/SPI0_SCBCLK.c **** * disclaimers, and limitations in the end user license agreement accompanying
  16:.\Generated_Source\PSoC4/SPI0_SCBCLK.c **** * the software package with which this file was provided.
  17:.\Generated_Source\PSoC4/SPI0_SCBCLK.c **** *******************************************************************************/
  18:.\Generated_Source\PSoC4/SPI0_SCBCLK.c **** 
  19:.\Generated_Source\PSoC4/SPI0_SCBCLK.c **** #include <cydevice_trm.h>
  20:.\Generated_Source\PSoC4/SPI0_SCBCLK.c **** #include "SPI0_SCBCLK.h"
  21:.\Generated_Source\PSoC4/SPI0_SCBCLK.c **** 
  22:.\Generated_Source\PSoC4/SPI0_SCBCLK.c **** 
  23:.\Generated_Source\PSoC4/SPI0_SCBCLK.c **** /*******************************************************************************
  24:.\Generated_Source\PSoC4/SPI0_SCBCLK.c **** * Function Name: SPI0_SCBCLK_Start
  25:.\Generated_Source\PSoC4/SPI0_SCBCLK.c **** ********************************************************************************
  26:.\Generated_Source\PSoC4/SPI0_SCBCLK.c **** *
  27:.\Generated_Source\PSoC4/SPI0_SCBCLK.c **** * Summary:
  28:.\Generated_Source\PSoC4/SPI0_SCBCLK.c **** *  Starts the clock.
  29:.\Generated_Source\PSoC4/SPI0_SCBCLK.c **** *
  30:.\Generated_Source\PSoC4/SPI0_SCBCLK.c **** * Parameters:
  31:.\Generated_Source\PSoC4/SPI0_SCBCLK.c **** *  None
  32:.\Generated_Source\PSoC4/SPI0_SCBCLK.c **** *
ARM GAS  C:\Users\CHUCK~1.ERH\AppData\Local\Temp\ccfMlO4a.s 			page 2


  33:.\Generated_Source\PSoC4/SPI0_SCBCLK.c **** * Returns:
  34:.\Generated_Source\PSoC4/SPI0_SCBCLK.c **** *  None
  35:.\Generated_Source\PSoC4/SPI0_SCBCLK.c **** *
  36:.\Generated_Source\PSoC4/SPI0_SCBCLK.c **** *******************************************************************************/
  37:.\Generated_Source\PSoC4/SPI0_SCBCLK.c **** void SPI0_SCBCLK_Start(void)
  38:.\Generated_Source\PSoC4/SPI0_SCBCLK.c **** {
  26              		.loc 1 38 0
  27              		.cfi_startproc
  39:.\Generated_Source\PSoC4/SPI0_SCBCLK.c ****     /* Set the bit to enable the clock. */
  40:.\Generated_Source\PSoC4/SPI0_SCBCLK.c ****     SPI0_SCBCLK_ENABLE_REG |= SPI0_SCBCLK__ENABLE_MASK;
  28              		.loc 1 40 0
  29 0000 034B     		ldr	r3, .L2
  30 0002 8022     		mov	r2, #128
  31 0004 1968     		ldr	r1, [r3]
  32 0006 1006     		lsl	r0, r2, #24
  33 0008 0843     		orr	r0, r1
  34 000a 1860     		str	r0, [r3]
  41:.\Generated_Source\PSoC4/SPI0_SCBCLK.c **** }
  35              		.loc 1 41 0
  36              		@ sp needed for prologue
  37 000c 7047     		bx	lr
  38              	.L3:
  39 000e C046     		.align	2
  40              	.L2:
  41 0010 00000240 		.word	1073872896
  42              		.cfi_endproc
  43              	.LFE0:
  44              		.size	SPI0_SCBCLK_Start, .-SPI0_SCBCLK_Start
  45              		.section	.text.SPI0_SCBCLK_Stop,"ax",%progbits
  46              		.align	1
  47              		.global	SPI0_SCBCLK_Stop
  48              		.code	16
  49              		.thumb_func
  50              		.type	SPI0_SCBCLK_Stop, %function
  51              	SPI0_SCBCLK_Stop:
  52              	.LFB1:
  42:.\Generated_Source\PSoC4/SPI0_SCBCLK.c **** 
  43:.\Generated_Source\PSoC4/SPI0_SCBCLK.c **** 
  44:.\Generated_Source\PSoC4/SPI0_SCBCLK.c **** /*******************************************************************************
  45:.\Generated_Source\PSoC4/SPI0_SCBCLK.c **** * Function Name: SPI0_SCBCLK_Stop
  46:.\Generated_Source\PSoC4/SPI0_SCBCLK.c **** ********************************************************************************
  47:.\Generated_Source\PSoC4/SPI0_SCBCLK.c **** *
  48:.\Generated_Source\PSoC4/SPI0_SCBCLK.c **** * Summary:
  49:.\Generated_Source\PSoC4/SPI0_SCBCLK.c **** *  Stops the clock and returns immediately. This API does not require the
  50:.\Generated_Source\PSoC4/SPI0_SCBCLK.c **** *  source clock to be running but may return before the hardware is actually
  51:.\Generated_Source\PSoC4/SPI0_SCBCLK.c **** *  disabled.
  52:.\Generated_Source\PSoC4/SPI0_SCBCLK.c **** *
  53:.\Generated_Source\PSoC4/SPI0_SCBCLK.c **** * Parameters:
  54:.\Generated_Source\PSoC4/SPI0_SCBCLK.c **** *  None
  55:.\Generated_Source\PSoC4/SPI0_SCBCLK.c **** *
  56:.\Generated_Source\PSoC4/SPI0_SCBCLK.c **** * Returns:
  57:.\Generated_Source\PSoC4/SPI0_SCBCLK.c **** *  None
  58:.\Generated_Source\PSoC4/SPI0_SCBCLK.c **** *
  59:.\Generated_Source\PSoC4/SPI0_SCBCLK.c **** *******************************************************************************/
  60:.\Generated_Source\PSoC4/SPI0_SCBCLK.c **** void SPI0_SCBCLK_Stop(void)
  61:.\Generated_Source\PSoC4/SPI0_SCBCLK.c **** {
  53              		.loc 1 61 0
ARM GAS  C:\Users\CHUCK~1.ERH\AppData\Local\Temp\ccfMlO4a.s 			page 3


  54              		.cfi_startproc
  62:.\Generated_Source\PSoC4/SPI0_SCBCLK.c ****     /* Clear the bit to disable the clock. */
  63:.\Generated_Source\PSoC4/SPI0_SCBCLK.c ****     SPI0_SCBCLK_ENABLE_REG &= (uint32)(~SPI0_SCBCLK__ENABLE_MASK);
  55              		.loc 1 63 0
  56 0000 024B     		ldr	r3, .L5
  64:.\Generated_Source\PSoC4/SPI0_SCBCLK.c **** }
  57              		.loc 1 64 0
  58              		@ sp needed for prologue
  63:.\Generated_Source\PSoC4/SPI0_SCBCLK.c ****     SPI0_SCBCLK_ENABLE_REG &= (uint32)(~SPI0_SCBCLK__ENABLE_MASK);
  59              		.loc 1 63 0
  60 0002 1A68     		ldr	r2, [r3]
  61 0004 5000     		lsl	r0, r2, #1
  62 0006 4108     		lsr	r1, r0, #1
  63 0008 1960     		str	r1, [r3]
  64              		.loc 1 64 0
  65 000a 7047     		bx	lr
  66              	.L6:
  67              		.align	2
  68              	.L5:
  69 000c 00000240 		.word	1073872896
  70              		.cfi_endproc
  71              	.LFE1:
  72              		.size	SPI0_SCBCLK_Stop, .-SPI0_SCBCLK_Stop
  73              		.section	.text.SPI0_SCBCLK_SetFractionalDividerRegister,"ax",%progbits
  74              		.align	1
  75              		.global	SPI0_SCBCLK_SetFractionalDividerRegister
  76              		.code	16
  77              		.thumb_func
  78              		.type	SPI0_SCBCLK_SetFractionalDividerRegister, %function
  79              	SPI0_SCBCLK_SetFractionalDividerRegister:
  80              	.LFB2:
  65:.\Generated_Source\PSoC4/SPI0_SCBCLK.c **** 
  66:.\Generated_Source\PSoC4/SPI0_SCBCLK.c **** 
  67:.\Generated_Source\PSoC4/SPI0_SCBCLK.c **** /*******************************************************************************
  68:.\Generated_Source\PSoC4/SPI0_SCBCLK.c **** * Function Name: SPI0_SCBCLK_SetFractionalDividerRegister
  69:.\Generated_Source\PSoC4/SPI0_SCBCLK.c **** ********************************************************************************
  70:.\Generated_Source\PSoC4/SPI0_SCBCLK.c **** *
  71:.\Generated_Source\PSoC4/SPI0_SCBCLK.c **** * Summary:
  72:.\Generated_Source\PSoC4/SPI0_SCBCLK.c **** *  Modifies the clock divider and the fractional divider.
  73:.\Generated_Source\PSoC4/SPI0_SCBCLK.c **** *
  74:.\Generated_Source\PSoC4/SPI0_SCBCLK.c **** * Parameters:
  75:.\Generated_Source\PSoC4/SPI0_SCBCLK.c **** *  clkDivider:  Divider register value (0-65535). This value is NOT the
  76:.\Generated_Source\PSoC4/SPI0_SCBCLK.c **** *    divider; the clock hardware divides by clkDivider plus one. For example,
  77:.\Generated_Source\PSoC4/SPI0_SCBCLK.c **** *    to divide the clock by 2, this parameter should be set to 1.
  78:.\Generated_Source\PSoC4/SPI0_SCBCLK.c **** *  fracDivider:  Fractional Divider register value (0-31).
  79:.\Generated_Source\PSoC4/SPI0_SCBCLK.c **** * Returns:
  80:.\Generated_Source\PSoC4/SPI0_SCBCLK.c **** *  None
  81:.\Generated_Source\PSoC4/SPI0_SCBCLK.c **** *
  82:.\Generated_Source\PSoC4/SPI0_SCBCLK.c **** *******************************************************************************/
  83:.\Generated_Source\PSoC4/SPI0_SCBCLK.c **** void SPI0_SCBCLK_SetFractionalDividerRegister(uint16 clkDivider, uint8 clkFractional)
  84:.\Generated_Source\PSoC4/SPI0_SCBCLK.c **** {
  81              		.loc 1 84 0
  82              		.cfi_startproc
  83              	.LVL0:
  85:.\Generated_Source\PSoC4/SPI0_SCBCLK.c **** #if defined (SPI0_SCBCLK__FRAC_MASK)
  86:.\Generated_Source\PSoC4/SPI0_SCBCLK.c **** 	/* get all but divider bits */
  87:.\Generated_Source\PSoC4/SPI0_SCBCLK.c ****     uint32 maskVal = SPI0_SCBCLK_DIV_REG & 
ARM GAS  C:\Users\CHUCK~1.ERH\AppData\Local\Temp\ccfMlO4a.s 			page 4


  88:.\Generated_Source\PSoC4/SPI0_SCBCLK.c ****                     (uint32)(~(SPI0_SCBCLK__DIVIDER_MASK | SPI0_SCBCLK__FRAC_MASK)); 
  89:.\Generated_Source\PSoC4/SPI0_SCBCLK.c **** 	/* combine mask and new divider val into 32-bit value */
  90:.\Generated_Source\PSoC4/SPI0_SCBCLK.c ****     uint32 regVal = clkDivider | (((uint32)clkFractional << 16) & SPI0_SCBCLK__FRAC_MASK) | maskVal
  91:.\Generated_Source\PSoC4/SPI0_SCBCLK.c **** #else
  92:.\Generated_Source\PSoC4/SPI0_SCBCLK.c ****     /* get all but integer divider bits */
  93:.\Generated_Source\PSoC4/SPI0_SCBCLK.c ****     uint32 maskVal = SPI0_SCBCLK_DIV_REG & (uint32)(~(uint32)SPI0_SCBCLK__DIVIDER_MASK);
  84              		.loc 1 93 0
  85 0000 034B     		ldr	r3, .L8
  94:.\Generated_Source\PSoC4/SPI0_SCBCLK.c ****     /* combine mask and new divider val into 32-bit value */
  95:.\Generated_Source\PSoC4/SPI0_SCBCLK.c ****     uint32 regVal = clkDivider | maskVal;
  96:.\Generated_Source\PSoC4/SPI0_SCBCLK.c **** #endif /* SPI0_SCBCLK__FRAC_MASK */
  97:.\Generated_Source\PSoC4/SPI0_SCBCLK.c **** 
  98:.\Generated_Source\PSoC4/SPI0_SCBCLK.c **** 	SPI0_SCBCLK_DIV_REG = regVal;
  99:.\Generated_Source\PSoC4/SPI0_SCBCLK.c **** }
  86              		.loc 1 99 0
  87              		@ sp needed for prologue
  93:.\Generated_Source\PSoC4/SPI0_SCBCLK.c ****     uint32 maskVal = SPI0_SCBCLK_DIV_REG & (uint32)(~(uint32)SPI0_SCBCLK__DIVIDER_MASK);
  88              		.loc 1 93 0
  89 0002 1A68     		ldr	r2, [r3]
  90              	.LVL1:
  91 0004 110C     		lsr	r1, r2, #16
  92              	.LVL2:
  93 0006 0A04     		lsl	r2, r1, #16
  94              	.LVL3:
  95:.\Generated_Source\PSoC4/SPI0_SCBCLK.c ****     uint32 regVal = clkDivider | maskVal;
  95              		.loc 1 95 0
  96 0008 1043     		orr	r0, r2
  97              	.LVL4:
  98:.\Generated_Source\PSoC4/SPI0_SCBCLK.c **** 	SPI0_SCBCLK_DIV_REG = regVal;
  98              		.loc 1 98 0
  99 000a 1860     		str	r0, [r3]
 100              		.loc 1 99 0
 101 000c 7047     		bx	lr
 102              	.L9:
 103 000e C046     		.align	2
 104              	.L8:
 105 0010 00000240 		.word	1073872896
 106              		.cfi_endproc
 107              	.LFE2:
 108              		.size	SPI0_SCBCLK_SetFractionalDividerRegister, .-SPI0_SCBCLK_SetFractionalDividerRegister
 109              		.section	.text.SPI0_SCBCLK_GetDividerRegister,"ax",%progbits
 110              		.align	1
 111              		.global	SPI0_SCBCLK_GetDividerRegister
 112              		.code	16
 113              		.thumb_func
 114              		.type	SPI0_SCBCLK_GetDividerRegister, %function
 115              	SPI0_SCBCLK_GetDividerRegister:
 116              	.LFB3:
 100:.\Generated_Source\PSoC4/SPI0_SCBCLK.c **** 
 101:.\Generated_Source\PSoC4/SPI0_SCBCLK.c **** 
 102:.\Generated_Source\PSoC4/SPI0_SCBCLK.c **** /*******************************************************************************
 103:.\Generated_Source\PSoC4/SPI0_SCBCLK.c **** * Function Name: SPI0_SCBCLK_GetDividerRegister
 104:.\Generated_Source\PSoC4/SPI0_SCBCLK.c **** ********************************************************************************
 105:.\Generated_Source\PSoC4/SPI0_SCBCLK.c **** *
 106:.\Generated_Source\PSoC4/SPI0_SCBCLK.c **** * Summary:
 107:.\Generated_Source\PSoC4/SPI0_SCBCLK.c **** *  Gets the clock divider register value.
 108:.\Generated_Source\PSoC4/SPI0_SCBCLK.c **** *
ARM GAS  C:\Users\CHUCK~1.ERH\AppData\Local\Temp\ccfMlO4a.s 			page 5


 109:.\Generated_Source\PSoC4/SPI0_SCBCLK.c **** * Parameters:
 110:.\Generated_Source\PSoC4/SPI0_SCBCLK.c **** *  None
 111:.\Generated_Source\PSoC4/SPI0_SCBCLK.c **** *
 112:.\Generated_Source\PSoC4/SPI0_SCBCLK.c **** * Returns:
 113:.\Generated_Source\PSoC4/SPI0_SCBCLK.c **** *  Divide value of the clock minus 1. For example, if the clock is set to
 114:.\Generated_Source\PSoC4/SPI0_SCBCLK.c **** *  divide by 2, the return value will be 1.
 115:.\Generated_Source\PSoC4/SPI0_SCBCLK.c **** *
 116:.\Generated_Source\PSoC4/SPI0_SCBCLK.c **** *******************************************************************************/
 117:.\Generated_Source\PSoC4/SPI0_SCBCLK.c **** uint16 SPI0_SCBCLK_GetDividerRegister(void)
 118:.\Generated_Source\PSoC4/SPI0_SCBCLK.c **** {
 117              		.loc 1 118 0
 118              		.cfi_startproc
 119:.\Generated_Source\PSoC4/SPI0_SCBCLK.c ****     return (uint16)SPI0_SCBCLK_DIV_REG;
 119              		.loc 1 119 0
 120 0000 014B     		ldr	r3, .L11
 120:.\Generated_Source\PSoC4/SPI0_SCBCLK.c **** }
 121              		.loc 1 120 0
 122              		@ sp needed for prologue
 119:.\Generated_Source\PSoC4/SPI0_SCBCLK.c ****     return (uint16)SPI0_SCBCLK_DIV_REG;
 123              		.loc 1 119 0
 124 0002 1868     		ldr	r0, [r3]
 125 0004 80B2     		uxth	r0, r0
 126              		.loc 1 120 0
 127 0006 7047     		bx	lr
 128              	.L12:
 129              		.align	2
 130              	.L11:
 131 0008 00000240 		.word	1073872896
 132              		.cfi_endproc
 133              	.LFE3:
 134              		.size	SPI0_SCBCLK_GetDividerRegister, .-SPI0_SCBCLK_GetDividerRegister
 135              		.section	.text.SPI0_SCBCLK_GetFractionalDividerRegister,"ax",%progbits
 136              		.align	1
 137              		.global	SPI0_SCBCLK_GetFractionalDividerRegister
 138              		.code	16
 139              		.thumb_func
 140              		.type	SPI0_SCBCLK_GetFractionalDividerRegister, %function
 141              	SPI0_SCBCLK_GetFractionalDividerRegister:
 142              	.LFB4:
 121:.\Generated_Source\PSoC4/SPI0_SCBCLK.c **** 
 122:.\Generated_Source\PSoC4/SPI0_SCBCLK.c **** 
 123:.\Generated_Source\PSoC4/SPI0_SCBCLK.c **** /*******************************************************************************
 124:.\Generated_Source\PSoC4/SPI0_SCBCLK.c **** * Function Name: SPI0_SCBCLK_GetFractionalDividerRegister
 125:.\Generated_Source\PSoC4/SPI0_SCBCLK.c **** ********************************************************************************
 126:.\Generated_Source\PSoC4/SPI0_SCBCLK.c **** *
 127:.\Generated_Source\PSoC4/SPI0_SCBCLK.c **** * Summary:
 128:.\Generated_Source\PSoC4/SPI0_SCBCLK.c **** *  Gets the clock fractional divider register value.
 129:.\Generated_Source\PSoC4/SPI0_SCBCLK.c **** *
 130:.\Generated_Source\PSoC4/SPI0_SCBCLK.c **** * Parameters:
 131:.\Generated_Source\PSoC4/SPI0_SCBCLK.c **** *  None
 132:.\Generated_Source\PSoC4/SPI0_SCBCLK.c **** *
 133:.\Generated_Source\PSoC4/SPI0_SCBCLK.c **** * Returns:
 134:.\Generated_Source\PSoC4/SPI0_SCBCLK.c **** *  Fractional Divide value of the clock
 135:.\Generated_Source\PSoC4/SPI0_SCBCLK.c **** *  0 if the fractional divider is not in use.
 136:.\Generated_Source\PSoC4/SPI0_SCBCLK.c **** *
 137:.\Generated_Source\PSoC4/SPI0_SCBCLK.c **** *******************************************************************************/
 138:.\Generated_Source\PSoC4/SPI0_SCBCLK.c **** uint8 SPI0_SCBCLK_GetFractionalDividerRegister(void)
ARM GAS  C:\Users\CHUCK~1.ERH\AppData\Local\Temp\ccfMlO4a.s 			page 6


 139:.\Generated_Source\PSoC4/SPI0_SCBCLK.c **** {
 143              		.loc 1 139 0
 144              		.cfi_startproc
 140:.\Generated_Source\PSoC4/SPI0_SCBCLK.c **** #if defined (SPI0_SCBCLK__FRAC_MASK)
 141:.\Generated_Source\PSoC4/SPI0_SCBCLK.c ****     /* get fractional divider bits */
 142:.\Generated_Source\PSoC4/SPI0_SCBCLK.c ****     uint32 maskVal = SPI0_SCBCLK_DIV_REG & SPI0_SCBCLK__FRAC_MASK;
 143:.\Generated_Source\PSoC4/SPI0_SCBCLK.c ****     return (maskVal >> 16);
 144:.\Generated_Source\PSoC4/SPI0_SCBCLK.c **** #else
 145:.\Generated_Source\PSoC4/SPI0_SCBCLK.c ****     return 0u;
 146:.\Generated_Source\PSoC4/SPI0_SCBCLK.c **** #endif /* SPI0_SCBCLK__FRAC_MASK */
 147:.\Generated_Source\PSoC4/SPI0_SCBCLK.c **** }
 145              		.loc 1 147 0
 146 0000 0020     		mov	r0, #0
 147              		@ sp needed for prologue
 148 0002 7047     		bx	lr
 149              		.cfi_endproc
 150              	.LFE4:
 151              		.size	SPI0_SCBCLK_GetFractionalDividerRegister, .-SPI0_SCBCLK_GetFractionalDividerRegister
 152              		.text
 153              	.Letext0:
 154              		.file 2 "./Generated_Source/PSoC4/cytypes.h"
 155              		.section	.debug_info,"",%progbits
 156              	.Ldebug_info0:
 157 0000 62010000 		.4byte	0x162
 158 0004 0200     		.2byte	0x2
 159 0006 00000000 		.4byte	.Ldebug_abbrev0
 160 000a 04       		.byte	0x4
 161 000b 01       		.uleb128 0x1
 162 000c 99010000 		.4byte	.LASF24
 163 0010 01       		.byte	0x1
 164 0011 0B020000 		.4byte	.LASF25
 165 0015 BB000000 		.4byte	.LASF26
 166 0019 00000000 		.4byte	.Ldebug_ranges0+0
 167 001d 00000000 		.4byte	0
 168 0021 00000000 		.4byte	0
 169 0025 00000000 		.4byte	.Ldebug_line0
 170 0029 02       		.uleb128 0x2
 171 002a 01       		.byte	0x1
 172 002b 06       		.byte	0x6
 173 002c 32020000 		.4byte	.LASF0
 174 0030 02       		.uleb128 0x2
 175 0031 01       		.byte	0x1
 176 0032 08       		.byte	0x8
 177 0033 88000000 		.4byte	.LASF1
 178 0037 02       		.uleb128 0x2
 179 0038 02       		.byte	0x2
 180 0039 05       		.byte	0x5
 181 003a 89010000 		.4byte	.LASF2
 182 003e 02       		.uleb128 0x2
 183 003f 02       		.byte	0x2
 184 0040 07       		.byte	0x7
 185 0041 A8000000 		.4byte	.LASF3
 186 0045 02       		.uleb128 0x2
 187 0046 04       		.byte	0x4
 188 0047 05       		.byte	0x5
 189 0048 49000000 		.4byte	.LASF4
 190 004c 02       		.uleb128 0x2
ARM GAS  C:\Users\CHUCK~1.ERH\AppData\Local\Temp\ccfMlO4a.s 			page 7


 191 004d 04       		.byte	0x4
 192 004e 07       		.byte	0x7
 193 004f 96000000 		.4byte	.LASF5
 194 0053 02       		.uleb128 0x2
 195 0054 08       		.byte	0x8
 196 0055 05       		.byte	0x5
 197 0056 76010000 		.4byte	.LASF6
 198 005a 02       		.uleb128 0x2
 199 005b 08       		.byte	0x8
 200 005c 07       		.byte	0x7
 201 005d 5F010000 		.4byte	.LASF7
 202 0061 03       		.uleb128 0x3
 203 0062 04       		.byte	0x4
 204 0063 05       		.byte	0x5
 205 0064 696E7400 		.ascii	"int\000"
 206 0068 02       		.uleb128 0x2
 207 0069 04       		.byte	0x4
 208 006a 07       		.byte	0x7
 209 006b 52010000 		.4byte	.LASF8
 210 006f 04       		.uleb128 0x4
 211 0070 93010000 		.4byte	.LASF9
 212 0074 02       		.byte	0x2
 213 0075 5B       		.byte	0x5b
 214 0076 30000000 		.4byte	0x30
 215 007a 04       		.uleb128 0x4
 216 007b 44010000 		.4byte	.LASF10
 217 007f 02       		.byte	0x2
 218 0080 5C       		.byte	0x5c
 219 0081 3E000000 		.4byte	0x3e
 220 0085 04       		.uleb128 0x4
 221 0086 4B010000 		.4byte	.LASF11
 222 008a 02       		.byte	0x2
 223 008b 5D       		.byte	0x5d
 224 008c 4C000000 		.4byte	0x4c
 225 0090 02       		.uleb128 0x2
 226 0091 04       		.byte	0x4
 227 0092 04       		.byte	0x4
 228 0093 82000000 		.4byte	.LASF12
 229 0097 02       		.uleb128 0x2
 230 0098 08       		.byte	0x8
 231 0099 04       		.byte	0x4
 232 009a 28010000 		.4byte	.LASF13
 233 009e 02       		.uleb128 0x2
 234 009f 01       		.byte	0x1
 235 00a0 08       		.byte	0x8
 236 00a1 84010000 		.4byte	.LASF14
 237 00a5 04       		.uleb128 0x4
 238 00a6 00000000 		.4byte	.LASF15
 239 00aa 02       		.byte	0x2
 240 00ab F2       		.byte	0xf2
 241 00ac B0000000 		.4byte	0xb0
 242 00b0 05       		.uleb128 0x5
 243 00b1 85000000 		.4byte	0x85
 244 00b5 06       		.uleb128 0x6
 245 00b6 01       		.byte	0x1
 246 00b7 2F000000 		.4byte	.LASF16
 247 00bb 01       		.byte	0x1
ARM GAS  C:\Users\CHUCK~1.ERH\AppData\Local\Temp\ccfMlO4a.s 			page 8


 248 00bc 25       		.byte	0x25
 249 00bd 01       		.byte	0x1
 250 00be 00000000 		.4byte	.LFB0
 251 00c2 14000000 		.4byte	.LFE0
 252 00c6 02       		.byte	0x2
 253 00c7 7D       		.byte	0x7d
 254 00c8 00       		.sleb128 0
 255 00c9 01       		.byte	0x1
 256 00ca 06       		.uleb128 0x6
 257 00cb 01       		.byte	0x1
 258 00cc 52000000 		.4byte	.LASF17
 259 00d0 01       		.byte	0x1
 260 00d1 3C       		.byte	0x3c
 261 00d2 01       		.byte	0x1
 262 00d3 00000000 		.4byte	.LFB1
 263 00d7 10000000 		.4byte	.LFE1
 264 00db 02       		.byte	0x2
 265 00dc 7D       		.byte	0x7d
 266 00dd 00       		.sleb128 0
 267 00de 01       		.byte	0x1
 268 00df 07       		.uleb128 0x7
 269 00e0 01       		.byte	0x1
 270 00e1 06000000 		.4byte	.LASF27
 271 00e5 01       		.byte	0x1
 272 00e6 53       		.byte	0x53
 273 00e7 01       		.byte	0x1
 274 00e8 00000000 		.4byte	.LFB2
 275 00ec 14000000 		.4byte	.LFE2
 276 00f0 02       		.byte	0x2
 277 00f1 7D       		.byte	0x7d
 278 00f2 00       		.sleb128 0
 279 00f3 01       		.byte	0x1
 280 00f4 33010000 		.4byte	0x133
 281 00f8 08       		.uleb128 0x8
 282 00f9 1D010000 		.4byte	.LASF18
 283 00fd 01       		.byte	0x1
 284 00fe 53       		.byte	0x53
 285 00ff 7A000000 		.4byte	0x7a
 286 0103 00000000 		.4byte	.LLST0
 287 0107 08       		.uleb128 0x8
 288 0108 36010000 		.4byte	.LASF19
 289 010c 01       		.byte	0x1
 290 010d 53       		.byte	0x53
 291 010e 6F000000 		.4byte	0x6f
 292 0112 21000000 		.4byte	.LLST1
 293 0116 09       		.uleb128 0x9
 294 0117 41000000 		.4byte	.LASF20
 295 011b 01       		.byte	0x1
 296 011c 5D       		.byte	0x5d
 297 011d 85000000 		.4byte	0x85
 298 0121 42000000 		.4byte	.LLST2
 299 0125 0A       		.uleb128 0xa
 300 0126 2F010000 		.4byte	.LASF21
 301 012a 01       		.byte	0x1
 302 012b 5F       		.byte	0x5f
 303 012c 85000000 		.4byte	0x85
 304 0130 01       		.byte	0x1
ARM GAS  C:\Users\CHUCK~1.ERH\AppData\Local\Temp\ccfMlO4a.s 			page 9


 305 0131 50       		.byte	0x50
 306 0132 00       		.byte	0
 307 0133 0B       		.uleb128 0xb
 308 0134 01       		.byte	0x1
 309 0135 63000000 		.4byte	.LASF22
 310 0139 01       		.byte	0x1
 311 013a 75       		.byte	0x75
 312 013b 01       		.byte	0x1
 313 013c 7A000000 		.4byte	0x7a
 314 0140 00000000 		.4byte	.LFB3
 315 0144 0C000000 		.4byte	.LFE3
 316 0148 02       		.byte	0x2
 317 0149 7D       		.byte	0x7d
 318 014a 00       		.sleb128 0
 319 014b 01       		.byte	0x1
 320 014c 0B       		.uleb128 0xb
 321 014d 01       		.byte	0x1
 322 014e E2010000 		.4byte	.LASF23
 323 0152 01       		.byte	0x1
 324 0153 8A       		.byte	0x8a
 325 0154 01       		.byte	0x1
 326 0155 6F000000 		.4byte	0x6f
 327 0159 00000000 		.4byte	.LFB4
 328 015d 04000000 		.4byte	.LFE4
 329 0161 02       		.byte	0x2
 330 0162 7D       		.byte	0x7d
 331 0163 00       		.sleb128 0
 332 0164 01       		.byte	0x1
 333 0165 00       		.byte	0
 334              		.section	.debug_abbrev,"",%progbits
 335              	.Ldebug_abbrev0:
 336 0000 01       		.uleb128 0x1
 337 0001 11       		.uleb128 0x11
 338 0002 01       		.byte	0x1
 339 0003 25       		.uleb128 0x25
 340 0004 0E       		.uleb128 0xe
 341 0005 13       		.uleb128 0x13
 342 0006 0B       		.uleb128 0xb
 343 0007 03       		.uleb128 0x3
 344 0008 0E       		.uleb128 0xe
 345 0009 1B       		.uleb128 0x1b
 346 000a 0E       		.uleb128 0xe
 347 000b 55       		.uleb128 0x55
 348 000c 06       		.uleb128 0x6
 349 000d 11       		.uleb128 0x11
 350 000e 01       		.uleb128 0x1
 351 000f 52       		.uleb128 0x52
 352 0010 01       		.uleb128 0x1
 353 0011 10       		.uleb128 0x10
 354 0012 06       		.uleb128 0x6
 355 0013 00       		.byte	0
 356 0014 00       		.byte	0
 357 0015 02       		.uleb128 0x2
 358 0016 24       		.uleb128 0x24
 359 0017 00       		.byte	0
 360 0018 0B       		.uleb128 0xb
 361 0019 0B       		.uleb128 0xb
ARM GAS  C:\Users\CHUCK~1.ERH\AppData\Local\Temp\ccfMlO4a.s 			page 10


 362 001a 3E       		.uleb128 0x3e
 363 001b 0B       		.uleb128 0xb
 364 001c 03       		.uleb128 0x3
 365 001d 0E       		.uleb128 0xe
 366 001e 00       		.byte	0
 367 001f 00       		.byte	0
 368 0020 03       		.uleb128 0x3
 369 0021 24       		.uleb128 0x24
 370 0022 00       		.byte	0
 371 0023 0B       		.uleb128 0xb
 372 0024 0B       		.uleb128 0xb
 373 0025 3E       		.uleb128 0x3e
 374 0026 0B       		.uleb128 0xb
 375 0027 03       		.uleb128 0x3
 376 0028 08       		.uleb128 0x8
 377 0029 00       		.byte	0
 378 002a 00       		.byte	0
 379 002b 04       		.uleb128 0x4
 380 002c 16       		.uleb128 0x16
 381 002d 00       		.byte	0
 382 002e 03       		.uleb128 0x3
 383 002f 0E       		.uleb128 0xe
 384 0030 3A       		.uleb128 0x3a
 385 0031 0B       		.uleb128 0xb
 386 0032 3B       		.uleb128 0x3b
 387 0033 0B       		.uleb128 0xb
 388 0034 49       		.uleb128 0x49
 389 0035 13       		.uleb128 0x13
 390 0036 00       		.byte	0
 391 0037 00       		.byte	0
 392 0038 05       		.uleb128 0x5
 393 0039 35       		.uleb128 0x35
 394 003a 00       		.byte	0
 395 003b 49       		.uleb128 0x49
 396 003c 13       		.uleb128 0x13
 397 003d 00       		.byte	0
 398 003e 00       		.byte	0
 399 003f 06       		.uleb128 0x6
 400 0040 2E       		.uleb128 0x2e
 401 0041 00       		.byte	0
 402 0042 3F       		.uleb128 0x3f
 403 0043 0C       		.uleb128 0xc
 404 0044 03       		.uleb128 0x3
 405 0045 0E       		.uleb128 0xe
 406 0046 3A       		.uleb128 0x3a
 407 0047 0B       		.uleb128 0xb
 408 0048 3B       		.uleb128 0x3b
 409 0049 0B       		.uleb128 0xb
 410 004a 27       		.uleb128 0x27
 411 004b 0C       		.uleb128 0xc
 412 004c 11       		.uleb128 0x11
 413 004d 01       		.uleb128 0x1
 414 004e 12       		.uleb128 0x12
 415 004f 01       		.uleb128 0x1
 416 0050 40       		.uleb128 0x40
 417 0051 0A       		.uleb128 0xa
 418 0052 9742     		.uleb128 0x2117
ARM GAS  C:\Users\CHUCK~1.ERH\AppData\Local\Temp\ccfMlO4a.s 			page 11


 419 0054 0C       		.uleb128 0xc
 420 0055 00       		.byte	0
 421 0056 00       		.byte	0
 422 0057 07       		.uleb128 0x7
 423 0058 2E       		.uleb128 0x2e
 424 0059 01       		.byte	0x1
 425 005a 3F       		.uleb128 0x3f
 426 005b 0C       		.uleb128 0xc
 427 005c 03       		.uleb128 0x3
 428 005d 0E       		.uleb128 0xe
 429 005e 3A       		.uleb128 0x3a
 430 005f 0B       		.uleb128 0xb
 431 0060 3B       		.uleb128 0x3b
 432 0061 0B       		.uleb128 0xb
 433 0062 27       		.uleb128 0x27
 434 0063 0C       		.uleb128 0xc
 435 0064 11       		.uleb128 0x11
 436 0065 01       		.uleb128 0x1
 437 0066 12       		.uleb128 0x12
 438 0067 01       		.uleb128 0x1
 439 0068 40       		.uleb128 0x40
 440 0069 0A       		.uleb128 0xa
 441 006a 9742     		.uleb128 0x2117
 442 006c 0C       		.uleb128 0xc
 443 006d 01       		.uleb128 0x1
 444 006e 13       		.uleb128 0x13
 445 006f 00       		.byte	0
 446 0070 00       		.byte	0
 447 0071 08       		.uleb128 0x8
 448 0072 05       		.uleb128 0x5
 449 0073 00       		.byte	0
 450 0074 03       		.uleb128 0x3
 451 0075 0E       		.uleb128 0xe
 452 0076 3A       		.uleb128 0x3a
 453 0077 0B       		.uleb128 0xb
 454 0078 3B       		.uleb128 0x3b
 455 0079 0B       		.uleb128 0xb
 456 007a 49       		.uleb128 0x49
 457 007b 13       		.uleb128 0x13
 458 007c 02       		.uleb128 0x2
 459 007d 06       		.uleb128 0x6
 460 007e 00       		.byte	0
 461 007f 00       		.byte	0
 462 0080 09       		.uleb128 0x9
 463 0081 34       		.uleb128 0x34
 464 0082 00       		.byte	0
 465 0083 03       		.uleb128 0x3
 466 0084 0E       		.uleb128 0xe
 467 0085 3A       		.uleb128 0x3a
 468 0086 0B       		.uleb128 0xb
 469 0087 3B       		.uleb128 0x3b
 470 0088 0B       		.uleb128 0xb
 471 0089 49       		.uleb128 0x49
 472 008a 13       		.uleb128 0x13
 473 008b 02       		.uleb128 0x2
 474 008c 06       		.uleb128 0x6
 475 008d 00       		.byte	0
ARM GAS  C:\Users\CHUCK~1.ERH\AppData\Local\Temp\ccfMlO4a.s 			page 12


 476 008e 00       		.byte	0
 477 008f 0A       		.uleb128 0xa
 478 0090 34       		.uleb128 0x34
 479 0091 00       		.byte	0
 480 0092 03       		.uleb128 0x3
 481 0093 0E       		.uleb128 0xe
 482 0094 3A       		.uleb128 0x3a
 483 0095 0B       		.uleb128 0xb
 484 0096 3B       		.uleb128 0x3b
 485 0097 0B       		.uleb128 0xb
 486 0098 49       		.uleb128 0x49
 487 0099 13       		.uleb128 0x13
 488 009a 02       		.uleb128 0x2
 489 009b 0A       		.uleb128 0xa
 490 009c 00       		.byte	0
 491 009d 00       		.byte	0
 492 009e 0B       		.uleb128 0xb
 493 009f 2E       		.uleb128 0x2e
 494 00a0 00       		.byte	0
 495 00a1 3F       		.uleb128 0x3f
 496 00a2 0C       		.uleb128 0xc
 497 00a3 03       		.uleb128 0x3
 498 00a4 0E       		.uleb128 0xe
 499 00a5 3A       		.uleb128 0x3a
 500 00a6 0B       		.uleb128 0xb
 501 00a7 3B       		.uleb128 0x3b
 502 00a8 0B       		.uleb128 0xb
 503 00a9 27       		.uleb128 0x27
 504 00aa 0C       		.uleb128 0xc
 505 00ab 49       		.uleb128 0x49
 506 00ac 13       		.uleb128 0x13
 507 00ad 11       		.uleb128 0x11
 508 00ae 01       		.uleb128 0x1
 509 00af 12       		.uleb128 0x12
 510 00b0 01       		.uleb128 0x1
 511 00b1 40       		.uleb128 0x40
 512 00b2 0A       		.uleb128 0xa
 513 00b3 9742     		.uleb128 0x2117
 514 00b5 0C       		.uleb128 0xc
 515 00b6 00       		.byte	0
 516 00b7 00       		.byte	0
 517 00b8 00       		.byte	0
 518              		.section	.debug_loc,"",%progbits
 519              	.Ldebug_loc0:
 520              	.LLST0:
 521 0000 00000000 		.4byte	.LVL0
 522 0004 0A000000 		.4byte	.LVL4
 523 0008 0100     		.2byte	0x1
 524 000a 50       		.byte	0x50
 525 000b 0A000000 		.4byte	.LVL4
 526 000f 14000000 		.4byte	.LFE2
 527 0013 0400     		.2byte	0x4
 528 0015 F3       		.byte	0xf3
 529 0016 01       		.uleb128 0x1
 530 0017 50       		.byte	0x50
 531 0018 9F       		.byte	0x9f
 532 0019 00000000 		.4byte	0
ARM GAS  C:\Users\CHUCK~1.ERH\AppData\Local\Temp\ccfMlO4a.s 			page 13


 533 001d 00000000 		.4byte	0
 534              	.LLST1:
 535 0021 00000000 		.4byte	.LVL0
 536 0025 06000000 		.4byte	.LVL2
 537 0029 0100     		.2byte	0x1
 538 002b 51       		.byte	0x51
 539 002c 06000000 		.4byte	.LVL2
 540 0030 14000000 		.4byte	.LFE2
 541 0034 0400     		.2byte	0x4
 542 0036 F3       		.byte	0xf3
 543 0037 01       		.uleb128 0x1
 544 0038 51       		.byte	0x51
 545 0039 9F       		.byte	0x9f
 546 003a 00000000 		.4byte	0
 547 003e 00000000 		.4byte	0
 548              	.LLST2:
 549 0042 04000000 		.4byte	.LVL1
 550 0046 08000000 		.4byte	.LVL3
 551 004a 0800     		.2byte	0x8
 552 004c 72       		.byte	0x72
 553 004d 00       		.sleb128 0
 554 004e 11       		.byte	0x11
 555 004f 80807C   		.sleb128 -65536
 556 0052 1A       		.byte	0x1a
 557 0053 9F       		.byte	0x9f
 558 0054 00000000 		.4byte	0
 559 0058 00000000 		.4byte	0
 560              		.section	.debug_aranges,"",%progbits
 561 0000 3C000000 		.4byte	0x3c
 562 0004 0200     		.2byte	0x2
 563 0006 00000000 		.4byte	.Ldebug_info0
 564 000a 04       		.byte	0x4
 565 000b 00       		.byte	0
 566 000c 0000     		.2byte	0
 567 000e 0000     		.2byte	0
 568 0010 00000000 		.4byte	.LFB0
 569 0014 14000000 		.4byte	.LFE0-.LFB0
 570 0018 00000000 		.4byte	.LFB1
 571 001c 10000000 		.4byte	.LFE1-.LFB1
 572 0020 00000000 		.4byte	.LFB2
 573 0024 14000000 		.4byte	.LFE2-.LFB2
 574 0028 00000000 		.4byte	.LFB3
 575 002c 0C000000 		.4byte	.LFE3-.LFB3
 576 0030 00000000 		.4byte	.LFB4
 577 0034 04000000 		.4byte	.LFE4-.LFB4
 578 0038 00000000 		.4byte	0
 579 003c 00000000 		.4byte	0
 580              		.section	.debug_ranges,"",%progbits
 581              	.Ldebug_ranges0:
 582 0000 00000000 		.4byte	.LFB0
 583 0004 14000000 		.4byte	.LFE0
 584 0008 00000000 		.4byte	.LFB1
 585 000c 10000000 		.4byte	.LFE1
 586 0010 00000000 		.4byte	.LFB2
 587 0014 14000000 		.4byte	.LFE2
 588 0018 00000000 		.4byte	.LFB3
 589 001c 0C000000 		.4byte	.LFE3
ARM GAS  C:\Users\CHUCK~1.ERH\AppData\Local\Temp\ccfMlO4a.s 			page 14


 590 0020 00000000 		.4byte	.LFB4
 591 0024 04000000 		.4byte	.LFE4
 592 0028 00000000 		.4byte	0
 593 002c 00000000 		.4byte	0
 594              		.section	.debug_line,"",%progbits
 595              	.Ldebug_line0:
 596 0000 B3000000 		.section	.debug_str,"MS",%progbits,1
 596      02004A00 
 596      00000201 
 596      FB0E0D00 
 596      01010101 
 597              	.LASF15:
 598 0000 72656733 		.ascii	"reg32\000"
 598      3200
 599              	.LASF27:
 600 0006 53504930 		.ascii	"SPI0_SCBCLK_SetFractionalDividerRegister\000"
 600      5F534342 
 600      434C4B5F 
 600      53657446 
 600      72616374 
 601              	.LASF16:
 602 002f 53504930 		.ascii	"SPI0_SCBCLK_Start\000"
 602      5F534342 
 602      434C4B5F 
 602      53746172 
 602      7400
 603              	.LASF20:
 604 0041 6D61736B 		.ascii	"maskVal\000"
 604      56616C00 
 605              	.LASF4:
 606 0049 6C6F6E67 		.ascii	"long int\000"
 606      20696E74 
 606      00
 607              	.LASF17:
 608 0052 53504930 		.ascii	"SPI0_SCBCLK_Stop\000"
 608      5F534342 
 608      434C4B5F 
 608      53746F70 
 608      00
 609              	.LASF22:
 610 0063 53504930 		.ascii	"SPI0_SCBCLK_GetDividerRegister\000"
 610      5F534342 
 610      434C4B5F 
 610      47657444 
 610      69766964 
 611              	.LASF12:
 612 0082 666C6F61 		.ascii	"float\000"
 612      7400
 613              	.LASF1:
 614 0088 756E7369 		.ascii	"unsigned char\000"
 614      676E6564 
 614      20636861 
 614      7200
 615              	.LASF5:
 616 0096 6C6F6E67 		.ascii	"long unsigned int\000"
 616      20756E73 
 616      69676E65 
ARM GAS  C:\Users\CHUCK~1.ERH\AppData\Local\Temp\ccfMlO4a.s 			page 15


 616      6420696E 
 616      7400
 617              	.LASF3:
 618 00a8 73686F72 		.ascii	"short unsigned int\000"
 618      7420756E 
 618      7369676E 
 618      65642069 
 618      6E7400
 619              	.LASF26:
 620 00bb 433A5C55 		.ascii	"C:\\Users\\chuck.erhardt\\Documents\\GitHub\\PSoC-W"
 620      73657273 
 620      5C636875 
 620      636B2E65 
 620      72686172 
 621 00e9 35313030 		.ascii	"5100-Driver\\PSoCPioneer+ArduinoShield_Example.cyds"
 621      2D447269 
 621      7665725C 
 621      50536F43 
 621      50696F6E 
 622 011b 6E00     		.ascii	"n\000"
 623              	.LASF18:
 624 011d 636C6B44 		.ascii	"clkDivider\000"
 624      69766964 
 624      657200
 625              	.LASF13:
 626 0128 646F7562 		.ascii	"double\000"
 626      6C6500
 627              	.LASF21:
 628 012f 72656756 		.ascii	"regVal\000"
 628      616C00
 629              	.LASF19:
 630 0136 636C6B46 		.ascii	"clkFractional\000"
 630      72616374 
 630      696F6E61 
 630      6C00
 631              	.LASF10:
 632 0144 75696E74 		.ascii	"uint16\000"
 632      313600
 633              	.LASF11:
 634 014b 75696E74 		.ascii	"uint32\000"
 634      333200
 635              	.LASF8:
 636 0152 756E7369 		.ascii	"unsigned int\000"
 636      676E6564 
 636      20696E74 
 636      00
 637              	.LASF7:
 638 015f 6C6F6E67 		.ascii	"long long unsigned int\000"
 638      206C6F6E 
 638      6720756E 
 638      7369676E 
 638      65642069 
 639              	.LASF6:
 640 0176 6C6F6E67 		.ascii	"long long int\000"
 640      206C6F6E 
 640      6720696E 
 640      7400
ARM GAS  C:\Users\CHUCK~1.ERH\AppData\Local\Temp\ccfMlO4a.s 			page 16


 641              	.LASF14:
 642 0184 63686172 		.ascii	"char\000"
 642      00
 643              	.LASF2:
 644 0189 73686F72 		.ascii	"short int\000"
 644      7420696E 
 644      7400
 645              	.LASF9:
 646 0193 75696E74 		.ascii	"uint8\000"
 646      3800
 647              	.LASF24:
 648 0199 474E5520 		.ascii	"GNU C 4.7.3 20130312 (release) [ARM/embedded-4_7-br"
 648      4320342E 
 648      372E3320 
 648      32303133 
 648      30333132 
 649 01cc 616E6368 		.ascii	"anch revision 196615]\000"
 649      20726576 
 649      6973696F 
 649      6E203139 
 649      36363135 
 650              	.LASF23:
 651 01e2 53504930 		.ascii	"SPI0_SCBCLK_GetFractionalDividerRegister\000"
 651      5F534342 
 651      434C4B5F 
 651      47657446 
 651      72616374 
 652              	.LASF25:
 653 020b 2E5C4765 		.ascii	".\\Generated_Source\\PSoC4\\SPI0_SCBCLK.c\000"
 653      6E657261 
 653      7465645F 
 653      536F7572 
 653      63655C50 
 654              	.LASF0:
 655 0232 7369676E 		.ascii	"signed char\000"
 655      65642063 
 655      68617200 
 656              		.ident	"GCC: (GNU Tools for ARM Embedded Processors) 4.7.3 20130312 (release) [ARM/embedded-4_7-br
